--------- beginning of system
04-05 13:10:07.394   300   300 E vold    : keystore2 Keystore generateKey returned service specific error: -67
04-05 13:10:09.214   300   300 E vold    : Error getting bootctrl v1.0 module.
04-05 13:10:09.321   300   300 E vold    : keystore2 Keystore generateKey returned service specific error: -67
04-05 13:10:09.425   309   353 E keystore2: system/security/keystore2/src/keystore2_main.rs:69 - [SQLITE3] 17: statement aborts at 28: database schema has changed; [CREATE TABLE IF NOT EXISTS persistent.version (
04-05 13:10:09.425   309   353 E keystore2:                 id INTEGER PRIMARY KEY,
04-05 13:10:09.425   309   353 E keystore2:                 version INTEGER);]
04-05 13:10:10.252   300   300 E vold    : keystore2 Keystore generateKey returned service specific error: -67
04-05 13:10:15.410   443   443 E VibratorInfo: Invalid frequency profile received from HAL. resonantFrequencyHz=NaN, frequenciesHz=null, outputAccelerationsGs=null
04-05 13:10:17.901   565   565 E storaged: getService package_native failed
04-05 13:10:19.793   647   678 E DisplayManagerService: Default display is null for info request from uid 1000
04-05 13:10:19.898   647   647 E UserManagerService: No user list file
04-05 13:10:19.898   647   647 E UserManagerService: userlist.xml not found, fallback to single user
04-05 13:10:22.931   565   654 E storaged: getService package_native failed
04-05 13:10:57.104   647   684 E SystemServiceRegistry: Manager wrapper not available: dropbox
04-05 13:10:57.105   647   647 E SystemServiceRegistry: Manager wrapper not available: supervision
04-05 13:10:57.107   647   684 E SystemServiceRegistry: Manager wrapper not available: dropbox
04-05 13:10:57.109   647   684 E SystemServiceRegistry: Manager wrapper not available: dropbox
04-05 13:10:57.111   647   684 E SystemServiceRegistry: Manager wrapper not available: dropbox
04-05 13:10:57.112   647   684 E SystemServiceRegistry: Manager wrapper not available: dropbox
04-05 13:10:57.114   647   684 E SystemServiceRegistry: Manager wrapper not available: dropbox
04-05 13:10:57.116   647   684 E SystemServiceRegistry: Manager wrapper not available: dropbox
04-05 13:10:57.118   647   684 E SystemServiceRegistry: Manager wrapper not available: dropbox
04-05 13:10:57.120   647   684 E SystemServiceRegistry: Manager wrapper not available: dropbox
04-05 13:10:57.121   647   684 E SystemServiceRegistry: Manager wrapper not available: dropbox
04-05 13:10:57.123   647   684 E SystemServiceRegistry: Manager wrapper not available: dropbox
04-05 13:10:57.124   647   684 E SystemServiceRegistry: Manager wrapper not available: dropbox
04-05 13:10:57.125   647   684 E SystemServiceRegistry: Manager wrapper not available: dropbox
04-05 13:10:57.127   647   684 E SystemServiceRegistry: Manager wrapper not available: dropbox
04-05 13:10:57.128   647   684 E SystemServiceRegistry: Manager wrapper not available: dropbox
04-05 13:10:57.129   647   684 E SystemServiceRegistry: Manager wrapper not available: dropbox
04-05 13:10:57.131   647   684 E SystemServiceRegistry: Manager wrapper not available: dropbox
04-05 13:10:57.133   647   684 E SystemServiceRegistry: Manager wrapper not available: dropbox
04-05 13:10:57.137   647   684 E SystemServiceRegistry: Manager wrapper not available: dropbox
04-05 13:10:57.139   647   684 E SystemServiceRegistry: Manager wrapper not available: dropbox
04-05 13:10:57.140   647   684 E SystemServiceRegistry: Manager wrapper not available: dropbox
04-05 13:10:57.143   647   684 E SystemServiceRegistry: Manager wrapper not available: dropbox
04-05 13:10:57.146   647   684 E SystemServiceRegistry: Manager wrapper not available: dropbox
04-05 13:10:57.148   647   684 E SystemServiceRegistry: Manager wrapper not available: dropbox
04-05 13:10:57.150   647   684 E SystemServiceRegistry: Manager wrapper not available: dropbox
04-05 13:10:57.151   647   684 E SystemServiceRegistry: Manager wrapper not available: dropbox
04-05 13:10:57.370   647   647 E VibratorInfo: Invalid frequency profile received from HAL. resonantFrequencyHz=NaN, frequenciesHz=null, outputAccelerationsGs=null
04-05 13:10:57.550   647   647 E DeviceStateManagerService: Cannot notify device state info change before the initial state has been committed.
04-05 13:10:57.916   647   784 E SystemServiceRegistry: Manager wrapper not available: jobscheduler
04-05 13:10:58.172   647   784 E SystemServiceRegistry: Manager wrapper not available: jobscheduler
04-05 13:10:58.193   647   784 E SystemServiceRegistry: Manager wrapper not available: jobscheduler
04-05 13:12:10.781   647   647 E SecurityStateManagerService: CVE patches configuration file not found.
04-05 13:12:10.781   647   647 E SecurityStateManagerService: CVE patches configuration file not found.
04-05 13:12:11.039   647   784 E SystemServiceRegistry: Manager wrapper not available: jobscheduler
04-05 13:12:11.045   647   784 E SystemServiceRegistry: Manager wrapper not available: jobscheduler
04-05 13:12:11.051   647   784 E SystemServiceRegistry: Manager wrapper not available: jobscheduler
04-05 13:12:11.224   647   647 E SystemServiceRegistry: Manager wrapper not available: keyguard
04-05 13:12:11.292   647   784 E SystemServiceRegistry: Manager wrapper not available: jobscheduler
04-05 13:12:11.723   647   784 E SystemServiceRegistry: Manager wrapper not available: jobscheduler
04-05 13:12:11.742   647   647 E PowerManagerService: Tried to acquire wake lock for display 0 before system ready: lock=158685158, flags=0x1, tag="handleAudioEvent", ws=null, uid=1000, pid=647, packageName=android
04-05 13:12:11.776   647   647 E SoundTriggerMiddlewareImpl: Failed to add a SoundTriggerModule instance
04-05 13:12:11.776   647   647 E SoundTriggerMiddlewareImpl: java.util.NoSuchElementException
04-05 13:12:11.776   647   647 E SoundTriggerMiddlewareImpl: 	at android.os.HwBinder.getService(Native Method)
04-05 13:12:11.776   647   647 E SoundTriggerMiddlewareImpl: 	at android.hardware.soundtrigger.V2_0.ISoundTriggerHw.getService(ISoundTriggerHw.java:57)
04-05 13:12:11.776   647   647 E SoundTriggerMiddlewareImpl: 	at android.hardware.soundtrigger.V2_0.ISoundTriggerHw.getService(ISoundTriggerHw.java:64)
04-05 13:12:11.776   647   647 E SoundTriggerMiddlewareImpl: 	at com.android.server.soundtrigger_middleware.DefaultHalFactory.create(DefaultHalFactory.java:76)
04-05 13:12:11.776   647   647 E SoundTriggerMiddlewareImpl: 	at com.android.server.soundtrigger_middleware.SoundTriggerModule.attachToHal(SoundTriggerModule.java:176)
04-05 13:12:11.776   647   647 E SoundTriggerMiddlewareImpl: 	at com.android.server.soundtrigger_middleware.SoundTriggerModule.<init>(SoundTriggerModule.java:105)
04-05 13:12:11.776   647   647 E SoundTriggerMiddlewareImpl: 	at com.android.server.soundtrigger_middleware.SoundTriggerMiddlewareImpl.<init>(SoundTriggerMiddlewareImpl.java:86)
04-05 13:12:11.776   647   647 E SoundTriggerMiddlewareImpl: 	at com.android.server.soundtrigger_middleware.SoundTriggerMiddlewareService$Lifecycle.onStart(SoundTriggerMiddlewareService.java:248)
04-05 13:12:11.776   647   647 E SoundTriggerMiddlewareImpl: 	at com.android.server.SystemServiceManager.startService(SystemServiceManager.java:280)
04-05 13:12:11.776   647   647 E SoundTriggerMiddlewareImpl: 	at com.android.server.SystemServiceManager.startService(SystemServiceManager.java:257)
04-05 13:12:11.776   647   647 E SoundTriggerMiddlewareImpl: 	at com.android.server.SystemServer.startOtherServices(SystemServer.java:2487)
04-05 13:12:11.776   647   647 E SoundTriggerMiddlewareImpl: 	at com.android.server.SystemServer.run(SystemServer.java:1044)
04-05 13:12:11.776   647   647 E SoundTriggerMiddlewareImpl: 	at com.android.server.SystemServer.main(SystemServer.java:721)
04-05 13:12:11.776   647   647 E SoundTriggerMiddlewareImpl: 	at java.lang.reflect.Method.invoke(Native Method)
04-05 13:12:11.776   647   647 E SoundTriggerMiddlewareImpl: 	at com.android.internal.os.RuntimeInit$MethodAndArgsCaller.run(RuntimeInit.java:575)
04-05 13:12:11.776   647   647 E SoundTriggerMiddlewareImpl: 	at com.android.internal.os.ZygoteInit.main(ZygoteInit.java:917)
04-05 13:12:11.927   647   760 E UsbDeviceManager: connectToProxy: usb gadget hidl hal service not found.
04-05 13:12:11.927   647   760 E UsbDeviceManager: java.util.NoSuchElementException
04-05 13:12:11.927   647   760 E UsbDeviceManager: 	at android.os.HwBinder.getService(Native Method)
04-05 13:12:11.927   647   760 E UsbDeviceManager: 	at android.hardware.usb.gadget.V1_0.IUsbGadget.getService(IUsbGadget.java:57)
04-05 13:12:11.927   647   760 E UsbDeviceManager: 	at android.hardware.usb.gadget.V1_0.IUsbGadget.getService(IUsbGadget.java:64)
04-05 13:12:11.927   647   760 E UsbDeviceManager: 	at com.android.server.usb.hal.gadget.UsbGadgetHidl.isServicePresent(UsbGadgetHidl.java:128)
04-05 13:12:11.927   647   760 E UsbDeviceManager: 	at com.android.server.usb.hal.gadget.UsbGadgetHalInstance.getInstance(UsbGadgetHalInstance.java:39)
04-05 13:12:11.927   647   760 E UsbDeviceManager: 	at com.android.server.usb.UsbDeviceManager.<init>(UsbDeviceManager.java:358)
04-05 13:12:11.927   647   760 E UsbDeviceManager: 	at com.android.server.usb.UsbService.<init>(UsbService.java:242)
04-05 13:12:11.927   647   760 E UsbDeviceManager: 	at com.android.server.usb.UsbService$Lifecycle.lambda$onStart$0(UsbService.java:126)
04-05 13:12:11.927   647   760 E UsbDeviceManager: 	at com.android.server.usb.UsbService$Lifecycle.$r8$lambda$HIZVSW8uTg1XjWF6etZh-bC1WP4(UsbService.java:0)
04-05 13:12:11.927   647   760 E UsbDeviceManager: 	at com.android.server.usb.UsbService$Lifecycle$$ExternalSyntheticLambda0.run(R8$$SyntheticClass:0)
04-05 13:12:11.927   647   760 E UsbDeviceManager: 	at java.util.concurrent.Executors$RunnableAdapter.call(Executors.java:520)
04-05 13:12:11.927   647   760 E UsbDeviceManager: 	at com.android.server.SystemServerInitThreadPool.lambda$submitTask$0(SystemServerInitThreadPool.java:123)
04-05 13:12:11.927   647   760 E UsbDeviceManager: 	at com.android.server.SystemServerInitThreadPool.$r8$lambda$pX73o5PM2Q_I4va9TP2zr55_hqQ(SystemServerInitThreadPool.java:0)
04-05 13:12:11.927   647   760 E UsbDeviceManager: 	at com.android.server.SystemServerInitThreadPool$$ExternalSyntheticLambda1.call(R8$$SyntheticClass:0)
04-05 13:12:11.927   647   760 E UsbDeviceManager: 	at java.util.concurrent.FutureTask.run(FutureTask.java:328)
04-05 13:12:11.927   647   760 E UsbDeviceManager: 	at java.util.concurrent.ThreadPoolExecutor.runWorker(ThreadPoolExecutor.java:1100)
04-05 13:12:11.927   647   760 E UsbDeviceManager: 	at java.util.concurrent.ThreadPoolExecutor$Worker.run(ThreadPoolExecutor.java:624)
04-05 13:12:11.927   647   760 E UsbDeviceManager: 	at com.android.internal.util.ConcurrentUtils$1$1.run(ConcurrentUtils.java:65)
04-05 13:12:11.928   647   760 E UsbPortManager: USB Gadget HAL AIDL/HIDL not present
04-05 13:12:11.928   647   760 E UsbDeviceManager: Failed to open control for mtp
04-05 13:12:11.929   647   760 E UsbDeviceManager: Failed to open control for ptp
04-05 13:12:12.393   647   647 E SystemServiceRegistry: Manager wrapper not available: authentication_policy
04-05 13:12:12.468   647   647 E SystemServiceRegistry: Manager wrapper not available: face
04-05 13:12:12.492   647  1083 E AuthService: Face configuration exists, but FaceService is null.
04-05 13:12:12.508   647   647 E SystemServiceRegistry: Manager wrapper not available: face
04-05 13:12:12.951   647   647 E AutofillManagerServiceImpl: Bad service name: com.google.android.gms/.autofill.service.AutofillService
04-05 13:12:13.285   647   647 E DisplayPowerController[0]: failed to set up display white-balance: java.lang.IllegalStateException: cannot find sensor com.google.sensor.color
04-05 13:12:13.419   647   647 E VibratorInfo: Invalid frequency profile received from HAL. resonantFrequencyHz=NaN, frequenciesHz=null, outputAccelerationsGs=null
04-05 13:12:13.751   647   647 E TestHarnessModeService: Failed to start Test Harness Mode; no implementation of PersistentDataBlockManagerInternal was bound!
04-05 13:12:13.939   647   647 E SystemServiceRegistry: Manager wrapper not available: face
04-05 13:12:13.990   647   647 E UserManagerService: Auto-lock preference updated but private space user not found
04-05 13:12:14.481   647   647 E DefaultPermGrantPolicy: Package not found: com.google.android.apps.setupwizard.searchselector
04-05 13:12:14.481   647   647 E DefaultPermGrantPolicy: Package not found: com.google.android.apps.nest.dockmanager.app
04-05 13:12:14.526   647   647 E DefaultPermGrantPolicy: Package not found: com.google.android.gms.location.history
04-05 13:12:14.568   647   647 E DefaultPermGrantPolicy: Package not found: com.android.virtualization.terminal
04-05 13:12:14.569   647   647 E DefaultPermGrantPolicy: Package not found: com.android.webapp.service
04-05 13:12:14.598   647   647 E DefaultPermGrantPolicy: Package not found: com.google.android.apps.pixelmigrate
04-05 13:12:14.598   647   647 E DefaultPermGrantPolicy: Package not found: com.google.android.adservices
04-05 13:12:14.598   647   647 E DefaultPermGrantPolicy: Package not found: com.google.android.apps.mediashell
04-05 13:12:14.599   647   647 E DefaultPermGrantPolicy: Package not found: com.google.android.apps.tips
04-05 13:12:14.602   647   647 E DefaultPermGrantPolicy: Package not found: com.google.android.apps.turbo
04-05 13:12:14.602   647   647 E DefaultPermGrantPolicy: Package not found: com.google.android.euicc
04-05 13:12:14.603   647   647 E DefaultPermGrantPolicy: Package not found: com.google.android.volta
04-05 13:12:15.743   647   678 E Transition: #0 readiness timeout. state=1
04-05 13:12:15.743   647   678 E Transition:    met conditions: []
04-05 13:12:15.743   647   678 E Transition:    unmet conditions: [{Legacy: used=false deferDepth=0 group={}}]
04-05 13:12:17.209   647   647 E WallpaperCropper: Unable to apply new wallpaper
04-05 13:12:17.791   647   760 E AppOps  : Bad call made by uid 1000. Package "android" does not belong to uid 1037.
04-05 13:12:17.791   647   760 E AppOps  : Cannot getAppOpMode: non-application UID 1037
04-05 13:12:18.394   647   678 E Transition: #1 readiness timeout. state=1
04-05 13:12:18.394   647   678 E Transition:    met conditions: [{displayConfig:Display{#0 state=ON size=1080x2400 ROTATION_0}IGNORED}]
04-05 13:12:18.394   647   678 E Transition:    unmet conditions: [{Legacy: used=false deferDepth=0 group={}}]
04-05 13:12:19.173   647   683 E CountryDetector: Could not instantiate the custom country detector class
04-05 13:12:20.426   647   675 E AppOpService: Blocked setUidMode call for runtime permission app op: uid = 10147, code = READ_SMS, mode = ignore, callingUid = 1000, oldMode = allow
04-05 13:12:20.426   647   675 E AppOpService: java.lang.RuntimeException
04-05 13:12:20.426   647   675 E AppOpService: 	at com.android.server.permission.access.appop.AppOpService.setUidMode(AppOpService.kt:273)
04-05 13:12:20.426   647   675 E AppOpService: 	at com.android.server.appop.AppOpsService.setUidMode(AppOpsService.java:2193)
04-05 13:12:20.426   647   675 E AppOpService: 	at com.android.server.appop.AppOpsService.-$$Nest$msetUidMode(AppOpsService.java:0)
04-05 13:12:20.426   647   675 E AppOpService: 	at com.android.server.appop.AppOpsService$AppOpsManagerInternalImpl.setUidModeFromPermissionPolicy(AppOpsService.java:7764)
04-05 13:12:20.426   647   675 E AppOpService: 	at com.android.server.policy.PermissionPolicyService$PermissionToOpSynchroniser.setUidMode(PermissionPolicyService.java:1065)
04-05 13:12:20.426   647   675 E AppOpService: 	at com.android.server.policy.PermissionPolicyService$PermissionToOpSynchroniser.setUidModeIgnored(PermissionPolicyService.java:1043)
04-05 13:12:20.426   647   675 E AppOpService: 	at com.android.server.policy.PermissionPolicyService$PermissionToOpSynchroniser.syncPackages(PermissionPolicyService.java:851)
04-05 13:12:20.426   647   675 E AppOpService: 	at com.android.server.policy.PermissionPolicyService$PermissionToOpSynchroniser.-$$Nest$msyncPackages(PermissionPolicyService.java:0)
04-05 13:12:20.426   647   675 E AppOpService: 	at com.android.server.policy.PermissionPolicyService.synchronizeUidPermissionsAndAppOps(PermissionPolicyService.java:643)
04-05 13:12:20.426   647   675 E AppOpService: 	at com.android.server.policy.PermissionPolicyService.$r8$lambda$g9YhLNd1OZQfuSCyT_yO-G8mZv0(PermissionPolicyService.java:0)
04-05 13:12:20.426   647   675 E AppOpService: 	at com.android.server.policy.PermissionPolicyService$$ExternalSyntheticLambda3.accept(R8$$SyntheticClass:0)
04-05 13:12:20.426   647   675 E AppOpService: 	at com.android.internal.util.function.pooled.PooledLambdaImpl.doInvoke(PooledLambdaImpl.java:281)
04-05 13:12:20.426   647   675 E AppOpService: 	at com.android.internal.util.function.pooled.PooledLambdaImpl.invoke(PooledLambdaImpl.java:204)
04-05 13:12:20.426   647   675 E AppOpService: 	at com.android.internal.util.function.pooled.OmniFunction.run(OmniFunction.java:87)
04-05 13:12:20.426   647   675 E AppOpService: 	at android.os.Handler.handleCallback(Handler.java:1095)
04-05 13:12:20.426   647   675 E AppOpService: 	at android.os.Handler.dispatchMessageImpl(Handler.java:135)
04-05 13:12:20.426   647   675 E AppOpService: 	at android.os.Handler.dispatchMessage(Handler.java:125)
04-05 13:12:20.426   647   675 E AppOpService: 	at android.os.Looper.loopOnce(Looper.java:292)
04-05 13:12:20.426   647   675 E AppOpService: 	at android.os.Looper.loop(Looper.java:393)
04-05 13:12:20.426   647   675 E AppOpService: 	at android.os.HandlerThread.run(HandlerThread.java:139)
04-05 13:12:20.426   647   675 E AppOpService: 	at com.android.server.ServiceThread.run(ServiceThread.java:46)
04-05 13:12:20.426   647   675 E AppOpService: Blocked setUidMode call for runtime permission app op: uid = 10147, code = READ_CALL_LOG, mode = ignore, callingUid = 1000, oldMode = allow
04-05 13:12:20.426   647   675 E AppOpService: java.lang.RuntimeException
04-05 13:12:20.426   647   675 E AppOpService: 	at com.android.server.permission.access.appop.AppOpService.setUidMode(AppOpService.kt:273)
04-05 13:12:20.426   647   675 E AppOpService: 	at com.android.server.appop.AppOpsService.setUidMode(AppOpsService.java:2193)
04-05 13:12:20.426   647   675 E AppOpService: 	at com.android.server.appop.AppOpsService.-$$Nest$msetUidMode(AppOpsService.java:0)
04-05 13:12:20.426   647   675 E AppOpService: 	at com.android.server.appop.AppOpsService$AppOpsManagerInternalImpl.setUidModeFromPermissionPolicy(AppOpsService.java:7764)
04-05 13:12:20.426   647   675 E AppOpService: 	at com.android.server.policy.PermissionPolicyService$PermissionToOpSynchroniser.setUidMode(PermissionPolicyService.java:1065)
04-05 13:12:20.426   647   675 E AppOpService: 	at com.android.server.policy.PermissionPolicyService$PermissionToOpSynchroniser.setUidModeIgnored(PermissionPolicyService.java:1043)
04-05 13:12:20.426   647   675 E AppOpService: 	at com.android.server.policy.PermissionPolicyService$PermissionToOpSynchroniser.syncPackages(PermissionPolicyService.java:851)
04-05 13:12:20.426   647   675 E AppOpService: 	at com.android.server.policy.PermissionPolicyService$PermissionToOpSynchroniser.-$$Nest$msyncPackages(PermissionPolicyService.java:0)
04-05 13:12:20.426   647   675 E AppOpService: 	at com.android.server.policy.PermissionPolicyService.synchronizeUidPermissionsAndAppOps(PermissionPolicyService.java:643)
04-05 13:12:20.426   647   675 E AppOpService: 	at com.android.server.policy.PermissionPolicyService.$r8$lambda$g9YhLNd1OZQfuSCyT_yO-G8mZv0(PermissionPolicyService.java:0)
04-05 13:12:20.426   647   675 E AppOpService: 	at com.android.server.policy.PermissionPolicyService$$ExternalSyntheticLambda3.accept(R8$$SyntheticClass:0)
04-05 13:12:20.426   647   675 E AppOpService: 	at com.android.internal.util.function.pooled.PooledLambdaImpl.doInvoke(PooledLambdaImpl.java:281)
04-05 13:12:20.426   647   675 E AppOpService: 	at com.android.internal.util.function.pooled.PooledLambdaImpl.invoke(PooledLambdaImpl.java:204)
04-05 13:12:20.426   647   675 E AppOpService: 	at com.android.internal.util.function.pooled.OmniFunction.run(OmniFunction.java:87)
04-05 13:12:20.426   647   675 E AppOpService: 	at android.os.Handler.handleCallback(Handler.java:1095)
04-05 13:12:20.426   647   675 E AppOpService: 	at android.os.Handler.dispatchMessageImpl(Handler.java:135)
04-05 13:12:20.426   647   675 E AppOpService: 	at android.os.Handler.dispatchMessage(Handler.java:125)
04-05 13:12:20.426   647   675 E AppOpService: 	at android.os.Looper.loopOnce(Looper.java:292)
04-05 13:12:20.426   647   675 E AppOpService: 	at android.os.Looper.loop(Looper.java:393)
04-05 13:12:20.426   647   675 E AppOpService: 	at android.os.HandlerThread.run(HandlerThread.java:139)
04-05 13:12:20.426   647   675 E AppOpService: 	at com.android.server.ServiceThread.run(ServiceThread.java:46)
04-05 13:12:20.427   647   675 E AppOpService: Blocked setUidMode call for runtime permission app op: uid = 10147, code = READ_MEDIA_VISUAL_USER_SELECTED, mode = ignore, callingUid = 1000, oldMode = allow
04-05 13:12:20.427   647   675 E AppOpService: java.lang.RuntimeException
04-05 13:12:20.427   647   675 E AppOpService: 	at com.android.server.permission.access.appop.AppOpService.setUidMode(AppOpService.kt:273)
04-05 13:12:20.427   647   675 E AppOpService: 	at com.android.server.appop.AppOpsService.setUidMode(AppOpsService.java:2193)
04-05 13:12:20.427   647   675 E AppOpService: 	at com.android.server.appop.AppOpsService.-$$Nest$msetUidMode(AppOpsService.java:0)
04-05 13:12:20.427   647   675 E AppOpService: 	at com.android.server.appop.AppOpsService$AppOpsManagerInternalImpl.setUidModeFromPermissionPolicy(AppOpsService.java:7764)
04-05 13:12:20.427   647   675 E AppOpService: 	at com.android.server.policy.PermissionPolicyService$PermissionToOpSynchroniser.setUidMode(PermissionPolicyService.java:1065)
04-05 13:12:20.427   647   675 E AppOpService: 	at com.android.server.policy.PermissionPolicyService$PermissionToOpSynchroniser.setUidModeIgnored(PermissionPolicyService.java:1043)
04-05 13:12:20.427   647   675 E AppOpService: 	at com.android.server.policy.PermissionPolicyService$PermissionToOpSynchroniser.syncPackages(PermissionPolicyService.java:851)
04-05 13:12:20.427   647   675 E AppOpService: 	at com.android.server.policy.PermissionPolicyService$PermissionToOpSynchroniser.-$$Nest$msyncPackages(PermissionPolicyService.java:0)
04-05 13:12:20.427   647   675 E AppOpService: 	at com.android.server.policy.PermissionPolicyService.synchronizeUidPermissionsAndAppOps(PermissionPolicyService.java:643)
04-05 13:12:20.427   647   675 E AppOpService: 	at com.android.server.policy.PermissionPolicyService.$r8$lambda$g9YhLNd1OZQfuSCyT_yO-G8mZv0(PermissionPolicyService.java:0)
04-05 13:12:20.427   647   675 E AppOpService: 	at com.android.server.policy.PermissionPolicyService$$ExternalSyntheticLambda3.accept(R8$$SyntheticClass:0)
04-05 13:12:20.427   647   675 E AppOpService: 	at com.android.internal.util.function.pooled.PooledLambdaImpl.doInvoke(PooledLambdaImpl.java:281)
04-05 13:12:20.427   647   675 E AppOpService: 	at com.android.internal.util.function.pooled.PooledLambdaImpl.invoke(PooledLambdaImpl.java:204)
04-05 13:12:20.427   647   675 E AppOpService: 	at com.android.internal.util.function.pooled.OmniFunction.run(OmniFunction.java:87)
04-05 13:12:20.427   647   675 E AppOpService: 	at android.os.Handler.handleCallback(Handler.java:1095)
04-05 13:12:20.427   647   675 E AppOpService: 	at android.os.Handler.dispatchMessageImpl(Handler.java:135)
04-05 13:12:20.427   647   675 E AppOpService: 	at android.os.Handler.dispatchMessage(Handler.java:125)
04-05 13:12:20.427   647   675 E AppOpService: 	at android.os.Looper.loopOnce(Looper.java:292)
04-05 13:12:20.427   647   675 E AppOpService: 	at android.os.Looper.loop(Looper.java:393)
04-05 13:12:20.427   647   675 E AppOpService: 	at android.os.HandlerThread.run(HandlerThread.java:139)
04-05 13:12:20.427   647   675 E AppOpService: 	at com.android.server.ServiceThread.run(ServiceThread.java:46)
04-05 13:12:20.427   647   675 E AppOpService: Blocked setUidMode call for runtime permission app op: uid = 10147, code = BLUETOOTH_CONNECT, mode = ignore, callingUid = 1000, oldMode = allow
04-05 13:12:20.427   647   675 E AppOpService: java.lang.RuntimeException
04-05 13:12:20.427   647   675 E AppOpService: 	at com.android.server.permission.access.appop.AppOpService.setUidMode(AppOpService.kt:273)
04-05 13:12:20.427   647   675 E AppOpService: 	at com.android.server.appop.AppOpsService.setUidMode(AppOpsService.java:2193)
04-05 13:12:20.427   647   675 E AppOpService: 	at com.android.server.appop.AppOpsService.-$$Nest$msetUidMode(AppOpsService.java:0)
04-05 13:12:20.427   647   675 E AppOpService: 	at com.android.server.appop.AppOpsService$AppOpsManagerInternalImpl.setUidModeFromPermissionPolicy(AppOpsService.java:7764)
04-05 13:12:20.427   647   675 E AppOpService: 	at com.android.server.policy.PermissionPolicyService$PermissionToOpSynchroniser.setUidMode(PermissionPolicyService.java:1065)
04-05 13:12:20.427   647   675 E AppOpService: 	at com.android.server.policy.PermissionPolicyService$PermissionToOpSynchroniser.setUidModeIgnored(PermissionPolicyService.java:1043)
04-05 13:12:20.427   647   675 E AppOpService: 	at com.android.server.policy.PermissionPolicyService$PermissionToOpSynchroniser.syncPackages(PermissionPolicyService.java:851)
04-05 13:12:20.427   647   675 E AppOpService: 	at com.android.server.policy.PermissionPolicyService$PermissionToOpSynchroniser.-$$Nest$msyncPackages(PermissionPolicyService.java:0)
04-05 13:12:20.427   647   675 E AppOpService: 	at com.android.server.policy.PermissionPolicyService.synchronizeUidPermissionsAndAppOps(PermissionPolicyService.java:643)
04-05 13:12:20.427   647   675 E AppOpService: 	at com.android.server.policy.PermissionPolicyService.$r8$lambda$g9YhLNd1OZQfuSCyT_yO-G8mZv0(PermissionPolicyService.java:0)
04-05 13:12:20.427   647   675 E AppOpService: 	at com.android.server.policy.PermissionPolicyService$$ExternalSyntheticLambda3.accept(R8$$SyntheticClass:0)
04-05 13:12:20.427   647   675 E AppOpService: 	at com.android.internal.util.function.pooled.PooledLambdaImpl.doInvoke(PooledLambdaImpl.java:281)
04-05 13:12:20.427   647   675 E AppOpService: 	at com.android.internal.util.function.pooled.PooledLambdaImpl.invoke(PooledLambdaImpl.java:204)
04-05 13:12:20.427   647   675 E AppOpService: 	at com.android.internal.util.function.pooled.OmniFunction.run(OmniFunction.java:87)
04-05 13:12:20.427   647   675 E AppOpService: 	at android.os.Handler.handleCallback(Handler.java:1095)
04-05 13:12:20.427   647   675 E AppOpService: 	at android.os.Handler.dispatchMessageImpl(Handler.java:135)
04-05 13:12:20.427   647   675 E AppOpService: 	at android.os.Handler.dispatchMessage(Handler.java:125)
04-05 13:12:20.427   647   675 E AppOpService: 	at android.os.Looper.loopOnce(Looper.java:292)
04-05 13:12:20.427   647   675 E AppOpService: 	at android.os.Looper.loop(Looper.java:393)
04-05 13:12:20.427   647   675 E AppOpService: 	at android.os.HandlerThread.run(HandlerThread.java:139)
04-05 13:12:20.427   647   675 E AppOpService: 	at com.android.server.ServiceThread.run(ServiceThread.java:46)
04-05 13:12:21.306   647  1222 E TransitionChain: Mismatch between current collecting (TransitionRecord{51ec110 id=2 type=OPEN flags=0x0 parallelCollectType=NONE recentsDisplayId=-1 c=[
04-05 13:12:21.306   647  1222 E TransitionChain:    ChangeInfo{f4b4409 container=ActivityRecord{59808728 u0 com.google.android.googlesdksetup/.DefaultActivity t3} flags=0x0}
04-05 13:12:21.306   647  1222 E TransitionChain:    ChangeInfo{9bce60e container=Task{69bf216 #3 type=home A=10191:com.google.android.googlesdksetup nonResizable} flags=0x0}
04-05 13:12:21.306   647  1222 E TransitionChain:    ChangeInfo{5a682f container=DefaultTaskDisplayArea@116593822 flags=0x0}
04-05 13:12:21.306   647  1222 E TransitionChain:    ChangeInfo{596de3c container=Task{72cf797 #1 type=home} flags=0x0}
04-05 13:12:21.306   647  1222 E TransitionChain:    ChangeInfo{75b17c5 container=Display{#0 state=ON size=1080x2400 ROTATION_0} flags=0x0}
04-05 13:12:21.306   647  1222 E TransitionChain: ]
04-05 13:12:21.306   647  1222 E TransitionChain: }) and chain (TransitionRecord{51ec110 id=2 type=OPEN flags=0x0 parallelCollectType=NONE recentsDisplayId=-1 c=[
04-05 13:12:21.306   647  1222 E TransitionChain:    ChangeInfo{f4b4409 container=ActivityRecord{59808728 u0 com.google.android.googlesdksetup/.DefaultActivity t3} flags=0x0}
04-05 13:12:21.306   647  1222 E TransitionChain:    ChangeInfo{9bce60e container=Task{69bf216 #3 type=home A=10191:com.google.android.googlesdksetup nonResizable} flags=0x0}
04-05 13:12:21.306   647  1222 E TransitionChain:    ChangeInfo{5a682f container=DefaultTaskDisplayArea@116593822 flags=0x0}
04-05 13:12:21.306   647  1222 E TransitionChain:    ChangeInfo{596de3c container=Task{72cf797 #1 type=home} flags=0x0}
04-05 13:12:21.306   647  1222 E TransitionChain:    ChangeInfo{75b17c5 container=Display{#0 state=ON size=1080x2400 ROTATION_0} flags=0x0}
04-05 13:12:21.306   647  1222 E TransitionChain: ]
04-05 13:12:21.306   647  1222 E TransitionChain: })
04-05 13:12:21.655   647   763 E TransitionChain: Mismatch between current collecting (TransitionRecord{51ec110 id=2 type=OPEN flags=0x0 parallelCollectType=NONE recentsDisplayId=-1 c=[
04-05 13:12:21.655   647   763 E TransitionChain:    ChangeInfo{f4b4409 container=ActivityRecord{59808728 u0 com.google.android.googlesdksetup/.DefaultActivity t3} flags=0x0}
04-05 13:12:21.655   647   763 E TransitionChain:    ChangeInfo{9bce60e container=Task{69bf216 #3 type=home A=10191:com.google.android.googlesdksetup nonResizable} flags=0x0}
04-05 13:12:21.655   647   763 E TransitionChain:    ChangeInfo{5a682f container=DefaultTaskDisplayArea@116593822 flags=0x0}
04-05 13:12:21.655   647   763 E TransitionChain:    ChangeInfo{596de3c container=Task{72cf797 #1 type=home} flags=0x0}
04-05 13:12:21.655   647   763 E TransitionChain:    ChangeInfo{75b17c5 container=Display{#0 state=ON size=1080x2400 ROTATION_0} flags=0x0}
04-05 13:12:21.655   647   763 E TransitionChain: ]
04-05 13:12:21.655   647   763 E TransitionChain: }) and chain (TransitionRecord{51ec110 id=2 type=OPEN flags=0x0 parallelCollectType=NONE recentsDisplayId=-1 c=[
04-05 13:12:21.655   647   763 E TransitionChain:    ChangeInfo{f4b4409 container=ActivityRecord{59808728 u0 com.google.android.googlesdksetup/.DefaultActivity t3} flags=0x0}
04-05 13:12:21.655   647   763 E TransitionChain:    ChangeInfo{9bce60e container=Task{69bf216 #3 type=home A=10191:com.google.android.googlesdksetup nonResizable} flags=0x0}
04-05 13:12:21.655   647   763 E TransitionChain:    ChangeInfo{5a682f container=DefaultTaskDisplayArea@116593822 flags=0x0}
04-05 13:12:21.655   647   763 E TransitionChain:    ChangeInfo{596de3c container=Task{72cf797 #1 type=home} flags=0x0}
04-05 13:12:21.655   647   763 E TransitionChain:    ChangeInfo{75b17c5 container=Display{#0 state=ON size=1080x2400 ROTATION_0} flags=0x0}
04-05 13:12:21.655   647   763 E TransitionChain: ]
04-05 13:12:21.655   647   763 E TransitionChain: })
04-05 13:12:21.655   647   763 E TransitionChain: Mismatch between current collecting (TransitionRecord{51ec110 id=2 type=OPEN flags=0x0 parallelCollectType=NONE recentsDisplayId=-1 c=[
04-05 13:12:21.655   647   763 E TransitionChain:    ChangeInfo{f4b4409 container=ActivityRecord{59808728 u0 com.google.android.googlesdksetup/.DefaultActivity t3} flags=0x0}
04-05 13:12:21.655   647   763 E TransitionChain:    ChangeInfo{9bce60e container=Task{69bf216 #3 type=home A=10191:com.google.android.googlesdksetup nonResizable} flags=0x0}
04-05 13:12:21.655   647   763 E TransitionChain:    ChangeInfo{5a682f container=DefaultTaskDisplayArea@116593822 flags=0x0}
04-05 13:12:21.655   647   763 E TransitionChain:    ChangeInfo{596de3c container=Task{72cf797 #1 type=home} flags=0x0}
04-05 13:12:21.655   647   763 E TransitionChain:    ChangeInfo{75b17c5 container=Display{#0 state=ON size=1080x2400 ROTATION_0} flags=0x0}
04-05 13:12:21.655   647   763 E TransitionChain: ]
04-05 13:12:21.655   647   763 E TransitionChain: }) and chain (TransitionRecord{51ec110 id=2 type=OPEN flags=0x0 parallelCollectType=NONE recentsDisplayId=-1 c=[
04-05 13:12:21.655   647   763 E TransitionChain:    ChangeInfo{f4b4409 container=ActivityRecord{59808728 u0 com.google.android.googlesdksetup/.DefaultActivity t3} flags=0x0}
04-05 13:12:21.655   647   763 E TransitionChain:    ChangeInfo{9bce60e container=Task{69bf216 #3 type=home A=10191:com.google.android.googlesdksetup nonResizable} flags=0x0}
04-05 13:12:21.655   647   763 E TransitionChain:    ChangeInfo{5a682f container=DefaultTaskDisplayArea@116593822 flags=0x0}
04-05 13:12:21.655   647   763 E TransitionChain:    ChangeInfo{596de3c container=Task{72cf797 #1 type=home} flags=0x0}
04-05 13:12:21.655   647   763 E TransitionChain:    ChangeInfo{75b17c5 container=Display{#0 state=ON size=1080x2400 ROTATION_0} flags=0x0}
04-05 13:12:21.655   647   763 E TransitionChain: ]
04-05 13:12:21.655   647   763 E TransitionChain: })
04-05 13:12:22.180   463   488 E android.hardware.wifi-service: Unknown iface name: wlan0
04-05 13:12:22.180   463   488 E android.hardware.wifi-service: Unknown iface name: wlan0
04-05 13:12:22.195   463   488 E android.hardware.wifi-service: Unknown iface name: wlan0
04-05 13:12:22.195   463   488 E android.hardware.wifi-service: Unknown iface name: wlan0
04-05 13:12:22.231   463   488 E android.hardware.wifi-service: Failed to register radio mode change callback
04-05 13:12:22.233   463   488 E android.hardware.wifi-service: Failed to get SupportedIfaceCombinations matrix from legacy HAL: NOT_SUPPORTED
04-05 13:12:22.246   463   488 E android.hardware.wifi-service: Failed to set DFS flag; DFS channels may be unavailable.
04-05 13:12:22.335   463   488 E android.hardware.wifi-service: Failed to get chip capabilities from legacy HAL: NOT_SUPPORTED
04-05 13:12:22.651   463   488 E android.hardware.wifi-service: Failed to get SupportedRadioCombinations matrix from legacy HAL: NOT_SUPPORTED
04-05 13:12:24.098   647   647 E PersonalContext: No user state for user -1
04-05 13:12:24.114   647   647 E PersonalContext: No user state for user -1
04-05 13:12:26.144   647  1241 E AuthService: No face sensors.
04-05 13:12:27.203   647   647 E ContentCapturePerUserService: Bad service name: com.google.android.as/com.google.android.apps.miphone.aiai.app.AiAiContentCaptureService
04-05 13:12:27.205   647   647 E ContentCapturePerUserService: Bad service name: com.google.android.as/com.google.android.apps.miphone.aiai.app.AiAiContentCaptureService
04-05 13:12:27.210   647   647 E ContentCapturePerUserService: Bad service name: com.google.android.as/com.google.android.apps.miphone.aiai.app.AiAiContentCaptureService
04-05 13:12:27.211   647   647 E ContentSuggestionsPerUserService: Bad service name: com.google.android.as/com.google.android.apps.miphone.aiai.app.AiAiContentSuggestionsService
04-05 13:12:27.211   647   647 E AutofillManagerServiceImpl: Bad service name: com.google.android.gms/.autofill.service.AutofillService
04-05 13:12:27.478   647   683 E TranslationManagerServiceImpl: Bad service name: com.google.android.as/com.google.android.apps.miphone.aiai.app.AiAiTranslationService
04-05 13:12:27.478   647   683 E AutofillManagerServiceImpl: Bad service name: com.google.android.gms/.autofill.service.AutofillService
04-05 13:12:27.479   647   683 E RemoteAugmentedAutofillService: Bad service name for flags 1048704: com.google.android.as/com.google.android.apps.miphone.aiai.app.AiAiAugmentedAutofillService
04-05 13:12:27.479   647   683 E AutofillManagerServiceImpl: Bad service name: com.google.android.gms/.autofill.service.AutofillService
04-05 13:12:27.480   647   683 E RemoteAugmentedAutofillService: Bad service name for flags 1048704: com.google.android.as/com.google.android.apps.miphone.aiai.app.AiAiAugmentedAutofillService
04-05 13:12:27.480   647   683 E AppPredictionPerUserService: Bad service name: com.google.android.as/com.google.android.apps.miphone.aiai.app.AiAiPredictionService
04-05 13:12:27.697   647   683 E SmartspacePerUserService: Bad service name: com.google.android.as/com.google.android.apps.miphone.aiai.app.AiAiSmartspaceService
04-05 13:12:27.698   647   683 E SearchUiPerUserService: Bad service name: com.google.android.as/com.google.android.apps.miphone.aiai.app.AiAiSearchUiService
04-05 13:12:27.698   647   683 E ContentSuggestionsPerUserService: Bad service name: com.google.android.as/com.google.android.apps.miphone.aiai.app.AiAiContentSuggestionsService
04-05 13:12:27.700   647   683 E SystemCaptionsManagerPerUserService: Bad service name: com.google.android.as/com.google.android.apps.miphone.aiai.captions.SystemCaptionsManagerService
04-05 13:12:27.702   647   683 E MusicRecognitionManagerPerUserService: Bad service name: com.google.android.googlequicksearchbox/com.google.android.apps.search.soundsearch.service.SoundSearchService
04-05 13:12:27.703   647   683 E WallpaperEffectsGenerationPerUserService: Bad service name: com.google.android.as/com.google.android.apps.miphone.aiai.app.wallpapereffects.AiAiWallpaperEffectsGenerationService
04-05 13:12:27.703   647   683 E SpeechRecognitionManagerServiceImpl: Bad service name: com.google.android.as/com.google.android.apps.miphone.aiai.app.AiAiSpeechRecognitionService
04-05 13:12:27.710   647   683 E CredentialManager: Unable to add serviceInfo : 
04-05 13:12:27.710   647   683 E CredentialManager: android.content.pm.PackageManager$NameNotFoundException: ComponentInfo{com.google.android.gms/com.google.android.gms.auth.api.credentials.credman.service.PasswordAndPasskeyService}
04-05 13:12:27.710   647   683 E CredentialManager: 	at android.service.credentials.CredentialProviderInfoFactory.getServiceInfoOrThrow(CredentialProviderInfoFactory.java:366)
04-05 13:12:27.710   647   683 E CredentialManager: 	at android.service.credentials.CredentialProviderInfoFactory.create(CredentialProviderInfoFactory.java:94)
04-05 13:12:27.710   647   683 E CredentialManager: 	at com.android.server.credentials.CredentialManagerServiceImpl.newServiceInfoLocked(CredentialManagerServiceImpl.java:101)
04-05 13:12:27.710   647   683 E CredentialManager: 	at com.android.server.credentials.CredentialManagerServiceImpl.<init>(CredentialManagerServiceImpl.java:60)
04-05 13:12:27.710   647   683 E CredentialManager: 	at com.android.server.credentials.CredentialManagerService.newServiceListLocked(CredentialManagerService.java:203)
04-05 13:12:27.710   647   683 E CredentialManager: 	at com.android.server.infra.AbstractMasterSystemService.getServiceListForUserLocked(AbstractMasterSystemService.java:635)
04-05 13:12:27.710   647   683 E CredentialManager: 	at com.android.server.infra.AbstractMasterSystemService.updateCachedServiceListMultiModeLocked(AbstractMasterSystemService.java:752)
04-05 13:12:27.710   647   683 E CredentialManager: 	at com.android.server.infra.AbstractMasterSystemService.updateCachedServiceListLocked(AbstractMasterSystemService.java:721)
04-05 13:12:27.710   647   683 E CredentialManager: 	at com.android.server.infra.AbstractMasterSystemService.updateCachedServiceLocked(AbstractMasterSystemService.java:679)
04-05 13:12:27.710   647   683 E CredentialManager: 	at com.android.server.infra.AbstractMasterSystemService$SettingsObserver.onChange(AbstractMasterSystemService.java:1392)
04-05 13:12:27.710   647   683 E CredentialManager: 	at android.database.ContentObserver.onChange(ContentObserver.java:202)
04-05 13:12:27.710   647   683 E CredentialManager: 	at android.database.ContentObserver.onChange(ContentObserver.java:224)
04-05 13:12:27.710   647   683 E CredentialManager: 	at android.database.ContentObserver.onChange(ContentObserver.java:236)
04-05 13:12:27.710   647   683 E CredentialManager: 	at android.database.ContentObserver.lambda$dispatchChange$1(ContentObserver.java:332)
04-05 13:12:27.710   647   683 E CredentialManager: 	at android.database.ContentObserver.$r8$lambda$_30FqRqKC3pUku8T3BsVPQAFotM(ContentObserver.java:0)
04-05 13:12:27.710   647   683 E CredentialManager: 	at android.database.ContentObserver$$ExternalSyntheticLambda1.run(D8$$SyntheticClass:0)
04-05 13:12:27.710   647   683 E CredentialManager: 	at android.os.Handler.handleCallback(Handler.java:1095)
04-05 13:12:27.710   647   683 E CredentialManager: 	at android.os.Handler.dispatchMessageImpl(Handler.java:135)
04-05 13:12:27.710   647   683 E CredentialManager: 	at android.os.Handler.dispatchMessage(Handler.java:125)
04-05 13:12:27.710   647   683 E CredentialManager: 	at android.os.Looper.loopOnce(Looper.java:292)
04-05 13:12:27.710   647   683 E CredentialManager: 	at android.os.Looper.loop(Looper.java:393)
04-05 13:12:27.710   647   683 E CredentialManager: 	at android.os.HandlerThread.run(HandlerThread.java:139)
04-05 13:12:27.710   647   683 E ContentCapturePerUserService: Bad service name: com.google.android.as/com.google.android.apps.miphone.aiai.app.AiAiContentCaptureService
04-05 13:12:27.710   647   683 E ContentCapturePerUserService: Bad service name: com.google.android.as/com.google.android.apps.miphone.aiai.app.AiAiContentCaptureService
04-05 13:12:27.711   647   683 E ContentCapturePerUserService: Bad service name: com.google.android.as/com.google.android.apps.miphone.aiai.app.AiAiContentCaptureService
04-05 13:12:27.889   647   647 E PersonalContext: No user state for user -1
04-05 13:12:28.382   647   678 E TransitionChain: Can't collect into a chain with no transition
04-05 13:12:28.382   647   678 E TransitionChain: Can't collect into a chain with no transition
04-05 13:12:28.400   647   711 E TransitionChain: Can't collect into a chain with no transition
04-05 13:12:28.400   647   711 E TransitionChain: Can't collect into a chain with no transition
04-05 13:12:28.559  1135  1204 E SyncTransactionQueue: Got an unexpected onTransactionReady. Expected 6 but got 5
04-05 13:12:33.554   647   678 E BLASTSyncEngine: WM sent Transaction (#5, Organizer, tx=2778843840808) to organizer, but never received commit callback. Application ANR likely to follow.
04-05 13:10:05.604   300   422 E vold    : Error getting bootctrl v1.0 module.
04-05 13:10:05.604   300   422 E Checkpoint: Failed to get BootControl HAL, not marking slot as successful.
04-05 13:10:05.900   647   678 E TestHarnessModeService: Failed to start Test Harness Mode; no implementation of PersistentDataBlockManagerInternal was bound!
04-05 13:10:06.083   647   678 E AuthService: No face sensors.
04-05 13:10:06.199   647  1034 E AppOps  : attributionTag UwbCountryCode not declared in manifest of android
04-05 13:10:06.206   647   678 E AppOps  : attributionTag UwbCountryCode not declared in manifest of android
04-05 13:10:08.788   647   684 E MusicRecognitionManagerPerUserService: Bad service name: com.google.android.googlequicksearchbox/com.google.android.apps.search.soundsearch.service.SoundSearchService
04-05 13:10:09.510   647   684 E WearableSensingManagerPerUserService: Bad service name: com.google.android.glasses.core/com.google.android.projection.core.secure.TrustedAmbientSensingService
04-05 13:10:09.971   647  1045 E AppOps  : attributionTag VCN not declared in manifest of android
04-05 13:10:09.980   647  1045 E AppOps  : attributionTag VCN not declared in manifest of android
04-05 13:10:10.114   647   684 E AutofillManagerServiceImpl: Bad service name: com.google.android.gms/.autofill.service.AutofillService
04-05 13:10:10.132   647   684 E AutofillManagerServiceImpl: Bad service name: com.google.android.gms/.autofill.service.AutofillService
04-05 13:10:10.364   647   763 E AppOps  : attributionTag VCN not declared in manifest of android
04-05 13:10:10.549   647  1069 E BackupPasswordManager: Unable to read backup pw version
04-05 13:10:10.549   647  1069 E BackupPasswordManager: Unable to read saved backup pw hash
04-05 13:10:11.938   647   762 E AppWidgetServiceImpl: Found widget database with version 0, this should not be possible, forcing upgrade to version 1
04-05 13:10:13.192   647   683 E StatsPullAtomService: subInfo of subId 1 is invalid, ignored.
04-05 13:10:13.201   647   683 E StatsPullAtomService: subInfo of subId 1 is invalid, ignored.
04-05 13:10:13.203   647   683 E StatsPullAtomService: subInfo of subId 1 is invalid, ignored.
04-05 13:10:13.786   647   647 E SystemServiceRegistry: Manager wrapper not available: face
04-05 13:10:14.451  1135  1291 E ActivityThread: Failed to find provider info for com.google.android.apps.turbo.estimated_time_remaining
04-05 13:10:15.913   647  1952 E AutofillManagerServiceImpl: Bad service name: com.google.android.gms/.autofill.service.AutofillService
04-05 13:10:19.715  1135  1204 E SingleInstanceRemoteListener: Failed remote call on null listener
04-05 13:10:19.813   647   647 E PersonalContext: No user state for user -1
04-05 13:10:20.089   441   466 E NetlinkEvent: NetlinkEvent::FindParam(): Parameter 'INTERFACE' not found
04-05 13:10:20.089   441   466 E NetlinkEvent: NetlinkEvent::FindParam(): Parameter 'STATE' not found
04-05 13:10:20.089   441   466 E NetlinkEvent: NetlinkEvent::FindParam(): Parameter 'TIME_NS' not found
04-05 13:10:20.089   441   466 E NetlinkEvent: NetlinkEvent::FindParam(): Parameter 'UID' not found
04-05 13:10:20.235   647  1243 E AppOps  : Bad call made by uid 1000. Package "com.google.android.googlequicksearchbox" does not belong to uid 1000.
04-05 13:10:20.250  1878  2116 E ActivityThread: Failed to find provider info for media_legacy
04-05 13:10:20.484   647  1045 E AppOps  : attributionTag VCN not declared in manifest of android
04-05 13:10:20.754   647   683 E StatsPullAtomService: subInfo of subId 1 is invalid, ignored.
04-05 13:10:22.022   647  1034 E AppOps  : attributionTag UwbCountryCode not declared in manifest of android
04-05 13:10:22.892  1878  2358 E ActivityThread: Failed to find provider info for media_legacy
04-05 13:10:23.267  1135  1204 E SingleInstanceRemoteListener: Failed remote call on null listener
04-05 13:10:23.525  1135  1204 E SingleInstanceRemoteListener: Failed remote call on null listener
04-05 13:10:25.929  1135  1204 E SingleInstanceRemoteListener: Failed remote call on null listener
04-05 13:10:26.740  1135  1204 E SingleInstanceRemoteListener: Failed remote call on null listener
04-05 13:10:27.379  1135  1204 E SingleInstanceRemoteListener: Failed remote call on null listener
04-05 13:10:28.046  1135  1204 E SingleInstanceRemoteListener: Failed remote call on null listener
04-05 13:10:29.540  1135  1204 E SingleInstanceRemoteListener: Failed remote call on null listener
04-05 13:10:30.269  1135  1204 E SingleInstanceRemoteListener: Failed remote call on null listener
04-05 13:10:30.595   647  2126 E AppOps  : Bad call made by uid 1000. Package "com.google.android.googlequicksearchbox" does not belong to uid 1000.
04-05 13:10:31.248   647  1029 E AutofillManagerServiceImpl: Bad service name: com.google.android.gms/.autofill.service.AutofillService
04-05 13:10:34.461   647  2126 E AutofillManagerServiceImpl: Bad service name: com.google.android.gms/.autofill.service.AutofillService
04-05 13:10:34.540  1135  1204 E SingleInstanceRemoteListener: Failed remote call on null listener
04-05 13:10:34.540  1135  1204 E SingleInstanceRemoteListener: Failed remote call on null listener
04-05 13:10:34.558   441   466 E NetlinkEvent: NetlinkEvent::FindParam(): Parameter 'INTERFACE' not found
04-05 13:10:34.558   441   466 E NetlinkEvent: NetlinkEvent::FindParam(): Parameter 'STATE' not found
04-05 13:10:34.558   441   466 E NetlinkEvent: NetlinkEvent::FindParam(): Parameter 'TIME_NS' not found
04-05 13:10:34.558   441   466 E NetlinkEvent: NetlinkEvent::FindParam(): Parameter 'UID' not found
04-05 13:10:35.323  1135  1204 E SingleInstanceRemoteListener: Failed remote call on null listener
04-05 13:10:35.566   647  1045 E AppOps  : attributionTag VCN not declared in manifest of android
04-05 13:10:35.567   647  1045 E AppOps  : attributionTag VCN not declared in manifest of android
04-05 13:10:35.697  1135  1204 E SingleInstanceRemoteListener: Failed remote call on null listener
04-05 13:10:35.899   647  1945 E AppOps  : Bad call made by uid 1000. Package "com.google.android.googlequicksearchbox" does not belong to uid 1000.
04-05 13:10:35.918   647  1045 E AppOps  : attributionTag VCN not declared in manifest of android
04-05 13:10:36.167   647   683 E StatsPullAtomService: subInfo of subId 1 is invalid, ignored.
04-05 13:10:36.255   647   683 E StatsPullAtomService: subInfo of subId 1 is invalid, ignored.
04-05 13:10:36.554   647   683 E StatsPullAtomService: subInfo of subId 1 is invalid, ignored.
04-05 13:10:36.901   647  1951 E AppOps  : attributionTag VCN not declared in manifest of android
04-05 13:10:36.973  2976  2976 E ActivityThread: Failed to find provider info for com.google.android.setupwizard.partner
04-05 13:10:37.041  2976  2976 E ActivityThread: Failed to find provider info for com.google.android.setupwizard.partner
04-05 13:10:37.071  2976  2976 E ActivityThread: Failed to find provider info for com.google.android.setupwizard.partner
04-05 13:10:37.074  2976  2976 E ActivityThread: Failed to find provider info for com.google.android.setupwizard.partner
04-05 13:10:37.243  1135  1204 E SingleInstanceRemoteListener: Failed remote call on null listener
04-05 13:10:37.300  1135  1204 E SingleInstanceRemoteListener: Failed remote call on null listener
04-05 13:10:37.337   647  3111 E ActivityManager: ANR in com.google.android.gms.persistent
04-05 13:10:37.337   647  3111 E ActivityManager: PID: 2238
04-05 13:10:37.337   647  3111 E ActivityManager: Reason: Broadcast of Intent { act=android.intent.action.SIM_STATE_CHANGED flg=0x15000010 xflg=0x4 cmp=com.google.android.gms/.chimera.GmsIntentOperationService$PersistentTrustedReceiver (has extras) }
04-05 13:10:37.337   647  3111 E ActivityManager: ErrorId: 364b3572-daff-4f24-86fc-d9c8cdacdaa8
04-05 13:10:37.337   647  3111 E ActivityManager: Frozen: false
04-05 13:10:37.337   647  3111 E ActivityManager: Load: 0.0 / 0.0 / 0.0
04-05 13:10:37.337   647  3111 E ActivityManager: ----- Output from /proc/pressure/memory -----
04-05 13:10:37.337   647  3111 E ActivityManager: some avg10=4.74 avg60=1.56 avg300=0.39 total=1985807
04-05 13:10:37.337   647  3111 E ActivityManager: full avg10=1.40 avg60=0.45 avg300=0.10 total=865527
04-05 13:10:37.337   647  3111 E ActivityManager: ----- End output from /proc/pressure/memory -----
04-05 13:10:37.337   647  3111 E ActivityManager: ----- Output from /proc/pressure/cpu -----
04-05 13:10:37.337   647  3111 E ActivityManager: some avg10=83.23 avg60=65.25 avg300=27.29 total=102652030
04-05 13:10:37.337   647  3111 E ActivityManager: full avg10=0.00 avg60=0.00 avg300=0.00 total=0
04-05 13:10:37.337   647  3111 E ActivityManager: ----- End output from /proc/pressure/cpu -----
04-05 13:10:37.337   647  3111 E ActivityManager: ----- Output from /proc/pressure/io -----
04-05 13:10:37.337   647  3111 E ActivityManager: some avg10=46.93 avg60=45.58 avg300=22.30 total=88640645
04-05 13:10:37.337   647  3111 E ActivityManager: full avg10=0.21 avg60=2.76 avg300=2.51 total=12265800
04-05 13:10:37.337   647  3111 E ActivityManager: ----- End output from /proc/pressure/io -----
04-05 13:10:37.337   647  3111 E ActivityManager: 
04-05 13:10:37.337   647  3111 E ActivityManager: CPU usage from 34326ms to -1ms ago (2026-04-05 13:12:33.390 to 2026-04-05 13:10:36.749):
04-05 13:10:37.337   647  3111 E ActivityManager:   102% 647/system_server: 49% user + 52% kernel / faults: 151122 minor 6694 major
04-05 13:10:37.337   647  3111 E ActivityManager:   38% 511/surfaceflinger: 4.6% user + 33% kernel / faults: 909 minor 103 major
04-05 13:10:37.337   647  3111 E ActivityManager:   24% 465/android.hardware.graphics.composer3-service.ranchu: 1.1% user + 23% kernel / faults: 17 minor 1 major
04-05 13:10:37.337   647  3111 E ActivityManager:   24% 1135/com.android.systemui: 12% user + 12% kernel / faults: 51695 minor 230 major
04-05 13:10:37.337   647  3111 E ActivityManager:   9.2% 1300/com.android.phone: 4.2% user + 4.9% kernel / faults: 20305 minor 161 major
04-05 13:10:37.337   647  3111 E ActivityManager:   5% 65/kswapd0: 0% user + 5% kernel
04-05 13:10:37.337   647  3111 E ActivityManager:   4.3% 95/erofs_worker/3: 0% user + 4.3% kernel
04-05 13:10:37.337   647  3111 E ActivityManager:   3% 1229/com.android.networkstack.process: 1.4% user + 1.5% kernel / faults: 6796 minor 408 major
04-05 13:10:37.337   647  3111 E ActivityManager:   2.8% 461/android.hardware.sensors-service.multihal: 0.2% user + 2.5% kernel / faults: 4 minor
04-05 13:10:37.337   647  3111 E ActivityManager:   2.4% 283/logd: 0.5% user + 1.8% kernel / faults: 924 minor 2 major
04-05 13:10:37.337   647  3111 E ActivityManager: 99% TOTAL: 33% user + 63% kernel + 0.4% iowait + 1.8% softirq
04-05 13:10:37.337   647  3111 E ActivityManager: CPU usage from 186907ms to 186907ms ago (1970-01-01 07:00:00.000 to 1970-01-01 07:00:00.000) with 0% awake:
04-05 13:10:37.337   647  3111 E ActivityManager: 0% TOTAL: 0% user + 0% kernel
04-05 13:10:38.544   647  1243 E AppOps  : Bad call made by uid 1000. Package "com.google.android.googlequicksearchbox" does not belong to uid 1000.
04-05 13:10:38.838  1135  1204 E SingleInstanceRemoteListener: Failed remote call on null listener
04-05 13:10:38.943   647  1045 E AppOps  : attributionTag VCN not declared in manifest of android
04-05 13:10:41.560  1135  1204 E SingleInstanceRemoteListener: Failed remote call on null listener
04-05 13:10:42.289   647  1045 E AppOps  : attributionTag VCN not declared in manifest of android
04-05 13:10:42.556  1135  1204 E SingleInstanceRemoteListener: Failed remote call on null listener
04-05 13:10:42.983   647  1916 E AppOps  : attributionTag VCN not declared in manifest of android
04-05 13:10:43.197   647  1029 E AutofillManagerServiceImpl: Bad service name: com.google.android.gms/.autofill.service.AutofillService
04-05 13:10:43.986   647   647 E JobServiceContext: Error sending onStart message to '.PhenotypeJobService' 
04-05 13:10:43.986   647   647 E JobServiceContext: android.os.DeadObjectException
04-05 13:10:43.986   647   647 E JobServiceContext: 	at android.os.BinderProxy.transactNative(Native Method)
04-05 13:10:43.986   647   647 E JobServiceContext: 	at android.os.BinderProxy.transact(BinderProxy.java:617)
04-05 13:10:43.986   647   647 E JobServiceContext: 	at android.app.job.IJobService$Stub$Proxy.startJob(IJobService.java:190)
04-05 13:10:43.986   647   647 E JobServiceContext: 	at com.android.server.job.JobServiceContext.handleServiceBoundLocked(JobServiceContext.java:1361)
04-05 13:10:43.986   647   647 E JobServiceContext: 	at com.android.server.job.JobServiceContext.doServiceBoundLocked(JobServiceContext.java:1270)
04-05 13:10:43.986   647   647 E JobServiceContext: 	at com.android.server.job.JobServiceContext.onServiceConnected(JobServiceContext.java:1124)
04-05 13:10:43.986   647   647 E JobServiceContext: 	at android.content.ServiceConnection.onServiceConnected(ServiceConnection.java:75)
04-05 13:10:43.986   647   647 E JobServiceContext: 	at android.app.LoadedApk$ServiceDispatcher.doConnected(LoadedApk.java:2453)
04-05 13:10:43.986   647   647 E JobServiceContext: 	at android.app.LoadedApk$ServiceDispatcher$RunConnection.run(LoadedApk.java:2489)
04-05 13:10:43.986   647   647 E JobServiceContext: 	at android.os.Handler.handleCallback(Handler.java:1095)
04-05 13:10:43.986   647   647 E JobServiceContext: 	at android.os.Handler.dispatchMessageImpl(Handler.java:135)
04-05 13:10:43.986   647   647 E JobServiceContext: 	at android.os.Handler.dispatchMessage(Handler.java:125)
04-05 13:10:43.986   647   647 E JobServiceContext: 	at android.os.Looper.loopOnce(Looper.java:292)
04-05 13:10:43.986   647   647 E JobServiceContext: 	at android.os.Looper.loop(Looper.java:393)
04-05 13:10:43.986   647   647 E JobServiceContext: 	at com.android.server.SystemServer.run(SystemServer.java:1092)
04-05 13:10:43.986   647   647 E JobServiceContext: 	at com.android.server.SystemServer.main(SystemServer.java:721)
04-05 13:10:43.986   647   647 E JobServiceContext: 	at java.lang.reflect.Method.invoke(Native Method)
04-05 13:10:43.986   647   647 E JobServiceContext: 	at com.android.internal.os.RuntimeInit$MethodAndArgsCaller.run(RuntimeInit.java:575)
04-05 13:10:43.986   647   647 E JobServiceContext: 	at com.android.internal.os.ZygoteInit.main(ZygoteInit.java:917)
04-05 13:10:48.998   647  1445 E AppOps  : Bad call made by uid 1000. Package "com.google.android.googlequicksearchbox" does not belong to uid 1000.
04-05 13:10:49.008  1135  1204 E SingleInstanceRemoteListener: Failed remote call on null listener
04-05 13:10:49.419   647   647 E JobServiceContext: Error sending onStart message to 'androidx.work.impl.background.systemjob.SystemJobService' 
04-05 13:10:49.419   647   647 E JobServiceContext: android.os.DeadObjectException
04-05 13:10:49.419   647   647 E JobServiceContext: 	at android.os.BinderProxy.transactNative(Native Method)
04-05 13:10:49.419   647   647 E JobServiceContext: 	at android.os.BinderProxy.transact(BinderProxy.java:617)
04-05 13:10:49.419   647   647 E JobServiceContext: 	at android.app.job.IJobService$Stub$Proxy.startJob(IJobService.java:190)
04-05 13:10:49.419   647   647 E JobServiceContext: 	at com.android.server.job.JobServiceContext.handleServiceBoundLocked(JobServiceContext.java:1361)
04-05 13:10:49.419   647   647 E JobServiceContext: 	at com.android.server.job.JobServiceContext.doServiceBoundLocked(JobServiceContext.java:1270)
04-05 13:10:49.419   647   647 E JobServiceContext: 	at com.android.server.job.JobServiceContext.onServiceConnected(JobServiceContext.java:1124)
04-05 13:10:49.419   647   647 E JobServiceContext: 	at android.content.ServiceConnection.onServiceConnected(ServiceConnection.java:75)
04-05 13:10:49.419   647   647 E JobServiceContext: 	at android.app.LoadedApk$ServiceDispatcher.doConnected(LoadedApk.java:2453)
04-05 13:10:49.419   647   647 E JobServiceContext: 	at android.app.LoadedApk$ServiceDispatcher$RunConnection.run(LoadedApk.java:2489)
04-05 13:10:49.419   647   647 E JobServiceContext: 	at android.os.Handler.handleCallback(Handler.java:1095)
04-05 13:10:49.419   647   647 E JobServiceContext: 	at android.os.Handler.dispatchMessageImpl(Handler.java:135)
04-05 13:10:49.419   647   647 E JobServiceContext: 	at android.os.Handler.dispatchMessage(Handler.java:125)
04-05 13:10:49.419   647   647 E JobServiceContext: 	at android.os.Looper.loopOnce(Looper.java:292)
04-05 13:10:49.419   647   647 E JobServiceContext: 	at android.os.Looper.loop(Looper.java:393)
04-05 13:10:49.419   647   647 E JobServiceContext: 	at com.android.server.SystemServer.run(SystemServer.java:1092)
04-05 13:10:49.419   647   647 E JobServiceContext: 	at com.android.server.SystemServer.main(SystemServer.java:721)
04-05 13:10:49.419   647   647 E JobServiceContext: 	at java.lang.reflect.Method.invoke(Native Method)
04-05 13:10:49.419   647   647 E JobServiceContext: 	at com.android.internal.os.RuntimeInit$MethodAndArgsCaller.run(RuntimeInit.java:575)
04-05 13:10:49.419   647   647 E JobServiceContext: 	at com.android.internal.os.ZygoteInit.main(ZygoteInit.java:917)
04-05 13:10:49.754   647  1045 E AppOps  : attributionTag VCN not declared in manifest of android
04-05 13:10:50.401   647  1951 E AppOps  : attributionTag VCN not declared in manifest of android
04-05 13:10:50.404   647  1045 E AppOps  : attributionTag VCN not declared in manifest of android
04-05 13:10:50.486   647  2068 E AppOps  : Bad call made by uid 1000. Package "com.google.android.googlequicksearchbox" does not belong to uid 1000.
04-05 13:10:55.191  1135  1204 E SingleInstanceRemoteListener: Failed remote call on null listener
04-05 13:10:56.430  1135  1204 E SingleInstanceRemoteListener: Failed remote call on null listener
04-05 13:10:57.369   647  1063 E JobServiceContext: Error sending onNetworkChanged to client.
04-05 13:10:57.369   647  1063 E JobServiceContext: android.os.DeadObjectException
04-05 13:10:57.369   647  1063 E JobServiceContext: 	at android.os.BinderProxy.transactNative(Native Method)
04-05 13:10:57.369   647  1063 E JobServiceContext: 	at android.os.BinderProxy.transact(BinderProxy.java:617)
04-05 13:10:57.369   647  1063 E JobServiceContext: 	at android.app.job.IJobService$Stub$Proxy.onNetworkChanged(IJobService.java:216)
04-05 13:10:57.369   647  1063 E JobServiceContext: 	at com.android.server.job.JobServiceContext.informOfNetworkChangeLocked(JobServiceContext.java:805)
04-05 13:10:57.369   647  1063 E JobServiceContext: 	at com.android.server.job.JobSchedulerService.onNetworkChanged(JobSchedulerService.java:2628)
04-05 13:10:57.369   647  1063 E JobServiceContext: 	at com.android.server.job.controllers.ConnectivityController.updateConstraintsSatisfied(ConnectivityController.java:1444)
04-05 13:10:57.369   647  1063 E JobServiceContext: 	at com.android.server.job.controllers.ConnectivityController.updateTrackedJobsLocked(ConnectivityController.java:1538)
04-05 13:10:57.369   647  1063 E JobServiceContext: 	at com.android.server.job.controllers.ConnectivityController.updateTrackedJobsLocked(ConnectivityController.java:1492)
04-05 13:10:57.369   647  1063 E JobServiceContext: 	at com.android.server.job.controllers.ConnectivityController.-$$Nest$mupdateTrackedJobsLocked(ConnectivityController.java:0)
04-05 13:10:57.369   647  1063 E JobServiceContext: 	at com.android.server.job.controllers.ConnectivityController$2.onCapabilitiesChanged(ConnectivityController.java:1708)
04-05 13:10:57.369   647  1063 E JobServiceContext: 	at android.net.ConnectivityManager$CallbackHandler.handleMessage(ConnectivityManager.java:4696)
04-05 13:10:57.369   647  1063 E JobServiceContext: 	at android.os.Handler.dispatchMessageImpl(Handler.java:142)
04-05 13:10:57.369   647  1063 E JobServiceContext: 	at android.os.Handler.dispatchMessage(Handler.java:125)
04-05 13:10:57.369   647  1063 E JobServiceContext: 	at android.os.Looper.loopOnce(Looper.java:292)
04-05 13:10:57.369   647  1063 E JobServiceContext: 	at android.os.Looper.loop(Looper.java:393)
04-05 13:10:57.369   647  1063 E JobServiceContext: 	at android.os.HandlerThread.run(HandlerThread.java:139)
04-05 13:10:59.431  4228  4512 E ActivityThread: Failed to find provider info for androidx.car.app.connection
04-05 13:10:59.974   441   466 E NetlinkEvent: NetlinkEvent::FindParam(): Parameter 'INTERFACE' not found
04-05 13:10:59.974   441   466 E NetlinkEvent: NetlinkEvent::FindParam(): Parameter 'STATE' not found
04-05 13:10:59.974   441   466 E NetlinkEvent: NetlinkEvent::FindParam(): Parameter 'TIME_NS' not found
04-05 13:10:59.974   441   466 E NetlinkEvent: NetlinkEvent::FindParam(): Parameter 'UID' not found
04-05 13:11:01.274  4096  4096 E SearchUiService: Error sending result:android.os.DeadObjectException
04-05 13:11:01.275  4096  4096 E SearchUiService: Error sending result:android.os.DeadObjectException
04-05 13:11:01.281   647  1222 E AppOps  : Bad call made by uid 1000. Package "com.google.android.googlequicksearchbox" does not belong to uid 1000.
04-05 13:11:01.288  4096  4096 E AppPredictionService: Error sending result:android.os.DeadObjectException
04-05 13:11:01.288  4096  4096 E AppPredictionService: Error sending result:android.os.DeadObjectException
04-05 13:11:01.294  4096  4096 E AppPredictionService: Error sending result:android.os.DeadObjectException
04-05 13:11:01.295  4096  4096 E AppPredictionService: Error sending result:android.os.DeadObjectException
04-05 13:11:01.475  1135  1204 E SingleInstanceRemoteListener: Failed remote call
04-05 13:11:01.475  1135  1204 E SingleInstanceRemoteListener: android.os.DeadObjectException
04-05 13:11:01.475  1135  1204 E SingleInstanceRemoteListener: 	at android.os.BinderProxy.transactNative(Native Method)
04-05 13:11:01.475  1135  1204 E SingleInstanceRemoteListener: 	at android.os.BinderProxy.transact(BinderProxy.java:617)
04-05 13:11:01.475  1135  1204 E SingleInstanceRemoteListener: 	at com.android.wm.shell.transition.HomeTransitionObserver$1.insetsChanged(go/retraceme 2b9555e93469c570fe1eba6e00ba55c641998f0b05ea4e8d6000e443e74ca7fc:41)
04-05 13:11:01.475  1135  1204 E SingleInstanceRemoteListener: 	at com.android.wm.shell.common.DisplayInsetsController$OnInsetsChangedListener.insetsChanged(go/retraceme 2b9555e93469c570fe1eba6e00ba55c641998f0b05ea4e8d6000e443e74ca7fc:0)
04-05 13:11:01.475  1135  1204 E SingleInstanceRemoteListener: 	at com.android.wm.shell.common.DisplayInsetsController$PerDisplay$DisplayWindowInsetsControllerImpl$$ExternalSyntheticLambda4.run(go/retraceme 2b9555e93469c570fe1eba6e00ba55c641998f0b05ea4e8d6000e443e74ca7fc:204)
04-05 13:11:01.475  1135  1204 E SingleInstanceRemoteListener: 	at android.os.Handler.handleCallback(Handler.java:1095)
04-05 13:11:01.475  1135  1204 E SingleInstanceRemoteListener: 	at android.os.Handler.dispatchMessageImpl(Handler.java:135)
04-05 13:11:01.475  1135  1204 E SingleInstanceRemoteListener: 	at android.os.Handler.dispatchMessage(Handler.java:125)
04-05 13:11:01.475  1135  1204 E SingleInstanceRemoteListener: 	at android.os.Looper.loopOnce(Looper.java:292)
04-05 13:11:01.475  1135  1204 E SingleInstanceRemoteListener: 	at android.os.Looper.loop(Looper.java:393)
04-05 13:11:01.475  1135  1204 E SingleInstanceRemoteListener: 	at android.os.HandlerThread.run(HandlerThread.java:139)
04-05 13:11:02.285   647   647 E JobServiceContext: Error sending onStart message to 'com.google.android.apps.miphone.aiai.common.superpacks.impl.PeriodicCleanupService' 
04-05 13:11:02.285   647   647 E JobServiceContext: android.os.DeadObjectException
04-05 13:11:02.285   647   647 E JobServiceContext: 	at android.os.BinderProxy.transactNative(Native Method)
04-05 13:11:02.285   647   647 E JobServiceContext: 	at android.os.BinderProxy.transact(BinderProxy.java:617)
04-05 13:11:02.285   647   647 E JobServiceContext: 	at android.app.job.IJobService$Stub$Proxy.startJob(IJobService.java:190)
04-05 13:11:02.285   647   647 E JobServiceContext: 	at com.android.server.job.JobServiceContext.handleServiceBoundLocked(JobServiceContext.java:1361)
04-05 13:11:02.285   647   647 E JobServiceContext: 	at com.android.server.job.JobServiceContext.doServiceBoundLocked(JobServiceContext.java:1270)
04-05 13:11:02.285   647   647 E JobServiceContext: 	at com.android.server.job.JobServiceContext.onServiceConnected(JobServiceContext.java:1124)
04-05 13:11:02.285   647   647 E JobServiceContext: 	at android.content.ServiceConnection.onServiceConnected(ServiceConnection.java:75)
04-05 13:11:02.285   647   647 E JobServiceContext: 	at android.app.LoadedApk$ServiceDispatcher.doConnected(LoadedApk.java:2453)
04-05 13:11:02.285   647   647 E JobServiceContext: 	at android.app.LoadedApk$ServiceDispatcher$RunConnection.run(LoadedApk.java:2489)
04-05 13:11:02.285   647   647 E JobServiceContext: 	at android.os.Handler.handleCallback(Handler.java:1095)
04-05 13:11:02.285   647   647 E JobServiceContext: 	at android.os.Handler.dispatchMessageImpl(Handler.java:135)
04-05 13:11:02.285   647   647 E JobServiceContext: 	at android.os.Handler.dispatchMessage(Handler.java:125)
04-05 13:11:02.285   647   647 E JobServiceContext: 	at android.os.Looper.loopOnce(Looper.java:292)
04-05 13:11:02.285   647   647 E JobServiceContext: 	at android.os.Looper.loop(Looper.java:393)
04-05 13:11:02.285   647   647 E JobServiceContext: 	at com.android.server.SystemServer.run(SystemServer.java:1092)
04-05 13:11:02.285   647   647 E JobServiceContext: 	at com.android.server.SystemServer.main(SystemServer.java:721)
04-05 13:11:02.285   647   647 E JobServiceContext: 	at java.lang.reflect.Method.invoke(Native Method)
04-05 13:11:02.285   647   647 E JobServiceContext: 	at com.android.internal.os.RuntimeInit$MethodAndArgsCaller.run(RuntimeInit.java:575)
04-05 13:11:02.285   647   647 E JobServiceContext: 	at com.android.internal.os.ZygoteInit.main(ZygoteInit.java:917)
04-05 13:11:02.845   647  1045 E AppOps  : attributionTag VCN not declared in manifest of android
04-05 13:11:03.013   647  2158 E AppOps  : attributionTag VCN not declared in manifest of android
04-05 13:11:04.023   647  2068 E AppOps  : Bad call made by uid 1000. Package "com.google.android.googlequicksearchbox" does not belong to uid 1000.
04-05 13:11:04.791   647   763 E AppOps  : Bad call made by uid 1000. Package "com.google.android.googlequicksearchbox" does not belong to uid 1000.
04-05 13:11:07.261  5091  5343 E ActivityThread: Failed to find provider info for androidx.car.app.connection
04-05 13:11:08.195  1135  1204 E SingleInstanceRemoteListener: Failed remote call on null listener
04-05 13:11:09.484  1135  1204 E SingleInstanceRemoteListener: Failed remote call on null listener
04-05 13:11:09.723  1135  1204 E SingleInstanceRemoteListener: Failed remote call on null listener
04-05 13:11:10.265  1135  1204 E SingleInstanceRemoteListener: Failed remote call on null listener
04-05 13:11:10.760  1135  1204 E SingleInstanceRemoteListener: Failed remote call on null listener
04-05 13:11:13.461   647  1063 E JobServiceContext: Error sending onNetworkChanged to client.
04-05 13:11:13.461   647  1063 E JobServiceContext: android.os.DeadObjectException
04-05 13:11:13.461   647  1063 E JobServiceContext: 	at android.os.BinderProxy.transactNative(Native Method)
04-05 13:11:13.461   647  1063 E JobServiceContext: 	at android.os.BinderProxy.transact(BinderProxy.java:617)
04-05 13:11:13.461   647  1063 E JobServiceContext: 	at android.app.job.IJobService$Stub$Proxy.onNetworkChanged(IJobService.java:216)
04-05 13:11:13.461   647  1063 E JobServiceContext: 	at com.android.server.job.JobServiceContext.informOfNetworkChangeLocked(JobServiceContext.java:805)
04-05 13:11:13.461   647  1063 E JobServiceContext: 	at com.android.server.job.JobSchedulerService.onNetworkChanged(JobSchedulerService.java:2628)
04-05 13:11:13.461   647  1063 E JobServiceContext: 	at com.android.server.job.controllers.ConnectivityController.updateConstraintsSatisfied(ConnectivityController.java:1444)
04-05 13:11:13.461   647  1063 E JobServiceContext: 	at com.android.server.job.controllers.ConnectivityController.updateTrackedJobsLocked(ConnectivityController.java:1538)
04-05 13:11:13.461   647  1063 E JobServiceContext: 	at com.android.server.job.controllers.ConnectivityController.updateTrackedJobsLocked(ConnectivityController.java:1492)
04-05 13:11:13.461   647  1063 E JobServiceContext: 	at com.android.server.job.controllers.ConnectivityController.-$$Nest$mupdateTrackedJobsLocked(ConnectivityController.java:0)
04-05 13:11:13.461   647  1063 E JobServiceContext: 	at com.android.server.job.controllers.ConnectivityController$2.onCapabilitiesChanged(ConnectivityController.java:1708)
04-05 13:11:13.461   647  1063 E JobServiceContext: 	at android.net.ConnectivityManager$CallbackHandler.handleMessage(ConnectivityManager.java:4696)
04-05 13:11:13.461   647  1063 E JobServiceContext: 	at android.os.Handler.dispatchMessageImpl(Handler.java:142)
04-05 13:11:13.461   647  1063 E JobServiceContext: 	at android.os.Handler.dispatchMessage(Handler.java:125)
04-05 13:11:13.461   647  1063 E JobServiceContext: 	at android.os.Looper.loopOnce(Looper.java:292)
04-05 13:11:13.461   647  1063 E JobServiceContext: 	at android.os.Looper.loop(Looper.java:393)
04-05 13:11:13.461   647  1063 E JobServiceContext: 	at android.os.HandlerThread.run(HandlerThread.java:139)
04-05 13:11:18.205   647   647 E NotificationManagerService.NotificationAssistants: unable to notify assistant (enqueued): ManagedServiceInfo[component=ComponentInfo{com.google.android.as/com.google.android.apps.miphone.aiai.common.notification.service.AiAiNotificationAssistantService},userid=0,isSystem=false,targetSdkVersion=36,connection=4655e5e,service=android.service.notification.INotificationListener$Stub$Proxy@6df32fe,serviceAsBinder=android.os.BinderProxy@b31c155]
04-05 13:11:18.205   647   647 E NotificationManagerService.NotificationAssistants: android.os.DeadObjectException
04-05 13:11:18.205   647   647 E NotificationManagerService.NotificationAssistants: 	at android.os.BinderProxy.transactNative(Native Method)
04-05 13:11:18.205   647   647 E NotificationManagerService.NotificationAssistants: 	at android.os.BinderProxy.transact(BinderProxy.java:617)
04-05 13:11:18.205   647   647 E NotificationManagerService.NotificationAssistants: 	at android.service.notification.INotificationListener$Stub$Proxy.onNotificationEnqueuedWithChannel(INotificationListener.java:641)
04-05 13:11:18.205   647   647 E NotificationManagerService.NotificationAssistants: 	at com.android.server.notification.NotificationManagerService$NotificationAssistants.onNotificationEnqueuedLocked(NotificationManagerService.java:13664)
04-05 13:11:18.205   647   647 E NotificationManagerService.NotificationAssistants: 	at com.android.server.notification.NotificationManagerService$NotificationAssistants.-$$Nest$monNotificationEnqueuedLocked(NotificationManagerService.java:0)
04-05 13:11:18.205   647   647 E NotificationManagerService.NotificationAssistants: 	at com.android.server.notification.NotificationManagerService$EnqueueNotificationRunnable.enqueueNotification(NotificationManagerService.java:10768)
04-05 13:11:18.205   647   647 E NotificationManagerService.NotificationAssistants: 	at com.android.server.notification.NotificationManagerService$EnqueueNotificationRunnable.run(NotificationManagerService.java:10651)
04-05 13:11:18.205   647   647 E NotificationManagerService.NotificationAssistants: 	at android.os.Handler.handleCallback(Handler.java:1095)
04-05 13:11:18.205   647   647 E NotificationManagerService.NotificationAssistants: 	at android.os.Handler.dispatchMessageImpl(Handler.java:135)
04-05 13:11:18.205   647   647 E NotificationManagerService.NotificationAssistants: 	at android.os.Handler.dispatchMessage(Handler.java:125)
04-05 13:11:18.205   647   647 E NotificationManagerService.NotificationAssistants: 	at android.os.Looper.loopOnce(Looper.java:292)
04-05 13:11:18.205   647   647 E NotificationManagerService.NotificationAssistants: 	at android.os.Looper.loop(Looper.java:393)
04-05 13:11:18.205   647   647 E NotificationManagerService.NotificationAssistants: 	at com.android.server.SystemServer.run(SystemServer.java:1092)
04-05 13:11:18.205   647   647 E NotificationManagerService.NotificationAssistants: 	at com.android.server.SystemServer.main(SystemServer.java:721)
04-05 13:11:18.205   647   647 E NotificationManagerService.NotificationAssistants: 	at java.lang.reflect.Method.invoke(Native Method)
04-05 13:11:18.205   647   647 E NotificationManagerService.NotificationAssistants: 	at com.android.internal.os.RuntimeInit$MethodAndArgsCaller.run(RuntimeInit.java:575)
04-05 13:11:18.205   647   647 E NotificationManagerService.NotificationAssistants: 	at com.android.internal.os.ZygoteInit.main(ZygoteInit.java:917)
04-05 13:11:18.347   647   647 E JobServiceContext: Error sending onStart message to 'com.google.android.apps.miphone.aiai.common.superpacks.impl.PeriodicCleanupService' 
04-05 13:11:18.347   647   647 E JobServiceContext: android.os.DeadObjectException
04-05 13:11:18.347   647   647 E JobServiceContext: 	at android.os.BinderProxy.transactNative(Native Method)
04-05 13:11:18.347   647   647 E JobServiceContext: 	at android.os.BinderProxy.transact(BinderProxy.java:617)
04-05 13:11:18.347   647   647 E JobServiceContext: 	at android.app.job.IJobService$Stub$Proxy.startJob(IJobService.java:190)
04-05 13:11:18.347   647   647 E JobServiceContext: 	at com.android.server.job.JobServiceContext.handleServiceBoundLocked(JobServiceContext.java:1361)
04-05 13:11:18.347   647   647 E JobServiceContext: 	at com.android.server.job.JobServiceContext.doServiceBoundLocked(JobServiceContext.java:1270)
04-05 13:11:18.347   647   647 E JobServiceContext: 	at com.android.server.job.JobServiceContext.onServiceConnected(JobServiceContext.java:1124)
04-05 13:11:18.347   647   647 E JobServiceContext: 	at android.content.ServiceConnection.onServiceConnected(ServiceConnection.java:75)
04-05 13:11:18.347   647   647 E JobServiceContext: 	at android.app.LoadedApk$ServiceDispatcher.doConnected(LoadedApk.java:2453)
04-05 13:11:18.347   647   647 E JobServiceContext: 	at android.app.LoadedApk$ServiceDispatcher$RunConnection.run(LoadedApk.java:2489)
04-05 13:11:18.347   647   647 E JobServiceContext: 	at android.os.Handler.handleCallback(Handler.java:1095)
04-05 13:11:18.347   647   647 E JobServiceContext: 	at android.os.Handler.dispatchMessageImpl(Handler.java:135)
04-05 13:11:18.347   647   647 E JobServiceContext: 	at android.os.Handler.dispatchMessage(Handler.java:125)
04-05 13:11:18.347   647   647 E JobServiceContext: 	at android.os.Looper.loopOnce(Looper.java:292)
04-05 13:11:18.347   647   647 E JobServiceContext: 	at android.os.Looper.loop(Looper.java:393)
04-05 13:11:18.347   647   647 E JobServiceContext: 	at com.android.server.SystemServer.run(SystemServer.java:1092)
04-05 13:11:18.347   647   647 E JobServiceContext: 	at com.android.server.SystemServer.main(SystemServer.java:721)
04-05 13:11:18.347   647   647 E JobServiceContext: 	at java.lang.reflect.Method.invoke(Native Method)
04-05 13:11:18.347   647   647 E JobServiceContext: 	at com.android.internal.os.RuntimeInit$MethodAndArgsCaller.run(RuntimeInit.java:575)
04-05 13:11:18.347   647   647 E JobServiceContext: 	at com.android.internal.os.ZygoteInit.main(ZygoteInit.java:917)
04-05 13:11:18.359   647  2111 E AppOps  : Bad call made by uid 1000. Package "com.google.android.googlequicksearchbox" does not belong to uid 1000.
04-05 13:11:19.979   647   763 E AppOps  : Bad call made by uid 1000. Package "com.google.android.googlequicksearchbox" does not belong to uid 1000.
04-05 13:11:20.005  1135  1204 E SingleInstanceRemoteListener: Failed remote call on null listener
04-05 13:11:20.241   309   309 E keystore2: system/security/keystore2/rkpd_client/src/lib.rs:199 - IGetKeyCallback failed: android.os.DeadObjectException
04-05 13:11:20.241   309   324 E keystore2: system/security/keystore2/src/remote_provisioning.rs:114 - Failed to get rkpd key: system/security/keystore2/rkpd_client/src/lib.rs:200: GetKeyCallback failed: r#ERROR_UNKNOWN "android.os.DeadObjectException"
04-05 13:11:20.241   309   324 E keystore2: 
04-05 13:11:20.241   309   324 E keystore2: Caused by:
04-05 13:11:20.241   309   324 E keystore2:     Failed to get key: r#ERROR_UNKNOWN
04-05 13:11:20.242   309   324 E keystore2: system/security/keystore2/src/error.rs:69 - system/security/keystore2/src/security_level.rs:705: Trying to get an attestation key
04-05 13:11:20.242   309   324 E keystore2: 
04-05 13:11:20.242   309   324 E keystore2: Caused by:
04-05 13:11:20.242   309   324 E keystore2:     0: system/security/keystore2/src/attestation_key_utils.rs:69: Trying to get attestation key from RKPD.
04-05 13:11:20.242   309   324 E keystore2:     1: system/security/keystore2/rkpd_client/src/lib.rs:200: GetKeyCallback failed: r#ERROR_UNKNOWN "android.os.DeadObjectException"
04-05 13:11:20.242   309   324 E keystore2:        
04-05 13:11:20.242   309   324 E keystore2:        Caused by:
04-05 13:11:20.242   309   324 E keystore2:            Failed to get key: r#ERROR_UNKNOWN
04-05 13:11:20.242   309   324 E keystore2:     2: Error::Rc(r#OUT_OF_KEYS_TRANSIENT_ERROR) for AppUid(10146)
04-05 13:11:20.401   647  1916 E AppOps  : Bad call made by uid 1000. Package "com.google.android.googlequicksearchbox" does not belong to uid 1000.
04-05 13:11:23.751  1135  1204 E SingleInstanceRemoteListener: Failed remote call on null listener
04-05 13:11:24.143  6219  6463 E ActivityThread: Failed to find provider info for androidx.car.app.connection
04-05 13:11:24.521  1135  1204 E SingleInstanceRemoteListener: Failed remote call on null listener
04-05 13:11:28.628   647  2108 E AppOps  : Bad call made by uid 1000. Package "com.google.android.googlequicksearchbox" does not belong to uid 1000.
04-05 13:11:31.343   647  6856 E TaskPersister: File error accessing recents directory (directory doesn't exist?).
04-05 13:11:31.343   647  6856 E TaskPersister: File error accessing recents directory (directory doesn't exist?).
04-05 13:11:33.212   647  6854 E ActivityManager: ANR in com.google.android.gms.persistent
04-05 13:11:33.212   647  6854 E ActivityManager: PID: 4854
04-05 13:11:33.212   647  6854 E ActivityManager: Reason: executing service com.google.android.gms/com.google.android.location.internal.server.HardwareArProviderService, waited 20814ms
04-05 13:11:33.212   647  6854 E ActivityManager: ErrorId: 68008351-402e-485f-8a79-81f80ebe083a
04-05 13:11:33.212   647  6854 E ActivityManager: Frozen: false
04-05 13:11:33.212   647  6854 E ActivityManager: Load: 0.0 / 0.0 / 0.0
04-05 13:11:33.212   647  6854 E ActivityManager: ----- Output from /proc/pressure/memory -----
04-05 13:11:33.212   647  6854 E ActivityManager: some avg10=3.66 avg60=2.72 avg300=0.94 total=4240770
04-05 13:11:33.212   647  6854 E ActivityManager: full avg10=1.55 avg60=1.00 avg300=0.32 total=1878816
04-05 13:11:33.212   647  6854 E ActivityManager: ----- End output from /proc/pressure/memory -----
04-05 13:11:33.212   647  6854 E ActivityManager: ----- Output from /proc/pressure/cpu -----
04-05 13:11:33.212   647  6854 E ActivityManager: some avg10=86.18 avg60=77.01 avg300=37.03 total=148785414
04-05 13:11:33.212   647  6854 E ActivityManager: full avg10=0.00 avg60=0.00 avg300=0.00 total=0
04-05 13:11:33.212   647  6854 E ActivityManager: ----- End output from /proc/pressure/cpu -----
04-05 13:11:33.212   647  6854 E ActivityManager: ----- Output from /proc/pressure/io -----
04-05 13:11:33.212   647  6854 E ActivityManager: some avg10=41.95 avg60=43.47 avg300=25.68 total=111713439
04-05 13:11:33.212   647  6854 E ActivityManager: full avg10=0.01 avg60=1.14 avg300=2.08 total=12412220
04-05 13:11:33.212   647  6854 E ActivityManager: ----- End output from /proc/pressure/io -----
04-05 13:11:33.212   647  6854 E ActivityManager: 
04-05 13:11:33.212   647  6854 E ActivityManager: CPU usage from 54103ms to -1ms ago (2026-04-05 13:10:36.749 to 2026-04-05 13:11:30.852):
04-05 13:11:33.212   647  6854 E ActivityManager:   76% 647/system_server: 36% user + 40% kernel / faults: 192200 minor 1251 major
04-05 13:11:33.212   647  6854 E ActivityManager:   17% 465/android.hardware.graphics.composer3-service.ranchu: 0.9% user + 16% kernel / faults: 4 minor 1 major
04-05 13:11:33.212   647  6854 E ActivityManager:   9.9% 511/surfaceflinger: 1.9% user + 7.9% kernel / faults: 444 minor 214 major
04-05 13:11:33.212   647  6854 E ActivityManager:   7.1% 65/kswapd0: 0% user + 7.1% kernel
04-05 13:11:33.212   647  6854 E ActivityManager:   6.9% 1878/com.google.android.providers.media.module: 3.4% user + 3.5% kernel / faults: 23947 minor 440 major
04-05 13:11:33.212   647  6854 E ActivityManager:   6.7% 1135/com.android.systemui: 4.3% user + 2.4% kernel / faults: 49412 minor 1043 major
04-05 13:11:33.212   647  6854 E ActivityManager:   6.1% 1300/com.android.phone: 3.2% user + 2.9% kernel / faults: 31054 minor 456 major
04-05 13:11:33.212   647  6854 E ActivityManager:   5.6% 562/mediaserver: 0.9% user + 4.6% kernel / faults: 417 minor 106 major
04-05 13:11:33.212   647  6854 E ActivityManager:   3% 95/erofs_worker/3: 0% user + 3% kernel
04-05 13:11:33.212   647  6854 E ActivityManager:   2.9% 283/logd: 0.5% user + 2.3% kernel / faults: 1705 minor 54 major
04-05 13:11:33.212   647  6854 E ActivityManager: 99% TOTAL: 43% user + 54% kernel + 0.2% iowait + 1.3% softirq
04-05 13:11:33.212   647  6854 E ActivityManager: CPU usage from 241011ms to 241011ms ago (1970-01-01 07:00:00.000 to 1970-01-01 07:00:00.000) with 0% awake:
04-05 13:11:33.212   647  6854 E ActivityManager: 0% TOTAL: 0% user + 0% kernel
04-05 13:11:35.262  1135  1291 E ActivityThread: Failed to find provider info for com.google.android.apps.turbo.estimated_time_remaining
04-05 13:11:35.873   647  1045 E AppOps  : attributionTag VCN not declared in manifest of android
04-05 13:11:37.954   309   324 E keystore2: system/security/keystore2/src/remote_provisioning.rs:114 - Failed to get rkpd key: system/security/keystore2/rkpd_client/src/lib.rs:227: Waiting for RKPD key timed out: Elapsed(())
04-05 13:11:37.954   309   324 E keystore2: 
04-05 13:11:37.954   309   324 E keystore2: Caused by:
04-05 13:11:37.954   309   324 E keystore2:     Retryable timeout when waiting for a callback
04-05 13:11:37.954   309   324 E keystore2: system/security/keystore2/src/error.rs:69 - system/security/keystore2/src/security_level.rs:705: Trying to get an attestation key
04-05 13:11:37.954   309   324 E keystore2: 
04-05 13:11:37.954   309   324 E keystore2: Caused by:
04-05 13:11:37.954   309   324 E keystore2:     0: system/security/keystore2/src/attestation_key_utils.rs:69: Trying to get attestation key from RKPD.
04-05 13:11:37.954   309   324 E keystore2:     1: system/security/keystore2/rkpd_client/src/lib.rs:227: Waiting for RKPD key timed out: Elapsed(())
04-05 13:11:37.954   309   324 E keystore2:        
04-05 13:11:37.954   309   324 E keystore2:        Caused by:
04-05 13:11:37.954   309   324 E keystore2:            Retryable timeout when waiting for a callback
04-05 13:11:37.954   309   324 E keystore2:     2: Error::Rc(r#OUT_OF_KEYS_TRANSIENT_ERROR) for AppUid(10209)
04-05 13:11:39.301   647   647 E JobServiceContext: Error sending onStart message to 'androidx.work.impl.background.systemjob.SystemJobService' 
04-05 13:11:39.301   647   647 E JobServiceContext: android.os.DeadObjectException
04-05 13:11:39.301   647   647 E JobServiceContext: 	at android.os.BinderProxy.transactNative(Native Method)
04-05 13:11:39.301   647   647 E JobServiceContext: 	at android.os.BinderProxy.transact(BinderProxy.java:617)
04-05 13:11:39.301   647   647 E JobServiceContext: 	at android.app.job.IJobService$Stub$Proxy.startJob(IJobService.java:190)
04-05 13:11:39.301   647   647 E JobServiceContext: 	at com.android.server.job.JobServiceContext.handleServiceBoundLocked(JobServiceContext.java:1361)
04-05 13:11:39.301   647   647 E JobServiceContext: 	at com.android.server.job.JobServiceContext.doServiceBoundLocked(JobServiceContext.java:1270)
04-05 13:11:39.301   647   647 E JobServiceContext: 	at com.android.server.job.JobServiceContext.onServiceConnected(JobServiceContext.java:1124)
04-05 13:11:39.301   647   647 E JobServiceContext: 	at android.content.ServiceConnection.onServiceConnected(ServiceConnection.java:75)
04-05 13:11:39.301   647   647 E JobServiceContext: 	at android.app.LoadedApk$ServiceDispatcher.doConnected(LoadedApk.java:2453)
04-05 13:11:39.301   647   647 E JobServiceContext: 	at android.app.LoadedApk$ServiceDispatcher$RunConnection.run(LoadedApk.java:2489)
04-05 13:11:39.301   647   647 E JobServiceContext: 	at android.os.Handler.handleCallback(Handler.java:1095)
04-05 13:11:39.301   647   647 E JobServiceContext: 	at android.os.Handler.dispatchMessageImpl(Handler.java:135)
04-05 13:11:39.301   647   647 E JobServiceContext: 	at android.os.Handler.dispatchMessage(Handler.java:125)
04-05 13:11:39.301   647   647 E JobServiceContext: 	at android.os.Looper.loopOnce(Looper.java:292)
04-05 13:11:39.301   647   647 E JobServiceContext: 	at android.os.Looper.loop(Looper.java:393)
04-05 13:11:39.301   647   647 E JobServiceContext: 	at com.android.server.SystemServer.run(SystemServer.java:1092)
04-05 13:11:39.301   647   647 E JobServiceContext: 	at com.android.server.SystemServer.main(SystemServer.java:721)
04-05 13:11:39.301   647   647 E JobServiceContext: 	at java.lang.reflect.Method.invoke(Native Method)
04-05 13:11:39.301   647   647 E JobServiceContext: 	at com.android.internal.os.RuntimeInit$MethodAndArgsCaller.run(RuntimeInit.java:575)
04-05 13:11:39.301   647   647 E JobServiceContext: 	at com.android.internal.os.ZygoteInit.main(ZygoteInit.java:917)
04-05 13:11:41.343   647  1206 E AppOps  : Bad call made by uid 1000. Package "com.google.android.googlequicksearchbox" does not belong to uid 1000.
04-05 13:11:43.252   647   683 E PackageManager: Optimistic bind failed.
04-05 13:11:43.252   647   683 E PackageManager: java.util.concurrent.TimeoutException: [Optimistic Bind] Didn't bind to resolver in time!
04-05 13:11:43.252   647   683 E PackageManager: 	at com.android.server.pm.InstantAppResolverConnection.waitForBindLocked(InstantAppResolverConnection.java:160)
04-05 13:11:43.252   647   683 E PackageManager: 	at com.android.server.pm.InstantAppResolverConnection.bind(InstantAppResolverConnection.java:230)
04-05 13:11:43.252   647   683 E PackageManager: 	at com.android.server.pm.InstantAppResolverConnection.lambda$optimisticBind$0(InstantAppResolverConnection.java:260)
04-05 13:11:43.252   647   683 E PackageManager: 	at com.android.server.pm.InstantAppResolverConnection.$r8$lambda$66W2s2mMKe4pk_xXCScH9RCqav8(InstantAppResolverConnection.java:0)
04-05 13:11:43.252   647   683 E PackageManager: 	at com.android.server.pm.InstantAppResolverConnection$$ExternalSyntheticLambda0.run(R8$$SyntheticClass:0)
04-05 13:11:43.252   647   683 E PackageManager: 	at android.os.Handler.handleCallback(Handler.java:1095)
04-05 13:11:43.252   647   683 E PackageManager: 	at android.os.Handler.dispatchMessageImpl(Handler.java:135)
04-05 13:11:43.252   647   683 E PackageManager: 	at android.os.Handler.dispatchMessage(Handler.java:125)
04-05 13:11:43.252   647   683 E PackageManager: 	at android.os.Looper.loopOnce(Looper.java:292)
04-05 13:11:43.252   647   683 E PackageManager: 	at android.os.Looper.loop(Looper.java:393)
04-05 13:11:43.252   647   683 E PackageManager: 	at android.os.HandlerThread.run(HandlerThread.java:139)
04-05 13:11:45.130   647  1916 E AppOps  : Bad call made by uid 1000. Package "com.google.android.googlequicksearchbox" does not belong to uid 1000.
04-05 13:11:46.042   647  2126 E AppOps  : Bad call made by uid 1000. Package "com.google.android.googlequicksearchbox" does not belong to uid 1000.
04-05 13:11:46.648   647   778 E JobServiceContext: Error sending onNetworkChanged to client.
04-05 13:11:46.648   647   778 E JobServiceContext: android.os.DeadObjectException
04-05 13:11:46.648   647   778 E JobServiceContext: 	at android.os.BinderProxy.transactNative(Native Method)
04-05 13:11:46.648   647   778 E JobServiceContext: 	at android.os.BinderProxy.transact(BinderProxy.java:617)
04-05 13:11:46.648   647   778 E JobServiceContext: 	at android.app.job.IJobService$Stub$Proxy.onNetworkChanged(IJobService.java:216)
04-05 13:11:46.648   647   778 E JobServiceContext: 	at com.android.server.job.JobServiceContext.informOfNetworkChangeLocked(JobServiceContext.java:805)
04-05 13:11:46.648   647   778 E JobServiceContext: 	at com.android.server.job.JobSchedulerService.onNetworkChanged(JobSchedulerService.java:2628)
04-05 13:11:46.648   647   778 E JobServiceContext: 	at com.android.server.job.controllers.ConnectivityController.updateConstraintsSatisfied(ConnectivityController.java:1444)
04-05 13:11:46.648   647   778 E JobServiceContext: 	at com.android.server.job.controllers.ConnectivityController.updateTrackedJobsLocked(ConnectivityController.java:1538)
04-05 13:11:46.648   647   778 E JobServiceContext: 	at com.android.server.job.controllers.ConnectivityController.updateTrackedJobsLocked(ConnectivityController.java:1497)
04-05 13:11:46.648   647   778 E JobServiceContext: 	at com.android.server.job.controllers.ConnectivityController.-$$Nest$mupdateTrackedJobsLocked(ConnectivityController.java:0)
04-05 13:11:46.648   647   778 E JobServiceContext: 	at com.android.server.job.controllers.ConnectivityController$UidDefaultNetworkCallback.onBlockedStatusChanged(ConnectivityController.java:2106)
04-05 13:11:46.648   647   778 E JobServiceContext: 	at android.net.ConnectivityManager$CallbackHandler.handleMessage(ConnectivityManager.java:4718)
04-05 13:11:46.648   647   778 E JobServiceContext: 	at android.os.Handler.dispatchMessageImpl(Handler.java:142)
04-05 13:11:46.648   647   778 E JobServiceContext: 	at android.os.Handler.dispatchMessage(Handler.java:125)
04-05 13:11:46.648   647   778 E JobServiceContext: 	at android.os.Looper.loopOnce(Looper.java:292)
04-05 13:11:46.648   647   778 E JobServiceContext: 	at android.os.Looper.loop(Looper.java:393)
04-05 13:11:46.648   647   778 E JobServiceContext: 	at android.os.HandlerThread.run(HandlerThread.java:139)
04-05 13:11:50.915  7852  8040 E ActivityThread: Failed to find provider info for androidx.car.app.connection
04-05 13:11:59.995   309   309 E keystore2: system/security/keystore2/src/remote_provisioning.rs:114 - Failed to get rkpd key: system/security/keystore2/rkpd_client/src/lib.rs:227: Waiting for RKPD key timed out: Elapsed(())
04-05 13:11:59.995   309   309 E keystore2: 
04-05 13:11:59.995   309   309 E keystore2: Caused by:
04-05 13:11:59.995   309   309 E keystore2:     Retryable timeout when waiting for a callback
04-05 13:11:59.995   309   309 E keystore2: system/security/keystore2/src/error.rs:69 - system/security/keystore2/src/security_level.rs:705: Trying to get an attestation key
04-05 13:11:59.995   309   309 E keystore2: 
04-05 13:11:59.995   309   309 E keystore2: Caused by:
04-05 13:11:59.995   309   309 E keystore2:     0: system/security/keystore2/src/attestation_key_utils.rs:69: Trying to get attestation key from RKPD.
04-05 13:11:59.995   309   309 E keystore2:     1: system/security/keystore2/rkpd_client/src/lib.rs:227: Waiting for RKPD key timed out: Elapsed(())
04-05 13:11:59.995   309   309 E keystore2:        
04-05 13:11:59.995   309   309 E keystore2:        Caused by:
04-05 13:11:59.995   309   309 E keystore2:            Retryable timeout when waiting for a callback
04-05 13:11:59.995   309   309 E keystore2:     2: Error::Rc(r#OUT_OF_KEYS_TRANSIENT_ERROR) for AppUid(10209)
04-05 13:12:00.145   309   324 E keystore2: system/security/keystore2/src/remote_provisioning.rs:114 - Failed to get rkpd key: system/security/keystore2/rkpd_client/src/lib.rs:227: Waiting for RKPD key timed out: Elapsed(())
04-05 13:12:00.145   309   324 E keystore2: 
04-05 13:12:00.145   309   324 E keystore2: Caused by:
04-05 13:12:00.145   309   324 E keystore2:     Retryable timeout when waiting for a callback
04-05 13:12:00.145   309   324 E keystore2: system/security/keystore2/src/error.rs:69 - system/security/keystore2/src/security_level.rs:705: Trying to get an attestation key
04-05 13:12:00.145   309   324 E keystore2: 
04-05 13:12:00.145   309   324 E keystore2: Caused by:
04-05 13:12:00.145   309   324 E keystore2:     0: system/security/keystore2/src/attestation_key_utils.rs:69: Trying to get attestation key from RKPD.
04-05 13:12:00.145   309   324 E keystore2:     1: system/security/keystore2/rkpd_client/src/lib.rs:227: Waiting for RKPD key timed out: Elapsed(())
04-05 13:12:00.145   309   324 E keystore2:        
04-05 13:12:00.145   309   324 E keystore2:        Caused by:
04-05 13:12:00.145   309   324 E keystore2:            Retryable timeout when waiting for a callback
04-05 13:12:00.145   309   324 E keystore2:     2: Error::Rc(r#OUT_OF_KEYS_TRANSIENT_ERROR) for AppUid(10209)
04-05 13:12:00.455   647  1945 E AppOps  : Bad call made by uid 1000. Package "com.google.android.googlequicksearchbox" does not belong to uid 1000.
04-05 13:12:01.398   647  2141 E AppOps  : Bad call made by uid 1000. Package "com.google.android.googlequicksearchbox" does not belong to uid 1000.
04-05 13:12:02.861   647   683 E PackageManager: Optimistic bind failed.
04-05 13:12:02.861   647   683 E PackageManager: java.util.concurrent.TimeoutException: [Optimistic Bind] Didn't bind to resolver in time!
04-05 13:12:02.861   647   683 E PackageManager: 	at com.android.server.pm.InstantAppResolverConnection.waitForBindLocked(InstantAppResolverConnection.java:160)
04-05 13:12:02.861   647   683 E PackageManager: 	at com.android.server.pm.InstantAppResolverConnection.bind(InstantAppResolverConnection.java:230)
04-05 13:12:02.861   647   683 E PackageManager: 	at com.android.server.pm.InstantAppResolverConnection.lambda$optimisticBind$0(InstantAppResolverConnection.java:260)
04-05 13:12:02.861   647   683 E PackageManager: 	at com.android.server.pm.InstantAppResolverConnection.$r8$lambda$66W2s2mMKe4pk_xXCScH9RCqav8(InstantAppResolverConnection.java:0)
04-05 13:12:02.861   647   683 E PackageManager: 	at com.android.server.pm.InstantAppResolverConnection$$ExternalSyntheticLambda0.run(R8$$SyntheticClass:0)
04-05 13:12:02.861   647   683 E PackageManager: 	at android.os.Handler.handleCallback(Handler.java:1095)
04-05 13:12:02.861   647   683 E PackageManager: 	at android.os.Handler.dispatchMessageImpl(Handler.java:135)
04-05 13:12:02.861   647   683 E PackageManager: 	at android.os.Handler.dispatchMessage(Handler.java:125)
04-05 13:12:02.861   647   683 E PackageManager: 	at android.os.Looper.loopOnce(Looper.java:292)
04-05 13:12:02.861   647   683 E PackageManager: 	at android.os.Looper.loop(Looper.java:393)
04-05 13:12:02.861   647   683 E PackageManager: 	at android.os.HandlerThread.run(HandlerThread.java:139)
04-05 13:12:03.932   647  2178 E AccountManagerService: Couldn't determine the packageUid for com.google.android.gms.common.devicedoctor.fixes.clearcutsosandroid.content.pm.PackageManager$NameNotFoundException: com.google.android.gms.common.devicedoctor.fixes.clearcutsos
04-05 13:12:04.609  8974  9203 E ActivityThread: Failed to find provider info for androidx.car.app.connection
04-05 13:12:05.388   647   762 E AppOps  : Bad call made by uid 1000. Package "com.google.android.googlequicksearchbox" does not belong to uid 1000.
04-05 13:12:05.590   647  1210 E AppOps  : Bad call made by uid 1000. Package "com.google.android.googlequicksearchbox" does not belong to uid 1000.
04-05 13:12:11.544   647   711 E ActivityManager: Unable to freeze binder for 9579: -11
04-05 13:12:13.387   647   762 E AppOps  : Bad call made by uid 1000. Package "com.google.android.googlequicksearchbox" does not belong to uid 1000.
04-05 13:12:13.482   309   324 E keystore2: system/security/keystore2/src/remote_provisioning.rs:114 - Failed to get rkpd key: system/security/keystore2/rkpd_client/src/lib.rs:227: Waiting for RKPD key timed out: Elapsed(())
04-05 13:12:13.482   309   324 E keystore2: 
04-05 13:12:13.482   309   324 E keystore2: Caused by:
04-05 13:12:13.482   309   324 E keystore2:     Retryable timeout when waiting for a callback
04-05 13:12:13.483   309   324 E keystore2: system/security/keystore2/src/error.rs:69 - system/security/keystore2/src/security_level.rs:705: Trying to get an attestation key
04-05 13:12:13.483   309   324 E keystore2: 
04-05 13:12:13.483   309   324 E keystore2: Caused by:
04-05 13:12:13.483   309   324 E keystore2:     0: system/security/keystore2/src/attestation_key_utils.rs:69: Trying to get attestation key from RKPD.
04-05 13:12:13.483   309   324 E keystore2:     1: system/security/keystore2/rkpd_client/src/lib.rs:227: Waiting for RKPD key timed out: Elapsed(())
04-05 13:12:13.483   309   324 E keystore2:        
04-05 13:12:13.483   309   324 E keystore2:        Caused by:
04-05 13:12:13.483   309   324 E keystore2:            Retryable timeout when waiting for a callback
04-05 13:12:13.483   309   324 E keystore2:     2: Error::Rc(r#OUT_OF_KEYS_TRANSIENT_ERROR) for AppUid(10209)
04-05 13:12:15.302   309   309 E keystore2: system/security/keystore2/src/remote_provisioning.rs:114 - Failed to get rkpd key: system/security/keystore2/rkpd_client/src/lib.rs:227: Waiting for RKPD key timed out: Elapsed(())
04-05 13:12:15.302   309   309 E keystore2: 
04-05 13:12:15.302   309   309 E keystore2: Caused by:
04-05 13:12:15.302   309   309 E keystore2:     Retryable timeout when waiting for a callback
04-05 13:12:15.302   309   309 E keystore2: system/security/keystore2/src/error.rs:69 - system/security/keystore2/src/security_level.rs:705: Trying to get an attestation key
04-05 13:12:15.302   309   309 E keystore2: 
04-05 13:12:15.302   309   309 E keystore2: Caused by:
04-05 13:12:15.302   309   309 E keystore2:     0: system/security/keystore2/src/attestation_key_utils.rs:69: Trying to get attestation key from RKPD.
04-05 13:12:15.302   309   309 E keystore2:     1: system/security/keystore2/rkpd_client/src/lib.rs:227: Waiting for RKPD key timed out: Elapsed(())
04-05 13:12:15.302   309   309 E keystore2:        
04-05 13:12:15.302   309   309 E keystore2:        Caused by:
04-05 13:12:15.302   309   309 E keystore2:            Retryable timeout when waiting for a callback
04-05 13:12:15.302   309   309 E keystore2:     2: Error::Rc(r#OUT_OF_KEYS_TRANSIENT_ERROR) for AppUid(10220)
04-05 13:12:15.346   647   683 E PackageManager: Optimistic bind failed.
04-05 13:12:15.346   647   683 E PackageManager: java.util.concurrent.TimeoutException: [Optimistic Bind] Didn't bind to resolver in time!
04-05 13:12:15.346   647   683 E PackageManager: 	at com.android.server.pm.InstantAppResolverConnection.waitForBindLocked(InstantAppResolverConnection.java:160)
04-05 13:12:15.346   647   683 E PackageManager: 	at com.android.server.pm.InstantAppResolverConnection.bind(InstantAppResolverConnection.java:230)
04-05 13:12:15.346   647   683 E PackageManager: 	at com.android.server.pm.InstantAppResolverConnection.lambda$optimisticBind$0(InstantAppResolverConnection.java:260)
04-05 13:12:15.346   647   683 E PackageManager: 	at com.android.server.pm.InstantAppResolverConnection.$r8$lambda$66W2s2mMKe4pk_xXCScH9RCqav8(InstantAppResolverConnection.java:0)
04-05 13:12:15.346   647   683 E PackageManager: 	at com.android.server.pm.InstantAppResolverConnection$$ExternalSyntheticLambda0.run(R8$$SyntheticClass:0)
04-05 13:12:15.346   647   683 E PackageManager: 	at android.os.Handler.handleCallback(Handler.java:1095)
04-05 13:12:15.346   647   683 E PackageManager: 	at android.os.Handler.dispatchMessageImpl(Handler.java:135)
04-05 13:12:15.346   647   683 E PackageManager: 	at android.os.Handler.dispatchMessage(Handler.java:125)
04-05 13:12:15.346   647   683 E PackageManager: 	at android.os.Looper.loopOnce(Looper.java:292)
04-05 13:12:15.346   647   683 E PackageManager: 	at android.os.Looper.loop(Looper.java:393)
04-05 13:12:15.346   647   683 E PackageManager: 	at android.os.HandlerThread.run(HandlerThread.java:139)
04-05 13:12:15.964   647  2111 E AppOps  : Bad call made by uid 1000. Package "com.google.android.googlequicksearchbox" does not belong to uid 1000.
04-05 13:12:17.160   647  2126 E AppOps  : Bad call made by uid 1000. Package "com.google.android.googlequicksearchbox" does not belong to uid 1000.
04-05 13:12:21.383   647  1600 E AppOps  : Bad call made by uid 1000. Package "com.google.android.googlequicksearchbox" does not belong to uid 1000.
04-05 13:12:23.181   647  1445 E AppOps  : Bad call made by uid 1000. Package "com.google.android.googlequicksearchbox" does not belong to uid 1000.
04-05 13:12:23.233   309  8159 E keystore2: system/security/keystore2/rkpd_client/src/lib.rs:199 - IGetKeyCallback failed: android.os.DeadObjectException
04-05 13:12:23.233   309   324 E keystore2: system/security/keystore2/src/remote_provisioning.rs:114 - Failed to get rkpd key: system/security/keystore2/rkpd_client/src/lib.rs:200: GetKeyCallback failed: r#ERROR_UNKNOWN "android.os.DeadObjectException"
04-05 13:12:23.233   309   324 E keystore2: 
04-05 13:12:23.233   309   324 E keystore2: Caused by:
04-05 13:12:23.233   309   324 E keystore2:     Failed to get key: r#ERROR_UNKNOWN
04-05 13:12:23.233   309   324 E keystore2: system/security/keystore2/src/error.rs:69 - system/security/keystore2/src/security_level.rs:705: Trying to get an attestation key
04-05 13:12:23.233   309   324 E keystore2: 
04-05 13:12:23.233   309   324 E keystore2: Caused by:
04-05 13:12:23.233   309   324 E keystore2:     0: system/security/keystore2/src/attestation_key_utils.rs:69: Trying to get attestation key from RKPD.
04-05 13:12:23.233   309   324 E keystore2:     1: system/security/keystore2/rkpd_client/src/lib.rs:200: GetKeyCallback failed: r#ERROR_UNKNOWN "android.os.DeadObjectException"
04-05 13:12:23.233   309   324 E keystore2:        
04-05 13:12:23.233   309   324 E keystore2:        Caused by:
04-05 13:12:23.233   309   324 E keystore2:            Failed to get key: r#ERROR_UNKNOWN
04-05 13:12:23.233   309   324 E keystore2:     2: Error::Rc(r#OUT_OF_KEYS_TRANSIENT_ERROR) for AppUid(10209)
04-05 13:12:24.982   647  1907 E AppOps  : Bad call made by uid 1000. Package "com.google.android.googlequicksearchbox" does not belong to uid 1000.
04-05 13:12:25.411   647   711 E ActivityManager: Unable to freeze binder for 10541: -11
04-05 13:12:27.461   647  1907 E AppOps  : Bad call made by uid 1000. Package "com.google.android.googlequicksearchbox" does not belong to uid 1000.
04-05 13:12:28.902   647  1600 E AppOps  : Bad call made by uid 1000. Package "com.google.android.googlequicksearchbox" does not belong to uid 1000.
04-05 13:12:28.984   647   647 E JobServiceContext: Error sending onStart message to '.AppHidingJobService' 
04-05 13:12:28.984   647   647 E JobServiceContext: android.os.DeadObjectException
04-05 13:12:28.984   647   647 E JobServiceContext: 	at android.os.BinderProxy.transactNative(Native Method)
04-05 13:12:28.984   647   647 E JobServiceContext: 	at android.os.BinderProxy.transact(BinderProxy.java:617)
04-05 13:12:28.984   647   647 E JobServiceContext: 	at android.app.job.IJobService$Stub$Proxy.startJob(IJobService.java:190)
04-05 13:12:28.984   647   647 E JobServiceContext: 	at com.android.server.job.JobServiceContext.handleServiceBoundLocked(JobServiceContext.java:1361)
04-05 13:12:28.984   647   647 E JobServiceContext: 	at com.android.server.job.JobServiceContext.doServiceBoundLocked(JobServiceContext.java:1270)
04-05 13:12:28.984   647   647 E JobServiceContext: 	at com.android.server.job.JobServiceContext.onServiceConnected(JobServiceContext.java:1124)
04-05 13:12:28.984   647   647 E JobServiceContext: 	at android.content.ServiceConnection.onServiceConnected(ServiceConnection.java:75)
04-05 13:12:28.984   647   647 E JobServiceContext: 	at android.app.LoadedApk$ServiceDispatcher.doConnected(LoadedApk.java:2453)
04-05 13:12:28.984   647   647 E JobServiceContext: 	at android.app.LoadedApk$ServiceDispatcher$RunConnection.run(LoadedApk.java:2489)
04-05 13:12:28.984   647   647 E JobServiceContext: 	at android.os.Handler.handleCallback(Handler.java:1095)
04-05 13:12:28.984   647   647 E JobServiceContext: 	at android.os.Handler.dispatchMessageImpl(Handler.java:135)
04-05 13:12:28.984   647   647 E JobServiceContext: 	at android.os.Handler.dispatchMessage(Handler.java:125)
04-05 13:12:28.984   647   647 E JobServiceContext: 	at android.os.Looper.loopOnce(Looper.java:292)
04-05 13:12:28.984   647   647 E JobServiceContext: 	at android.os.Looper.loop(Looper.java:393)
04-05 13:12:28.984   647   647 E JobServiceContext: 	at com.android.server.SystemServer.run(SystemServer.java:1092)
04-05 13:12:28.984   647   647 E JobServiceContext: 	at com.android.server.SystemServer.main(SystemServer.java:721)
04-05 13:12:28.984   647   647 E JobServiceContext: 	at java.lang.reflect.Method.invoke(Native Method)
04-05 13:12:28.984   647   647 E JobServiceContext: 	at com.android.internal.os.RuntimeInit$MethodAndArgsCaller.run(RuntimeInit.java:575)
04-05 13:12:28.984   647   647 E JobServiceContext: 	at com.android.internal.os.ZygoteInit.main(ZygoteInit.java:917)
04-05 13:12:29.733   647   647 E JobServiceContext: Error sending onStart message to '.AppHidingJobService' 
04-05 13:12:29.733   647   647 E JobServiceContext: android.os.DeadObjectException
04-05 13:12:29.733   647   647 E JobServiceContext: 	at android.os.BinderProxy.transactNative(Native Method)
04-05 13:12:29.733   647   647 E JobServiceContext: 	at android.os.BinderProxy.transact(BinderProxy.java:617)
04-05 13:12:29.733   647   647 E JobServiceContext: 	at android.app.job.IJobService$Stub$Proxy.startJob(IJobService.java:190)
04-05 13:12:29.733   647   647 E JobServiceContext: 	at com.android.server.job.JobServiceContext.handleServiceBoundLocked(JobServiceContext.java:1361)
04-05 13:12:29.733   647   647 E JobServiceContext: 	at com.android.server.job.JobServiceContext.doServiceBoundLocked(JobServiceContext.java:1270)
04-05 13:12:29.733   647   647 E JobServiceContext: 	at com.android.server.job.JobServiceContext.onServiceConnected(JobServiceContext.java:1124)
04-05 13:12:29.733   647   647 E JobServiceContext: 	at android.content.ServiceConnection.onServiceConnected(ServiceConnection.java:75)
04-05 13:12:29.733   647   647 E JobServiceContext: 	at android.app.LoadedApk$ServiceDispatcher.doConnected(LoadedApk.java:2453)
04-05 13:12:29.733   647   647 E JobServiceContext: 	at android.app.LoadedApk$ServiceDispatcher$RunConnection.run(LoadedApk.java:2489)
04-05 13:12:29.733   647   647 E JobServiceContext: 	at android.os.Handler.handleCallback(Handler.java:1095)
04-05 13:12:29.733   647   647 E JobServiceContext: 	at android.os.Handler.dispatchMessageImpl(Handler.java:135)
04-05 13:12:29.733   647   647 E JobServiceContext: 	at android.os.Handler.dispatchMessage(Handler.java:125)
04-05 13:12:29.733   647   647 E JobServiceContext: 	at android.os.Looper.loopOnce(Looper.java:292)
04-05 13:12:29.733   647   647 E JobServiceContext: 	at android.os.Looper.loop(Looper.java:393)
04-05 13:12:29.733   647   647 E JobServiceContext: 	at com.android.server.SystemServer.run(SystemServer.java:1092)
04-05 13:12:29.733   647   647 E JobServiceContext: 	at com.android.server.SystemServer.main(SystemServer.java:721)
04-05 13:12:29.733   647   647 E JobServiceContext: 	at java.lang.reflect.Method.invoke(Native Method)
04-05 13:12:29.733   647   647 E JobServiceContext: 	at com.android.internal.os.RuntimeInit$MethodAndArgsCaller.run(RuntimeInit.java:575)
04-05 13:12:29.733   647   647 E JobServiceContext: 	at com.android.internal.os.ZygoteInit.main(ZygoteInit.java:917)
04-05 13:12:30.031   647  1909 E AppOps  : Bad call made by uid 1000. Package "com.google.android.googlequicksearchbox" does not belong to uid 1000.
04-05 13:12:30.890   647  1222 E AppOps  : Bad call made by uid 1000. Package "com.google.android.googlequicksearchbox" does not belong to uid 1000.
04-05 13:12:31.205   647  2161 E SettingsToPropertiesMapper: key=persist.device_config.storage_native_boot.transcode_compat_manifest value=com.yelp.android,0,com.yy.biu,0,com.groupme.android,0,air.tv.douyu.android,0,com.baidu.mbaby,0,com.vlocker.locker,0,com.znxh.hyhuo,0,com.yixia.xiaokaxiu,0 exceeds system property max length.
04-05 13:12:31.342   647  1241 E AppOps  : Bad call made by uid 1000. Package "com.google.android.googlequicksearchbox" does not belong to uid 1000.
04-05 13:12:32.105   647  1108 E AppOps  : Bad call made by uid 1000. Package "com.google.android.googlequicksearchbox" does not belong to uid 1000.
04-05 13:12:32.486   647  2114 E AppOps  : Bad call made by uid 1000. Package "com.google.android.googlequicksearchbox" does not belong to uid 1000.
04-05 13:12:33.684   647  2161 E SettingsToPropertiesMapper: key=persist.device_config.storage_native_boot.transcode_compat_manifest value=com.yelp.android,0,com.yy.biu,0,com.groupme.android,0,air.tv.douyu.android,0,com.baidu.mbaby,0,com.vlocker.locker,0,com.znxh.hyhuo,0,com.yixia.xiaokaxiu,0 exceeds system property max length.
04-05 13:12:34.627 11931 12038 E ActivityThread: Failed to find provider info for androidx.car.app.connection
04-05 13:12:46.348   647  2161 E SettingsToPropertiesMapper: key=persist.device_config.configuration.AdbWritableFlags__adb_writable_flags_list value=adservices/disable_sdk_sandbox,adservices/enforce_broadcast_receiver_restrictions,adservices/fledge_ad_selection_enforce_foreground_status_custom_audience,adservices/fledge_custom_audience_max_count,adservices/fledge_custom_audience_max_num_ads,adservices/fledge_custom_audience_max_owner_count,adservices/fledge_custom_audience_per_app_max_count,adservices/fledge_js_isolate_enforce_max_heap_size,adservices/fledge_js_isolate_max_heap_size_bytes,adservices/sdk_request_permits_per_second,adservices/sdksandbox_customized_sdk_context_enabled,configuration/namespace_to_package_mapping,constrain_display_apis/always_constrain_display_apis,constrain_display_apis/never_constrain_display_apis,constrain_display_apis/never_constrain_display_apis_all_packages,device_policy_manager/disable_resources_updatability,flipendo/default_savings_mode_launch,flipendo/essential_apps,flipendo/flipendo_enabled_launch,flipendo/grayscale_enabled_launch,flipendo/lever_ble_scanning_enabled_launch,flipendo/lever_hotspot_enabled_launch,flipendo/lever_work_profile_enabled_launch,flipendo/resuspend_delay_minutes,namespace/key,namespace1/key1,namespace1/key2,namespace2/key1,namespace2/key2,package_manager_service/incfs_default_timeouts,package_manager_service/known_digesters_list,privacy/location_access_check_periodic_interval_millis,rollback/enable_rollback_timeout,rollback/watchdog_explicit_health_check_enabled,rollback/watchdog_request_timeout_millis,rollback/watchdog_trigger_failure_count,rollback/watchdog_trigger_failure_duration_millis,rollback_boot/rollback_lifetime_in_millis,systemui/nas_generate_actions,systemui/nas_generate_replies,systemui/nas_max_messages_to_extract,systemui/nas_max_suggestions,testspace/another,testspace/flagname,textclassifier/config_updater_model_enabled,textclassifier/key,textclassifier/key2,textclassifier/manifest_url_annotator_en,textclassifier/manifest_url_annotator_ru,textclassifier/model_download_backoff_delay_in_millis,textclassifier/model_download_manager_enabled,textclassifier/multi_language_support_enabled,textclassifier/testing_locale_list_override,textclassifier/textclassifier_service_package_override,window_manager/enable_default_rescind_bal_privileges_from_pending_intent_sender,wrong/nas_generate_replies, exceeds system property max length.
04-05 13:12:48.915 12192 12721 E ActivityThread: Failed to find provider info for androidx.car.app.connection
04-05 13:12:49.885   647  2113 E AppOps  : Bad call made by uid 1000. Package "com.google.android.googlequicksearchbox" does not belong to uid 1000.
04-05 13:12:50.796   647   647 E DeviceConfig: Parsing int failed for location_mode
04-05 13:12:59.560   647  2161 E SettingsToPropertiesMapper: key=persist.device_config.configuration.AdbWritableFlags__adb_writable_flags_list value=adservices/disable_sdk_sandbox,adservices/enforce_broadcast_receiver_restrictions,adservices/fledge_ad_selection_enforce_foreground_status_custom_audience,adservices/fledge_custom_audience_max_count,adservices/fledge_custom_audience_max_num_ads,adservices/fledge_custom_audience_max_owner_count,adservices/fledge_custom_audience_per_app_max_count,adservices/fledge_js_isolate_enforce_max_heap_size,adservices/fledge_js_isolate_max_heap_size_bytes,adservices/sdk_request_permits_per_second,adservices/sdksandbox_customized_sdk_context_enabled,configuration/namespace_to_package_mapping,constrain_display_apis/always_constrain_display_apis,constrain_display_apis/never_constrain_display_apis,constrain_display_apis/never_constrain_display_apis_all_packages,device_policy_manager/disable_resources_updatability,flipendo/default_savings_mode_launch,flipendo/essential_apps,flipendo/flipendo_enabled_launch,flipendo/grayscale_enabled_launch,flipendo/lever_ble_scanning_enabled_launch,flipendo/lever_hotspot_enabled_launch,flipendo/lever_work_profile_enabled_launch,flipendo/resuspend_delay_minutes,namespace/key,namespace1/key1,namespace1/key2,namespace2/key1,namespace2/key2,package_manager_service/incfs_default_timeouts,package_manager_service/known_digesters_list,privacy/location_access_check_periodic_interval_millis,rollback/enable_rollback_timeout,rollback/watchdog_explicit_health_check_enabled,rollback/watchdog_request_timeout_millis,rollback/watchdog_trigger_failure_count,rollback/watchdog_trigger_failure_duration_millis,rollback_boot/rollback_lifetime_in_millis,systemui/nas_generate_actions,systemui/nas_generate_replies,systemui/nas_max_messages_to_extract,systemui/nas_max_suggestions,testspace/another,testspace/flagname,textclassifier/config_updater_model_enabled,textclassifier/key,textclassifier/key2,textclassifier/manifest_url_annotator_en,textclassifier/manifest_url_annotator_ru,textclassifier/model_download_backoff_delay_in_millis,textclassifier/model_download_manager_enabled,textclassifier/multi_language_support_enabled,textclassifier/testing_locale_list_override,textclassifier/textclassifier_service_package_override,window_manager/enable_default_rescind_bal_privileges_from_pending_intent_sender,wrong/nas_generate_replies, exceeds system property max length.
04-05 13:13:01.766   647   647 E DeviceConfig: Parsing int failed for location_mode
04-05 13:13:02.579   647  2161 E SettingsToPropertiesMapper: key=persist.device_config.storage_native_boot.transcode_compat_manifest value=com.yelp.android,0,com.yy.biu,0,com.groupme.android,0,air.tv.douyu.android,0,com.baidu.mbaby,0,com.vlocker.locker,0,com.znxh.hyhuo,0,com.yixia.xiaokaxiu,0 exceeds system property max length.
04-05 13:13:17.609 13205 13635 E ActivityThread: Failed to find provider info for androidx.car.app.connection
--------- beginning of main
04-05 13:13:20.247   647  1242 E libbinder.IPCThreadState: Binder transaction failure. id: 495860, cmd: BR_DEAD_REPLY (29189), error: -3 (No such process)
04-05 13:13:20.376   647   683 E libbinder.IPCThreadState: Binder transaction failure. id: 495936, cmd: BR_DEAD_REPLY (29189), error: -22 (Invalid argument)
04-05 13:13:20.967 13257 13466 E SQLiteLog: (1) no such column: local_modification_time in "SELECT local_modification_time FROM sync_entities"
04-05 13:13:21.147 13257 13679 E GmsCoreLogger: Missing account for FACET_USAGE_GAIA_UNSAMPLED [CONTEXT service_id=299 ]
04-05 13:13:21.239   284   294 E lowmemorykiller: process_mrelease 13511 failed: No such process
04-05 13:13:21.368   647  1108 E AppOps  : Bad call made by uid 1000. Package "com.google.android.googlequicksearchbox" does not belong to uid 1000.
04-05 13:13:21.642  1300  1300 E RemoteVvmTaskManager: onServiceDisconnected: remoteService disconnected, 0 tasks dropped.
04-05 13:13:21.845   284   294 E lowmemorykiller: process_mrelease 13680 failed: No such process
04-05 13:13:24.086 13774 13774 E studio.deploy: ERROR: MessagePipeWrapper: Cannot write (EOF)
04-05 13:13:24.086 13774 13774 E studio.deploy: ERROR: Unable to write magic number to pipe
04-05 13:13:24.219 13774 13774 E studio.deploy: ERROR: MessagePipeWrapper: Cannot read (EOF)
04-05 13:13:24.219 13774 13774 E studio.deploy: ERROR: MessagePipeWrapper: Unable to read magic number (received= '
04-05 13:13:24.219 13774 13774 E studio.deploy: ERROR: Protopipe: Unable to read() from pipe
04-05 13:13:24.348 13774 13774 E studio.deploy: ERROR: InstallClient: Could not copy '/data/local/tmp/.studio/tmp/a82ed9e3/install_server' to '/data/data/com.example.waviapp/code_cache/install_server-a82ed9e3: out='', err='run-as: unknown package: com.example.waviapp
04-05 13:13:24.348 13774 13774 E studio.deploy: run-as: unknown package: com.example.waviapp
04-05 13:13:24.348 13774 13774 E studio.deploy: '
04-05 13:13:24.383 13774 13774 E studio.deploy: ERROR: MessagePipeWrapper: Cannot read (EOF)
04-05 13:13:24.383 13774 13774 E studio.deploy: ERROR: MessagePipeWrapper: Unable to read magic number (received= '
04-05 13:13:24.383 13774 13774 E studio.deploy: ERROR: Protopipe: Unable to read() from pipe
04-05 13:13:24.383 13774 13774 E studio.deploy: ERROR: run-as: unknown package: com.example.waviapp
04-05 13:13:24.384 13774 13774 E studio.deploy: ERROR: AgentInteractionCommand: CheckExist failed
04-05 13:13:24.384 13774 13774 E studio.deploy: ERROR: Unable to Copy() agent
04-05 13:13:24.384 13774 13774 E studio.deploy: ERROR: Unable to prepare interaction
04-05 13:13:24.478 13799 13799 E studio.deploy: ERROR: Could not get package user id: run-as: unknown package: com.example.waviapp
04-05 13:13:24.531 13799 13799 E studio.deploy: ERROR: Could not find apks for this package: com.example.waviapp
04-05 13:13:24.533 13799 13799 E studio.deploy: ERROR: Error: 
04-05 13:13:25.005   647  1222 E SystemServiceRegistry: No service published for: persistent_data_block
04-05 13:13:25.005   647  1222 E SystemServiceRegistry: android.os.ServiceManager$ServiceNotFoundException: No service published for: persistent_data_block
04-05 13:13:25.005   647  1222 E SystemServiceRegistry: 	at android.os.ServiceManager.getServiceOrThrow(ServiceManager.java:176)
04-05 13:13:25.005   647  1222 E SystemServiceRegistry: 	at android.app.SystemServiceRegistry$90.createService(SystemServiceRegistry.java:1286)
04-05 13:13:25.005   647  1222 E SystemServiceRegistry: 	at android.app.SystemServiceRegistry$90.createService(SystemServiceRegistry.java:1283)
04-05 13:13:25.005   647  1222 E SystemServiceRegistry: 	at android.app.SystemServiceRegistry$StaticServiceFetcher.getService(SystemServiceRegistry.java:2847)
04-05 13:13:25.005   647  1222 E SystemServiceRegistry: 	at android.app.SystemServiceRegistry.getSystemService(SystemServiceRegistry.java:2285)
04-05 13:13:25.005   647  1222 E SystemServiceRegistry: 	at android.app.ContextImpl.getSystemService(ContextImpl.java:2448)
04-05 13:13:25.005   647  1222 E SystemServiceRegistry: 	at android.content.Context.getSystemService(Context.java:4917)
04-05 13:13:25.005   647  1222 E SystemServiceRegistry: 	at com.android.server.pm.PackageInstallerSession.markAsSealed(PackageInstallerSession.java:2595)
04-05 13:13:25.005   647  1222 E SystemServiceRegistry: 	at com.android.server.pm.PackageInstallerSession.commit(PackageInstallerSession.java:2345)
04-05 13:13:25.005   647  1222 E SystemServiceRegistry: 	at android.content.pm.PackageInstaller$Session.commit(PackageInstaller.java:2345)
04-05 13:13:25.005   647  1222 E SystemServiceRegistry: 	at com.android.server.pm.PackageManagerShellCommand.doCommitSession(PackageManagerShellCommand.java:4453)
04-05 13:13:25.005   647  1222 E SystemServiceRegistry: 	at com.android.server.pm.PackageManagerShellCommand.runInstallCommit(PackageManagerShellCommand.java:1742)
04-05 13:13:25.005   647  1222 E SystemServiceRegistry: 	at com.android.server.pm.PackageManagerShellCommand.onCommand(PackageManagerShellCommand.java:257)
04-05 13:13:25.005   647  1222 E SystemServiceRegistry: 	at com.android.modules.utils.BasicShellCommandHandler.exec(BasicShellCommandHandler.java:97)
04-05 13:13:25.005   647  1222 E SystemServiceRegistry: 	at android.os.ShellCommand.exec(ShellCommand.java:39)
04-05 13:13:25.005   647  1222 E SystemServiceRegistry: 	at com.android.server.pm.PackageManagerService$IPackageManagerImpl.onShellCommand(PackageManagerService.java:6981)
04-05 13:13:25.005   647  1222 E SystemServiceRegistry: 	at android.os.Binder.shellCommand(Binder.java:1176)
04-05 13:13:25.005   647  1222 E SystemServiceRegistry: 	at android.os.Binder.onTransact(Binder.java:961)
04-05 13:13:25.005   647  1222 E SystemServiceRegistry: 	at android.content.pm.IPackageManager$Stub.onTransact(IPackageManager.java:4786)
04-05 13:13:25.005   647  1222 E SystemServiceRegistry: 	at com.android.server.pm.PackageManagerService$IPackageManagerImpl.onTransact(PackageManagerService.java:6965)
04-05 13:13:25.005   647  1222 E SystemServiceRegistry: 	at android.os.Binder.execTransactInternal(Binder.java:1471)
04-05 13:13:25.005   647  1222 E SystemServiceRegistry: 	at android.os.Binder.execTransact(Binder.java:1411)
04-05 13:13:25.006   647  1222 E SystemServiceRegistry: Manager wrapper not available: persistent_data_block
04-05 13:13:25.398 13745 13855 E PhotosApiClient: Execution exception occurred: java.util.concurrent.ExecutionException: io.grpc.StatusRuntimeException: UNIMPLEMENTED: bindService(Intent { act=grpc.io.action.BIND xflg=0x4 cmp=com.google.android.apps.photos/.curatedwallpapers.apiservice.PhotosCuratedWallpapersApiService }) returned false
04-05 13:13:25.460   647  1034 E WifiChipAidlImpl: getUsableChannels failed with service-specific exception: android.os.ServiceSpecificException:  (code 4)
04-05 13:13:25.923   647   711 E PackageManager: Error occurred while checking alignment of package : com.example.waviapp
04-05 13:13:25.953 11657 12349 E UsageReportingOptionsSt: INTERNAL_ERROR: setOptInOption should not be called while user is locked. [CONTEXT service_id=41 ]
04-05 13:13:25.967 11657 11706 E AbstractGmsTracer: Traced class shouldn't be obfuscated: dibo [CONTEXT service_id=259 ]
04-05 13:13:26.673 12374 13925 E BackupHelper: Could not parse delayed permissions
04-05 13:13:26.673 12374 13925 E BackupHelper: java.io.FileNotFoundException: /data/user_de/0/com.google.android.permissioncontroller/files/delayed_restore_permissions.xml: open failed: ENOENT (No such file or directory)
04-05 13:13:26.673 12374 13925 E BackupHelper: 	at libcore.io.IoBridge.open(IoBridge.java:574)
04-05 13:13:26.673 12374 13925 E BackupHelper: 	at java.io.FileInputStream.<init>(FileInputStream.java:179)
04-05 13:13:26.673 12374 13925 E BackupHelper: 	at android.app.ContextImpl.openFileInput(ContextImpl.java:816)
04-05 13:13:26.673 12374 13925 E BackupHelper: 	at com.android.permissioncontroller.permission.service.BackupHelper.restoreDelayedState(BackupHelper.java:408)
04-05 13:13:26.673 12374 13925 E BackupHelper: 	at com.android.permissioncontroller.permission.service.PermissionControllerServiceImpl.onRestoreDelayedRuntimePermissionsBackup(PermissionControllerServiceImpl.java:429)
04-05 13:13:26.673 12374 13925 E BackupHelper: 	at com.android.permissioncontroller.permission.service.PermissionControllerServiceImpl.lambda$onApplyStagedRuntimePermissionBackup$4(PermissionControllerServiceImpl.java:423)
04-05 13:13:26.673 12374 13925 E BackupHelper: 	at com.android.permissioncontroller.permission.service.PermissionControllerServiceImpl.$r8$lambda$TbAZrpVHU85LYBnlVdzyQvclH0Q(PermissionControllerServiceImpl.java:0)
04-05 13:13:26.673 12374 13925 E BackupHelper: 	at com.android.permissioncontroller.permission.service.PermissionControllerServiceImpl$$ExternalSyntheticLambda4.run(R8$$SyntheticClass:0)
04-05 13:13:26.673 12374 13925 E BackupHelper: 	at android.os.AsyncTask$SerialExecutor$1.run(AsyncTask.java:307)
04-05 13:13:26.673 12374 13925 E BackupHelper: 	at java.util.concurrent.ThreadPoolExecutor.runWorker(ThreadPoolExecutor.java:1100)
04-05 13:13:26.673 12374 13925 E BackupHelper: 	at java.util.concurrent.ThreadPoolExecutor$Worker.run(ThreadPoolExecutor.java:624)
04-05 13:13:26.673 12374 13925 E BackupHelper: 	at java.lang.Thread.run(Thread.java:1572)
04-05 13:13:26.673 12374 13925 E BackupHelper: Caused by: android.system.ErrnoException: open failed: ENOENT (No such file or directory)
04-05 13:13:26.673 12374 13925 E BackupHelper: 	at libcore.io.Linux.open(Native Method)
04-05 13:13:26.673 12374 13925 E BackupHelper: 	at libcore.io.ForwardingOs.open(ForwardingOs.java:579)
04-05 13:13:26.673 12374 13925 E BackupHelper: 	at libcore.io.BlockGuardOs.open(BlockGuardOs.java:274)
04-05 13:13:26.673 12374 13925 E BackupHelper: 	at libcore.io.ForwardingOs.open(ForwardingOs.java:579)
04-05 13:13:26.673 12374 13925 E BackupHelper: 	at android.app.AndroidForwardingOs.open(AndroidForwardingOs.java:120)
04-05 13:13:26.673 12374 13925 E BackupHelper: 	at libcore.io.IoBridge.open(IoBridge.java:560)
04-05 13:13:26.673 12374 13925 E BackupHelper: 	... 11 more
04-05 13:13:26.727 13693 13920 E ActivityThread: Failed to find provider info for androidx.car.app.connection
04-05 13:13:27.227  1300  1300 E SmsApplication: com.google.android.apps.messaging lost android:read_cell_broadcasts:  (fixing)
04-05 13:13:27.290   647  1045 E AppOps  : attributionTag VCN not declared in manifest of android
04-05 13:13:27.299   647  1045 E AppOps  : attributionTag VCN not declared in manifest of android
04-05 13:13:27.635 13257 13332 E DowngradeHelper: isModuleDowngradeRequired false
04-05 13:13:28.156   647  1256 E RoleControllerServiceImpl: Default/fallback role holder package doesn't qualify for the role, package: com.google.android.gms.supervision, role: android.app.role.SYSTEM_SUPERVISION, user: 0
04-05 13:13:28.300   647  1040 E libbinder.IPCThreadState: Binder transaction failure. id: 501463, cmd: BR_DEAD_REPLY (29189), error: -22 (Invalid argument)
04-05 13:13:28.301   647  1040 E ConnectivityService: RemoteException caught trying to send a callback msg for NetworkRequest [ TRACK_DEFAULT id=386, [ Capabilities: INTERNET&NOT_RESTRICTED&TRUSTED&NOT_VCN_MANAGED&NOT_BANDWIDTH_CONSTRAINED Uid: 10154 RequestorUid: 10154 RequestorPkg: com.android.vending UnderlyingNetworks: Null] ]
04-05 13:13:28.318   647  1040 E libbinder.IPCThreadState: Binder transaction failure. id: 501533, cmd: BR_DEAD_REPLY (29189), error: -22 (Invalid argument)
04-05 13:13:28.318   647  1040 E ConnectivityService: RemoteException caught trying to send a callback msg for NetworkRequest [ LISTEN id=388, [ Capabilities: INTERNET&NOT_RESTRICTED&TRUSTED&NOT_VCN_MANAGED&NOT_BANDWIDTH_CONSTRAINED Uid: 10154 RequestorUid: 10154 RequestorPkg: com.android.vending UnderlyingNetworks: Null] ]
04-05 13:13:28.639   647  1256 E RoleControllerServiceImpl: Default/fallback role holder package doesn't qualify for the role, package: com.google.android.gms, role: android.app.role.SYSTEM_DEPENDENCY_INSTALLER, user: 0
04-05 13:13:28.979   647  1256 E RoleControllerServiceImpl: Default/fallback role holder package doesn't qualify for the role, package: com.google.android.gms, role: android.app.role.WALLET, user: 0
04-05 13:13:29.203   647   763 E AppOps  : Bad call made by uid 1000. Package "com.google.android.googlequicksearchbox" does not belong to uid 1000.
04-05 13:13:29.261  1300  1300 E SmsApplication: com.google.android.apps.messaging lost android:read_cell_broadcasts:  (fixing)
04-05 13:13:29.374   647  1256 E RoleControllerServiceImpl: Default/fallback role holder package doesn't qualify for the role, package: com.google.android.gms.supervision, role: android.app.role.SYSTEM_SUPERVISION, user: 0
04-05 13:13:29.452   647  1256 E RoleControllerServiceImpl: Default/fallback role holder package doesn't qualify for the role, package: com.google.android.gms, role: android.app.role.SYSTEM_DEPENDENCY_INSTALLER, user: 0
04-05 13:13:29.507   647  1256 E RoleControllerServiceImpl: Default/fallback role holder package doesn't qualify for the role, package: com.google.android.gms, role: android.app.role.WALLET, user: 0
04-05 13:13:29.598  1300  1626 E SmsApplication: com.google.android.apps.messaging lost android:read_cell_broadcasts:  (fixing)
04-05 13:13:30.069   284   292 E lowmemorykiller: process_mrelease 11657 failed: No such process
04-05 13:13:30.134   284   294 E lowmemorykiller: process_mrelease 13908 failed: No such process
04-05 13:13:30.144   647  1038 E Nl80211Native: getChannelsMhzForBand: Wiphy index not recorded for band 8
04-05 13:13:30.144   647  1038 E Nl80211Native: getChannelsMhzForBand: Wiphy index not recorded for band 16
04-05 13:13:30.223   647   795 E InputDispatcher: channel '[Gesture Monitor] swipe-up' ~ Channel is unrecoverably broken and will be disposed!
04-05 13:13:30.226   647   795 E InputDispatcher: channel '[Gesture Monitor] minus-one' ~ Channel is unrecoverably broken and will be disposed!
04-05 13:13:30.229   647   795 E InputDispatcher: channel '69a2f50 Taskbar' ~ Channel is unrecoverably broken and will be disposed!
04-05 13:13:30.231   647   795 E libbinder.IPCThreadState: Binder transaction failure. id: 503867, cmd: BR_DEAD_REPLY (29189), error: -3 (No such process)
04-05 13:13:30.246   647   795 E libbinder.IPCThreadState: Binder transaction failure. id: 503877, cmd: BR_DEAD_REPLY (29189), error: -3 (No such process)
04-05 13:13:30.256   511   587 E libbinder.IPCThreadState: Binder transaction failure. id: 503898, cmd: BR_DEAD_REPLY (29189), error: -3 (No such process)
04-05 13:13:30.259  1135  1204 E SingleInstanceRemoteListener: Failed remote call
04-05 13:13:30.259  1135  1204 E SingleInstanceRemoteListener: android.os.DeadObjectException
04-05 13:13:30.259  1135  1204 E SingleInstanceRemoteListener: 	at android.os.BinderProxy.transactNative(Native Method)
04-05 13:13:30.259  1135  1204 E SingleInstanceRemoteListener: 	at android.os.BinderProxy.transact(BinderProxy.java:617)
04-05 13:13:30.259  1135  1204 E SingleInstanceRemoteListener: 	at com.android.wm.shell.transition.HomeTransitionObserver$1.insetsChanged(go/retraceme 2b9555e93469c570fe1eba6e00ba55c641998f0b05ea4e8d6000e443e74ca7fc:41)
04-05 13:13:30.259  1135  1204 E SingleInstanceRemoteListener: 	at com.android.wm.shell.common.DisplayInsetsController$OnInsetsChangedListener.insetsChanged(go/retraceme 2b9555e93469c570fe1eba6e00ba55c641998f0b05ea4e8d6000e443e74ca7fc:0)
04-05 13:13:30.259  1135  1204 E SingleInstanceRemoteListener: 	at com.android.wm.shell.common.DisplayInsetsController$PerDisplay$DisplayWindowInsetsControllerImpl$$ExternalSyntheticLambda4.run(go/retraceme 2b9555e93469c570fe1eba6e00ba55c641998f0b05ea4e8d6000e443e74ca7fc:204)
04-05 13:13:30.259  1135  1204 E SingleInstanceRemoteListener: 	at android.os.Handler.handleCallback(Handler.java:1095)
04-05 13:13:30.259  1135  1204 E SingleInstanceRemoteListener: 	at android.os.Handler.dispatchMessageImpl(Handler.java:135)
04-05 13:13:30.259  1135  1204 E SingleInstanceRemoteListener: 	at android.os.Handler.dispatchMessage(Handler.java:125)
04-05 13:13:30.259  1135  1204 E SingleInstanceRemoteListener: 	at android.os.Looper.loopOnce(Looper.java:292)
04-05 13:13:30.259  1135  1204 E SingleInstanceRemoteListener: 	at android.os.Looper.loop(Looper.java:393)
04-05 13:13:30.259  1135  1204 E SingleInstanceRemoteListener: 	at android.os.HandlerThread.run(HandlerThread.java:139)
04-05 13:13:30.323   511   511 E BpTransactionCompletedListener: Failed to transact (-32)
04-05 13:13:30.353   511   511 E BpTransactionCompletedListener: Failed to transact (-32)
04-05 13:13:30.483   284   294 E lowmemorykiller: process_mrelease 13745 failed: No such process
04-05 13:13:30.507   647  1108 E TransitionChain: Can't collect into a chain with no transition
04-05 13:13:30.507   647  1108 E TransitionChain: Can't collect into a chain with no transition
04-05 13:13:30.531   647   683 E PackageManager: Optimistic bind failed.
04-05 13:13:30.531   647   683 E PackageManager: java.util.concurrent.TimeoutException: [Optimistic Bind] Didn't bind to resolver in time!
04-05 13:13:30.531   647   683 E PackageManager: 	at com.android.server.pm.InstantAppResolverConnection.waitForBindLocked(InstantAppResolverConnection.java:160)
04-05 13:13:30.531   647   683 E PackageManager: 	at com.android.server.pm.InstantAppResolverConnection.bind(InstantAppResolverConnection.java:230)
04-05 13:13:30.531   647   683 E PackageManager: 	at com.android.server.pm.InstantAppResolverConnection.lambda$optimisticBind$0(InstantAppResolverConnection.java:260)
04-05 13:13:30.531   647   683 E PackageManager: 	at com.android.server.pm.InstantAppResolverConnection.$r8$lambda$66W2s2mMKe4pk_xXCScH9RCqav8(InstantAppResolverConnection.java:0)
04-05 13:13:30.531   647   683 E PackageManager: 	at com.android.server.pm.InstantAppResolverConnection$$ExternalSyntheticLambda0.run(R8$$SyntheticClass:0)
04-05 13:13:30.531   647   683 E PackageManager: 	at android.os.Handler.handleCallback(Handler.java:1095)
04-05 13:13:30.531   647   683 E PackageManager: 	at android.os.Handler.dispatchMessageImpl(Handler.java:135)
04-05 13:13:30.531   647   683 E PackageManager: 	at android.os.Handler.dispatchMessage(Handler.java:125)
04-05 13:13:30.531   647   683 E PackageManager: 	at android.os.Looper.loopOnce(Looper.java:292)
04-05 13:13:30.531   647   683 E PackageManager: 	at android.os.Looper.loop(Looper.java:393)
04-05 13:13:30.531   647   683 E PackageManager: 	at android.os.HandlerThread.run(HandlerThread.java:139)
04-05 13:13:30.617  1135  1135 E LauncherProxyService: Failed to get launcher proxy for system bar attr change.
04-05 13:13:30.881   647  6856 E TaskPersister: File error accessing recents directory (directory doesn't exist?).
04-05 13:13:30.919 13770 13783 E AiAiNotificationAssistantService: No completion listener supplied for this service!
04-05 13:13:31.013 14022 14022 E FeatureFlagsImplExport: android.os.flagging.AconfigStorageReadException: ERROR_PACKAGE_NOT_FOUND: package android.xr cannot be found on the device
04-05 13:13:31.635 13770 13903 E Ambient : Installed publisher verification failed
04-05 13:13:31.635 13770 13903 E Ambient : Installed publisher verification failed
04-05 13:13:33.113  1135  1135 E LauncherProxyService: Failed to get launcher proxy for system bar attr change.
04-05 13:13:33.986 14152 14504 E ActivityThread: Failed to find provider info for androidx.car.app.connection
04-05 13:13:34.282 13990 14416 E SurfaceSyncGroup: Failed to receive transaction ready in 1000ms. Marking SurfaceSyncGroup(wmsSync-VRI[LoginActivity]#0) as ready
04-05 13:13:34.309 13990 14416 E SurfaceSyncGroup: Failed to receive transaction ready in 1000ms. Marking SurfaceSyncGroup(VRI[LoginActivity]#1) as ready
04-05 13:13:34.430 14054 14529 E ActivityThread: Failed to find provider info for androidx.car.app.connection
04-05 13:13:35.224 14104 14104 E ConsumerBase: [ImageReader-173x173f1u2816m2-14104-0] abandonLocked: ConsumerBase is abandoned!
04-05 13:13:35.277 14152 14363 E PhenotypeFlagCommitter: Retrieving snapshot for com.google.android.dialer failed
04-05 13:13:35.277 14152 14363 E PhenotypeFlagCommitter: java.util.concurrent.TimeoutException: Timed out waiting for Task
04-05 13:13:35.277 14152 14363 E PhenotypeFlagCommitter: 	at zib.l(PG:55)
04-05 13:13:35.277 14152 14363 E PhenotypeFlagCommitter: 	at ylk.c(PG:15)
04-05 13:13:35.277 14152 14363 E PhenotypeFlagCommitter: 	at ylk.d(PG:38)
04-05 13:13:35.277 14152 14363 E PhenotypeFlagCommitter: 	at quj.call(PG:346)
04-05 13:13:35.277 14152 14363 E PhenotypeFlagCommitter: 	at agin.call(PG:21)
04-05 13:13:35.277 14152 14363 E PhenotypeFlagCommitter: 	at aglc.a(PG:3)
04-05 13:13:35.277 14152 14363 E PhenotypeFlagCommitter: 	at agkf.run(PG:19)
04-05 13:13:35.277 14152 14363 E PhenotypeFlagCommitter: 	at agld.run(PG:5)
04-05 13:13:35.277 14152 14363 E PhenotypeFlagCommitter: 	at zgq.run(PG:7)
04-05 13:13:35.277 14152 14363 E PhenotypeFlagCommitter: 	at java.util.concurrent.ThreadPoolExecutor.runWorker(ThreadPoolExecutor.java:1100)
04-05 13:13:35.277 14152 14363 E PhenotypeFlagCommitter: 	at java.util.concurrent.ThreadPoolExecutor$Worker.run(ThreadPoolExecutor.java:624)
04-05 13:13:35.277 14152 14363 E PhenotypeFlagCommitter: 	at xyv.run(PG:80)
04-05 13:13:35.277 14152 14363 E PhenotypeFlagCommitter: 	at zgc.run(PG:678)
04-05 13:13:35.277 14152 14363 E PhenotypeFlagCommitter: 	at java.lang.Thread.run(Thread.java:1572)
04-05 13:13:35.277 14152 14363 E PhenotypeFlagCommitter: 	at zhr.run(PG:61)
04-05 13:13:35.737   647  1909 E libbinder.IPCThreadState: binder thread pool (31 threads) starved for 398 ms
04-05 13:13:36.431  1135  1135 E LauncherProxyService: Failed to get launcher proxy for system bar attr change.
04-05 13:13:37.096 14104 14139 E NexusCSStateManager: Failed to fetch from AppSearch
04-05 13:13:37.096 14104 14139 E NexusCSStateManager: java.util.NoSuchElementException: No value present
04-05 13:13:37.096 14104 14139 E NexusCSStateManager: 	at java.util.Optional.get(Optional.java:143)
04-05 13:13:37.096 14104 14139 E NexusCSStateManager: 	at p6.l.onResult(go/retraceme 7226a759aa2bb3787a79806f85d80eaad84f1f1e15acd6db988f2df789d1680d:36)
04-05 13:13:37.096 14104 14139 E NexusCSStateManager: 	at android.app.appsearch.SearchSessionUtil$1.lambda$onResult$0(go/retraceme 50c746ee5c32f88f733077ebeb4008935661f54b3d9e8e373e734d129bb80b29:144)
04-05 13:13:37.096 14104 14139 E NexusCSStateManager: 	at android.app.appsearch.SearchSessionUtil$1.$r8$lambda$CEk3q8sDAQVhU3rQwVueB8FAj_M(go/retraceme 50c746ee5c32f88f733077ebeb4008935661f54b3d9e8e373e734d129bb80b29:1)
04-05 13:13:37.096 14104 14139 E NexusCSStateManager: 	at android.app.appsearch.SearchSessionUtil$1$$ExternalSyntheticLambda0.run(go/retraceme 50c746ee5c32f88f733077ebeb4008935661f54b3d9e8e373e734d129bb80b29:22)
04-05 13:13:37.096 14104 14139 E NexusCSStateManager: 	at androidx.appfunctions.internal.e.execute(go/retraceme 7226a759aa2bb3787a79806f85d80eaad84f1f1e15acd6db988f2df789d1680d:0)
04-05 13:13:37.096 14104 14139 E NexusCSStateManager: 	at android.app.appsearch.SearchSessionUtil.safeExecute(go/retraceme 50c746ee5c32f88f733077ebeb4008935661f54b3d9e8e373e734d129bb80b29:21)
04-05 13:13:37.096 14104 14139 E NexusCSStateManager: 	at android.app.appsearch.SearchSessionUtil$1.onResult(go/retraceme 50c746ee5c32f88f733077ebeb4008935661f54b3d9e8e373e734d129bb80b29:18)
04-05 13:13:37.096 14104 14139 E NexusCSStateManager: 	at android.app.appsearch.aidl.IAppSearchBatchResultCallback$Stub.onTransact(go/retraceme 50c746ee5c32f88f733077ebeb4008935661f54b3d9e8e373e734d129bb80b29:50)
04-05 13:13:37.096 14104 14139 E NexusCSStateManager: 	at android.os.Binder.execTransactInternal(Binder.java:1471)
04-05 13:13:37.096 14104 14139 E NexusCSStateManager: 	at android.os.Binder.execTransact(Binder.java:1411)
04-05 13:13:38.708 14104 14104 E ConsumerBase: [ImageReader-1x1f1u2816m2-14104-1] abandonLocked: ConsumerBase is abandoned!
04-05 13:13:39.329 14567 14567 E LibraryModuleRegistry: LibraryModuleRegistry.register():48 Module mobilebert_classifier_android_jni has already been registered to integrated_shared_object
04-05 13:13:40.064   647  2111 E libbinder.IPCThreadState: Binder transaction failure. id: 515090, cmd: BR_DEAD_REPLY (29189), error: -3 (No such process)
04-05 13:13:40.091   647  2111 E libbinder.IPCThreadState: Binder transaction failure. id: 515125, cmd: BR_DEAD_REPLY (29189), error: -3 (No such process)
04-05 13:13:40.224 14209 14694 E libbinder.IPCThreadState: Binder transaction failure. id: 515206, cmd: BR_DEAD_REPLY (29189), error: -22 (Invalid argument)
04-05 13:13:40.556   647  2141 E AppOps  : Bad call made by uid 1000. Package "com.google.android.googlequicksearchbox" does not belong to uid 1000.
04-05 13:13:40.566  1135  1204 E SingleInstanceRemoteListener: Failed remote call on null listener
04-05 13:13:40.757 14098 14393 E libbinder.IPCThreadState: Binder transaction failure. id: 515779, cmd: BR_DEAD_REPLY (29189), error: -22 (Invalid argument)
04-05 13:13:40.760 14098 14320 E libbinder.IPCThreadState: Binder transaction failure. id: 515781, cmd: BR_DEAD_REPLY (29189), error: -22 (Invalid argument)
04-05 13:13:40.849 14266 14396 E egij    : (REDACTED) Failed to recover geofences for LBT Routines using Geller data
04-05 13:13:40.849 14266 14396 E egij    : com.google.android.libraries.geller.portable.GellerException: Code: INVALID_ARGUMENT, Message: Account name is null.
04-05 13:13:40.849 14266 14396 E egij    : 	at dqup.a(PG:89)
04-05 13:13:40.849 14266 14396 E egij    : 	at eiaz.a(PG:17)
04-05 13:13:40.849 14266 14396 E egij    : 	at erbx.a(PG:3)
04-05 13:13:40.849 14266 14396 E egij    : 	at erdn.run(PG:19)
04-05 13:13:40.849 14266 14396 E egij    : 	at cmvb.run(PG:5)
04-05 13:13:40.849 14266 14396 E egij    : 	at epyt.run(PG:46)
04-05 13:13:40.849 14266 14396 E egij    : 	at cmun.run(PG:81)
04-05 13:13:40.849 14266 14396 E egij    : 	at java.lang.Thread.run(Thread.java:1572)
04-05 13:13:40.849 14266 14396 E egij    : 	at cmwf.run(PG:63)
04-05 13:13:41.100   647   671 E AppOps  : Bad call made by uid 1000. Package "com.google.android.googlequicksearchbox" does not belong to uid 1000.
04-05 13:13:41.140 14098 14393 E libbinder.IPCThreadState: Binder transaction failure. id: 516325, cmd: BR_DEAD_REPLY (29189), error: -22 (Invalid argument)
04-05 13:13:41.278 14567 14567 E GoogleInputMethodService: GoogleInputMethodService.getAppEditorInfo():1891 App EditorInfo should never be null.
04-05 13:13:41.507 14098 14320 E libbinder.IPCThreadState: Binder transaction failure. id: 516633, cmd: BR_DEAD_REPLY (29189), error: -22 (Invalid argument)
04-05 13:13:41.509 14098 14393 E libbinder.IPCThreadState: Binder transaction failure. id: 516640, cmd: BR_DEAD_REPLY (29189), error: -22 (Invalid argument)
04-05 13:13:41.521 14098 14393 E libbinder.IPCThreadState: Binder transaction failure. id: 516656, cmd: BR_DEAD_REPLY (29189), error: -22 (Invalid argument)
04-05 13:13:41.536 14098 14320 E libbinder.IPCThreadState: Binder transaction failure. id: 516668, cmd: BR_DEAD_REPLY (29189), error: -22 (Invalid argument)
04-05 13:13:41.563 14098 14393 E libbinder.IPCThreadState: Binder transaction failure. id: 516685, cmd: BR_DEAD_REPLY (29189), error: -22 (Invalid argument)
04-05 13:13:41.574 14098 14320 E libbinder.IPCThreadState: Binder transaction failure. id: 516706, cmd: BR_DEAD_REPLY (29189), error: -22 (Invalid argument)
04-05 13:13:41.892  1135  1204 E SingleInstanceRemoteListener: Failed remote call on null listener
04-05 13:13:41.923 14098 14393 E libbinder.IPCThreadState: Binder transaction failure. id: 516976, cmd: BR_DEAD_REPLY (29189), error: -22 (Invalid argument)
04-05 13:13:41.932 14104 14264 E ConsumerBase: [ImageReader-173x173f1u2816m2-14104-2] abandonLocked: ConsumerBase is abandoned!
04-05 13:13:41.964   647   795 E InputDispatcher: channel 'stylus-handwriting-event-receiver-0' ~ Channel is unrecoverably broken and will be disposed!
04-05 13:13:42.198  1300  1300 E RemoteVvmTaskManager: onServiceDisconnected: remoteService disconnected, 0 tasks dropped.
04-05 13:13:42.385  1135  1204 E SingleInstanceRemoteListener: Failed remote call on null listener
04-05 13:13:42.451 14098 14320 E libbinder.IPCThreadState: Binder transaction failure. id: 517454, cmd: BR_DEAD_REPLY (29189), error: -22 (Invalid argument)
04-05 13:13:42.519 14098 14393 E libbinder.IPCThreadState: Binder transaction failure. id: 517565, cmd: BR_DEAD_REPLY (29189), error: -22 (Invalid argument)
04-05 13:13:42.604 14098 14320 E libbinder.IPCThreadState: Binder transaction failure. id: 517690, cmd: BR_DEAD_REPLY (29189), error: -22 (Invalid argument)
04-05 13:13:42.642 14098 14393 E libbinder.IPCThreadState: Binder transaction failure. id: 517715, cmd: BR_DEAD_REPLY (29189), error: -22 (Invalid argument)
04-05 13:13:42.648  1135  1204 E SingleInstanceRemoteListener: Failed remote call on null listener
04-05 13:13:42.801 14098 14320 E libbinder.IPCThreadState: Binder transaction failure. id: 517886, cmd: BR_DEAD_REPLY (29189), error: -22 (Invalid argument)
04-05 13:13:42.878   647   647 E libbinder.IPCThreadState: Binder transaction failure. id: 517971, cmd: BR_DEAD_REPLY (29189), error: -22 (Invalid argument)
04-05 13:13:43.020 14098 14320 E libbinder.IPCThreadState: Binder transaction failure. id: 518247, cmd: BR_DEAD_REPLY (29189), error: -22 (Invalid argument)
04-05 13:13:43.032 14098 14320 E libbinder.IPCThreadState: Binder transaction failure. id: 518289, cmd: BR_DEAD_REPLY (29189), error: -22 (Invalid argument)
04-05 13:13:43.062   647   795 E InputDispatcher: channel '[Gesture Monitor] swipe-up' ~ Channel is unrecoverably broken and will be disposed!
04-05 13:13:43.172   284   294 E lowmemorykiller: process_mrelease 14661 failed: No such process
04-05 13:13:43.178 14098 14320 E libbinder.IPCThreadState: Binder transaction failure. id: 518481, cmd: BR_DEAD_REPLY (29189), error: -22 (Invalid argument)
04-05 13:13:43.183 14098 14320 E libbinder.IPCThreadState: Binder transaction failure. id: 518484, cmd: BR_DEAD_REPLY (29189), error: -22 (Invalid argument)
04-05 13:13:43.184   647  2158 E TransitionController: Set visible without transition ActivityRecord{154085107 u0 com.google.android.apps.nexuslauncher/.NexusLauncherActivity t7} playing=false caller=com.android.server.wm.ActivityTaskSupervisor.realStartActivityLocked:873 
04-05 13:13:43.189 14098 14393 E libbinder.IPCThreadState: Binder transaction failure. id: 518485, cmd: BR_DEAD_REPLY (29189), error: -22 (Invalid argument)
04-05 13:13:43.208 14098 14320 E libbinder.IPCThreadState: Binder transaction failure. id: 518519, cmd: BR_DEAD_REPLY (29189), error: -22 (Invalid argument)
04-05 13:13:43.327 14098 14320 E libbinder.IPCThreadState: Binder transaction failure. id: 518599, cmd: BR_DEAD_REPLY (29189), error: -22 (Invalid argument)
04-05 13:13:43.328 14098 14393 E libbinder.IPCThreadState: Binder transaction failure. id: 518601, cmd: BR_DEAD_REPLY (29189), error: -22 (Invalid argument)
04-05 13:13:43.358   647   795 E InputDispatcher: channel '73954e7 Taskbar' ~ Channel is unrecoverably broken and will be disposed!
04-05 13:13:43.361   647   795 E libbinder.IPCThreadState: Binder transaction failure. id: 518656, cmd: BR_DEAD_REPLY (29189), error: -3 (No such process)
04-05 13:13:43.364   647   795 E libbinder.IPCThreadState: Binder transaction failure. id: 518658, cmd: BR_DEAD_REPLY (29189), error: -3 (No such process)
04-05 13:13:43.371  1135  1204 E libbinder.IPCThreadState: Binder transaction failure. id: 518675, cmd: BR_DEAD_REPLY (29189), error: -3 (No such process)
04-05 13:13:43.372  1135  1204 E SingleInstanceRemoteListener: Failed remote call
04-05 13:13:43.372  1135  1204 E SingleInstanceRemoteListener: android.os.DeadObjectException
04-05 13:13:43.372  1135  1204 E SingleInstanceRemoteListener: 	at android.os.BinderProxy.transactNative(Native Method)
04-05 13:13:43.372  1135  1204 E SingleInstanceRemoteListener: 	at android.os.BinderProxy.transact(BinderProxy.java:617)
04-05 13:13:43.372  1135  1204 E SingleInstanceRemoteListener: 	at com.android.wm.shell.transition.HomeTransitionObserver$1.insetsChanged(go/retraceme 2b9555e93469c570fe1eba6e00ba55c641998f0b05ea4e8d6000e443e74ca7fc:41)
04-05 13:13:43.372  1135  1204 E SingleInstanceRemoteListener: 	at com.android.wm.shell.common.DisplayInsetsController$OnInsetsChangedListener.insetsChanged(go/retraceme 2b9555e93469c570fe1eba6e00ba55c641998f0b05ea4e8d6000e443e74ca7fc:0)
04-05 13:13:43.372  1135  1204 E SingleInstanceRemoteListener: 	at com.android.wm.shell.common.DisplayInsetsController$PerDisplay$DisplayWindowInsetsControllerImpl$$ExternalSyntheticLambda4.run(go/retraceme 2b9555e93469c570fe1eba6e00ba55c641998f0b05ea4e8d6000e443e74ca7fc:204)
04-05 13:13:43.372  1135  1204 E SingleInstanceRemoteListener: 	at android.os.Handler.handleCallback(Handler.java:1095)
04-05 13:13:43.372  1135  1204 E SingleInstanceRemoteListener: 	at android.os.Handler.dispatchMessageImpl(Handler.java:135)
04-05 13:13:43.372  1135  1204 E SingleInstanceRemoteListener: 	at android.os.Handler.dispatchMessage(Handler.java:125)
04-05 13:13:43.372  1135  1204 E SingleInstanceRemoteListener: 	at android.os.Looper.loopOnce(Looper.java:292)
04-05 13:13:43.372  1135  1204 E SingleInstanceRemoteListener: 	at android.os.Looper.loop(Looper.java:393)
04-05 13:13:43.372  1135  1204 E SingleInstanceRemoteListener: 	at android.os.HandlerThread.run(HandlerThread.java:139)
04-05 13:13:43.375 14098 14320 E libbinder.IPCThreadState: Binder transaction failure. id: 518698, cmd: BR_DEAD_REPLY (29189), error: -22 (Invalid argument)
04-05 13:13:43.390 14098 14393 E libbinder.IPCThreadState: Binder transaction failure. id: 518707, cmd: BR_DEAD_REPLY (29189), error: -22 (Invalid argument)
04-05 13:13:43.434 14098 14320 E libbinder.IPCThreadState: Binder transaction failure. id: 518773, cmd: BR_DEAD_REPLY (29189), error: -22 (Invalid argument)
04-05 13:13:43.462   511   511 E BpTransactionCompletedListener: Failed to transact (-32)
04-05 13:13:43.462   511   511 E BpTransactionCompletedListener: Failed to transact (-32)
04-05 13:13:43.480 14098 14393 E libbinder.IPCThreadState: Binder transaction failure. id: 518819, cmd: BR_DEAD_REPLY (29189), error: -22 (Invalid argument)
04-05 13:13:43.506 14098 14393 E libbinder.IPCThreadState: Binder transaction failure. id: 518849, cmd: BR_DEAD_REPLY (29189), error: -22 (Invalid argument)
04-05 13:13:43.648 14098 14320 E libbinder.IPCThreadState: Binder transaction failure. id: 519115, cmd: BR_DEAD_REPLY (29189), error: -22 (Invalid argument)
04-05 13:13:43.711 14098 14320 E libbinder.IPCThreadState: Binder transaction failure. id: 519196, cmd: BR_DEAD_REPLY (29189), error: -22 (Invalid argument)
04-05 13:13:43.764 14098 14393 E libbinder.IPCThreadState: Binder transaction failure. id: 519261, cmd: BR_DEAD_REPLY (29189), error: -22 (Invalid argument)
04-05 13:13:43.783  1135  1135 E LauncherProxyService: Failed to get launcher proxy for system bar attr change.
04-05 13:13:43.786  1135  1135 E LauncherProxyService: Failed to get launcher proxy for system bar attr change.
04-05 13:13:43.876 14098 14393 E libbinder.IPCThreadState: Binder transaction failure. id: 519499, cmd: BR_DEAD_REPLY (29189), error: -22 (Invalid argument)
04-05 13:13:43.880 14098 14320 E libbinder.IPCThreadState: Binder transaction failure. id: 519504, cmd: BR_DEAD_REPLY (29189), error: -22 (Invalid argument)
04-05 13:13:43.898 14098 14393 E libbinder.IPCThreadState: Binder transaction failure. id: 519568, cmd: BR_DEAD_REPLY (29189), error: -22 (Invalid argument)
04-05 13:13:43.908 14098 14320 E libbinder.IPCThreadState: Binder transaction failure. id: 519612, cmd: BR_DEAD_REPLY (29189), error: -22 (Invalid argument)
04-05 13:13:43.939 14098 14393 E libbinder.IPCThreadState: Binder transaction failure. id: 519674, cmd: BR_DEAD_REPLY (29189), error: -22 (Invalid argument)
04-05 13:13:44.019 14098 14393 E libbinder.IPCThreadState: Binder transaction failure. id: 519713, cmd: BR_DEAD_REPLY (29189), error: -22 (Invalid argument)
04-05 13:13:44.025 14098 14320 E libbinder.IPCThreadState: Binder transaction failure. id: 519728, cmd: BR_DEAD_REPLY (29189), error: -22 (Invalid argument)
04-05 13:13:44.055 14098 14393 E libbinder.IPCThreadState: Binder transaction failure. id: 519855, cmd: BR_DEAD_REPLY (29189), error: -22 (Invalid argument)
04-05 13:13:44.134 14098 14125 E UsageReportingOptionsSt: INTERNAL_ERROR: setOptInOption should not be called while user is locked. [CONTEXT service_id=41 ]
04-05 13:13:44.702 14861 15038 E ActivityThread: Failed to find provider info for androidx.car.app.connection
04-05 13:13:45.325 14919 14919 E ConsumerBase: [ImageReader-173x173f1u2816m2-14919-0] abandonLocked: ConsumerBase is abandoned!
04-05 13:13:45.350 14737 15121 E ActivityThread: Failed to find provider info for androidx.car.app.connection
04-05 13:13:45.449 14991 14991 E LibraryModuleRegistry: LibraryModuleRegistry.register():48 Module mobilebert_classifier_android_jni has already been registered to integrated_shared_object
04-05 13:13:45.483   647  1244 E AppOps  : Bad call made by uid 1000. Package "com.google.android.googlequicksearchbox" does not belong to uid 1000.
04-05 13:13:45.533   647   675 E libbinder.Parcel: Reading a NULL string not supported here.
04-05 13:13:45.534   647   675 E ARProxy : Unknown descriptor: 
04-05 13:13:45.694 14919 14946 E NexusCSStateManager: Failed to fetch from AppSearch
04-05 13:13:45.694 14919 14946 E NexusCSStateManager: java.util.NoSuchElementException: No value present
04-05 13:13:45.694 14919 14946 E NexusCSStateManager: 	at java.util.Optional.get(Optional.java:143)
04-05 13:13:45.694 14919 14946 E NexusCSStateManager: 	at p6.l.onResult(go/retraceme 7226a759aa2bb3787a79806f85d80eaad84f1f1e15acd6db988f2df789d1680d:36)
04-05 13:13:45.694 14919 14946 E NexusCSStateManager: 	at android.app.appsearch.SearchSessionUtil$1.lambda$onResult$0(go/retraceme 50c746ee5c32f88f733077ebeb4008935661f54b3d9e8e373e734d129bb80b29:144)
04-05 13:13:45.694 14919 14946 E NexusCSStateManager: 	at android.app.appsearch.SearchSessionUtil$1.$r8$lambda$CEk3q8sDAQVhU3rQwVueB8FAj_M(go/retraceme 50c746ee5c32f88f733077ebeb4008935661f54b3d9e8e373e734d129bb80b29:1)
04-05 13:13:45.694 14919 14946 E NexusCSStateManager: 	at android.app.appsearch.SearchSessionUtil$1$$ExternalSyntheticLambda0.run(go/retraceme 50c746ee5c32f88f733077ebeb4008935661f54b3d9e8e373e734d129bb80b29:22)
04-05 13:13:45.694 14919 14946 E NexusCSStateManager: 	at androidx.appfunctions.internal.e.execute(go/retraceme 7226a759aa2bb3787a79806f85d80eaad84f1f1e15acd6db988f2df789d1680d:0)
04-05 13:13:45.694 14919 14946 E NexusCSStateManager: 	at android.app.appsearch.SearchSessionUtil.safeExecute(go/retraceme 50c746ee5c32f88f733077ebeb4008935661f54b3d9e8e373e734d129bb80b29:21)
04-05 13:13:45.694 14919 14946 E NexusCSStateManager: 	at android.app.appsearch.SearchSessionUtil$1.onResult(go/retraceme 50c746ee5c32f88f733077ebeb4008935661f54b3d9e8e373e734d129bb80b29:18)
04-05 13:13:45.694 14919 14946 E NexusCSStateManager: 	at android.app.appsearch.aidl.IAppSearchBatchResultCallback$Stub.onTransact(go/retraceme 50c746ee5c32f88f733077ebeb4008935661f54b3d9e8e373e734d129bb80b29:50)
04-05 13:13:45.694 14919 14946 E NexusCSStateManager: 	at android.os.Binder.execTransactInternal(Binder.java:1471)
04-05 13:13:45.694 14919 14946 E NexusCSStateManager: 	at android.os.Binder.execTransact(Binder.java:1411)
04-05 13:13:45.858 14919 15062 E ZeroStateWebSuggestDataLoader: Failed to fetch suggestions from AppSearch
04-05 13:13:45.858 14919 15062 E ZeroStateWebSuggestDataLoader: java.util.NoSuchElementException: No value present
04-05 13:13:45.858 14919 15062 E ZeroStateWebSuggestDataLoader: 	at java.util.Optional.get(Optional.java:143)
04-05 13:13:45.858 14919 15062 E ZeroStateWebSuggestDataLoader: 	at d6.j.onResult(go/retraceme 7226a759aa2bb3787a79806f85d80eaad84f1f1e15acd6db988f2df789d1680d:32)
04-05 13:13:45.858 14919 15062 E ZeroStateWebSuggestDataLoader: 	at android.app.appsearch.SearchSessionUtil$1.lambda$onResult$0(go/retraceme 50c746ee5c32f88f733077ebeb4008935661f54b3d9e8e373e734d129bb80b29:144)
04-05 13:13:45.858 14919 15062 E ZeroStateWebSuggestDataLoader: 	at android.app.appsearch.SearchSessionUtil$1.$r8$lambda$CEk3q8sDAQVhU3rQwVueB8FAj_M(go/retraceme 50c746ee5c32f88f733077ebeb4008935661f54b3d9e8e373e734d129bb80b29:1)
04-05 13:13:45.858 14919 15062 E ZeroStateWebSuggestDataLoader: 	at android.app.appsearch.SearchSessionUtil$1$$ExternalSyntheticLambda0.run(go/retraceme 50c746ee5c32f88f733077ebeb4008935661f54b3d9e8e373e734d129bb80b29:22)
04-05 13:13:45.858 14919 15062 E ZeroStateWebSuggestDataLoader: 	at android.os.Handler.handleCallback(Handler.java:1095)
04-05 13:13:45.858 14919 15062 E ZeroStateWebSuggestDataLoader: 	at android.os.Handler.dispatchMessageImpl(Handler.java:135)
04-05 13:13:45.858 14919 15062 E ZeroStateWebSuggestDataLoader: 	at android.os.Handler.dispatchMessage(Handler.java:125)
04-05 13:13:45.858 14919 15062 E ZeroStateWebSuggestDataLoader: 	at android.os.Looper.loopOnce(Looper.java:292)
04-05 13:13:45.858 14919 15062 E ZeroStateWebSuggestDataLoader: 	at android.os.Looper.loop(Looper.java:393)
04-05 13:13:45.858 14919 15062 E ZeroStateWebSuggestDataLoader: 	at android.os.HandlerThread.run(HandlerThread.java:139)
04-05 13:13:46.134 14919 14919 E RecyclerView: Cannot scroll to position a LayoutManager set. Call setLayoutManager with a non-null argument.
04-05 13:13:46.136 14919 14919 E RecyclerView: Cannot scroll to position a LayoutManager set. Call setLayoutManager with a non-null argument.
04-05 13:13:46.255 14805 14824 E libbinder.IPCThreadState: Binder transaction failure. id: 523490, cmd: BR_DEAD_REPLY (29189), error: -22 (Invalid argument)
04-05 13:13:46.427  1135  1135 E LauncherProxyService: Failed to get launcher proxy for system bar attr change.
04-05 13:13:46.562   647  6856 E TaskPersister: File error accessing recents directory (directory doesn't exist?).
04-05 13:13:46.730 14919 14919 E ConsumerBase: [ImageReader-1x1f1u2816m2-14919-1] abandonLocked: ConsumerBase is abandoned!
04-05 13:13:46.934  1135  1135 E LauncherProxyService: Failed to get launcher proxy for system bar attr change.
04-05 13:13:46.945  1135  1204 E SingleInstanceRemoteListener: Failed remote call on null listener
04-05 13:13:48.167 14919 15064 E ConsumerBase: [ImageReader-173x173f1u2816m2-14919-2] abandonLocked: ConsumerBase is abandoned!
04-05 13:13:49.282 14991 14991 E GoogleInputMethodService: GoogleInputMethodService.getAppEditorInfo():1891 App EditorInfo should never be null.
04-05 13:13:49.468  1135  1204 E SingleInstanceRemoteListener: Failed remote call on null listener
04-05 13:13:50.214   647   795 E InputDispatcher: channel '[Gesture Monitor] swipe-up' ~ Channel is unrecoverably broken and will be disposed!
04-05 13:13:52.521   647  2068 E libbinder.IPCThreadState: Binder transaction failure. id: 528351, cmd: BR_DEAD_REPLY (29189), error: -3 (No such process)
04-05 13:13:52.661 15120 15142 E DatabaseUtils: Writing exception to parcel
04-05 13:13:52.661 15120 15142 E DatabaseUtils: java.lang.UnsupportedOperationException
04-05 13:13:52.661 15120 15142 E DatabaseUtils: 	at com.google.android.apps.gsa.staticplugins.publiccontent.GsaPublicContentProvider.query(PG:480)
04-05 13:13:52.661 15120 15142 E DatabaseUtils: 	at android.content.ContentProvider.query(ContentProvider.java:1670)
04-05 13:13:52.661 15120 15142 E DatabaseUtils: 	at android.content.ContentProvider.query(ContentProvider.java:1766)
04-05 13:13:52.661 15120 15142 E DatabaseUtils: 	at android.content.ContentProvider$Transport.query(ContentProvider.java:304)
04-05 13:13:52.661 15120 15142 E DatabaseUtils: 	at android.content.ContentProviderNative.onTransact(ContentProviderNative.java:109)
04-05 13:13:52.661 15120 15142 E DatabaseUtils: 	at android.os.Binder.execTransactInternal(Binder.java:1466)
04-05 13:13:52.661 15120 15142 E DatabaseUtils: 	at android.os.Binder.execTransact(Binder.java:1411)
04-05 13:13:52.813 14919 15153 E DoodleDataLoader: Error fetching doodle
04-05 13:13:52.813 14919 15153 E DoodleDataLoader: java.lang.UnsupportedOperationException
04-05 13:13:52.813 14919 15153 E DoodleDataLoader: 	at android.database.DatabaseUtils.readExceptionFromParcel(DatabaseUtils.java:209)
04-05 13:13:52.813 14919 15153 E DoodleDataLoader: 	at android.database.DatabaseUtils.readExceptionFromParcel(DatabaseUtils.java:177)
04-05 13:13:52.813 14919 15153 E DoodleDataLoader: 	at android.content.ContentProviderProxy.query(ContentProviderNative.java:497)
04-05 13:13:52.813 14919 15153 E DoodleDataLoader: 	at android.content.ContentProviderClient.lambda$query$1(ContentProviderClient.java:330)
04-05 13:13:52.813 14919 15153 E DoodleDataLoader: 	at android.content.ContentProviderClient.$r8$lambda$30ruSb8khJgOcMU3BAg6NHb0qXI(ContentProviderClient.java:0)
04-05 13:13:52.813 14919 15153 E DoodleDataLoader: 	at android.content.ContentProviderClient$$ExternalSyntheticLambda5.apply(D8$$SyntheticClass:0)
04-05 13:13:52.813 14919 15153 E DoodleDataLoader: 	at android.content.ContentProviderClient.execute(ContentProviderClient.java:732)
04-05 13:13:52.813 14919 15153 E DoodleDataLoader: 	at android.content.ContentProviderClient.query(ContentProviderClient.java:329)
04-05 13:13:52.813 14919 15153 E DoodleDataLoader: 	at android.content.ContentProviderClient.query(ContentProviderClient.java:320)
04-05 13:13:52.813 14919 15153 E DoodleDataLoader: 	at android.content.ContentProviderClient.query(ContentProviderClient.java:310)
04-05 13:13:52.813 14919 15153 E DoodleDataLoader: 	at l6.d.d(go/retraceme 7226a759aa2bb3787a79806f85d80eaad84f1f1e15acd6db988f2df789d1680d:23)
04-05 13:13:52.813 14919 15153 E DoodleDataLoader: 	at l6.g.run(go/retraceme 7226a759aa2bb3787a79806f85d80eaad84f1f1e15acd6db988f2df789d1680d:2)
04-05 13:13:52.813 14919 15153 E DoodleDataLoader: 	at android.os.Handler.handleCallback(Handler.java:1095)
04-05 13:13:52.813 14919 15153 E DoodleDataLoader: 	at android.os.Handler.dispatchMessageImpl(Handler.java:135)
04-05 13:13:52.813 14919 15153 E DoodleDataLoader: 	at android.os.Handler.dispatchMessage(Handler.java:125)
04-05 13:13:52.813 14919 15153 E DoodleDataLoader: 	at android.os.Looper.loopOnce(Looper.java:292)
04-05 13:13:52.813 14919 15153 E DoodleDataLoader: 	at android.os.Looper.loop(Looper.java:393)
04-05 13:13:52.813 14919 15153 E DoodleDataLoader: 	at android.os.HandlerThread.run(HandlerThread.java:139)
04-05 13:13:53.002 14919 15061 E ConsumerBase: [ImageReader-46x46f1u2816m2-14919-3] abandonLocked: ConsumerBase is abandoned!
04-05 13:13:54.249 14098 15265 E WakeLock: GmsAlarm:CMAlarm ** IS FORCE-RELEASED ON TIMEOUT ** [CONTEXT service_id=259 ]
04-05 13:13:54.691 14903 14920 E AiAiNotificationAssistantService: No completion listener supplied for this service!
04-05 13:13:54.837  1300  1300 E SmsApplication: com.google.android.apps.messaging lost android:read_cell_broadcasts:  (fixing)
04-05 13:13:54.952   647  1087 E system_server: No package ID 7f found for resource ID 0x7f0803af.
04-05 13:13:54.952   647  1087 E system_server: No package ID 7f found for resource ID 0x7f140437.
04-05 13:13:54.952   647  1087 E system_server: No package ID 7f found for resource ID 0x7f140436.
04-05 13:13:55.257 14098 14320 E libbinder.IPCThreadState: Binder transaction failure. id: 530458, cmd: BR_DEAD_REPLY (29189), error: -22 (Invalid argument)
04-05 13:13:55.304 14098 14393 E libbinder.IPCThreadState: Binder transaction failure. id: 530496, cmd: BR_DEAD_REPLY (29189), error: -22 (Invalid argument)
04-05 13:13:55.354  1300  1626 E SmsApplication: com.google.android.apps.messaging lost android:read_cell_broadcasts:  (fixing)
04-05 13:13:55.423   647  1256 E RoleControllerServiceImpl: Default/fallback role holder package doesn't qualify for the role, package: com.google.android.gms.supervision, role: android.app.role.SYSTEM_SUPERVISION, user: 0
04-05 13:13:55.770   647  1256 E RoleControllerServiceImpl: Default/fallback role holder package doesn't qualify for the role, package: com.google.android.gms, role: android.app.role.SYSTEM_DEPENDENCY_INSTALLER, user: 0
04-05 13:13:56.099 14919 15064 E ConsumerBase: [ImageReader-173x173f1u2816m2-14919-4] abandonLocked: ConsumerBase is abandoned!
04-05 13:13:56.144   647  1256 E RoleControllerServiceImpl: Default/fallback role holder package doesn't qualify for the role, package: com.google.android.gms, role: android.app.role.WALLET, user: 0
04-05 13:13:56.248 14903 15163 E Ambient : Installed publisher verification failed
04-05 13:13:56.249 14903 15163 E Ambient : Installed publisher verification failed
04-05 13:13:56.519   647  1034 E WifiChipAidlImpl: getUsableChannels failed with service-specific exception: android.os.ServiceSpecificException:  (code 4)
04-05 13:13:56.583   647   778 E JobScheduler.Concurrency: # stated jobs for 8 went negative.
04-05 13:13:56.622  1300  1300 E RemoteVvmTaskManager: onServiceDisconnected: remoteService disconnected, 0 tasks dropped.
04-05 13:13:56.690   647   795 E InputDispatcher: channel '[Gesture Monitor] swipe-up' ~ Channel is unrecoverably broken and will be disposed!
04-05 13:13:56.697   647   795 E InputDispatcher: channel '[Gesture Monitor] minus-one' ~ Channel is unrecoverably broken and will be disposed!
04-05 13:13:56.698   647   795 E InputDispatcher: channel 'e3c77cb Taskbar' ~ Channel is unrecoverably broken and will be disposed!
04-05 13:13:56.698   647   795 E InputDispatcher: channel '8b5b8ca com.google.android.apps.nexuslauncher/com.google.android.apps.nexuslauncher.NexusLauncherActivity' ~ Channel is unrecoverably broken and will be disposed!
04-05 13:13:56.721   647   795 E libbinder.IPCThreadState: Binder transaction failure. id: 531576, cmd: BR_DEAD_REPLY (29189), error: -22 (Invalid argument)
04-05 13:13:56.736  1135  1204 E SingleInstanceRemoteListener: Failed remote call on null listener
04-05 13:13:56.745 15384 15392 E JavaBinder: *** Uncaught remote exception! Exceptions are not yet supported across processes. Client PID 0 UID 10193.
04-05 13:13:56.745 15384 15392 E JavaBinder: android.database.StaleDataException: Attempted to access a cursor after it has been closed.
04-05 13:13:56.745 15384 15392 E JavaBinder: 	at android.database.CursorToBulkCursorAdaptor.throwIfCursorIsClosed(CursorToBulkCursorAdaptor.java:137)
04-05 13:13:56.745 15384 15392 E JavaBinder: 	at android.database.CursorToBulkCursorAdaptor.getWindow(CursorToBulkCursorAdaptor.java:175)
04-05 13:13:56.745 15384 15392 E JavaBinder: 	at android.database.BulkCursorNative.onTransact(BulkCursorNative.java:65)
04-05 13:13:56.745 15384 15392 E JavaBinder: 	at android.os.Binder.execTransactInternal(Binder.java:1466)
04-05 13:13:56.745 15384 15392 E JavaBinder: 	at android.os.Binder.execTransact(Binder.java:1411)
04-05 13:13:56.829   511   511 E BpTransactionCompletedListener: Failed to transact (-32)
04-05 13:13:56.829   511   511 E BpTransactionCompletedListener: Failed to transact (-32)
04-05 13:13:56.855   647  1445 E AppOps  : Bad call made by uid 1000. Package "com.google.android.googlequicksearchbox" does not belong to uid 1000.
04-05 13:13:56.881 14098 14393 E libbinder.IPCThreadState: Binder transaction failure. id: 531760, cmd: BR_DEAD_REPLY (29189), error: -22 (Invalid argument)
04-05 13:13:56.897 14098 14320 E libbinder.IPCThreadState: Binder transaction failure. id: 531770, cmd: BR_DEAD_REPLY (29189), error: -22 (Invalid argument)
04-05 13:13:56.999   647  1038 E Nl80211Native: getChannelsMhzForBand: Wiphy index not recorded for band 8
04-05 13:13:56.999   647  1038 E Nl80211Native: getChannelsMhzForBand: Wiphy index not recorded for band 16
04-05 13:13:57.006   647  1244 E libbinder.IPCThreadState: Binder transaction failure. id: 531824, cmd: BR_DEAD_REPLY (29189), error: -22 (Invalid argument)
04-05 13:13:57.014 15120 15280 E MendelPackageState: Failed to commit to config
04-05 13:13:57.014 15120 15280 E MendelPackageState: ddmv: 20: 20: The connection to Google Play services was lost due to service disconnection.
04-05 13:13:57.014 15120 15280 E MendelPackageState: 	at ddmx.apply(PG:13)
04-05 13:13:57.014 15120 15280 E MendelPackageState: 	at erae.d(PG:3)
04-05 13:13:57.014 15120 15280 E MendelPackageState: 	at erag.run(PG:139)
04-05 13:13:57.014 15120 15280 E MendelPackageState: 	at ercb.execute(PG:1)
04-05 13:13:57.014 15120 15280 E MendelPackageState: 	at erah.e(PG:1)
04-05 13:13:57.014 15120 15280 E MendelPackageState: 	at erah.k(PG:95)
04-05 13:13:57.014 15120 15280 E MendelPackageState: 	at erah.o(PG:19)
04-05 13:13:57.014 15120 15280 E MendelPackageState: 	at cplt.a(PG:35)
04-05 13:13:57.014 15120 15280 E MendelPackageState: 	at cder.run(PG:176)
04-05 13:13:57.014 15120 15280 E MendelPackageState: 	at ercb.execute(PG:1)
04-05 13:13:57.014 15120 15280 E MendelPackageState: 	at cdes.e(PG:105)
04-05 13:13:57.014 15120 15280 E MendelPackageState: 	at cdfd.b(PG:34)
04-05 13:13:57.014 15120 15280 E MendelPackageState: 	at cdfj.t(PG:17)
04-05 13:13:57.014 15120 15280 E MendelPackageState: 	at cdeo.c(PG:3)
04-05 13:13:57.014 15120 15280 E MendelPackageState: 	at cder.run(PG:55)
04-05 13:13:57.014 15120 15280 E MendelPackageState: 	at cdfg.execute(PG:1)
04-05 13:13:57.014 15120 15280 E MendelPackageState: 	at cdes.e(PG:57)
04-05 13:13:57.014 15120 15280 E MendelPackageState: 	at cdfd.b(PG:34)
04-05 13:13:57.014 15120 15280 E MendelPackageState: 	at cdfj.v(PG:21)
04-05 13:13:57.014 15120 15280 E MendelPackageState: 	at cbda.a(PG:112)
04-05 13:13:57.014 15120 15280 E MendelPackageState: 	at cbed.k(PG:60)
04-05 13:13:57.014 15120 15280 E MendelPackageState: 	at cbed.gZ(PG:15)
04-05 13:13:57.014 15120 15280 E MendelPackageState: 	at cbed.t(PG:15)
04-05 13:13:57.014 15120 15280 E MendelPackageState: 	at cbed.u(PG:23)
04-05 13:13:57.014 15120 15280 E MendelPackageState: 	at cbed.f(PG:16)
04-05 13:13:57.014 15120 15280 E MendelPackageState: 	at cbeh.handleMessage(PG:842)
04-05 13:13:57.014 15120 15280 E MendelPackageState: 	at android.os.Handler.dispatchMessageImpl(Handler.java:138)
04-05 13:13:57.014 15120 15280 E MendelPackageState: 	at android.os.Handler.dispatchMessage(Handler.java:125)
04-05 13:13:57.014 15120 15280 E MendelPackageState: 	at ccbx.b(PG:1)
04-05 13:13:57.014 15120 15280 E MendelPackageState: 	at ccbx.dispatchMessage(PG:1)
04-05 13:13:57.014 15120 15280 E MendelPackageState: 	at android.os.Looper.loopOnce(Looper.java:292)
04-05 13:13:57.014 15120 15280 E MendelPackageState: 	at android.os.Looper.loop(Looper.java:393)
04-05 13:13:57.014 15120 15280 E MendelPackageState: 	at android.os.HandlerThread.run(HandlerThread.java:139)
04-05 13:13:57.014 15120 15280 E MendelPackageState: Caused by: cbba: 20: The connection to Google Play services was lost due to service disconnection.
04-05 13:13:57.014 15120 15280 E MendelPackageState: 	at cbda.a(PG:105)
04-05 13:13:57.014 15120 15280 E MendelPackageState: 	... 13 more
04-05 13:13:57.050 14805 15491 E NativeHotLoader: Failed to hotload library '/apex/com.google.android.gmssystem/priv-app/PrebuiltGmsCoreVic@CP21.260306.017.A1/PrebuiltGmsCoreVic.apk!/lib/x86_64/libgmscore.so'. [CONTEXT service_id=447 ]
04-05 13:13:57.132 14805 15052 E libbinder.IPCThreadState: Binder transaction failure. id: 532026, cmd: BR_DEAD_REPLY (29189), error: -22 (Invalid argument)
04-05 13:13:57.134  1135  1135 E LauncherProxyService: Failed to get launcher proxy for system bar attr change.
04-05 13:13:57.218   647  1600 E AppOps  : Bad call made by uid 1000. Package "com.google.android.googlequicksearchbox" does not belong to uid 1000.
04-05 13:13:57.246   647  2068 E AppOps  : Bad call made by uid 1000. Package "com.google.android.googlequicksearchbox" does not belong to uid 1000.
04-05 13:13:57.269   647  1951 E JobServiceContext: Error sending onStopJob to client.
04-05 13:13:57.269   647  1951 E JobServiceContext: android.os.DeadObjectException
04-05 13:13:57.269   647  1951 E JobServiceContext: 	at android.os.BinderProxy.transactNative(Native Method)
04-05 13:13:57.269   647  1951 E JobServiceContext: 	at android.os.BinderProxy.transact(BinderProxy.java:617)
04-05 13:13:57.269   647  1951 E JobServiceContext: 	at android.app.job.IJobService$Stub$Proxy.stopJob(IJobService.java:203)
04-05 13:13:57.269   647  1951 E JobServiceContext: 	at com.android.server.job.JobServiceContext.sendStopMessageLocked(JobServiceContext.java:1619)
04-05 13:13:57.269   647  1951 E JobServiceContext: 	at com.android.server.job.JobServiceContext.handleCancelLocked(JobServiceContext.java:1454)
04-05 13:13:57.269   647  1951 E JobServiceContext: 	at com.android.server.job.JobServiceContext.doCancelLocked(JobServiceContext.java:1335)
04-05 13:13:57.269   647  1951 E JobServiceContext: 	at com.android.server.job.JobServiceContext.cancelExecutingJobLocked(JobServiceContext.java:728)
04-05 13:13:57.269   647  1951 E JobServiceContext: 	at com.android.server.job.JobConcurrencyManager.stopJobOnServiceContextLocked(JobConcurrencyManager.java:1343)
04-05 13:13:57.269   647  1951 E JobServiceContext: 	at com.android.server.job.JobSchedulerService.cancelJobImplLocked(JobSchedulerService.java:2451)
04-05 13:13:57.269   647  1951 E JobServiceContext: 	at com.android.server.job.JobSchedulerService.scheduleAsPackage(JobSchedulerService.java:1968)
04-05 13:13:57.269   647  1951 E JobServiceContext: 	at com.android.server.job.JobSchedulerService$JobSchedulerStub.schedule(JobSchedulerService.java:5278)
04-05 13:13:57.269   647  1951 E JobServiceContext: 	at android.app.job.IJobScheduler$Stub.onTransact(IJobScheduler.java:249)
04-05 13:13:57.269   647  1951 E JobServiceContext: 	at android.os.Binder.execTransactInternal(Binder.java:1466)
04-05 13:13:57.269   647  1951 E JobServiceContext: 	at android.os.Binder.execTransact(Binder.java:1411)
04-05 13:13:57.563 15432 15432 E FeatureFlagsImplExport: android.os.flagging.AconfigStorageReadException: ERROR_PACKAGE_NOT_FOUND: package android.xr cannot be found on the device
04-05 13:13:57.869   647  1256 E RoleControllerServiceImpl: Default/fallback role holder package doesn't qualify for the role, package: com.google.android.gms.supervision, role: android.app.role.SYSTEM_SUPERVISION, user: 0
04-05 13:13:57.874  1300  1300 E SmsApplication: com.google.android.apps.messaging lost android:read_cell_broadcasts:  (fixing)
04-05 13:13:57.884   647  1256 E RoleControllerServiceImpl: Default/fallback role holder package doesn't qualify for the role, package: com.google.android.gms, role: android.app.role.SYSTEM_DEPENDENCY_INSTALLER, user: 0
04-05 13:13:57.897  1300  1626 E SmsApplication: com.google.android.apps.messaging lost android:read_cell_broadcasts:  (fixing)
04-05 13:13:57.916   647  1256 E RoleControllerServiceImpl: Default/fallback role holder package doesn't qualify for the role, package: com.google.android.gms, role: android.app.role.WALLET, user: 0
04-05 13:13:58.038   647   683 E PackageManager: Optimistic bind failed.
04-05 13:13:58.038   647   683 E PackageManager: java.util.concurrent.TimeoutException: [Optimistic Bind] Didn't bind to resolver in time!
04-05 13:13:58.038   647   683 E PackageManager: 	at com.android.server.pm.InstantAppResolverConnection.waitForBindLocked(InstantAppResolverConnection.java:160)
04-05 13:13:58.038   647   683 E PackageManager: 	at com.android.server.pm.InstantAppResolverConnection.bind(InstantAppResolverConnection.java:230)
04-05 13:13:58.038   647   683 E PackageManager: 	at com.android.server.pm.InstantAppResolverConnection.lambda$optimisticBind$0(InstantAppResolverConnection.java:260)
04-05 13:13:58.038   647   683 E PackageManager: 	at com.android.server.pm.InstantAppResolverConnection.$r8$lambda$66W2s2mMKe4pk_xXCScH9RCqav8(InstantAppResolverConnection.java:0)
04-05 13:13:58.038   647   683 E PackageManager: 	at com.android.server.pm.InstantAppResolverConnection$$ExternalSyntheticLambda0.run(R8$$SyntheticClass:0)
04-05 13:13:58.038   647   683 E PackageManager: 	at android.os.Handler.handleCallback(Handler.java:1095)
04-05 13:13:58.038   647   683 E PackageManager: 	at android.os.Handler.dispatchMessageImpl(Handler.java:135)
04-05 13:13:58.038   647   683 E PackageManager: 	at android.os.Handler.dispatchMessage(Handler.java:125)
04-05 13:13:58.038   647   683 E PackageManager: 	at android.os.Looper.loopOnce(Looper.java:292)
04-05 13:13:58.038   647   683 E PackageManager: 	at android.os.Looper.loop(Looper.java:393)
04-05 13:13:58.038   647   683 E PackageManager: 	at android.os.HandlerThread.run(HandlerThread.java:139)
04-05 13:14:00.282   647   675 E libbinder.Parcel: Reading a NULL string not supported here.
04-05 13:14:00.331   647   675 E ARProxy : Unknown descriptor: 
04-05 13:14:01.186 15526 15526 E ConsumerBase: [ImageReader-173x173f1u2816m2-15526-0] abandonLocked: ConsumerBase is abandoned!
04-05 13:14:01.377   647  2126 E AppOps  : Bad call made by uid 1000. Package "com.google.android.googlequicksearchbox" does not belong to uid 1000.
04-05 13:14:01.582 15526 15561 E NexusCSStateManager: Failed to fetch from AppSearch
04-05 13:14:01.582 15526 15561 E NexusCSStateManager: java.util.NoSuchElementException: No value present
04-05 13:14:01.582 15526 15561 E NexusCSStateManager: 	at java.util.Optional.get(Optional.java:143)
04-05 13:14:01.582 15526 15561 E NexusCSStateManager: 	at p6.l.onResult(go/retraceme 7226a759aa2bb3787a79806f85d80eaad84f1f1e15acd6db988f2df789d1680d:36)
04-05 13:14:01.582 15526 15561 E NexusCSStateManager: 	at android.app.appsearch.SearchSessionUtil$1.lambda$onResult$0(go/retraceme 50c746ee5c32f88f733077ebeb4008935661f54b3d9e8e373e734d129bb80b29:144)
04-05 13:14:01.582 15526 15561 E NexusCSStateManager: 	at android.app.appsearch.SearchSessionUtil$1.$r8$lambda$CEk3q8sDAQVhU3rQwVueB8FAj_M(go/retraceme 50c746ee5c32f88f733077ebeb4008935661f54b3d9e8e373e734d129bb80b29:1)
04-05 13:14:01.582 15526 15561 E NexusCSStateManager: 	at android.app.appsearch.SearchSessionUtil$1$$ExternalSyntheticLambda0.run(go/retraceme 50c746ee5c32f88f733077ebeb4008935661f54b3d9e8e373e734d129bb80b29:22)
04-05 13:14:01.582 15526 15561 E NexusCSStateManager: 	at androidx.appfunctions.internal.e.execute(go/retraceme 7226a759aa2bb3787a79806f85d80eaad84f1f1e15acd6db988f2df789d1680d:0)
04-05 13:14:01.582 15526 15561 E NexusCSStateManager: 	at android.app.appsearch.SearchSessionUtil.safeExecute(go/retraceme 50c746ee5c32f88f733077ebeb4008935661f54b3d9e8e373e734d129bb80b29:21)
04-05 13:14:01.582 15526 15561 E NexusCSStateManager: 	at android.app.appsearch.SearchSessionUtil$1.onResult(go/retraceme 50c746ee5c32f88f733077ebeb4008935661f54b3d9e8e373e734d129bb80b29:18)
04-05 13:14:01.582 15526 15561 E NexusCSStateManager: 	at android.app.appsearch.aidl.IAppSearchBatchResultCallback$Stub.onTransact(go/retraceme 50c746ee5c32f88f733077ebeb4008935661f54b3d9e8e373e734d129bb80b29:50)
04-05 13:14:01.582 15526 15561 E NexusCSStateManager: 	at android.os.Binder.execTransactInternal(Binder.java:1471)
04-05 13:14:01.582 15526 15561 E NexusCSStateManager: 	at android.os.Binder.execTransact(Binder.java:1411)
04-05 13:14:01.623 15526 15660 E ZeroStateWebSuggestDataLoader: Failed to fetch suggestions from AppSearch
04-05 13:14:01.623 15526 15660 E ZeroStateWebSuggestDataLoader: java.util.NoSuchElementException: No value present
04-05 13:14:01.623 15526 15660 E ZeroStateWebSuggestDataLoader: 	at java.util.Optional.get(Optional.java:143)
04-05 13:14:01.623 15526 15660 E ZeroStateWebSuggestDataLoader: 	at d6.j.onResult(go/retraceme 7226a759aa2bb3787a79806f85d80eaad84f1f1e15acd6db988f2df789d1680d:32)
04-05 13:14:01.623 15526 15660 E ZeroStateWebSuggestDataLoader: 	at android.app.appsearch.SearchSessionUtil$1.lambda$onResult$0(go/retraceme 50c746ee5c32f88f733077ebeb4008935661f54b3d9e8e373e734d129bb80b29:144)
04-05 13:14:01.623 15526 15660 E ZeroStateWebSuggestDataLoader: 	at android.app.appsearch.SearchSessionUtil$1.$r8$lambda$CEk3q8sDAQVhU3rQwVueB8FAj_M(go/retraceme 50c746ee5c32f88f733077ebeb4008935661f54b3d9e8e373e734d129bb80b29:1)
04-05 13:14:01.623 15526 15660 E ZeroStateWebSuggestDataLoader: 	at android.app.appsearch.SearchSessionUtil$1$$ExternalSyntheticLambda0.run(go/retraceme 50c746ee5c32f88f733077ebeb4008935661f54b3d9e8e373e734d129bb80b29:22)
04-05 13:14:01.623 15526 15660 E ZeroStateWebSuggestDataLoader: 	at android.os.Handler.handleCallback(Handler.java:1095)
04-05 13:14:01.623 15526 15660 E ZeroStateWebSuggestDataLoader: 	at android.os.Handler.dispatchMessageImpl(Handler.java:135)
04-05 13:14:01.623 15526 15660 E ZeroStateWebSuggestDataLoader: 	at android.os.Handler.dispatchMessage(Handler.java:125)
04-05 13:14:01.623 15526 15660 E ZeroStateWebSuggestDataLoader: 	at android.os.Looper.loopOnce(Looper.java:292)
04-05 13:14:01.623 15526 15660 E ZeroStateWebSuggestDataLoader: 	at android.os.Looper.loop(Looper.java:393)
04-05 13:14:01.623 15526 15660 E ZeroStateWebSuggestDataLoader: 	at android.os.HandlerThread.run(HandlerThread.java:139)
04-05 13:14:01.709 15534 15746 E egij    : (REDACTED) Failed to recover geofences for LBT Routines using Geller data
04-05 13:14:01.709 15534 15746 E egij    : com.google.android.libraries.geller.portable.GellerException: Code: INVALID_ARGUMENT, Message: Account name is null.
04-05 13:14:01.709 15534 15746 E egij    : 	at dqup.a(PG:89)
04-05 13:14:01.709 15534 15746 E egij    : 	at eiaz.a(PG:17)
04-05 13:14:01.709 15534 15746 E egij    : 	at erbx.a(PG:3)
04-05 13:14:01.709 15534 15746 E egij    : 	at erdn.run(PG:19)
04-05 13:14:01.709 15534 15746 E egij    : 	at cmvb.run(PG:5)
04-05 13:14:01.709 15534 15746 E egij    : 	at epyt.run(PG:46)
04-05 13:14:01.709 15534 15746 E egij    : 	at cmun.run(PG:81)
04-05 13:14:01.709 15534 15746 E egij    : 	at java.lang.Thread.run(Thread.java:1572)
04-05 13:14:01.709 15534 15746 E egij    : 	at cmwf.run(PG:63)
04-05 13:14:01.841   284   292 E lowmemorykiller: process_mrelease 15513 failed: No such process
04-05 13:14:01.870   284   292 E lowmemorykiller: process_mrelease 15534 failed: No such process
04-05 13:14:01.886   647  1241 E AppOps  : Bad call made by uid 1000. Package "com.google.android.googlequicksearchbox" does not belong to uid 1000.
04-05 13:14:01.969   647  2108 E libbinder.IPCThreadState: Binder transaction failure. id: 539180, cmd: BR_DEAD_REPLY (29189), error: -22 (Invalid argument)
04-05 13:14:02.049 15526 15526 E RecyclerView: Cannot scroll to position a LayoutManager set. Call setLayoutManager with a non-null argument.
04-05 13:14:02.052 15526 15526 E RecyclerView: Cannot scroll to position a LayoutManager set. Call setLayoutManager with a non-null argument.
04-05 13:14:02.419 15597 15932 E ActivityThread: Failed to find provider info for androidx.car.app.connection
04-05 13:14:02.621 15526 15526 E ConsumerBase: [ImageReader-1x1f1u2816m2-15526-1] abandonLocked: ConsumerBase is abandoned!
04-05 13:14:02.631 15662 15662 E LibraryModuleRegistry: LibraryModuleRegistry.register():48 Module mobilebert_classifier_android_jni has already been registered to integrated_shared_object
04-05 13:14:03.438 15526 15661 E ConsumerBase: [ImageReader-173x173f1u2816m2-15526-2] abandonLocked: ConsumerBase is abandoned!
04-05 13:14:03.458  1135  1204 E SingleInstanceRemoteListener: Failed remote call on null listener
04-05 13:14:03.488  1135  1135 E LauncherProxyService: Failed to get launcher proxy for system bar attr change.
04-05 13:14:03.666 15597 15877 E PhenotypeFlagCommitter: Retrieving snapshot for com.google.android.dialer failed
04-05 13:14:03.666 15597 15877 E PhenotypeFlagCommitter: java.util.concurrent.TimeoutException: Timed out waiting for Task
04-05 13:14:03.666 15597 15877 E PhenotypeFlagCommitter: 	at zib.l(PG:55)
04-05 13:14:03.666 15597 15877 E PhenotypeFlagCommitter: 	at ylk.c(PG:15)
04-05 13:14:03.666 15597 15877 E PhenotypeFlagCommitter: 	at ylk.d(PG:38)
04-05 13:14:03.666 15597 15877 E PhenotypeFlagCommitter: 	at quj.call(PG:346)
04-05 13:14:03.666 15597 15877 E PhenotypeFlagCommitter: 	at agin.call(PG:21)
04-05 13:14:03.666 15597 15877 E PhenotypeFlagCommitter: 	at aglc.a(PG:3)
04-05 13:14:03.666 15597 15877 E PhenotypeFlagCommitter: 	at agkf.run(PG:19)
04-05 13:14:03.666 15597 15877 E PhenotypeFlagCommitter: 	at agld.run(PG:5)
04-05 13:14:03.666 15597 15877 E PhenotypeFlagCommitter: 	at zgq.run(PG:7)
04-05 13:14:03.666 15597 15877 E PhenotypeFlagCommitter: 	at java.util.concurrent.ThreadPoolExecutor.runWorker(ThreadPoolExecutor.java:1100)
04-05 13:14:03.666 15597 15877 E PhenotypeFlagCommitter: 	at java.util.concurrent.ThreadPoolExecutor$Worker.run(ThreadPoolExecutor.java:624)
04-05 13:14:03.666 15597 15877 E PhenotypeFlagCommitter: 	at xyv.run(PG:80)
04-05 13:14:03.666 15597 15877 E PhenotypeFlagCommitter: 	at zgc.run(PG:678)
04-05 13:14:03.666 15597 15877 E PhenotypeFlagCommitter: 	at java.lang.Thread.run(Thread.java:1572)
04-05 13:14:03.666 15597 15877 E PhenotypeFlagCommitter: 	at zhr.run(PG:61)
04-05 13:14:03.859 15662 15662 E GoogleInputMethodService: GoogleInputMethodService.getAppEditorInfo():1891 App EditorInfo should never be null.
04-05 13:14:03.894  1135  1204 E SingleInstanceRemoteListener: Failed remote call on null listener
04-05 13:14:04.182  1135  1204 E SingleInstanceRemoteListener: Failed remote call on null listener
04-05 13:14:05.165 15933 16029 E PhenotypeFlagCommitter: Retrieving snapshot for com.google.android.partnersetup#com.google.android.partnersetup failed
04-05 13:14:05.165 15933 16029 E PhenotypeFlagCommitter: java.util.concurrent.TimeoutException: Timed out waiting for Task
04-05 13:14:05.165 15933 16029 E PhenotypeFlagCommitter: 	at ho.g(PG:95)
04-05 13:14:05.165 15933 16029 E PhenotypeFlagCommitter: 	at ho.i(PG:9)
04-05 13:14:05.165 15933 16029 E PhenotypeFlagCommitter: 	at ho.h(PG:28)
04-05 13:14:05.165 15933 16029 E PhenotypeFlagCommitter: 	at ahd.run(PG:58)
04-05 13:14:05.165 15933 16029 E PhenotypeFlagCommitter: 	at java.util.concurrent.Executors$RunnableAdapter.call(Executors.java:520)
04-05 13:14:05.165 15933 16029 E PhenotypeFlagCommitter: 	at aws.a(PG:3)
04-05 13:14:05.165 15933 16029 E PhenotypeFlagCommitter: 	at avx.run(PG:19)
04-05 13:14:05.165 15933 16029 E PhenotypeFlagCommitter: 	at awt.run(PG:5)
04-05 13:14:05.165 15933 16029 E PhenotypeFlagCommitter: 	at java.util.concurrent.ThreadPoolExecutor.runWorker(ThreadPoolExecutor.java:1100)
04-05 13:14:05.165 15933 16029 E PhenotypeFlagCommitter: 	at java.util.concurrent.ThreadPoolExecutor$Worker.run(ThreadPoolExecutor.java:624)
04-05 13:14:05.165 15933 16029 E PhenotypeFlagCommitter: 	at eu.run(PG:690)
04-05 13:14:05.165 15933 16029 E PhenotypeFlagCommitter: 	at java.lang.Thread.run(Thread.java:1572)
04-05 13:14:05.165 15933 16029 E PhenotypeFlagCommitter: 	at om.run(PG:58)
04-05 13:14:05.839  1135  1204 E SingleInstanceRemoteListener: Failed remote call on null listener
04-05 13:14:06.111  1135  1204 E SingleInstanceRemoteListener: Failed remote call on null listener
04-05 13:14:06.582 15626 15792 E NativeHotLoader: Failed to hotload library '/apex/com.google.android.gmssystem/priv-app/PrebuiltGmsCoreVic@CP21.260306.017.A1/PrebuiltGmsCoreVic.apk!/lib/x86_64/libgmscore.so'. [CONTEXT service_id=447 ]
04-05 13:14:06.896 15526 15659 E ConsumerBase: [ImageReader-46x46f1u2816m2-15526-3] abandonLocked: ConsumerBase is abandoned!
04-05 13:14:06.916   647   795 E InputDispatcher: channel '[Gesture Monitor] swipe-up' ~ Channel is unrecoverably broken and will be disposed!
04-05 13:14:07.870 15700 15700 E tflite  : third_party/tensorflow/lite/core/subgraph.cc:1083 tensor.data.raw != nullptr was not true.
04-05 13:14:08.023 15700 16195 E GoogleApiManager: Failed to get service from broker. 
04-05 13:14:08.023 15700 16195 E GoogleApiManager: java.lang.SecurityException: Unknown calling package name 'com.google.android.gms'.
04-05 13:14:08.023 15700 16195 E GoogleApiManager: 	at android.os.Parcel.createExceptionOrNull(Parcel.java:3383)
04-05 13:14:08.023 15700 16195 E GoogleApiManager: 	at android.os.Parcel.createException(Parcel.java:3367)
04-05 13:14:08.023 15700 16195 E GoogleApiManager: 	at android.os.Parcel.readException(Parcel.java:3350)
04-05 13:14:08.023 15700 16195 E GoogleApiManager: 	at android.os.Parcel.readException(Parcel.java:3292)
04-05 13:14:08.023 15700 16195 E GoogleApiManager: 	at bdxl.a(:com.google.android.gms@260235038@26.02.35 (260800-862924022):36)
04-05 13:14:08.023 15700 16195 E GoogleApiManager: 	at bdvm.z(:com.google.android.gms@260235038@26.02.35 (260800-862924022):143)
04-05 13:14:08.023 15700 16195 E GoogleApiManager: 	at bdbo.run(:com.google.android.gms@260235038@26.02.35 (260800-862924022):42)
04-05 13:14:08.023 15700 16195 E GoogleApiManager: 	at android.os.Handler.handleCallback(Handler.java:1095)
04-05 13:14:08.023 15700 16195 E GoogleApiManager: 	at android.os.Handler.dispatchMessageImpl(Handler.java:135)
04-05 13:14:08.023 15700 16195 E GoogleApiManager: 	at android.os.Handler.dispatchMessage(Handler.java:125)
04-05 13:14:08.023 15700 16195 E GoogleApiManager: 	at crvf.mD(:com.google.android.gms@260235038@26.02.35 (260800-862924022):1)
04-05 13:14:08.023 15700 16195 E GoogleApiManager: 	at crvf.dispatchMessage(:com.google.android.gms@260235038@26.02.35 (260800-862924022):5)
04-05 13:14:08.023 15700 16195 E GoogleApiManager: 	at android.os.Looper.loopOnce(Looper.java:292)
04-05 13:14:08.023 15700 16195 E GoogleApiManager: 	at android.os.Looper.loop(Looper.java:393)
04-05 13:14:08.023 15700 16195 E GoogleApiManager: 	at android.os.HandlerThread.run(HandlerThread.java:139)
04-05 13:14:08.284 15700 15700 E native  : E0000 00:00:1775369648.313978   15700 re2.cc:250] Error parsing '^|[^\p{Letter}\\]': invalid character class range: \p{Letter}
04-05 13:14:08.284 15700 15700 E native  : E0000 00:00:1775369648.314054   15700 replacement_rule.cc:40] Invalid context regexp: invalid character class range: \p{Letter}
04-05 13:14:08.284 15700 15700 E native  : E0000 00:00:1775369648.314091   15700 replacement_rule.cc:151] Error creating replacement rule.
04-05 13:14:08.284 15700 15700 E native  : E0000 00:00:1775369648.314120   15700 regexp_rewriter.cc:34] Error creating rule MessageLite at 0x7f2ef884ccf0.
04-05 13:14:08.585 15662 15968 E HandwritingSuperpacksUtil: HandwritingSuperpacksUtil.getPackMappingPackName():42 No pack mapping pack found in []
04-05 13:14:08.602 16115 16136 E DatabaseUtils: Writing exception to parcel
04-05 13:14:08.602 16115 16136 E DatabaseUtils: java.lang.UnsupportedOperationException
04-05 13:14:08.602 16115 16136 E DatabaseUtils: 	at com.google.android.apps.gsa.staticplugins.publiccontent.GsaPublicContentProvider.query(PG:480)
04-05 13:14:08.602 16115 16136 E DatabaseUtils: 	at android.content.ContentProvider.query(ContentProvider.java:1670)
04-05 13:14:08.602 16115 16136 E DatabaseUtils: 	at android.content.ContentProvider.query(ContentProvider.java:1766)
04-05 13:14:08.602 16115 16136 E DatabaseUtils: 	at android.content.ContentProvider$Transport.query(ContentProvider.java:304)
04-05 13:14:08.602 16115 16136 E DatabaseUtils: 	at android.content.ContentProviderNative.onTransact(ContentProviderNative.java:109)
04-05 13:14:08.602 16115 16136 E DatabaseUtils: 	at android.os.Binder.execTransactInternal(Binder.java:1466)
04-05 13:14:08.602 16115 16136 E DatabaseUtils: 	at android.os.Binder.execTransact(Binder.java:1411)
04-05 13:14:08.639 16071 16087 E HardwareInfoFeatureProviderImpl: Could not parse manufactured year from serial.
04-05 13:14:08.639 16071 16087 E HardwareInfoFeatureProviderImpl: java.lang.NumberFormatException: For input string: "E"
04-05 13:14:08.639 16071 16087 E HardwareInfoFeatureProviderImpl: 	at java.lang.Integer.parseInt(Integer.java:779)
04-05 13:14:08.639 16071 16087 E HardwareInfoFeatureProviderImpl: 	at java.lang.Integer.valueOf(Integer.java:1106)
04-05 13:14:08.639 16071 16087 E HardwareInfoFeatureProviderImpl: 	at com.google.android.settings.hardwareinfo.HardwareInfoFeatureProviderGoogleImpl.getManufacturedYear(HardwareInfoFeatureProviderGoogleImpl.kt:24)
04-05 13:14:08.639 16071 16087 E HardwareInfoFeatureProviderImpl: 	at com.android.settings.deviceinfo.hardwareinfo.ManufacturedYearPreferenceController.<init>(ManufacturedYearPreferenceController.kt:26)
04-05 13:14:08.639 16071 16087 E HardwareInfoFeatureProviderImpl: 	at java.lang.reflect.Constructor.newInstance0(Native Method)
04-05 13:14:08.639 16071 16087 E HardwareInfoFeatureProviderImpl: 	at java.lang.reflect.Constructor.newInstance(Constructor.java:343)
04-05 13:14:08.639 16071 16087 E HardwareInfoFeatureProviderImpl: 	at com.android.settings.core.BasePreferenceController.createInstance(BasePreferenceController.java:146)
04-05 13:14:08.639 16071 16087 E HardwareInfoFeatureProviderImpl: 	at com.android.settings.slices.SliceBuilderUtils.getPreferenceController(SliceBuilderUtils.java:381)
04-05 13:14:08.639 16071 16087 E HardwareInfoFeatureProviderImpl: 	at com.android.settings.slices.SliceDataConverter.getSliceDataFromXML(SliceDataConverter.java:193)
04-05 13:14:08.639 16071 16087 E HardwareInfoFeatureProviderImpl: 	at com.android.settings.slices.SliceDataConverter.getSliceDataFromProvider(SliceDataConverter.java:148)
04-05 13:14:08.639 16071 16087 E HardwareInfoFeatureProviderImpl: 	at com.android.settings.slices.SliceDataConverter.getSliceData(SliceDataConverter.java:118)
04-05 13:14:08.639 16071 16087 E HardwareInfoFeatureProviderImpl: 	at com.android.settings.slices.SlicesIndexer.getSliceData(SlicesIndexer.java:95)
04-05 13:14:08.639 16071 16087 E HardwareInfoFeatureProviderImpl: 	at com.android.settings.slices.SlicesIndexer.indexSliceData(SlicesIndexer.java:76)
04-05 13:14:08.639 16071 16087 E HardwareInfoFeatureProviderImpl: 	at com.android.settings.slices.SlicesFeatureProviderImpl.indexSliceData(SlicesFeatureProviderImpl.java:64)
04-05 13:14:08.639 16071 16087 E HardwareInfoFeatureProviderImpl: 	at com.android.settings.slices.SlicesDatabaseAccessor.verifyIndexing(SlicesDatabaseAccessor.java:198)
04-05 13:14:08.639 16071 16087 E HardwareInfoFeatureProviderImpl: 	at com.android.settings.slices.SlicesDatabaseAccessor.getSliceUris(SlicesDatabaseAccessor.java:98)
04-05 13:14:08.639 16071 16087 E HardwareInfoFeatureProviderImpl: 	at com.android.settings.slices.SettingsSliceProvider.onGetSliceDescendants(SettingsSliceProvider.java:347)
04-05 13:14:08.639 16071 16087 E HardwareInfoFeatureProviderImpl: 	at androidx.slice.compat.SliceProviderWrapperContainer$SliceProviderWrapper.onGetSliceDescendants(SliceProviderWrapperContainer.java:166)
04-05 13:14:08.639 16071 16087 E HardwareInfoFeatureProviderImpl: 	at android.app.slice.SliceProvider.call(SliceProvider.java:400)
04-05 13:14:08.639 16071 16087 E HardwareInfoFeatureProviderImpl: 	at androidx.slice.compat.SliceProviderWrapperContainer$SliceProviderWrapper.call(SliceProviderWrapperContainer.java:123)
04-05 13:14:08.639 16071 16087 E HardwareInfoFeatureProviderImpl: 	at android.content.ContentProvider.call(ContentProvider.java:2756)
04-05 13:14:08.639 16071 16087 E HardwareInfoFeatureProviderImpl: 	at android.content.ContentProvider$Transport.call(ContentProvider.java:648)
04-05 13:14:08.639 16071 16087 E HardwareInfoFeatureProviderImpl: 	at android.content.ContentProviderNative.onTransact(ContentProviderNative.java:309)
04-05 13:14:08.639 16071 16087 E HardwareInfoFeatureProviderImpl: 	at android.os.Binder.execTransactInternal(Binder.java:1466)
04-05 13:14:08.639 16071 16087 E HardwareInfoFeatureProviderImpl: 	at android.os.Binder.execTransact(Binder.java:1411)
04-05 13:14:08.657 15526 15887 E DoodleDataLoader: Error fetching doodle
04-05 13:14:08.657 15526 15887 E DoodleDataLoader: java.lang.UnsupportedOperationException
04-05 13:14:08.657 15526 15887 E DoodleDataLoader: 	at android.database.DatabaseUtils.readExceptionFromParcel(DatabaseUtils.java:209)
04-05 13:14:08.657 15526 15887 E DoodleDataLoader: 	at android.database.DatabaseUtils.readExceptionFromParcel(DatabaseUtils.java:177)
04-05 13:14:08.657 15526 15887 E DoodleDataLoader: 	at android.content.ContentProviderProxy.query(ContentProviderNative.java:497)
04-05 13:14:08.657 15526 15887 E DoodleDataLoader: 	at android.content.ContentProviderClient.lambda$query$1(ContentProviderClient.java:330)
04-05 13:14:08.657 15526 15887 E DoodleDataLoader: 	at android.content.ContentProviderClient.$r8$lambda$30ruSb8khJgOcMU3BAg6NHb0qXI(ContentProviderClient.java:0)
04-05 13:14:08.657 15526 15887 E DoodleDataLoader: 	at android.content.ContentProviderClient$$ExternalSyntheticLambda5.apply(D8$$SyntheticClass:0)
04-05 13:14:08.657 15526 15887 E DoodleDataLoader: 	at android.content.ContentProviderClient.execute(ContentProviderClient.java:732)
04-05 13:14:08.657 15526 15887 E DoodleDataLoader: 	at android.content.ContentProviderClient.query(ContentProviderClient.java:329)
04-05 13:14:08.657 15526 15887 E DoodleDataLoader: 	at android.content.ContentProviderClient.query(ContentProviderClient.java:320)
04-05 13:14:08.657 15526 15887 E DoodleDataLoader: 	at android.content.ContentProviderClient.query(ContentProviderClient.java:310)
04-05 13:14:08.657 15526 15887 E DoodleDataLoader: 	at l6.d.d(go/retraceme 7226a759aa2bb3787a79806f85d80eaad84f1f1e15acd6db988f2df789d1680d:23)
04-05 13:14:08.657 15526 15887 E DoodleDataLoader: 	at l6.g.run(go/retraceme 7226a759aa2bb3787a79806f85d80eaad84f1f1e15acd6db988f2df789d1680d:2)
04-05 13:14:08.657 15526 15887 E DoodleDataLoader: 	at android.os.Handler.handleCallback(Handler.java:1095)
04-05 13:14:08.657 15526 15887 E DoodleDataLoader: 	at android.os.Handler.dispatchMessageImpl(Handler.java:135)
04-05 13:14:08.657 15526 15887 E DoodleDataLoader: 	at android.os.Handler.dispatchMessage(Handler.java:125)
04-05 13:14:08.657 15526 15887 E DoodleDataLoader: 	at android.os.Looper.loopOnce(Looper.java:292)
04-05 13:14:08.657 15526 15887 E DoodleDataLoader: 	at android.os.Looper.loop(Looper.java:393)
04-05 13:14:08.657 15526 15887 E DoodleDataLoader: 	at android.os.HandlerThread.run(HandlerThread.java:139)
04-05 13:14:10.100 16198 16314 E PhotosApiClient: Execution exception occurred: java.util.concurrent.ExecutionException: io.grpc.StatusRuntimeException: UNIMPLEMENTED: bindService(Intent { act=grpc.io.action.BIND xflg=0x4 cmp=com.google.android.apps.photos/.curatedwallpapers.apiservice.PhotosCuratedWallpapersApiService }) returned false
04-05 13:14:10.113 15626 15820 E DynamicModuleDownloader: download status failed for MlkitOcrCommon.optional
04-05 13:14:10.334 15529 15785 E WakeLock: GCM_CONN_ALARM ** IS FORCE-RELEASED ON TIMEOUT ** [CONTEXT service_id=259 ]
04-05 13:14:10.529 15626 15820 E DynamicModuleDownloader: download status failed for MlkitOcrCommon.optional
04-05 13:14:10.630 15626 15820 E DynamicModuleDownloader: download status failed for MlkitOcrCommon.optional
04-05 13:14:10.653 15626 15820 E DynamicModuleDownloader: download status failed for MlkitOcrCommon.optional
04-05 13:14:10.891 15626 15820 E DynamicModuleDownloader: download status failed for MlkitOcrCommon.optional
04-05 13:14:11.134 15526 15661 E ConsumerBase: [ImageReader-173x173f1u2816m2-15526-4] abandonLocked: ConsumerBase is abandoned!
04-05 13:14:12.653 15626 15952 E native  : E0000 00:00:1775369652.652928   15952 document-store.cc:1359] Failed to update per-doc-data with usage report
04-05 13:14:12.727 15529 16222 E UsageReportingOptionsSt: INTERNAL_ERROR: setOptInOption should not be called while user is locked. [CONTEXT service_id=41 ]
04-05 13:14:12.805 16071 16087 E ScreenResolutionController: No support
04-05 13:14:12.964   647   647 E libbinder.IPCThreadState: Binder transaction failure. id: 550818, cmd: BR_DEAD_REPLY (29189), error: -22 (Invalid argument)
04-05 13:14:14.336 15529 15785 E WakeLock: GCM_READ ** IS FORCE-RELEASED ON TIMEOUT ** [CONTEXT service_id=259 ]
04-05 13:14:15.158   284   294 E lowmemorykiller: process_mrelease 15700 failed: No such process
04-05 13:14:15.270 16359 16481 E cr_ChromiumAndroidLinker: AndroidDlopenExt: android_dlopen_ext: dlopen failed: reserved address space 17711104 smaller than 219037696 bytes needed for "/data/app/~~nV2uhcUYDvgk3Uc4Hk4zDQ==/com.google.android.trichromelibrary_763204538-aZGc9uonGegSHAv4iS45Aw==/TrichromeLibrary.apk!/lib/x86_64/libmonochrome_64.so"
04-05 13:14:15.270 16359 16481 E cr_ChromiumAndroidLinker: LoadWithDlopenExt: android_dlopen_ext() error
04-05 13:14:15.270 16359 16481 E cr_ChromiumAndroidLinker: LoadLibrary: Failed to load native library: libmonochrome_64.so
04-05 13:14:15.270 16359 16481 E cr_Linker: Unable to load with Linker, using the system linker instead
04-05 13:14:15.401 15526 15661 E Launcher.Model: Loader task completed, name: [addCallbacksAndLoad], mIsCommitted=true
04-05 13:14:15.842 15529 15782 E libbinder.IPCThreadState: Binder transaction failure. id: 551603, cmd: BR_DEAD_REPLY (29189), error: -22 (Invalid argument)
04-05 13:14:17.350 16137 16510 E ActivityThread: Failed to find provider info for androidx.car.app.connection
04-05 13:14:18.454 15959 16172 E Ambient : Installed publisher verification failed
04-05 13:14:18.467 15959 16172 E Ambient : Installed publisher verification failed
04-05 13:14:18.526   647  1952 E libbinder.IPCThreadState: Binder transaction failure. id: 553235, cmd: BR_DEAD_REPLY (29189), error: -22 (Invalid argument)
04-05 13:14:18.582   284   294 E lowmemorykiller: process_mrelease 16137 failed: No such process
04-05 13:14:18.594   284   294 E lowmemorykiller: process_mrelease 15662 failed: No such process
04-05 13:14:18.699   647  1909 E libbinder.IPCThreadState: binder thread pool (31 threads) starved for 151 ms
04-05 13:14:18.740 15626 15792 E DynamicModuleDownloader: download status failed for MlkitOcrCommon.optional
04-05 13:14:18.743 15626 15792 E DynamicModuleDownloader: download status failed for MlkitOcrCommon.optional
04-05 13:14:18.828   647  1244 E libbinder.IPCThreadState: Binder transaction failure. id: 553408, cmd: BR_DEAD_REPLY (29189), error: -22 (Invalid argument)
04-05 13:14:18.838 15626 15792 E DynamicModuleDownloader: download status failed for MlkitOcrCommon.optional
04-05 13:14:18.838 15626 15792 E DynamicModuleDownloader: download status failed for MlkitOcrCommon.optional
04-05 13:14:18.848 15626 15792 E DynamicModuleDownloader: download status failed for MlkitOcrCommon.optional
04-05 13:14:18.849 15626 15792 E DynamicModuleDownloader: download status failed for MlkitOcrCommon.optional
04-05 13:14:18.936 15529 16070 E libbinder.IPCThreadState: Binder transaction failure. id: 553590, cmd: BR_DEAD_REPLY (29189), error: -22 (Invalid argument)
04-05 13:14:19.033  1300  1300 E RemoteVvmTaskManager: onServiceDisconnected: remoteService disconnected, 0 tasks dropped.
04-05 13:14:19.074 15529 15782 E libbinder.IPCThreadState: Binder transaction failure. id: 553772, cmd: BR_DEAD_REPLY (29189), error: -22 (Invalid argument)
04-05 13:14:19.130 15529 16108 E libbinder.IPCThreadState: Binder transaction failure. id: 553867, cmd: BR_DEAD_REPLY (29189), error: -22 (Invalid argument)
04-05 13:14:19.606 15529 15715 E libbinder.IPCThreadState: Binder transaction failure. id: 554791, cmd: BR_DEAD_REPLY (29189), error: -22 (Invalid argument)
04-05 13:14:19.621   647  2111 E libbinder.IPCThreadState: Binder transaction failure. id: 554738, cmd: BR_DEAD_REPLY (29189), error: -3 (No such process)
04-05 13:14:19.737 16381 16396 E JavaBinder: *** Uncaught remote exception! Exceptions are not yet supported across processes. Client PID 15626 UID 10209.
04-05 13:14:19.737 16381 16396 E JavaBinder: android.database.StaleDataException: Attempted to access a cursor after it has been closed.
04-05 13:14:19.737 16381 16396 E JavaBinder: 	at android.database.CursorToBulkCursorAdaptor.throwIfCursorIsClosed(CursorToBulkCursorAdaptor.java:137)
04-05 13:14:19.737 16381 16396 E JavaBinder: 	at android.database.CursorToBulkCursorAdaptor.getBulkCursorDescriptor(CursorToBulkCursorAdaptor.java:155)
04-05 13:14:19.737 16381 16396 E JavaBinder: 	at android.content.ContentProviderNative.onTransact(ContentProviderNative.java:119)
04-05 13:14:19.737 16381 16396 E JavaBinder: 	at android.os.Binder.execTransactInternal(Binder.java:1466)
04-05 13:14:19.737 16381 16396 E JavaBinder: 	at android.os.Binder.execTransact(Binder.java:1411)
04-05 13:14:19.807 15529 15782 E libbinder.IPCThreadState: Binder transaction failure. id: 555076, cmd: BR_DEAD_REPLY (29189), error: -22 (Invalid argument)
04-05 13:14:19.812   647  2141 E AppOps  : Bad call made by uid 1000. Package "com.google.android.googlequicksearchbox" does not belong to uid 1000.
04-05 13:14:19.812 15529 15782 E libbinder.IPCThreadState: Binder transaction failure. id: 555082, cmd: BR_DEAD_REPLY (29189), error: -22 (Invalid argument)
04-05 13:14:19.816 15529 15782 E libbinder.IPCThreadState: Binder transaction failure. id: 555092, cmd: BR_DEAD_REPLY (29189), error: -22 (Invalid argument)
04-05 13:14:19.817 15526 16171 E OneSearchSuggestProvider: Unable to get suggestions from AGA for zero state
04-05 13:14:19.817 15526 16171 E OneSearchSuggestProvider: io.grpc.StatusRuntimeException: UNAVAILABLE: binderDied
04-05 13:14:19.817 15526 16171 E OneSearchSuggestProvider: 	at i9.g.a(go/retraceme 7226a759aa2bb3787a79806f85d80eaad84f1f1e15acd6db988f2df789d1680d:36)
04-05 13:14:19.817 15526 16171 E OneSearchSuggestProvider: 	at g9.n.b(go/retraceme 7226a759aa2bb3787a79806f85d80eaad84f1f1e15acd6db988f2df789d1680d:27)
04-05 13:14:19.817 15526 16171 E OneSearchSuggestProvider: 	at g9.n.a(go/retraceme 7226a759aa2bb3787a79806f85d80eaad84f1f1e15acd6db988f2df789d1680d:13)
04-05 13:14:19.817 15526 16171 E OneSearchSuggestProvider: 	at g9.z.run(go/retraceme 7226a759aa2bb3787a79806f85d80eaad84f1f1e15acd6db988f2df789d1680d:6)
04-05 13:14:19.817 15526 16171 E OneSearchSuggestProvider: 	at g9.k5.run(go/retraceme 7226a759aa2bb3787a79806f85d80eaad84f1f1e15acd6db988f2df789d1680d:18)
04-05 13:14:19.817 15526 16171 E OneSearchSuggestProvider: 	at java.util.concurrent.ThreadPoolExecutor.runWorker(ThreadPoolExecutor.java:1100)
04-05 13:14:19.817 15526 16171 E OneSearchSuggestProvider: 	at java.util.concurrent.ThreadPoolExecutor$Worker.run(ThreadPoolExecutor.java:624)
04-05 13:14:19.817 15526 16171 E OneSearchSuggestProvider: 	at java.lang.Thread.run(Thread.java:1572)
04-05 13:14:19.843 15529 15782 E libbinder.IPCThreadState: Binder transaction failure. id: 555161, cmd: BR_DEAD_REPLY (29189), error: -22 (Invalid argument)
04-05 13:14:19.849 15529 15715 E libbinder.IPCThreadState: Binder transaction failure. id: 555172, cmd: BR_DEAD_REPLY (29189), error: -22 (Invalid argument)
04-05 13:14:19.892 15529 15715 E libbinder.IPCThreadState: Binder transaction failure. id: 555277, cmd: BR_DEAD_REPLY (29189), error: -22 (Invalid argument)
04-05 13:14:19.909 15529 15782 E libbinder.IPCThreadState: Binder transaction failure. id: 555357, cmd: BR_DEAD_REPLY (29189), error: -22 (Invalid argument)
04-05 13:14:19.909 15529 15715 E libbinder.IPCThreadState: Binder transaction failure. id: 555361, cmd: BR_DEAD_REPLY (29189), error: -22 (Invalid argument)
04-05 13:14:19.957   647   647 E libbinder.IPCThreadState: Binder transaction failure. id: 555427, cmd: BR_DEAD_REPLY (29189), error: -22 (Invalid argument)
04-05 13:14:19.992 15529 15715 E libbinder.IPCThreadState: Binder transaction failure. id: 555481, cmd: BR_DEAD_REPLY (29189), error: -22 (Invalid argument)
04-05 13:14:19.996   647   795 E InputDispatcher: channel 'stylus-handwriting-event-receiver-0' ~ Channel is unrecoverably broken and will be disposed!
04-05 13:14:20.162 15529 15782 E libbinder.IPCThreadState: Binder transaction failure. id: 555847, cmd: BR_DEAD_REPLY (29189), error: -22 (Invalid argument)
04-05 13:14:20.266   647  1034 E WifiChipAidlImpl: getUsableChannels failed with service-specific exception: android.os.ServiceSpecificException:  (code 4)
04-05 13:14:20.669 15959 16737 E AiAiNotificationAssistantService: No completion listener supplied for this service!
04-05 13:14:20.866 15529 16116 E libbinder.IPCThreadState: Binder transaction failure. id: 557108, cmd: BR_DEAD_REPLY (29189), error: -22 (Invalid argument)
04-05 13:14:20.918 15529 16116 E libbinder.IPCThreadState: Binder transaction failure. id: 557195, cmd: BR_DEAD_REPLY (29189), error: -22 (Invalid argument)
04-05 13:14:20.931 15529 16116 E libbinder.IPCThreadState: Binder transaction failure. id: 557230, cmd: BR_DEAD_REPLY (29189), error: -22 (Invalid argument)
04-05 13:14:20.936 15529 16116 E libbinder.IPCThreadState: Binder transaction failure. id: 557245, cmd: BR_DEAD_REPLY (29189), error: -22 (Invalid argument)
04-05 13:14:20.941 15529 16116 E libbinder.IPCThreadState: Binder transaction failure. id: 557252, cmd: BR_DEAD_REPLY (29189), error: -22 (Invalid argument)
04-05 13:14:20.943 15529 16116 E libbinder.IPCThreadState: Binder transaction failure. id: 557257, cmd: BR_DEAD_REPLY (29189), error: -22 (Invalid argument)
04-05 13:14:20.944 15529 16116 E libbinder.IPCThreadState: Binder transaction failure. id: 557261, cmd: BR_DEAD_REPLY (29189), error: -22 (Invalid argument)
04-05 13:14:20.955 15529 16116 E libbinder.IPCThreadState: Binder transaction failure. id: 557276, cmd: BR_DEAD_REPLY (29189), error: -22 (Invalid argument)
04-05 13:14:20.957 15529 16116 E libbinder.IPCThreadState: Binder transaction failure. id: 557278, cmd: BR_DEAD_REPLY (29189), error: -22 (Invalid argument)
04-05 13:14:20.966 15529 16116 E libbinder.IPCThreadState: Binder transaction failure. id: 557295, cmd: BR_DEAD_REPLY (29189), error: -22 (Invalid argument)
04-05 13:14:20.968 15529 16116 E libbinder.IPCThreadState: Binder transaction failure. id: 557297, cmd: BR_DEAD_REPLY (29189), error: -22 (Invalid argument)
04-05 13:14:20.973 15529 16116 E libbinder.IPCThreadState: Binder transaction failure. id: 557302, cmd: BR_DEAD_REPLY (29189), error: -22 (Invalid argument)
04-05 13:14:20.974 15529 16116 E libbinder.IPCThreadState: Binder transaction failure. id: 557305, cmd: BR_DEAD_REPLY (29189), error: -22 (Invalid argument)
04-05 13:14:21.077 15529 16116 E libbinder.IPCThreadState: Binder transaction failure. id: 557487, cmd: BR_DEAD_REPLY (29189), error: -22 (Invalid argument)
04-05 13:14:21.093 15529 16116 E libbinder.IPCThreadState: Binder transaction failure. id: 557503, cmd: BR_DEAD_REPLY (29189), error: -22 (Invalid argument)
04-05 13:14:21.094 15529 16116 E libbinder.IPCThreadState: Binder transaction failure. id: 557508, cmd: BR_DEAD_REPLY (29189), error: -22 (Invalid argument)
04-05 13:14:21.096 15529 16116 E libbinder.IPCThreadState: Binder transaction failure. id: 557510, cmd: BR_DEAD_REPLY (29189), error: -22 (Invalid argument)
04-05 13:14:21.110 16115 16232 E egij    : (REDACTED) Failed to recover geofences for LBT Routines using Geller data
04-05 13:14:21.110 16115 16232 E egij    : com.google.android.libraries.geller.portable.GellerException: Code: INVALID_ARGUMENT, Message: Account name is null.
04-05 13:14:21.110 16115 16232 E egij    : 	at dqup.a(PG:89)
04-05 13:14:21.110 16115 16232 E egij    : 	at eiaz.a(PG:17)
04-05 13:14:21.110 16115 16232 E egij    : 	at erbx.a(PG:3)
04-05 13:14:21.110 16115 16232 E egij    : 	at erdn.run(PG:19)
04-05 13:14:21.110 16115 16232 E egij    : 	at cmvb.run(PG:5)
04-05 13:14:21.110 16115 16232 E egij    : 	at epyt.run(PG:46)
04-05 13:14:21.110 16115 16232 E egij    : 	at cmun.run(PG:81)
04-05 13:14:21.110 16115 16232 E egij    : 	at java.lang.Thread.run(Thread.java:1572)
04-05 13:14:21.110 16115 16232 E egij    : 	at cmwf.run(PG:63)
04-05 13:14:21.136 15529 15841 E AbstractGmsTracer: Traced class shouldn't be obfuscated: dibo [CONTEXT service_id=259 ]
04-05 13:14:21.221 15529 16116 E libbinder.IPCThreadState: Binder transaction failure. id: 557738, cmd: BR_DEAD_REPLY (29189), error: -22 (Invalid argument)
04-05 13:14:21.223 15529 16116 E libbinder.IPCThreadState: Binder transaction failure. id: 557739, cmd: BR_DEAD_REPLY (29189), error: -22 (Invalid argument)
04-05 13:14:21.371 16638 16809 E ActivityThread: Failed to find provider info for androidx.car.app.connection
04-05 13:14:21.464 16709 16709 E LibraryModuleRegistry: LibraryModuleRegistry.register():48 Module mobilebert_classifier_android_jni has already been registered to integrated_shared_object
04-05 13:14:22.206 16668 16806 E IntentOperationSvc: Dropping the index due to too many crashes. Continue as a fresh start.
04-05 13:14:22.493 15529 15782 E libbinder.IPCThreadState: Binder transaction failure. id: 559964, cmd: BR_DEAD_REPLY (29189), error: -22 (Invalid argument)
04-05 13:14:22.531 16709 16709 E GoogleInputMethodService: GoogleInputMethodService.getAppEditorInfo():1891 App EditorInfo should never be null.
04-05 13:14:22.548 15529 15711 E libbinder.IPCThreadState: Binder transaction failure. id: 560044, cmd: BR_DEAD_REPLY (29189), error: -22 (Invalid argument)
04-05 13:14:22.605 15529 15782 E libbinder.IPCThreadState: Binder transaction failure. id: 560111, cmd: BR_DEAD_REPLY (29189), error: -22 (Invalid argument)
04-05 13:14:23.041 15529 15715 E libbinder.IPCThreadState: Binder transaction failure. id: 560445, cmd: BR_DEAD_REPLY (29189), error: -22 (Invalid argument)
04-05 13:14:23.143 16638 16769 E PhenotypeFlagCommitter: Retrieving snapshot for com.google.android.dialer failed
04-05 13:14:23.143 16638 16769 E PhenotypeFlagCommitter: java.util.concurrent.TimeoutException: Timed out waiting for Task
04-05 13:14:23.143 16638 16769 E PhenotypeFlagCommitter: 	at zib.l(PG:55)
04-05 13:14:23.143 16638 16769 E PhenotypeFlagCommitter: 	at ylk.c(PG:15)
04-05 13:14:23.143 16638 16769 E PhenotypeFlagCommitter: 	at ylk.d(PG:38)
04-05 13:14:23.143 16638 16769 E PhenotypeFlagCommitter: 	at quj.call(PG:346)
04-05 13:14:23.143 16638 16769 E PhenotypeFlagCommitter: 	at agin.call(PG:21)
04-05 13:14:23.143 16638 16769 E PhenotypeFlagCommitter: 	at aglc.a(PG:3)
04-05 13:14:23.143 16638 16769 E PhenotypeFlagCommitter: 	at agkf.run(PG:19)
04-05 13:14:23.143 16638 16769 E PhenotypeFlagCommitter: 	at agld.run(PG:5)
04-05 13:14:23.143 16638 16769 E PhenotypeFlagCommitter: 	at zgq.run(PG:7)
04-05 13:14:23.143 16638 16769 E PhenotypeFlagCommitter: 	at java.util.concurrent.ThreadPoolExecutor.runWorker(ThreadPoolExecutor.java:1100)
04-05 13:14:23.143 16638 16769 E PhenotypeFlagCommitter: 	at java.util.concurrent.ThreadPoolExecutor$Worker.run(ThreadPoolExecutor.java:624)
04-05 13:14:23.143 16638 16769 E PhenotypeFlagCommitter: 	at xyv.run(PG:80)
04-05 13:14:23.143 16638 16769 E PhenotypeFlagCommitter: 	at zgc.run(PG:678)
04-05 13:14:23.143 16638 16769 E PhenotypeFlagCommitter: 	at java.lang.Thread.run(Thread.java:1572)
04-05 13:14:23.143 16638 16769 E PhenotypeFlagCommitter: 	at zhr.run(PG:61)
04-05 13:14:23.259 15529 15715 E libbinder.IPCThreadState: Binder transaction failure. id: 560704, cmd: BR_DEAD_REPLY (29189), error: -22 (Invalid argument)
04-05 13:14:23.604 15529 15715 E libbinder.IPCThreadState: Binder transaction failure. id: 561363, cmd: BR_DEAD_REPLY (29189), error: -22 (Invalid argument)
04-05 13:14:23.620 15529 15715 E libbinder.IPCThreadState: Binder transaction failure. id: 561396, cmd: BR_DEAD_REPLY (29189), error: -22 (Invalid argument)
04-05 13:14:23.710 15529 15715 E libbinder.IPCThreadState: Binder transaction failure. id: 561450, cmd: BR_DEAD_REPLY (29189), error: -22 (Invalid argument)
04-05 13:14:23.975 16709 16709 E GoogleInputMethodService: GoogleInputMethodService.getAppEditorInfo():1891 App EditorInfo should never be null.
04-05 13:14:24.576   647   669 E AppOps  : Bad call made by uid 1000. Package "com.google.android.googlequicksearchbox" does not belong to uid 1000.
04-05 13:14:24.583 16709 16784 E HandwritingSuperpacksUtil: HandwritingSuperpacksUtil.getPackMappingPackName():42 No pack mapping pack found in []
04-05 13:14:24.735 15529 15715 E libbinder.IPCThreadState: Binder transaction failure. id: 562887, cmd: BR_DEAD_REPLY (29189), error: -22 (Invalid argument)
04-05 13:14:24.757   647   647 E libbinder.IPCThreadState: Binder transaction failure. id: 562920, cmd: BR_DEAD_REPLY (29189), error: -22 (Invalid argument)
04-05 13:14:24.849   647   795 E InputDispatcher: channel 'stylus-handwriting-event-receiver-0' ~ Channel is unrecoverably broken and will be disposed!
04-05 13:14:24.894 15529 15715 E libbinder.IPCThreadState: Binder transaction failure. id: 563009, cmd: BR_DEAD_REPLY (29189), error: -22 (Invalid argument)
04-05 13:14:25.092   284   294 E lowmemorykiller: process_mrelease 16529 failed: No such process
04-05 13:14:25.340   647  2114 E AppOps  : Bad call made by uid 1000. Package "com.google.android.googlequicksearchbox" does not belong to uid 1000.
04-05 13:14:25.354  1300  1300 E RemoteVvmTaskManager: onServiceDisconnected: remoteService disconnected, 0 tasks dropped.
04-05 13:14:25.562   647   795 E InputDispatcher: channel '[Gesture Monitor] swipe-up' ~ Channel is unrecoverably broken and will be disposed!
04-05 13:14:25.564   647   795 E InputDispatcher: channel 'ed05cc7 Taskbar' ~ Channel is unrecoverably broken and will be disposed!
04-05 13:14:25.567   647   795 E libbinder.IPCThreadState: Binder transaction failure. id: 564428, cmd: BR_DEAD_REPLY (29189), error: -3 (No such process)
04-05 13:14:25.569   647   795 E libbinder.IPCThreadState: Binder transaction failure. id: 564439, cmd: BR_DEAD_REPLY (29189), error: -22 (Invalid argument)
04-05 13:14:25.572   647   795 E InputDispatcher: channel '[Gesture Monitor] minus-one' ~ Channel is unrecoverably broken and will be disposed!
04-05 13:14:25.572   647   795 E InputDispatcher: channel 'b59e936 com.google.android.apps.nexuslauncher/com.google.android.apps.nexuslauncher.NexusLauncherActivity' ~ Channel is unrecoverably broken and will be disposed!
04-05 13:14:25.574   647   795 E libbinder.IPCThreadState: Binder transaction failure. id: 564451, cmd: BR_DEAD_REPLY (29189), error: -22 (Invalid argument)
04-05 13:14:25.581   647   795 E WindowManager: Failed to notify SystemGestureExclusionListener
04-05 13:14:25.581   647   795 E WindowManager: android.os.DeadObjectException
04-05 13:14:25.581   647   795 E WindowManager: 	at android.os.BinderProxy.transactNative(Native Method)
04-05 13:14:25.581   647   795 E WindowManager: 	at android.os.BinderProxy.transact(BinderProxy.java:617)
04-05 13:14:25.581   647   795 E WindowManager: 	at android.view.ISystemGestureExclusionListener$Stub$Proxy.onSystemGestureExclusionChanged(ISystemGestureExclusionListener.java:149)
04-05 13:14:25.581   647   795 E WindowManager: 	at com.android.server.wm.DisplayContent.updateSystemGestureExclusion(DisplayContent.java:6160)
04-05 13:14:25.581   647   795 E WindowManager: 	at com.android.server.wm.RootWindowContainer.$r8$lambda$duiRZ8o9OFmknC4bfox9QU5nVF8(RootWindowContainer.java:841)
04-05 13:14:25.581   647   795 E WindowManager: 	at com.android.server.wm.RootWindowContainer$$ExternalSyntheticLambda20.accept(R8$$SyntheticClass:0)
04-05 13:14:25.581   647   795 E WindowManager: 	at com.android.server.wm.RootWindowContainer.forAllDisplays(RootWindowContainer.java:1104)
04-05 13:14:25.581   647   795 E WindowManager: 	at com.android.server.wm.RootWindowContainer.performSurfacePlacement(RootWindowContainer.java:839)
04-05 13:14:25.581   647   795 E WindowManager: 	at com.android.server.wm.WindowSurfacePlacer.performSurfacePlacementLoop(WindowSurfacePlacer.java:176)
04-05 13:14:25.581   647   795 E WindowManager: 	at com.android.server.wm.WindowSurfacePlacer.performSurfacePlacement(WindowSurfacePlacer.java:124)
04-05 13:14:25.581   647   795 E WindowManager: 	at com.android.server.wm.WindowSurfacePlacer.performSurfacePlacement(WindowSurfacePlacer.java:113)
04-05 13:14:25.581   647   795 E WindowManager: 	at com.android.server.wm.WindowManagerService.postWindowRemoveCleanupLocked(WindowManagerService.java:2336)
04-05 13:14:25.581   647   795 E WindowManager: 	at com.android.server.wm.WindowState.removeImmediately(WindowState.java:2346)
04-05 13:14:25.581   647   795 E WindowManager: 	at com.android.server.wm.WindowState.removeIfPossible(WindowState.java:2519)
04-05 13:14:25.581   647   795 E WindowManager: 	at com.android.server.wm.InputManagerCallback.notifyInputChannelBroken(InputManagerCallback.java:95)
04-05 13:14:25.581   647   795 E WindowManager: 	at com.android.server.input.InputManagerService.notifyInputChannelBroken(InputManagerService.java:2614)
04-05 13:14:25.624  1135  1204 E SingleInstanceRemoteListener: Failed remote call on null listener
04-05 13:14:25.712   511   511 E BpTransactionCompletedListener: Failed to transact (-32)
04-05 13:14:25.712   511   511 E BpTransactionCompletedListener: Failed to transact (-32)
04-05 13:14:25.791 15529 15715 E libbinder.IPCThreadState: Binder transaction failure. id: 564737, cmd: BR_DEAD_REPLY (29189), error: -22 (Invalid argument)
04-05 13:14:25.859 15529 15715 E libbinder.IPCThreadState: Binder transaction failure. id: 564841, cmd: BR_DEAD_REPLY (29189), error: -22 (Invalid argument)
04-05 13:14:25.899 16668 16960 E libbinder.IPCThreadState: Binder transaction failure. id: 564907, cmd: BR_DEAD_REPLY (29189), error: -22 (Invalid argument)
04-05 13:14:25.988   284   292 E lowmemorykiller: process_mrelease 16886 failed: No such process
04-05 13:14:26.228 15529 15715 E libbinder.IPCThreadState: Binder transaction failure. id: 565194, cmd: BR_DEAD_REPLY (29189), error: -22 (Invalid argument)
04-05 13:14:26.250  1135  1135 E LauncherProxyService: Failed to get launcher proxy for system bar attr change.
04-05 13:14:26.305   647   647 E JobServiceContext: Error sending onStart message to '.modules.routines.impl.worker.RoutinesJobIntentService' 
04-05 13:14:26.305   647   647 E JobServiceContext: android.os.DeadObjectException
04-05 13:14:26.305   647   647 E JobServiceContext: 	at android.os.BinderProxy.transactNative(Native Method)
04-05 13:14:26.305   647   647 E JobServiceContext: 	at android.os.BinderProxy.transact(BinderProxy.java:617)
04-05 13:14:26.305   647   647 E JobServiceContext: 	at android.app.job.IJobService$Stub$Proxy.startJob(IJobService.java:190)
04-05 13:14:26.305   647   647 E JobServiceContext: 	at com.android.server.job.JobServiceContext.handleServiceBoundLocked(JobServiceContext.java:1361)
04-05 13:14:26.305   647   647 E JobServiceContext: 	at com.android.server.job.JobServiceContext.doServiceBoundLocked(JobServiceContext.java:1270)
04-05 13:14:26.305   647   647 E JobServiceContext: 	at com.android.server.job.JobServiceContext.onServiceConnected(JobServiceContext.java:1124)
04-05 13:14:26.305   647   647 E JobServiceContext: 	at android.content.ServiceConnection.onServiceConnected(ServiceConnection.java:75)
04-05 13:14:26.305   647   647 E JobServiceContext: 	at android.app.LoadedApk$ServiceDispatcher.doConnected(LoadedApk.java:2453)
04-05 13:14:26.305   647   647 E JobServiceContext: 	at android.app.LoadedApk$ServiceDispatcher$RunConnection.run(LoadedApk.java:2489)
04-05 13:14:26.305   647   647 E JobServiceContext: 	at android.os.Handler.handleCallback(Handler.java:1095)
04-05 13:14:26.305   647   647 E JobServiceContext: 	at android.os.Handler.dispatchMessageImpl(Handler.java:135)
04-05 13:14:26.305   647   647 E JobServiceContext: 	at android.os.Handler.dispatchMessage(Handler.java:125)
04-05 13:14:26.305   647   647 E JobServiceContext: 	at android.os.Looper.loopOnce(Looper.java:292)
04-05 13:14:26.305   647   647 E JobServiceContext: 	at android.os.Looper.loop(Looper.java:393)
04-05 13:14:26.305   647   647 E JobServiceContext: 	at com.android.server.SystemServer.run(SystemServer.java:1092)
04-05 13:14:26.305   647   647 E JobServiceContext: 	at com.android.server.SystemServer.main(SystemServer.java:721)
04-05 13:14:26.305   647   647 E JobServiceContext: 	at java.lang.reflect.Method.invoke(Native Method)
04-05 13:14:26.305   647   647 E JobServiceContext: 	at com.android.internal.os.RuntimeInit$MethodAndArgsCaller.run(RuntimeInit.java:575)
04-05 13:14:26.305   647   647 E JobServiceContext: 	at com.android.internal.os.ZygoteInit.main(ZygoteInit.java:917)
04-05 13:14:26.342   647   647 E JobServiceContext: Error sending onStart message to 'androidx.work.impl.background.systemjob.SystemJobService' 
04-05 13:14:26.342   647   647 E JobServiceContext: android.os.DeadObjectException
04-05 13:14:26.342   647   647 E JobServiceContext: 	at android.os.BinderProxy.transactNative(Native Method)
04-05 13:14:26.342   647   647 E JobServiceContext: 	at android.os.BinderProxy.transact(BinderProxy.java:617)
04-05 13:14:26.342   647   647 E JobServiceContext: 	at android.app.job.IJobService$Stub$Proxy.startJob(IJobService.java:190)
04-05 13:14:26.342   647   647 E JobServiceContext: 	at com.android.server.job.JobServiceContext.handleServiceBoundLocked(JobServiceContext.java:1361)
04-05 13:14:26.342   647   647 E JobServiceContext: 	at com.android.server.job.JobServiceContext.doServiceBoundLocked(JobServiceContext.java:1270)
04-05 13:14:26.342   647   647 E JobServiceContext: 	at com.android.server.job.JobServiceContext.onServiceConnected(JobServiceContext.java:1124)
04-05 13:14:26.342   647   647 E JobServiceContext: 	at android.content.ServiceConnection.onServiceConnected(ServiceConnection.java:75)
04-05 13:14:26.342   647   647 E JobServiceContext: 	at android.app.LoadedApk$ServiceDispatcher.doConnected(LoadedApk.java:2453)
04-05 13:14:26.342   647   647 E JobServiceContext: 	at android.app.LoadedApk$ServiceDispatcher$RunConnection.run(LoadedApk.java:2489)
04-05 13:14:26.342   647   647 E JobServiceContext: 	at android.os.Handler.handleCallback(Handler.java:1095)
04-05 13:14:26.342   647   647 E JobServiceContext: 	at android.os.Handler.dispatchMessageImpl(Handler.java:135)
04-05 13:14:26.342   647   647 E JobServiceContext: 	at android.os.Handler.dispatchMessage(Handler.java:125)
04-05 13:14:26.342   647   647 E JobServiceContext: 	at android.os.Looper.loopOnce(Looper.java:292)
04-05 13:14:26.342   647   647 E JobServiceContext: 	at android.os.Looper.loop(Looper.java:393)
04-05 13:14:26.342   647   647 E JobServiceContext: 	at com.android.server.SystemServer.run(SystemServer.java:1092)
04-05 13:14:26.342   647   647 E JobServiceContext: 	at com.android.server.SystemServer.main(SystemServer.java:721)
04-05 13:14:26.342   647   647 E JobServiceContext: 	at java.lang.reflect.Method.invoke(Native Method)
04-05 13:14:26.342   647   647 E JobServiceContext: 	at com.android.internal.os.RuntimeInit$MethodAndArgsCaller.run(RuntimeInit.java:575)
04-05 13:14:26.342   647   647 E JobServiceContext: 	at com.android.internal.os.ZygoteInit.main(ZygoteInit.java:917)
04-05 13:14:26.343   647   647 E libbinder.IPCThreadState: Binder transaction failure. id: 565413, cmd: BR_DEAD_REPLY (29189), error: -22 (Invalid argument)
04-05 13:14:26.363   647   647 E JobServiceContext: Error sending onStart message to 'com.google.android.finsky.scheduler.process.mainimpl.PhoneskyJobServiceMain' 
04-05 13:14:26.363   647   647 E JobServiceContext: android.os.DeadObjectException
04-05 13:14:26.363   647   647 E JobServiceContext: 	at android.os.BinderProxy.transactNative(Native Method)
04-05 13:14:26.363   647   647 E JobServiceContext: 	at android.os.BinderProxy.transact(BinderProxy.java:617)
04-05 13:14:26.363   647   647 E JobServiceContext: 	at android.app.job.IJobService$Stub$Proxy.startJob(IJobService.java:190)
04-05 13:14:26.363   647   647 E JobServiceContext: 	at com.android.server.job.JobServiceContext.handleServiceBoundLocked(JobServiceContext.java:1361)
04-05 13:14:26.363   647   647 E JobServiceContext: 	at com.android.server.job.JobServiceContext.doServiceBoundLocked(JobServiceContext.java:1270)
04-05 13:14:26.363   647   647 E JobServiceContext: 	at com.android.server.job.JobServiceContext.onServiceConnected(JobServiceContext.java:1124)
04-05 13:14:26.363   647   647 E JobServiceContext: 	at android.content.ServiceConnection.onServiceConnected(ServiceConnection.java:75)
04-05 13:14:26.363   647   647 E JobServiceContext: 	at android.app.LoadedApk$ServiceDispatcher.doConnected(LoadedApk.java:2453)
04-05 13:14:26.363   647   647 E JobServiceContext: 	at android.app.LoadedApk$ServiceDispatcher$RunConnection.run(LoadedApk.java:2489)
04-05 13:14:26.363   647   647 E JobServiceContext: 	at android.os.Handler.handleCallback(Handler.java:1095)
04-05 13:14:26.363   647   647 E JobServiceContext: 	at android.os.Handler.dispatchMessageImpl(Handler.java:135)
04-05 13:14:26.363   647   647 E JobServiceContext: 	at android.os.Handler.dispatchMessage(Handler.java:125)
04-05 13:14:26.363   647   647 E JobServiceContext: 	at android.os.Looper.loopOnce(Looper.java:292)
04-05 13:14:26.363   647   647 E JobServiceContext: 	at android.os.Looper.loop(Looper.java:393)
04-05 13:14:26.363   647   647 E JobServiceContext: 	at com.android.server.SystemServer.run(SystemServer.java:1092)
04-05 13:14:26.363   647   647 E JobServiceContext: 	at com.android.server.SystemServer.main(SystemServer.java:721)
04-05 13:14:26.363   647   647 E JobServiceContext: 	at java.lang.reflect.Method.invoke(Native Method)
04-05 13:14:26.363   647   647 E JobServiceContext: 	at com.android.internal.os.RuntimeInit$MethodAndArgsCaller.run(RuntimeInit.java:575)
04-05 13:14:26.363   647   647 E JobServiceContext: 	at com.android.internal.os.ZygoteInit.main(ZygoteInit.java:917)
04-05 13:14:26.426   647  1951 E AppOps  : Bad call made by uid 1000. Package "com.google.android.googlequicksearchbox" does not belong to uid 1000.
04-05 13:14:26.518   647   647 E libbinder.IPCThreadState: Binder transaction failure. id: 565672, cmd: BR_DEAD_REPLY (29189), error: -22 (Invalid argument)
04-05 13:14:26.734 15529 15715 E libbinder.IPCThreadState: Binder transaction failure. id: 566150, cmd: BR_DEAD_REPLY (29189), error: -22 (Invalid argument)
04-05 13:14:26.781 15529 15715 E libbinder.IPCThreadState: Binder transaction failure. id: 566199, cmd: BR_DEAD_REPLY (29189), error: -22 (Invalid argument)
04-05 13:14:26.828 15529 15715 E libbinder.IPCThreadState: Binder transaction failure. id: 566298, cmd: BR_DEAD_REPLY (29189), error: -22 (Invalid argument)
04-05 13:14:26.901 17032 17032 E LibraryModuleRegistry: LibraryModuleRegistry.register():48 Module mobilebert_classifier_android_jni has already been registered to integrated_shared_object
04-05 13:14:26.929 15529 15715 E libbinder.IPCThreadState: Binder transaction failure. id: 566511, cmd: BR_DEAD_REPLY (29189), error: -22 (Invalid argument)
04-05 13:14:26.943 15529 15715 E libbinder.IPCThreadState: Binder transaction failure. id: 566539, cmd: BR_DEAD_REPLY (29189), error: -22 (Invalid argument)
04-05 13:14:26.960 15529 15715 E libbinder.IPCThreadState: Binder transaction failure. id: 566574, cmd: BR_DEAD_REPLY (29189), error: -22 (Invalid argument)
04-05 13:14:27.393 17093 17093 E ConsumerBase: [ImageReader-173x173f1u2816m2-17093-0] abandonLocked: ConsumerBase is abandoned!
04-05 13:14:27.593 17093 17114 E NexusCSStateManager: Failed to fetch from AppSearch
04-05 13:14:27.593 17093 17114 E NexusCSStateManager: java.util.NoSuchElementException: No value present
04-05 13:14:27.593 17093 17114 E NexusCSStateManager: 	at java.util.Optional.get(Optional.java:143)
04-05 13:14:27.593 17093 17114 E NexusCSStateManager: 	at p6.l.onResult(go/retraceme 7226a759aa2bb3787a79806f85d80eaad84f1f1e15acd6db988f2df789d1680d:36)
04-05 13:14:27.593 17093 17114 E NexusCSStateManager: 	at android.app.appsearch.SearchSessionUtil$1.lambda$onResult$0(go/retraceme 50c746ee5c32f88f733077ebeb4008935661f54b3d9e8e373e734d129bb80b29:144)
04-05 13:14:27.593 17093 17114 E NexusCSStateManager: 	at android.app.appsearch.SearchSessionUtil$1.$r8$lambda$CEk3q8sDAQVhU3rQwVueB8FAj_M(go/retraceme 50c746ee5c32f88f733077ebeb4008935661f54b3d9e8e373e734d129bb80b29:1)
04-05 13:14:27.593 17093 17114 E NexusCSStateManager: 	at android.app.appsearch.SearchSessionUtil$1$$ExternalSyntheticLambda0.run(go/retraceme 50c746ee5c32f88f733077ebeb4008935661f54b3d9e8e373e734d129bb80b29:22)
04-05 13:14:27.593 17093 17114 E NexusCSStateManager: 	at androidx.appfunctions.internal.e.execute(go/retraceme 7226a759aa2bb3787a79806f85d80eaad84f1f1e15acd6db988f2df789d1680d:0)
04-05 13:14:27.593 17093 17114 E NexusCSStateManager: 	at android.app.appsearch.SearchSessionUtil.safeExecute(go/retraceme 50c746ee5c32f88f733077ebeb4008935661f54b3d9e8e373e734d129bb80b29:21)
04-05 13:14:27.593 17093 17114 E NexusCSStateManager: 	at android.app.appsearch.SearchSessionUtil$1.onResult(go/retraceme 50c746ee5c32f88f733077ebeb4008935661f54b3d9e8e373e734d129bb80b29:18)
04-05 13:14:27.593 17093 17114 E NexusCSStateManager: 	at android.app.appsearch.aidl.IAppSearchBatchResultCallback$Stub.onTransact(go/retraceme 50c746ee5c32f88f733077ebeb4008935661f54b3d9e8e373e734d129bb80b29:50)
04-05 13:14:27.593 17093 17114 E NexusCSStateManager: 	at android.os.Binder.execTransactInternal(Binder.java:1471)
04-05 13:14:27.593 17093 17114 E NexusCSStateManager: 	at android.os.Binder.execTransact(Binder.java:1411)
04-05 13:14:27.640 17093 17177 E ZeroStateWebSuggestDataLoader: Failed to fetch suggestions from AppSearch
04-05 13:14:27.640 17093 17177 E ZeroStateWebSuggestDataLoader: java.util.NoSuchElementException: No value present
04-05 13:14:27.640 17093 17177 E ZeroStateWebSuggestDataLoader: 	at java.util.Optional.get(Optional.java:143)
04-05 13:14:27.640 17093 17177 E ZeroStateWebSuggestDataLoader: 	at d6.j.onResult(go/retraceme 7226a759aa2bb3787a79806f85d80eaad84f1f1e15acd6db988f2df789d1680d:32)
04-05 13:14:27.640 17093 17177 E ZeroStateWebSuggestDataLoader: 	at android.app.appsearch.SearchSessionUtil$1.lambda$onResult$0(go/retraceme 50c746ee5c32f88f733077ebeb4008935661f54b3d9e8e373e734d129bb80b29:144)
04-05 13:14:27.640 17093 17177 E ZeroStateWebSuggestDataLoader: 	at android.app.appsearch.SearchSessionUtil$1.$r8$lambda$CEk3q8sDAQVhU3rQwVueB8FAj_M(go/retraceme 50c746ee5c32f88f733077ebeb4008935661f54b3d9e8e373e734d129bb80b29:1)
04-05 13:14:27.640 17093 17177 E ZeroStateWebSuggestDataLoader: 	at android.app.appsearch.SearchSessionUtil$1$$ExternalSyntheticLambda0.run(go/retraceme 50c746ee5c32f88f733077ebeb4008935661f54b3d9e8e373e734d129bb80b29:22)
04-05 13:14:27.640 17093 17177 E ZeroStateWebSuggestDataLoader: 	at android.os.Handler.handleCallback(Handler.java:1095)
04-05 13:14:27.640 17093 17177 E ZeroStateWebSuggestDataLoader: 	at android.os.Handler.dispatchMessageImpl(Handler.java:135)
04-05 13:14:27.640 17093 17177 E ZeroStateWebSuggestDataLoader: 	at android.os.Handler.dispatchMessage(Handler.java:125)
04-05 13:14:27.640 17093 17177 E ZeroStateWebSuggestDataLoader: 	at android.os.Looper.loopOnce(Looper.java:292)
04-05 13:14:27.640 17093 17177 E ZeroStateWebSuggestDataLoader: 	at android.os.Looper.loop(Looper.java:393)
04-05 13:14:27.640 17093 17177 E ZeroStateWebSuggestDataLoader: 	at android.os.HandlerThread.run(HandlerThread.java:139)
04-05 13:14:27.750 17112 17280 E libbinder.IPCThreadState: Binder transaction failure. id: 567658, cmd: BR_DEAD_REPLY (29189), error: -3 (No such process)
04-05 13:14:27.796   647   762 E libbinder.IPCThreadState: Binder transaction failure. id: 567716, cmd: BR_DEAD_REPLY (29189), error: -22 (Invalid argument)
04-05 13:14:27.812   647  1038 E Nl80211Native: getChannelsMhzForBand: Wiphy index not recorded for band 8
04-05 13:14:27.816   647  1038 E Nl80211Native: getChannelsMhzForBand: Wiphy index not recorded for band 16
04-05 13:14:27.963 17093 17093 E RecyclerView: Cannot scroll to position a LayoutManager set. Call setLayoutManager with a non-null argument.
04-05 13:14:27.967 17093 17093 E RecyclerView: Cannot scroll to position a LayoutManager set. Call setLayoutManager with a non-null argument.
04-05 13:14:28.305 17032 17032 E GoogleInputMethodService: GoogleInputMethodService.getAppEditorInfo():1891 App EditorInfo should never be null.
04-05 13:14:28.630   284   292 E lowmemorykiller: process_mrelease 17264 failed: No such process
04-05 13:14:28.695   647   683 E PackageManager: Optimistic bind failed.
04-05 13:14:28.695   647   683 E PackageManager: java.util.concurrent.TimeoutException: [Optimistic Bind] Didn't bind to resolver in time!
04-05 13:14:28.695   647   683 E PackageManager: 	at com.android.server.pm.InstantAppResolverConnection.waitForBindLocked(InstantAppResolverConnection.java:160)
04-05 13:14:28.695   647   683 E PackageManager: 	at com.android.server.pm.InstantAppResolverConnection.bind(InstantAppResolverConnection.java:230)
04-05 13:14:28.695   647   683 E PackageManager: 	at com.android.server.pm.InstantAppResolverConnection.lambda$optimisticBind$0(InstantAppResolverConnection.java:260)
04-05 13:14:28.695   647   683 E PackageManager: 	at com.android.server.pm.InstantAppResolverConnection.$r8$lambda$66W2s2mMKe4pk_xXCScH9RCqav8(InstantAppResolverConnection.java:0)
04-05 13:14:28.695   647   683 E PackageManager: 	at com.android.server.pm.InstantAppResolverConnection$$ExternalSyntheticLambda0.run(R8$$SyntheticClass:0)
04-05 13:14:28.695   647   683 E PackageManager: 	at android.os.Handler.handleCallback(Handler.java:1095)
04-05 13:14:28.695   647   683 E PackageManager: 	at android.os.Handler.dispatchMessageImpl(Handler.java:135)
04-05 13:14:28.695   647   683 E PackageManager: 	at android.os.Handler.dispatchMessage(Handler.java:125)
04-05 13:14:28.695   647   683 E PackageManager: 	at android.os.Looper.loopOnce(Looper.java:292)
04-05 13:14:28.695   647   683 E PackageManager: 	at android.os.Looper.loop(Looper.java:393)
04-05 13:14:28.695   647   683 E PackageManager: 	at android.os.HandlerThread.run(HandlerThread.java:139)
04-05 13:14:28.796   647  1206 E AppOps  : Bad call made by uid 1000. Package "com.google.android.googlequicksearchbox" does not belong to uid 1000.
04-05 13:14:28.830 17093 17093 E ConsumerBase: [ImageReader-1x1f1u2816m2-17093-1] abandonLocked: ConsumerBase is abandoned!
04-05 13:14:28.903  1135  1135 E LauncherProxyService: Failed to get launcher proxy for system bar attr change.
04-05 13:14:29.052   647   778 E JobServiceContext: Error sending onNetworkChanged to client.
04-05 13:14:29.052   647   778 E JobServiceContext: android.os.DeadObjectException
04-05 13:14:29.052   647   778 E JobServiceContext: 	at android.os.BinderProxy.transactNative(Native Method)
04-05 13:14:29.052   647   778 E JobServiceContext: 	at android.os.BinderProxy.transact(BinderProxy.java:617)
04-05 13:14:29.052   647   778 E JobServiceContext: 	at android.app.job.IJobService$Stub$Proxy.onNetworkChanged(IJobService.java:216)
04-05 13:14:29.052   647   778 E JobServiceContext: 	at com.android.server.job.JobServiceContext.informOfNetworkChangeLocked(JobServiceContext.java:805)
04-05 13:14:29.052   647   778 E JobServiceContext: 	at com.android.server.job.JobSchedulerService.onNetworkChanged(JobSchedulerService.java:2628)
04-05 13:14:29.052   647   778 E JobServiceContext: 	at com.android.server.job.controllers.ConnectivityController.updateConstraintsSatisfied(ConnectivityController.java:1444)
04-05 13:14:29.052   647   778 E JobServiceContext: 	at com.android.server.job.controllers.ConnectivityController.updateTrackedJobsLocked(ConnectivityController.java:1538)
04-05 13:14:29.052   647   778 E JobServiceContext: 	at com.android.server.job.controllers.ConnectivityController.updateTrackedJobsLocked(ConnectivityController.java:1497)
04-05 13:14:29.052   647   778 E JobServiceContext: 	at com.android.server.job.controllers.ConnectivityController.-$$Nest$mupdateTrackedJobsLocked(ConnectivityController.java:0)
04-05 13:14:29.052   647   778 E JobServiceContext: 	at com.android.server.job.controllers.ConnectivityController$UidDefaultNetworkCallback.onBlockedStatusChanged(ConnectivityController.java:2106)
04-05 13:14:29.052   647   778 E JobServiceContext: 	at android.net.ConnectivityManager$CallbackHandler.handleMessage(ConnectivityManager.java:4718)
04-05 13:14:29.052   647   778 E JobServiceContext: 	at android.os.Handler.dispatchMessageImpl(Handler.java:142)
04-05 13:14:29.052   647   778 E JobServiceContext: 	at android.os.Handler.dispatchMessage(Handler.java:125)
04-05 13:14:29.052   647   778 E JobServiceContext: 	at android.os.Looper.loopOnce(Looper.java:292)
04-05 13:14:29.052   647   778 E JobServiceContext: 	at android.os.Looper.loop(Looper.java:393)
04-05 13:14:29.052   647   778 E JobServiceContext: 	at android.os.HandlerThread.run(HandlerThread.java:139)
04-05 13:14:29.137   647   795 E InputDispatcher: channel 'stylus-handwriting-event-receiver-0' ~ Channel is unrecoverably broken and will be disposed!
04-05 13:14:29.292 17186 17431 E ActivityThread: Failed to find provider info for androidx.car.app.connection
04-05 13:14:29.594   284   292 E lowmemorykiller: process_mrelease 17093 failed: No such process
04-05 13:14:29.959   647  1242 E AppOps  : Bad call made by uid 1000. Package "com.google.android.googlequicksearchbox" does not belong to uid 1000.
04-05 13:14:30.076  1300  1300 E RemoteVvmTaskManager: onServiceDisconnected: remoteService disconnected, 0 tasks dropped.
04-05 13:14:30.077   284   292 E lowmemorykiller: process_mrelease 17422 failed: No such process
04-05 13:14:30.700 17484 17484 E ConsumerBase: [ImageReader-173x173f1u2816m2-17484-0] abandonLocked: ConsumerBase is abandoned!
04-05 13:14:30.852   647  2108 E AppOps  : Bad call made by uid 1000. Package "com.google.android.googlequicksearchbox" does not belong to uid 1000.
04-05 13:14:30.927 17484 17549 E NexusCSStateManager: Failed to fetch from AppSearch
04-05 13:14:30.927 17484 17549 E NexusCSStateManager: java.util.NoSuchElementException: No value present
04-05 13:14:30.927 17484 17549 E NexusCSStateManager: 	at java.util.Optional.get(Optional.java:143)
04-05 13:14:30.927 17484 17549 E NexusCSStateManager: 	at p6.l.onResult(go/retraceme 7226a759aa2bb3787a79806f85d80eaad84f1f1e15acd6db988f2df789d1680d:36)
04-05 13:14:30.927 17484 17549 E NexusCSStateManager: 	at android.app.appsearch.SearchSessionUtil$1.lambda$onResult$0(go/retraceme 50c746ee5c32f88f733077ebeb4008935661f54b3d9e8e373e734d129bb80b29:144)
04-05 13:14:30.927 17484 17549 E NexusCSStateManager: 	at android.app.appsearch.SearchSessionUtil$1.$r8$lambda$CEk3q8sDAQVhU3rQwVueB8FAj_M(go/retraceme 50c746ee5c32f88f733077ebeb4008935661f54b3d9e8e373e734d129bb80b29:1)
04-05 13:14:30.927 17484 17549 E NexusCSStateManager: 	at android.app.appsearch.SearchSessionUtil$1$$ExternalSyntheticLambda0.run(go/retraceme 50c746ee5c32f88f733077ebeb4008935661f54b3d9e8e373e734d129bb80b29:22)
04-05 13:14:30.927 17484 17549 E NexusCSStateManager: 	at androidx.appfunctions.internal.e.execute(go/retraceme 7226a759aa2bb3787a79806f85d80eaad84f1f1e15acd6db988f2df789d1680d:0)
04-05 13:14:30.927 17484 17549 E NexusCSStateManager: 	at android.app.appsearch.SearchSessionUtil.safeExecute(go/retraceme 50c746ee5c32f88f733077ebeb4008935661f54b3d9e8e373e734d129bb80b29:21)
04-05 13:14:30.927 17484 17549 E NexusCSStateManager: 	at android.app.appsearch.SearchSessionUtil$1.onResult(go/retraceme 50c746ee5c32f88f733077ebeb4008935661f54b3d9e8e373e734d129bb80b29:18)
04-05 13:14:30.927 17484 17549 E NexusCSStateManager: 	at android.app.appsearch.aidl.IAppSearchBatchResultCallback$Stub.onTransact(go/retraceme 50c746ee5c32f88f733077ebeb4008935661f54b3d9e8e373e734d129bb80b29:50)
04-05 13:14:30.927 17484 17549 E NexusCSStateManager: 	at android.os.Binder.execTransactInternal(Binder.java:1471)
04-05 13:14:30.927 17484 17549 E NexusCSStateManager: 	at android.os.Binder.execTransact(Binder.java:1411)
04-05 13:14:31.013 17484 17541 E ZeroStateWebSuggestDataLoader: Failed to fetch suggestions from AppSearch
04-05 13:14:31.013 17484 17541 E ZeroStateWebSuggestDataLoader: java.util.NoSuchElementException: No value present
04-05 13:14:31.013 17484 17541 E ZeroStateWebSuggestDataLoader: 	at java.util.Optional.get(Optional.java:143)
04-05 13:14:31.013 17484 17541 E ZeroStateWebSuggestDataLoader: 	at d6.j.onResult(go/retraceme 7226a759aa2bb3787a79806f85d80eaad84f1f1e15acd6db988f2df789d1680d:32)
04-05 13:14:31.013 17484 17541 E ZeroStateWebSuggestDataLoader: 	at android.app.appsearch.SearchSessionUtil$1.lambda$onResult$0(go/retraceme 50c746ee5c32f88f733077ebeb4008935661f54b3d9e8e373e734d129bb80b29:144)
04-05 13:14:31.013 17484 17541 E ZeroStateWebSuggestDataLoader: 	at android.app.appsearch.SearchSessionUtil$1.$r8$lambda$CEk3q8sDAQVhU3rQwVueB8FAj_M(go/retraceme 50c746ee5c32f88f733077ebeb4008935661f54b3d9e8e373e734d129bb80b29:1)
04-05 13:14:31.013 17484 17541 E ZeroStateWebSuggestDataLoader: 	at android.app.appsearch.SearchSessionUtil$1$$ExternalSyntheticLambda0.run(go/retraceme 50c746ee5c32f88f733077ebeb4008935661f54b3d9e8e373e734d129bb80b29:22)
04-05 13:14:31.013 17484 17541 E ZeroStateWebSuggestDataLoader: 	at android.os.Handler.handleCallback(Handler.java:1095)
04-05 13:14:31.013 17484 17541 E ZeroStateWebSuggestDataLoader: 	at android.os.Handler.dispatchMessageImpl(Handler.java:135)
04-05 13:14:31.013 17484 17541 E ZeroStateWebSuggestDataLoader: 	at android.os.Handler.dispatchMessage(Handler.java:125)
04-05 13:14:31.013 17484 17541 E ZeroStateWebSuggestDataLoader: 	at android.os.Looper.loopOnce(Looper.java:292)
04-05 13:14:31.013 17484 17541 E ZeroStateWebSuggestDataLoader: 	at android.os.Looper.loop(Looper.java:393)
04-05 13:14:31.013 17484 17541 E ZeroStateWebSuggestDataLoader: 	at android.os.HandlerThread.run(HandlerThread.java:139)
04-05 13:14:31.158 17359 17376 E libbinder.IPCThreadState: Binder transaction failure. id: 572817, cmd: BR_DEAD_REPLY (29189), error: -22 (Invalid argument)
04-05 13:14:31.180 17355 17448 E rules.WifiPresence: setWifiFences failed
04-05 13:14:31.180 17355 17448 E rules.WifiPresence: dda: 17: API: WifiPresenceClient.API is not available on this device. Connection failed with: dbs{statusCode=API_UNAVAILABLE, resolution=null, message=null, clientMethodKey=null}
04-05 13:14:31.180 17355 17448 E rules.WifiPresence: 	at dcx.b(PG:15)
04-05 13:14:31.180 17355 17448 E rules.WifiPresence: 	at jyf.a(PG:5)
04-05 13:14:31.180 17355 17448 E rules.WifiPresence: 	at ddy.e(PG:5)
04-05 13:14:31.180 17355 17448 E rules.WifiPresence: 	at deq.t(PG:48)
04-05 13:14:31.180 17355 17448 E rules.WifiPresence: 	at deq.f(PG:10)
04-05 13:14:31.180 17355 17448 E rules.WifiPresence: 	at deq.j(PG:164)
04-05 13:14:31.180 17355 17448 E rules.WifiPresence: 	at deq.i(PG:2)
04-05 13:14:31.180 17355 17448 E rules.WifiPresence: 	at bnw.run(PG:278)
04-05 13:14:31.180 17355 17448 E rules.WifiPresence: 	at android.os.Handler.handleCallback(Handler.java:1095)
04-05 13:14:31.180 17355 17448 E rules.WifiPresence: 	at android.os.Handler.dispatchMessageImpl(Handler.java:135)
04-05 13:14:31.180 17355 17448 E rules.WifiPresence: 	at android.os.Handler.dispatchMessage(Handler.java:125)
04-05 13:14:31.180 17355 17448 E rules.WifiPresence: 	at android.os.Looper.loopOnce(Looper.java:292)
04-05 13:14:31.180 17355 17448 E rules.WifiPresence: 	at android.os.Looper.loop(Looper.java:393)
04-05 13:14:31.180 17355 17448 E rules.WifiPresence: 	at android.os.HandlerThread.run(HandlerThread.java:139)
04-05 13:14:31.180 17355 17448 E rules.WifiPresence: setWifiFences failed
04-05 13:14:31.180 17355 17448 E rules.WifiPresence: dda: 17: API: WifiPresenceClient.API is not available on this device. Connection failed with: dbs{statusCode=API_UNAVAILABLE, resolution=null, message=null, clientMethodKey=null}
04-05 13:14:31.180 17355 17448 E rules.WifiPresence: 	at dcx.b(PG:15)
04-05 13:14:31.180 17355 17448 E rules.WifiPresence: 	at jyf.a(PG:5)
04-05 13:14:31.180 17355 17448 E rules.WifiPresence: 	at ddy.e(PG:5)
04-05 13:14:31.180 17355 17448 E rules.WifiPresence: 	at deq.t(PG:48)
04-05 13:14:31.180 17355 17448 E rules.WifiPresence: 	at deq.f(PG:10)
04-05 13:14:31.180 17355 17448 E rules.WifiPresence: 	at deq.j(PG:164)
04-05 13:14:31.180 17355 17448 E rules.WifiPresence: 	at deq.i(PG:2)
04-05 13:14:31.180 17355 17448 E rules.WifiPresence: 	at bnw.run(PG:278)
04-05 13:14:31.180 17355 17448 E rules.WifiPresence: 	at android.os.Handler.handleCallback(Handler.java:1095)
04-05 13:14:31.180 17355 17448 E rules.WifiPresence: 	at android.os.Handler.dispatchMessageImpl(Handler.java:135)
04-05 13:14:31.180 17355 17448 E rules.WifiPresence: 	at android.os.Handler.dispatchMessage(Handler.java:125)
04-05 13:14:31.180 17355 17448 E rules.WifiPresence: 	at android.os.Looper.loopOnce(Looper.java:292)
04-05 13:14:31.180 17355 17448 E rules.WifiPresence: 	at android.os.Looper.loop(Looper.java:393)
04-05 13:14:31.180 17355 17448 E rules.WifiPresence: 	at android.os.HandlerThread.run(HandlerThread.java:139)
04-05 13:14:31.223 17321 17595 E libbinder.IPCThreadState: Binder transaction failure. id: 572929, cmd: BR_DEAD_REPLY (29189), error: -22 (Invalid argument)
04-05 13:14:31.225 17321 17467 E libbinder.IPCThreadState: Binder transaction failure. id: 572938, cmd: BR_DEAD_REPLY (29189), error: -22 (Invalid argument)
04-05 13:14:31.230 17484 17484 E RecyclerView: Cannot scroll to position a LayoutManager set. Call setLayoutManager with a non-null argument.
04-05 13:14:31.232 17484 17484 E RecyclerView: Cannot scroll to position a LayoutManager set. Call setLayoutManager with a non-null argument.
04-05 13:14:31.281 17321 17592 E libbinder.IPCThreadState: Binder transaction failure. id: 573052, cmd: BR_DEAD_REPLY (29189), error: -22 (Invalid argument)
04-05 13:14:31.327 17321 17592 E libbinder.IPCThreadState: Binder transaction failure. id: 573175, cmd: BR_DEAD_REPLY (29189), error: -22 (Invalid argument)
04-05 13:14:31.328 17321 17595 E libbinder.IPCThreadState: Binder transaction failure. id: 573182, cmd: BR_DEAD_REPLY (29189), error: -22 (Invalid argument)
04-05 13:14:31.338 17321 17595 E libbinder.IPCThreadState: Binder transaction failure. id: 573226, cmd: BR_DEAD_REPLY (29189), error: -22 (Invalid argument)
04-05 13:14:31.339   647   675 E libbinder.Parcel: Reading a NULL string not supported here.
04-05 13:14:31.340   647   675 E ARProxy : Unknown descriptor: 
04-05 13:14:31.353 17321 17592 E libbinder.IPCThreadState: Binder transaction failure. id: 573309, cmd: BR_DEAD_REPLY (29189), error: -22 (Invalid argument)
04-05 13:14:31.377  1135  1135 E LauncherProxyService: Failed to get launcher proxy for system bar attr change.
04-05 13:14:31.412 17321 17592 E libbinder.IPCThreadState: Binder transaction failure. id: 573445, cmd: BR_DEAD_REPLY (29189), error: -22 (Invalid argument)
04-05 13:14:31.455 17321 17595 E libbinder.IPCThreadState: Binder transaction failure. id: 573526, cmd: BR_DEAD_REPLY (29189), error: -22 (Invalid argument)
04-05 13:14:31.461 17321 17592 E libbinder.IPCThreadState: Binder transaction failure. id: 573533, cmd: BR_DEAD_REPLY (29189), error: -22 (Invalid argument)
04-05 13:14:31.573 17484 17484 E ConsumerBase: [ImageReader-1x1f1u2816m2-17484-1] abandonLocked: ConsumerBase is abandoned!
04-05 13:14:31.649   284   294 E lowmemorykiller: process_mrelease 17470 failed: No such process
04-05 13:14:31.753   284   292 E lowmemorykiller: process_mrelease 17608 failed: No such process
04-05 13:14:32.658   647  1907 E libbinder.IPCThreadState: Binder transaction failure. id: 575157, cmd: BR_DEAD_REPLY (29189), error: -3 (No such process)
04-05 13:14:32.684   647  2158 E AppOps  : Bad call made by uid 1000. Package "com.google.android.googlequicksearchbox" does not belong to uid 1000.
04-05 13:14:32.756   647  1222 E AppOps  : Bad call made by uid 1000. Package "com.google.android.googlequicksearchbox" does not belong to uid 1000.
04-05 13:14:33.110   647   683 E PackageManager: Optimistic bind failed.
04-05 13:14:33.110   647   683 E PackageManager: java.util.concurrent.TimeoutException: [Optimistic Bind] Didn't bind to resolver in time!
04-05 13:14:33.110   647   683 E PackageManager: 	at com.android.server.pm.InstantAppResolverConnection.waitForBindLocked(InstantAppResolverConnection.java:160)
04-05 13:14:33.110   647   683 E PackageManager: 	at com.android.server.pm.InstantAppResolverConnection.bind(InstantAppResolverConnection.java:230)
04-05 13:14:33.110   647   683 E PackageManager: 	at com.android.server.pm.InstantAppResolverConnection.lambda$optimisticBind$0(InstantAppResolverConnection.java:260)
04-05 13:14:33.110   647   683 E PackageManager: 	at com.android.server.pm.InstantAppResolverConnection.$r8$lambda$66W2s2mMKe4pk_xXCScH9RCqav8(InstantAppResolverConnection.java:0)
04-05 13:14:33.110   647   683 E PackageManager: 	at com.android.server.pm.InstantAppResolverConnection$$ExternalSyntheticLambda0.run(R8$$SyntheticClass:0)
04-05 13:14:33.110   647   683 E PackageManager: 	at android.os.Handler.handleCallback(Handler.java:1095)
04-05 13:14:33.110   647   683 E PackageManager: 	at android.os.Handler.dispatchMessageImpl(Handler.java:135)
04-05 13:14:33.110   647   683 E PackageManager: 	at android.os.Handler.dispatchMessage(Handler.java:125)
04-05 13:14:33.110   647   683 E PackageManager: 	at android.os.Looper.loopOnce(Looper.java:292)
04-05 13:14:33.110   647   683 E PackageManager: 	at android.os.Looper.loop(Looper.java:393)
04-05 13:14:33.110   647   683 E PackageManager: 	at android.os.HandlerThread.run(HandlerThread.java:139)
04-05 13:14:33.605 17804 17944 E ActivityThread: Failed to find provider info for androidx.car.app.connection
04-05 13:14:33.710 17863 17863 E ConsumerBase: [ImageReader-173x173f1u2816m2-17863-0] abandonLocked: ConsumerBase is abandoned!
04-05 13:14:33.905 17863 17874 E NexusCSStateManager: Failed to fetch from AppSearch
04-05 13:14:33.905 17863 17874 E NexusCSStateManager: java.util.NoSuchElementException: No value present
04-05 13:14:33.905 17863 17874 E NexusCSStateManager: 	at java.util.Optional.get(Optional.java:143)
04-05 13:14:33.905 17863 17874 E NexusCSStateManager: 	at p6.l.onResult(go/retraceme 7226a759aa2bb3787a79806f85d80eaad84f1f1e15acd6db988f2df789d1680d:36)
04-05 13:14:33.905 17863 17874 E NexusCSStateManager: 	at android.app.appsearch.SearchSessionUtil$1.lambda$onResult$0(go/retraceme 50c746ee5c32f88f733077ebeb4008935661f54b3d9e8e373e734d129bb80b29:144)
04-05 13:14:33.905 17863 17874 E NexusCSStateManager: 	at android.app.appsearch.SearchSessionUtil$1.$r8$lambda$CEk3q8sDAQVhU3rQwVueB8FAj_M(go/retraceme 50c746ee5c32f88f733077ebeb4008935661f54b3d9e8e373e734d129bb80b29:1)
04-05 13:14:33.905 17863 17874 E NexusCSStateManager: 	at android.app.appsearch.SearchSessionUtil$1$$ExternalSyntheticLambda0.run(go/retraceme 50c746ee5c32f88f733077ebeb4008935661f54b3d9e8e373e734d129bb80b29:22)
04-05 13:14:33.905 17863 17874 E NexusCSStateManager: 	at androidx.appfunctions.internal.e.execute(go/retraceme 7226a759aa2bb3787a79806f85d80eaad84f1f1e15acd6db988f2df789d1680d:0)
04-05 13:14:33.905 17863 17874 E NexusCSStateManager: 	at android.app.appsearch.SearchSessionUtil.safeExecute(go/retraceme 50c746ee5c32f88f733077ebeb4008935661f54b3d9e8e373e734d129bb80b29:21)
04-05 13:14:33.905 17863 17874 E NexusCSStateManager: 	at android.app.appsearch.SearchSessionUtil$1.onResult(go/retraceme 50c746ee5c32f88f733077ebeb4008935661f54b3d9e8e373e734d129bb80b29:18)
04-05 13:14:33.905 17863 17874 E NexusCSStateManager: 	at android.app.appsearch.aidl.IAppSearchBatchResultCallback$Stub.onTransact(go/retraceme 50c746ee5c32f88f733077ebeb4008935661f54b3d9e8e373e734d129bb80b29:50)
04-05 13:14:33.905 17863 17874 E NexusCSStateManager: 	at android.os.Binder.execTransactInternal(Binder.java:1471)
04-05 13:14:33.905 17863 17874 E NexusCSStateManager: 	at android.os.Binder.execTransact(Binder.java:1411)
04-05 13:14:33.944 17863 17909 E ZeroStateWebSuggestDataLoader: Failed to fetch suggestions from AppSearch
04-05 13:14:33.944 17863 17909 E ZeroStateWebSuggestDataLoader: java.util.NoSuchElementException: No value present
04-05 13:14:33.944 17863 17909 E ZeroStateWebSuggestDataLoader: 	at java.util.Optional.get(Optional.java:143)
04-05 13:14:33.944 17863 17909 E ZeroStateWebSuggestDataLoader: 	at d6.j.onResult(go/retraceme 7226a759aa2bb3787a79806f85d80eaad84f1f1e15acd6db988f2df789d1680d:32)
04-05 13:14:33.944 17863 17909 E ZeroStateWebSuggestDataLoader: 	at android.app.appsearch.SearchSessionUtil$1.lambda$onResult$0(go/retraceme 50c746ee5c32f88f733077ebeb4008935661f54b3d9e8e373e734d129bb80b29:144)
04-05 13:14:33.944 17863 17909 E ZeroStateWebSuggestDataLoader: 	at android.app.appsearch.SearchSessionUtil$1.$r8$lambda$CEk3q8sDAQVhU3rQwVueB8FAj_M(go/retraceme 50c746ee5c32f88f733077ebeb4008935661f54b3d9e8e373e734d129bb80b29:1)
04-05 13:14:33.944 17863 17909 E ZeroStateWebSuggestDataLoader: 	at android.app.appsearch.SearchSessionUtil$1$$ExternalSyntheticLambda0.run(go/retraceme 50c746ee5c32f88f733077ebeb4008935661f54b3d9e8e373e734d129bb80b29:22)
04-05 13:14:33.944 17863 17909 E ZeroStateWebSuggestDataLoader: 	at android.os.Handler.handleCallback(Handler.java:1095)
04-05 13:14:33.944 17863 17909 E ZeroStateWebSuggestDataLoader: 	at android.os.Handler.dispatchMessageImpl(Handler.java:135)
04-05 13:14:33.944 17863 17909 E ZeroStateWebSuggestDataLoader: 	at android.os.Handler.dispatchMessage(Handler.java:125)
04-05 13:14:33.944 17863 17909 E ZeroStateWebSuggestDataLoader: 	at android.os.Looper.loopOnce(Looper.java:292)
04-05 13:14:33.944 17863 17909 E ZeroStateWebSuggestDataLoader: 	at android.os.Looper.loop(Looper.java:393)
04-05 13:14:33.944 17863 17909 E ZeroStateWebSuggestDataLoader: 	at android.os.HandlerThread.run(HandlerThread.java:139)
04-05 13:14:34.063 17703 17823 E rules.WifiPresence: setWifiFences failed
04-05 13:14:34.063 17703 17823 E rules.WifiPresence: dda: 17: API: WifiPresenceClient.API is not available on this device. Connection failed with: dbs{statusCode=API_UNAVAILABLE, resolution=null, message=null, clientMethodKey=null}
04-05 13:14:34.063 17703 17823 E rules.WifiPresence: 	at dcx.b(PG:15)
04-05 13:14:34.063 17703 17823 E rules.WifiPresence: 	at jyf.a(PG:5)
04-05 13:14:34.063 17703 17823 E rules.WifiPresence: 	at ddy.e(PG:5)
04-05 13:14:34.063 17703 17823 E rules.WifiPresence: 	at deq.t(PG:48)
04-05 13:14:34.063 17703 17823 E rules.WifiPresence: 	at deq.f(PG:10)
04-05 13:14:34.063 17703 17823 E rules.WifiPresence: 	at deq.j(PG:164)
04-05 13:14:34.063 17703 17823 E rules.WifiPresence: 	at deq.i(PG:2)
04-05 13:14:34.063 17703 17823 E rules.WifiPresence: 	at bnw.run(PG:278)
04-05 13:14:34.063 17703 17823 E rules.WifiPresence: 	at android.os.Handler.handleCallback(Handler.java:1095)
04-05 13:14:34.063 17703 17823 E rules.WifiPresence: 	at android.os.Handler.dispatchMessageImpl(Handler.java:135)
04-05 13:14:34.063 17703 17823 E rules.WifiPresence: 	at android.os.Handler.dispatchMessage(Handler.java:125)
04-05 13:14:34.063 17703 17823 E rules.WifiPresence: 	at android.os.Looper.loopOnce(Looper.java:292)
04-05 13:14:34.063 17703 17823 E rules.WifiPresence: 	at android.os.Looper.loop(Looper.java:393)
04-05 13:14:34.063 17703 17823 E rules.WifiPresence: 	at android.os.HandlerThread.run(HandlerThread.java:139)
04-05 13:14:34.096 17863 17863 E RecyclerView: Cannot scroll to position a LayoutManager set. Call setLayoutManager with a non-null argument.
04-05 13:14:34.099 17863 17863 E RecyclerView: Cannot scroll to position a LayoutManager set. Call setLayoutManager with a non-null argument.
04-05 13:14:34.165 17620 17814 E Ambient : Installed publisher verification failed
04-05 13:14:34.165 17620 17814 E Ambient : Installed publisher verification failed
04-05 13:14:34.439 17863 17863 E ConsumerBase: [ImageReader-1x1f1u2816m2-17863-1] abandonLocked: ConsumerBase is abandoned!
04-05 13:14:34.518  1135  1204 E SingleInstanceRemoteListener: Failed remote call on null listener
04-05 13:14:34.539  1135  1135 E LauncherProxyService: Failed to get launcher proxy for system bar attr change.
04-05 13:14:34.826   647   675 E libbinder.Parcel: Reading a NULL string not supported here.
04-05 13:14:34.827   647   675 E ARProxy : Unknown descriptor: 
04-05 13:14:35.305 17620 17631 E AiAiNotificationAssistantService: No completion listener supplied for this service!
04-05 13:14:35.369 17863 17912 E ConsumerBase: [ImageReader-173x173f1u2816m2-17863-2] abandonLocked: ConsumerBase is abandoned!
04-05 13:14:35.449  1135  1204 E SingleInstanceRemoteListener: Failed remote call on null listener
04-05 13:14:35.482 17804 17910 E PhenotypeFlagCommitter: Retrieving snapshot for com.google.android.dialer failed
04-05 13:14:35.482 17804 17910 E PhenotypeFlagCommitter: java.util.concurrent.TimeoutException: Timed out waiting for Task
04-05 13:14:35.482 17804 17910 E PhenotypeFlagCommitter: 	at zib.l(PG:55)
04-05 13:14:35.482 17804 17910 E PhenotypeFlagCommitter: 	at ylk.c(PG:15)
04-05 13:14:35.482 17804 17910 E PhenotypeFlagCommitter: 	at ylk.d(PG:38)
04-05 13:14:35.482 17804 17910 E PhenotypeFlagCommitter: 	at quj.call(PG:346)
04-05 13:14:35.482 17804 17910 E PhenotypeFlagCommitter: 	at agin.call(PG:21)
04-05 13:14:35.482 17804 17910 E PhenotypeFlagCommitter: 	at aglc.a(PG:3)
04-05 13:14:35.482 17804 17910 E PhenotypeFlagCommitter: 	at agkf.run(PG:19)
04-05 13:14:35.482 17804 17910 E PhenotypeFlagCommitter: 	at agld.run(PG:5)
04-05 13:14:35.482 17804 17910 E PhenotypeFlagCommitter: 	at zgq.run(PG:7)
04-05 13:14:35.482 17804 17910 E PhenotypeFlagCommitter: 	at java.util.concurrent.ThreadPoolExecutor.runWorker(ThreadPoolExecutor.java:1100)
04-05 13:14:35.482 17804 17910 E PhenotypeFlagCommitter: 	at java.util.concurrent.ThreadPoolExecutor$Worker.run(ThreadPoolExecutor.java:624)
04-05 13:14:35.482 17804 17910 E PhenotypeFlagCommitter: 	at xyv.run(PG:80)
04-05 13:14:35.482 17804 17910 E PhenotypeFlagCommitter: 	at zgc.run(PG:678)
04-05 13:14:35.482 17804 17910 E PhenotypeFlagCommitter: 	at java.lang.Thread.run(Thread.java:1572)
04-05 13:14:35.482 17804 17910 E PhenotypeFlagCommitter: 	at zhr.run(PG:61)
04-05 13:14:36.559 17845 18022 E egij    : (REDACTED) Failed to recover geofences for LBT Routines using Geller data
04-05 13:14:36.559 17845 18022 E egij    : com.google.android.libraries.geller.portable.GellerException: Code: INVALID_ARGUMENT, Message: Account name is null.
04-05 13:14:36.559 17845 18022 E egij    : 	at dqup.a(PG:89)
04-05 13:14:36.559 17845 18022 E egij    : 	at eiaz.a(PG:17)
04-05 13:14:36.559 17845 18022 E egij    : 	at erbx.a(PG:3)
04-05 13:14:36.559 17845 18022 E egij    : 	at erdn.run(PG:19)
04-05 13:14:36.559 17845 18022 E egij    : 	at cmvb.run(PG:5)
04-05 13:14:36.559 17845 18022 E egij    : 	at epyt.run(PG:46)
04-05 13:14:36.559 17845 18022 E egij    : 	at cmun.run(PG:81)
04-05 13:14:36.559 17845 18022 E egij    : 	at java.lang.Thread.run(Thread.java:1572)
04-05 13:14:36.559 17845 18022 E egij    : 	at cmwf.run(PG:63)
04-05 13:14:36.840 17845 18051 E DatabaseUtils: Writing exception to parcel
04-05 13:14:36.840 17845 18051 E DatabaseUtils: java.lang.UnsupportedOperationException
04-05 13:14:36.840 17845 18051 E DatabaseUtils: 	at com.google.android.apps.gsa.staticplugins.publiccontent.GsaPublicContentProvider.query(PG:480)
04-05 13:14:36.840 17845 18051 E DatabaseUtils: 	at android.content.ContentProvider.query(ContentProvider.java:1670)
04-05 13:14:36.840 17845 18051 E DatabaseUtils: 	at android.content.ContentProvider.query(ContentProvider.java:1766)
04-05 13:14:36.840 17845 18051 E DatabaseUtils: 	at android.content.ContentProvider$Transport.query(ContentProvider.java:304)
04-05 13:14:36.840 17845 18051 E DatabaseUtils: 	at android.content.ContentProviderNative.onTransact(ContentProviderNative.java:109)
04-05 13:14:36.840 17845 18051 E DatabaseUtils: 	at android.os.Binder.execTransactInternal(Binder.java:1466)
04-05 13:14:36.840 17845 18051 E DatabaseUtils: 	at android.os.Binder.execTransact(Binder.java:1411)
04-05 13:14:36.841 17863 17984 E DoodleDataLoader: Error fetching doodle
04-05 13:14:36.841 17863 17984 E DoodleDataLoader: java.lang.UnsupportedOperationException
04-05 13:14:36.841 17863 17984 E DoodleDataLoader: 	at android.database.DatabaseUtils.readExceptionFromParcel(DatabaseUtils.java:209)
04-05 13:14:36.841 17863 17984 E DoodleDataLoader: 	at android.database.DatabaseUtils.readExceptionFromParcel(DatabaseUtils.java:177)
04-05 13:14:36.841 17863 17984 E DoodleDataLoader: 	at android.content.ContentProviderProxy.query(ContentProviderNative.java:497)
04-05 13:14:36.841 17863 17984 E DoodleDataLoader: 	at android.content.ContentProviderClient.lambda$query$1(ContentProviderClient.java:330)
04-05 13:14:36.841 17863 17984 E DoodleDataLoader: 	at android.content.ContentProviderClient.$r8$lambda$30ruSb8khJgOcMU3BAg6NHb0qXI(ContentProviderClient.java:0)
04-05 13:14:36.841 17863 17984 E DoodleDataLoader: 	at android.content.ContentProviderClient$$ExternalSyntheticLambda5.apply(D8$$SyntheticClass:0)
04-05 13:14:36.841 17863 17984 E DoodleDataLoader: 	at android.content.ContentProviderClient.execute(ContentProviderClient.java:732)
04-05 13:14:36.841 17863 17984 E DoodleDataLoader: 	at android.content.ContentProviderClient.query(ContentProviderClient.java:329)
04-05 13:14:36.841 17863 17984 E DoodleDataLoader: 	at android.content.ContentProviderClient.query(ContentProviderClient.java:320)
04-05 13:14:36.841 17863 17984 E DoodleDataLoader: 	at android.content.ContentProviderClient.query(ContentProviderClient.java:310)
04-05 13:14:36.841 17863 17984 E DoodleDataLoader: 	at l6.d.d(go/retraceme 7226a759aa2bb3787a79806f85d80eaad84f1f1e15acd6db988f2df789d1680d:23)
04-05 13:14:36.841 17863 17984 E DoodleDataLoader: 	at l6.g.run(go/retraceme 7226a759aa2bb3787a79806f85d80eaad84f1f1e15acd6db988f2df789d1680d:2)
04-05 13:14:36.841 17863 17984 E DoodleDataLoader: 	at android.os.Handler.handleCallback(Handler.java:1095)
04-05 13:14:36.841 17863 17984 E DoodleDataLoader: 	at android.os.Handler.dispatchMessageImpl(Handler.java:135)
04-05 13:14:36.841 17863 17984 E DoodleDataLoader: 	at android.os.Handler.dispatchMessage(Handler.java:125)
04-05 13:14:36.841 17863 17984 E DoodleDataLoader: 	at android.os.Looper.loopOnce(Looper.java:292)
04-05 13:14:36.841 17863 17984 E DoodleDataLoader: 	at android.os.Looper.loop(Looper.java:393)
04-05 13:14:36.841 17863 17984 E DoodleDataLoader: 	at android.os.HandlerThread.run(HandlerThread.java:139)
04-05 13:14:37.222 17863 17908 E ConsumerBase: [ImageReader-46x46f1u2816m2-17863-3] abandonLocked: ConsumerBase is abandoned!
04-05 13:14:37.643 17657 17856 E egij    : (REDACTED) Future Monitor failed
04-05 13:14:37.643 17657 17856 E egij    : java.util.NoSuchElementException: Work ID not found
04-05 13:14:37.643 17657 17856 E egij    : 	at egny.apply(PG:50)
04-05 13:14:37.643 17657 17856 E egij    : 	at eran.d(PG:3)
04-05 13:14:37.643 17657 17856 E egij    : 	at erao.run(PG:47)
04-05 13:14:37.643 17657 17856 E egij    : 	at cmvb.run(PG:5)
04-05 13:14:37.643 17657 17856 E egij    : 	at epyt.run(PG:46)
04-05 13:14:37.643 17657 17856 E egij    : 	at cmun.run(PG:81)
04-05 13:14:37.643 17657 17856 E egij    : 	at java.lang.Thread.run(Thread.java:1572)
04-05 13:14:37.643 17657 17856 E egij    : 	at cmwf.run(PG:63)
04-05 13:14:37.839 18100 18100 E LibraryModuleRegistry: LibraryModuleRegistry.register():48 Module mobilebert_classifier_android_jni has already been registered to integrated_shared_object
04-05 13:14:38.031 17620 17936 E AiAiEcho: EchoSearch: SettingsFetcherImpl: DB already exists.
04-05 13:14:38.167 18125 18206 E PhotosApiClient: Execution exception occurred: java.util.concurrent.ExecutionException: io.grpc.StatusRuntimeException: UNIMPLEMENTED: bindService(Intent { act=grpc.io.action.BIND xflg=0x4 cmp=com.google.android.apps.photos/.curatedwallpapers.apiservice.PhotosCuratedWallpapersApiService }) returned false
04-05 13:14:38.230 17761 18094 E PhenotypeFlagCommitter: Retrieving snapshot for com.google.android.partnersetup#com.google.android.partnersetup failed
04-05 13:14:38.230 17761 18094 E PhenotypeFlagCommitter: java.util.concurrent.TimeoutException: Timed out waiting for Task
04-05 13:14:38.230 17761 18094 E PhenotypeFlagCommitter: 	at ho.g(PG:95)
04-05 13:14:38.230 17761 18094 E PhenotypeFlagCommitter: 	at ho.i(PG:9)
04-05 13:14:38.230 17761 18094 E PhenotypeFlagCommitter: 	at ho.h(PG:28)
04-05 13:14:38.230 17761 18094 E PhenotypeFlagCommitter: 	at ahd.run(PG:58)
04-05 13:14:38.230 17761 18094 E PhenotypeFlagCommitter: 	at java.util.concurrent.Executors$RunnableAdapter.call(Executors.java:520)
04-05 13:14:38.230 17761 18094 E PhenotypeFlagCommitter: 	at aws.a(PG:3)
04-05 13:14:38.230 17761 18094 E PhenotypeFlagCommitter: 	at avx.run(PG:19)
04-05 13:14:38.230 17761 18094 E PhenotypeFlagCommitter: 	at awt.run(PG:5)
04-05 13:14:38.230 17761 18094 E PhenotypeFlagCommitter: 	at java.util.concurrent.ThreadPoolExecutor.runWorker(ThreadPoolExecutor.java:1100)
04-05 13:14:38.230 17761 18094 E PhenotypeFlagCommitter: 	at java.util.concurrent.ThreadPoolExecutor$Worker.run(ThreadPoolExecutor.java:624)
04-05 13:14:38.230 17761 18094 E PhenotypeFlagCommitter: 	at eu.run(PG:690)
04-05 13:14:38.230 17761 18094 E PhenotypeFlagCommitter: 	at java.lang.Thread.run(Thread.java:1572)
04-05 13:14:38.230 17761 18094 E PhenotypeFlagCommitter: 	at om.run(PG:58)
04-05 13:14:38.794 17834 18095 E PeriodStatsTracker: Reference counting corrupted in usage statistics.
04-05 13:14:39.160 18100 18100 E GoogleInputMethodService: GoogleInputMethodService.getAppEditorInfo():1891 App EditorInfo should never be null.
04-05 13:14:39.168 17845 18035 E egij    : (REDACTED) Failed to recover geofences for LBT Routines using Geller data
04-05 13:14:39.168 17845 18035 E egij    : com.google.android.libraries.geller.portable.GellerException: Code: INVALID_ARGUMENT, Message: Account name is null.
04-05 13:14:39.168 17845 18035 E egij    : 	at dqup.a(PG:89)
04-05 13:14:39.168 17845 18035 E egij    : 	at eiaz.a(PG:17)
04-05 13:14:39.168 17845 18035 E egij    : 	at erbx.a(PG:3)
04-05 13:14:39.168 17845 18035 E egij    : 	at erdn.run(PG:19)
04-05 13:14:39.168 17845 18035 E egij    : 	at cmvb.run(PG:5)
04-05 13:14:39.168 17845 18035 E egij    : 	at epyt.run(PG:46)
04-05 13:14:39.168 17845 18035 E egij    : 	at cmun.run(PG:81)
04-05 13:14:39.168 17845 18035 E egij    : 	at java.lang.Thread.run(Thread.java:1572)
04-05 13:14:39.168 17845 18035 E egij    : 	at cmwf.run(PG:63)
04-05 13:14:39.558 17863 17912 E ConsumerBase: [ImageReader-173x173f1u2816m2-17863-4] abandonLocked: ConsumerBase is abandoned!
04-05 13:14:40.352 17863 17912 E Launcher.Model: Loader task completed, name: [addCallbacksAndLoad], mIsCommitted=true
04-05 13:14:41.690 17863 18085 E OneSearchSuggestProvider: Unable to get suggestions from AGA for zero state
04-05 13:14:41.690 17863 18085 E OneSearchSuggestProvider: io.grpc.StatusRuntimeException: CANCELLED
04-05 13:14:41.690 17863 18085 E OneSearchSuggestProvider: 	at i9.g.a(go/retraceme 7226a759aa2bb3787a79806f85d80eaad84f1f1e15acd6db988f2df789d1680d:36)
04-05 13:14:41.690 17863 18085 E OneSearchSuggestProvider: 	at g9.n.b(go/retraceme 7226a759aa2bb3787a79806f85d80eaad84f1f1e15acd6db988f2df789d1680d:27)
04-05 13:14:41.690 17863 18085 E OneSearchSuggestProvider: 	at g9.n.a(go/retraceme 7226a759aa2bb3787a79806f85d80eaad84f1f1e15acd6db988f2df789d1680d:13)
04-05 13:14:41.690 17863 18085 E OneSearchSuggestProvider: 	at g9.z.run(go/retraceme 7226a759aa2bb3787a79806f85d80eaad84f1f1e15acd6db988f2df789d1680d:6)
04-05 13:14:41.690 17863 18085 E OneSearchSuggestProvider: 	at g9.k5.run(go/retraceme 7226a759aa2bb3787a79806f85d80eaad84f1f1e15acd6db988f2df789d1680d:18)
04-05 13:14:41.690 17863 18085 E OneSearchSuggestProvider: 	at java.util.concurrent.ThreadPoolExecutor.runWorker(ThreadPoolExecutor.java:1100)
04-05 13:14:41.690 17863 18085 E OneSearchSuggestProvider: 	at java.util.concurrent.ThreadPoolExecutor$Worker.run(ThreadPoolExecutor.java:624)
04-05 13:14:41.690 17863 18085 E OneSearchSuggestProvider: 	at java.lang.Thread.run(Thread.java:1572)
04-05 13:14:41.866 18100 18100 E AbstractOpenableExtension: AbstractOpenableExtension$1.onFailure():144 failed to parse keyboard group def : 2132213997 -> 0_resource_name_obfuscated. 
04-05 13:14:41.866 18100 18100 E AbstractOpenableExtension: java.util.concurrent.CancellationException: Task was cancelled.
04-05 13:14:41.866 18100 18100 E AbstractOpenableExtension: 	at ufk.i(PG:33)
04-05 13:14:41.866 18100 18100 E AbstractOpenableExtension: 	at ufs.r(PG:24)
04-05 13:14:41.866 18100 18100 E AbstractOpenableExtension: 	at ufk.get(PG:1)
04-05 13:14:41.866 18100 18100 E AbstractOpenableExtension: 	at a.n(PG:2)
04-05 13:14:41.866 18100 18100 E AbstractOpenableExtension: 	at uhk.run(PG:92)
04-05 13:14:41.866 18100 18100 E AbstractOpenableExtension: 	at ugs.execute(PG:1)
04-05 13:14:41.866 18100 18100 E AbstractOpenableExtension: 	at ufk.g(PG:1)
04-05 13:14:41.866 18100 18100 E AbstractOpenableExtension: 	at ufk.l(PG:101)
04-05 13:14:41.866 18100 18100 E AbstractOpenableExtension: 	at ufk.cancel(PG:52)
04-05 13:14:41.866 18100 18100 E AbstractOpenableExtension: 	at ufk.n(PG:17)
04-05 13:14:41.866 18100 18100 E AbstractOpenableExtension: 	at ufw.c(PG:3)
04-05 13:14:41.866 18100 18100 E AbstractOpenableExtension: 	at ufk.l(PG:30)
04-05 13:14:41.866 18100 18100 E AbstractOpenableExtension: 	at ufk.cancel(PG:52)
04-05 13:14:41.866 18100 18100 E AbstractOpenableExtension: 	at fsm.e(PG:64)
04-05 13:14:41.866 18100 18100 E AbstractOpenableExtension: 	at fsm.N(PG:4)
04-05 13:14:41.866 18100 18100 E AbstractOpenableExtension: 	at fsm.O(PG:1)
04-05 13:14:41.866 18100 18100 E AbstractOpenableExtension: 	at may.h(PG:33)
04-05 13:14:41.866 18100 18100 E AbstractOpenableExtension: 	at mwe.ag(PG:20)
04-05 13:14:41.866 18100 18100 E AbstractOpenableExtension: 	at ead.o(PG:247)
04-05 13:14:41.866 18100 18100 E AbstractOpenableExtension: 	at mvz.e(PG:3)
04-05 13:14:41.866 18100 18100 E AbstractOpenableExtension: 	at mtj.dx(PG:9)
04-05 13:14:41.866 18100 18100 E AbstractOpenableExtension: 	at nsh.run(PG:198)
04-05 13:14:41.866 18100 18100 E AbstractOpenableExtension: 	at ugs.execute(PG:1)
04-05 13:14:41.866 18100 18100 E AbstractOpenableExtension: 	at onf.c(PG:14)
04-05 13:14:41.866 18100 18100 E AbstractOpenableExtension: 	at nzd.l(PG:94)
04-05 13:14:41.866 18100 18100 E AbstractOpenableExtension: 	at nzd.j(PG:33)
04-05 13:14:41.866 18100 18100 E AbstractOpenableExtension: 	at oyp.b(PG:154)
04-05 13:14:41.866 18100 18100 E AbstractOpenableExtension: 	at uhk.run(PG:98)
04-05 13:14:41.866 18100 18100 E AbstractOpenableExtension: 	at android.os.Handler.handleCallback(Handler.java:1095)
04-05 13:14:41.866 18100 18100 E AbstractOpenableExtension: 	at android.os.Handler.dispatchMessageImpl(Handler.java:135)
04-05 13:14:41.866 18100 18100 E AbstractOpenableExtension: 	at android.os.Handler.dispatchMessage(Handler.java:125)
04-05 13:14:41.866 18100 18100 E AbstractOpenableExtension: 	at android.os.Looper.loopOnce(Looper.java:292)
04-05 13:14:41.866 18100 18100 E AbstractOpenableExtension: 	at android.os.Looper.loop(Looper.java:393)
04-05 13:14:41.866 18100 18100 E AbstractOpenableExtension: 	at android.app.ActivityThread.main(ActivityThread.java:9486)
04-05 13:14:41.866 18100 18100 E AbstractOpenableExtension: 	at java.lang.reflect.Method.invoke(Native Method)
04-05 13:14:41.866 18100 18100 E AbstractOpenableExtension: 	at com.android.internal.os.RuntimeInit$MethodAndArgsCaller.run(RuntimeInit.java:575)
04-05 13:14:41.866 18100 18100 E AbstractOpenableExtension: 	at com.android.internal.os.ZygoteInit.main(ZygoteInit.java:939)
04-05 13:14:41.915 18100 18100 E GoogleInputMethodService: GoogleInputMethodService.getAppEditorInfo():1891 App EditorInfo should never be null.
04-05 13:14:42.111 18100 18187 E HandwritingSuperpacksUtil: HandwritingSuperpacksUtil.getPackMappingPackName():42 No pack mapping pack found in []
04-05 13:14:44.377 17834 18052 E WakeLock: GCM_CONN_ALARM ** IS FORCE-RELEASED ON TIMEOUT ** [CONTEXT service_id=259 ]
04-05 13:14:44.603 17845 18022 E egij    : (REDACTED) Failed to recover geofences for LBT Routines using Geller data
04-05 13:14:44.603 17845 18022 E egij    : com.google.android.libraries.geller.portable.GellerException: Code: INVALID_ARGUMENT, Message: Account name is null.
04-05 13:14:44.603 17845 18022 E egij    : 	at dqup.a(PG:89)
04-05 13:14:44.603 17845 18022 E egij    : 	at eiaz.a(PG:17)
04-05 13:14:44.603 17845 18022 E egij    : 	at erbx.a(PG:3)
04-05 13:14:44.603 17845 18022 E egij    : 	at erdn.run(PG:19)
04-05 13:14:44.603 17845 18022 E egij    : 	at cmvb.run(PG:5)
04-05 13:14:44.603 17845 18022 E egij    : 	at epyt.run(PG:46)
04-05 13:14:44.603 17845 18022 E egij    : 	at cmun.run(PG:81)
04-05 13:14:44.603 17845 18022 E egij    : 	at java.lang.Thread.run(Thread.java:1572)
04-05 13:14:44.603 17845 18022 E egij    : 	at cmwf.run(PG:63)
04-05 13:14:44.807   647  1034 E WifiChipAidlImpl: getUsableChannels failed with service-specific exception: android.os.ServiceSpecificException:  (code 4)
04-05 13:14:44.822 18196 18196 E tflite  : third_party/tensorflow/lite/core/subgraph.cc:1083 tensor.data.raw != nullptr was not true.
04-05 13:14:44.970 18196 18196 E native  : E0000 00:00:1775369684.962959   18196 re2.cc:250] Error parsing '^|[^\p{Letter}\\]': invalid character class range: \p{Letter}
04-05 13:14:44.972 18196 18196 E native  : E0000 00:00:1775369684.965132   18196 replacement_rule.cc:40] Invalid context regexp: invalid character class range: \p{Letter}
04-05 13:14:44.972 18196 18196 E native  : E0000 00:00:1775369684.965253   18196 replacement_rule.cc:151] Error creating replacement rule.
04-05 13:14:44.972 18196 18196 E native  : E0000 00:00:1775369684.965284   18196 regexp_rewriter.cc:34] Error creating rule MessageLite at 0x7f2ef884cf90.
04-05 13:14:45.597 18196 18452 E GoogleApiManager: Failed to get service from broker. 
04-05 13:14:45.597 18196 18452 E GoogleApiManager: java.lang.SecurityException: Unknown calling package name 'com.google.android.gms'.
04-05 13:14:45.597 18196 18452 E GoogleApiManager: 	at android.os.Parcel.createExceptionOrNull(Parcel.java:3383)
04-05 13:14:45.597 18196 18452 E GoogleApiManager: 	at android.os.Parcel.createException(Parcel.java:3367)
04-05 13:14:45.597 18196 18452 E GoogleApiManager: 	at android.os.Parcel.readException(Parcel.java:3350)
04-05 13:14:45.597 18196 18452 E GoogleApiManager: 	at android.os.Parcel.readException(Parcel.java:3292)
04-05 13:14:45.597 18196 18452 E GoogleApiManager: 	at bdxl.a(:com.google.android.gms@260235038@26.02.35 (260800-862924022):36)
04-05 13:14:45.597 18196 18452 E GoogleApiManager: 	at bdvm.z(:com.google.android.gms@260235038@26.02.35 (260800-862924022):143)
04-05 13:14:45.597 18196 18452 E GoogleApiManager: 	at bdbo.run(:com.google.android.gms@260235038@26.02.35 (260800-862924022):42)
04-05 13:14:45.597 18196 18452 E GoogleApiManager: 	at android.os.Handler.handleCallback(Handler.java:1095)
04-05 13:14:45.597 18196 18452 E GoogleApiManager: 	at android.os.Handler.dispatchMessageImpl(Handler.java:135)
04-05 13:14:45.597 18196 18452 E GoogleApiManager: 	at android.os.Handler.dispatchMessage(Handler.java:125)
04-05 13:14:45.597 18196 18452 E GoogleApiManager: 	at crvf.mD(:com.google.android.gms@260235038@26.02.35 (260800-862924022):1)
04-05 13:14:45.597 18196 18452 E GoogleApiManager: 	at crvf.dispatchMessage(:com.google.android.gms@260235038@26.02.35 (260800-862924022):5)
04-05 13:14:45.597 18196 18452 E GoogleApiManager: 	at android.os.Looper.loopOnce(Looper.java:292)
04-05 13:14:45.597 18196 18452 E GoogleApiManager: 	at android.os.Looper.loop(Looper.java:393)
04-05 13:14:45.597 18196 18452 E GoogleApiManager: 	at android.os.HandlerThread.run(HandlerThread.java:139)
04-05 13:14:46.732 17834 18052 E AbstractGmsTracer: Traced class shouldn't be obfuscated: dibo [CONTEXT service_id=259 ]
04-05 13:14:51.629   647   694 E BluetoothPowerStatsCollector: Cannot acquire BluetoothActivityEnergyInfo
04-05 13:14:51.629   647   694 E BluetoothPowerStatsCollector: java.util.concurrent.ExecutionException: java.lang.RuntimeException: error: 11
04-05 13:14:51.629   647   694 E BluetoothPowerStatsCollector: 	at java.util.concurrent.CompletableFuture.reportGet(CompletableFuture.java:372)
04-05 13:14:51.629   647   694 E BluetoothPowerStatsCollector: 	at java.util.concurrent.CompletableFuture.get(CompletableFuture.java:2072)
04-05 13:14:51.629   647   694 E BluetoothPowerStatsCollector: 	at com.android.server.power.stats.BluetoothPowerStatsCollector.collectBluetoothActivityInfo(BluetoothPowerStatsCollector.java:197)
04-05 13:14:51.629   647   694 E BluetoothPowerStatsCollector: 	at com.android.server.power.stats.BluetoothPowerStatsCollector.collectStats(BluetoothPowerStatsCollector.java:156)
04-05 13:14:51.629   647   694 E BluetoothPowerStatsCollector: 	at com.android.server.power.stats.PowerStatsCollector.collectAndDeliverStats(PowerStatsCollector.java:205)
04-05 13:14:51.629   647   694 E BluetoothPowerStatsCollector: 	at com.android.server.power.stats.PowerStatsCollector.lambda$schedule$0(PowerStatsCollector.java:175)
04-05 13:14:51.629   647   694 E BluetoothPowerStatsCollector: 	at com.android.server.power.stats.PowerStatsCollector.$r8$lambda$G7G_yFY7rV7oxQbQHnZ5FHX8eBk(PowerStatsCollector.java:0)
04-05 13:14:51.629   647   694 E BluetoothPowerStatsCollector: 	at com.android.server.power.stats.PowerStatsCollector$$ExternalSyntheticLambda1.run(R8$$SyntheticClass:0)
04-05 13:14:51.629   647   694 E BluetoothPowerStatsCollector: 	at android.os.Handler.handleCallback(Handler.java:1095)
04-05 13:14:51.629   647   694 E BluetoothPowerStatsCollector: 	at android.os.Handler.dispatchMessageImpl(Handler.java:135)
04-05 13:14:51.629   647   694 E BluetoothPowerStatsCollector: 	at android.os.Handler.dispatchMessage(Handler.java:125)
04-05 13:14:51.629   647   694 E BluetoothPowerStatsCollector: 	at android.os.Looper.loopOnce(Looper.java:292)
04-05 13:14:51.629   647   694 E BluetoothPowerStatsCollector: 	at android.os.Looper.loop(Looper.java:393)
04-05 13:14:51.629   647   694 E BluetoothPowerStatsCollector: 	at android.os.HandlerThread.run(HandlerThread.java:139)
04-05 13:14:51.629   647   694 E BluetoothPowerStatsCollector: Caused by: java.lang.RuntimeException: error: 11
04-05 13:14:51.629   647   694 E BluetoothPowerStatsCollector: 	at com.android.server.power.stats.BluetoothPowerStatsCollector$1.onBluetoothActivityEnergyInfoError(BluetoothPowerStatsCollector.java:185)
04-05 13:14:51.629   647   694 E BluetoothPowerStatsCollector: 	at android.bluetooth.BluetoothAdapter$OnBluetoothActivityEnergyInfoProxy.lambda$onBluetoothActivityEnergyInfoAvailable$0(BluetoothAdapter.java:952)
04-05 13:14:51.629   647   694 E BluetoothPowerStatsCollector: 	at android.bluetooth.BluetoothAdapter$OnBluetoothActivityEnergyInfoProxy.$r8$lambda$ks_hN9Vo_x2Jp1k5f-s67WiAd4A(BluetoothAdapter.java:0)
04-05 13:14:51.629   647   694 E BluetoothPowerStatsCollector: 	at android.bluetooth.BluetoothAdapter$OnBluetoothActivityEnergyInfoProxy$$ExternalSyntheticLambda0.run(D8$$SyntheticClass:0)
04-05 13:14:51.629   647   694 E BluetoothPowerStatsCollector: 	at android.bluetooth.BluetoothUtils.lambda$executeFromBinder$0(BluetoothUtils.java:342)
04-05 13:14:51.629   647   694 E BluetoothPowerStatsCollector: 	at android.bluetooth.BluetoothUtils$$ExternalSyntheticLambda1.run(D8$$SyntheticClass:0)
04-05 13:14:51.629   647   694 E BluetoothPowerStatsCollector: 	at com.android.server.SystemServerInitThreadPool$$ExternalSyntheticLambda0.execute(R8$$SyntheticClass:0)
04-05 13:14:51.629   647   694 E BluetoothPowerStatsCollector: 	at android.bluetooth.BluetoothUtils.executeFromBinder(BluetoothUtils.java:342)
04-05 13:14:51.629   647   694 E BluetoothPowerStatsCollector: 	at android.bluetooth.BluetoothAdapter$OnBluetoothActivityEnergyInfoProxy.onBluetoothActivityEnergyInfoAvailable(BluetoothAdapter.java:950)
04-05 13:14:51.629   647   694 E BluetoothPowerStatsCollector: 	at android.bluetooth.IBluetoothActivityEnergyInfoListener$Stub.onTransact(IBluetoothActivityEnergyInfoListener.java:90)
04-05 13:14:51.629   647   694 E BluetoothPowerStatsCollector: 	at android.os.Binder.execTransactInternal(Binder.java:1471)
04-05 13:14:51.629   647   694 E BluetoothPowerStatsCollector: 	at android.os.Binder.execTransact(Binder.java:1411)
04-05 13:14:52.100  1300  1300 E SmsApplication: com.google.android.apps.messaging lost android:read_cell_broadcasts:  (fixing)
04-05 13:14:52.137   284   292 E lowmemorykiller: process_mrelease 17761 failed: No such process
04-05 13:14:52.142   647  1256 E RoleControllerServiceImpl: Default/fallback role holder package doesn't qualify for the role, package: com.google.android.gms.supervision, role: android.app.role.SYSTEM_SUPERVISION, user: 0
04-05 13:14:52.264   647  1256 E RoleControllerServiceImpl: Default/fallback role holder package doesn't qualify for the role, package: com.google.android.gms, role: android.app.role.SYSTEM_DEPENDENCY_INSTALLER, user: 0
04-05 13:14:52.298   647   763 E AppOps  : Bad call made by uid 1000. Package "com.google.android.googlequicksearchbox" does not belong to uid 1000.
04-05 13:14:52.303   284   292 E lowmemorykiller: process_mrelease 18196 failed: No such process
04-05 13:14:52.396   284   292 E lowmemorykiller: process_mrelease 17845 failed: No such process
04-05 13:14:52.452   647   763 E AppOps  : Bad call made by uid 1000. Package "com.google.android.googlequicksearchbox" does not belong to uid 1000.
04-05 13:14:52.472  1300  1626 E SmsApplication: com.google.android.apps.messaging lost android:read_cell_broadcasts:  (fixing)
04-05 13:14:52.576   647  1256 E RoleControllerServiceImpl: Default/fallback role holder package doesn't qualify for the role, package: com.google.android.gms, role: android.app.role.WALLET, user: 0
04-05 13:14:52.779   284   292 E lowmemorykiller: process_mrelease 18100 failed: No such process
04-05 13:14:52.949   284   294 E lowmemorykiller: process_mrelease 18630 failed: No such process
04-05 13:14:52.977   647  1256 E RoleControllerServiceImpl: Default/fallback role holder package doesn't qualify for the role, package: com.google.android.gms.supervision, role: android.app.role.SYSTEM_SUPERVISION, user: 0
04-05 13:14:53.046   647  1256 E RoleControllerServiceImpl: Default/fallback role holder package doesn't qualify for the role, package: com.google.android.gms, role: android.app.role.SYSTEM_DEPENDENCY_INSTALLER, user: 0
04-05 13:14:53.096   647   647 E libbinder.IPCThreadState: Binder transaction failure. id: 598981, cmd: BR_DEAD_REPLY (29189), error: -22 (Invalid argument)
04-05 13:14:53.100   647   795 E InputDispatcher: channel 'stylus-handwriting-event-receiver-0' ~ Channel is unrecoverably broken and will be disposed!
04-05 13:14:53.107   647  1256 E RoleControllerServiceImpl: Default/fallback role holder package doesn't qualify for the role, package: com.google.android.gms, role: android.app.role.WALLET, user: 0
04-05 13:14:53.225   284   292 E lowmemorykiller: process_mrelease 17959 failed: No such process
04-05 13:14:53.262   284   294 E lowmemorykiller: process_mrelease 18284 failed: No such process
04-05 13:14:53.362 18659 18659 E FeatureFlagsImplExport: android.os.flagging.AconfigStorageReadException: ERROR_PACKAGE_NOT_FOUND: package android.xr cannot be found on the device
04-05 13:14:53.578 18698 18698 E LibraryModuleRegistry: LibraryModuleRegistry.register():48 Module mobilebert_classifier_android_jni has already been registered to integrated_shared_object
04-05 13:14:54.078 18698 18698 E GoogleInputMethodService: GoogleInputMethodService.getAppEditorInfo():1891 App EditorInfo should never be null.
04-05 13:14:54.494 17834 17958 E libbinder.IPCThreadState: Binder transaction failure. id: 601685, cmd: BR_DEAD_REPLY (29189), error: -22 (Invalid argument)
04-05 13:14:54.495 17834 17989 E libbinder.IPCThreadState: Binder transaction failure. id: 601687, cmd: BR_DEAD_REPLY (29189), error: -22 (Invalid argument)
04-05 13:14:54.528   647   795 E InputDispatcher: channel 'stylus-handwriting-event-receiver-0' ~ Channel is unrecoverably broken and will be disposed!
04-05 13:14:54.887   284   294 E lowmemorykiller: process_mrelease 18760 failed: No such process
04-05 13:14:55.110  1300  1300 E RemoteVvmTaskManager: onServiceDisconnected: remoteService disconnected, 0 tasks dropped.
04-05 13:14:55.123 18850 18850 E LibraryModuleRegistry: LibraryModuleRegistry.register():48 Module mobilebert_classifier_android_jni has already been registered to integrated_shared_object
04-05 13:14:55.763 18850 18850 E GoogleInputMethodService: GoogleInputMethodService.getAppEditorInfo():1891 App EditorInfo should never be null.
04-05 13:14:56.021   647   795 E InputDispatcher: channel 'stylus-handwriting-event-receiver-0' ~ Channel is unrecoverably broken and will be disposed!
04-05 13:14:56.147   284   292 E lowmemorykiller: process_mrelease 18889 failed: No such process
04-05 13:14:56.218   647  1038 E Nl80211Native: getChannelsMhzForBand: Wiphy index not recorded for band 8
04-05 13:14:56.218   647  1038 E Nl80211Native: getChannelsMhzForBand: Wiphy index not recorded for band 16
04-05 13:14:56.225   647   647 E JobServiceContext: Error sending onStart message to 'com.google.android.libraries.social.async.BackgroundTaskJobService' 
04-05 13:14:56.225   647   647 E JobServiceContext: android.os.DeadObjectException
04-05 13:14:56.225   647   647 E JobServiceContext: 	at android.os.BinderProxy.transactNative(Native Method)
04-05 13:14:56.225   647   647 E JobServiceContext: 	at android.os.BinderProxy.transact(BinderProxy.java:617)
04-05 13:14:56.225   647   647 E JobServiceContext: 	at android.app.job.IJobService$Stub$Proxy.startJob(IJobService.java:190)
04-05 13:14:56.225   647   647 E JobServiceContext: 	at com.android.server.job.JobServiceContext.handleServiceBoundLocked(JobServiceContext.java:1361)
04-05 13:14:56.225   647   647 E JobServiceContext: 	at com.android.server.job.JobServiceContext.doServiceBoundLocked(JobServiceContext.java:1270)
04-05 13:14:56.225   647   647 E JobServiceContext: 	at com.android.server.job.JobServiceContext.onServiceConnected(JobServiceContext.java:1124)
04-05 13:14:56.225   647   647 E JobServiceContext: 	at android.content.ServiceConnection.onServiceConnected(ServiceConnection.java:75)
04-05 13:14:56.225   647   647 E JobServiceContext: 	at android.app.LoadedApk$ServiceDispatcher.doConnected(LoadedApk.java:2453)
04-05 13:14:56.225   647   647 E JobServiceContext: 	at android.app.LoadedApk$ServiceDispatcher$RunConnection.run(LoadedApk.java:2489)
04-05 13:14:56.225   647   647 E JobServiceContext: 	at android.os.Handler.handleCallback(Handler.java:1095)
04-05 13:14:56.225   647   647 E JobServiceContext: 	at android.os.Handler.dispatchMessageImpl(Handler.java:135)
04-05 13:14:56.225   647   647 E JobServiceContext: 	at android.os.Handler.dispatchMessage(Handler.java:125)
04-05 13:14:56.225   647   647 E JobServiceContext: 	at android.os.Looper.loopOnce(Looper.java:292)
04-05 13:14:56.225   647   647 E JobServiceContext: 	at android.os.Looper.loop(Looper.java:393)
04-05 13:14:56.225   647   647 E JobServiceContext: 	at com.android.server.SystemServer.run(SystemServer.java:1092)
04-05 13:14:56.225   647   647 E JobServiceContext: 	at com.android.server.SystemServer.main(SystemServer.java:721)
04-05 13:14:56.225   647   647 E JobServiceContext: 	at java.lang.reflect.Method.invoke(Native Method)
04-05 13:14:56.225   647   647 E JobServiceContext: 	at com.android.internal.os.RuntimeInit$MethodAndArgsCaller.run(RuntimeInit.java:575)
04-05 13:14:56.225   647   647 E JobServiceContext: 	at com.android.internal.os.ZygoteInit.main(ZygoteInit.java:917)
04-05 13:14:56.585 18803 18815 E AiAiNotificationAssistantService: No completion listener supplied for this service!
04-05 13:14:56.717   647   683 E PackageManager: Optimistic bind failed.
04-05 13:14:56.717   647   683 E PackageManager: java.util.concurrent.TimeoutException: [Optimistic Bind] Didn't bind to resolver in time!
04-05 13:14:56.717   647   683 E PackageManager: 	at com.android.server.pm.InstantAppResolverConnection.waitForBindLocked(InstantAppResolverConnection.java:160)
04-05 13:14:56.717   647   683 E PackageManager: 	at com.android.server.pm.InstantAppResolverConnection.bind(InstantAppResolverConnection.java:230)
04-05 13:14:56.717   647   683 E PackageManager: 	at com.android.server.pm.InstantAppResolverConnection.lambda$optimisticBind$0(InstantAppResolverConnection.java:260)
04-05 13:14:56.717   647   683 E PackageManager: 	at com.android.server.pm.InstantAppResolverConnection.$r8$lambda$66W2s2mMKe4pk_xXCScH9RCqav8(InstantAppResolverConnection.java:0)
04-05 13:14:56.717   647   683 E PackageManager: 	at com.android.server.pm.InstantAppResolverConnection$$ExternalSyntheticLambda0.run(R8$$SyntheticClass:0)
04-05 13:14:56.717   647   683 E PackageManager: 	at android.os.Handler.handleCallback(Handler.java:1095)
04-05 13:14:56.717   647   683 E PackageManager: 	at android.os.Handler.dispatchMessageImpl(Handler.java:135)
04-05 13:14:56.717   647   683 E PackageManager: 	at android.os.Handler.dispatchMessage(Handler.java:125)
04-05 13:14:56.717   647   683 E PackageManager: 	at android.os.Looper.loopOnce(Looper.java:292)
04-05 13:14:56.717   647   683 E PackageManager: 	at android.os.Looper.loop(Looper.java:393)
04-05 13:14:56.717   647   683 E PackageManager: 	at android.os.HandlerThread.run(HandlerThread.java:139)
04-05 13:14:57.013   284   294 E lowmemorykiller: process_mrelease 17863 failed: No such process
04-05 13:14:57.042   647   795 E InputDispatcher: channel '[Gesture Monitor] swipe-up' ~ Channel is unrecoverably broken and will be disposed!
04-05 13:14:57.043   647   795 E InputDispatcher: channel '[Gesture Monitor] minus-one' ~ Channel is unrecoverably broken and will be disposed!
04-05 13:14:57.043   647   795 E InputDispatcher: channel 'b54c4eb Taskbar' ~ Channel is unrecoverably broken and will be disposed!
04-05 13:14:57.046   647   795 E libbinder.IPCThreadState: Binder transaction failure. id: 605667, cmd: BR_DEAD_REPLY (29189), error: -3 (No such process)
04-05 13:14:57.049   647   795 E InputDispatcher: channel 'c5ca1d4 com.google.android.apps.nexuslauncher/com.google.android.apps.nexuslauncher.NexusLauncherActivity' ~ Channel is unrecoverably broken and will be disposed!
04-05 13:14:57.146   511   511 E BpTransactionCompletedListener: Failed to transact (-32)
04-05 13:14:57.146   511   511 E BpTransactionCompletedListener: Failed to transact (-32)
04-05 13:14:57.165  1135  1204 E SingleInstanceRemoteListener: Failed remote call
04-05 13:14:57.165  1135  1204 E SingleInstanceRemoteListener: android.os.DeadObjectException
04-05 13:14:57.165  1135  1204 E SingleInstanceRemoteListener: 	at android.os.BinderProxy.transactNative(Native Method)
04-05 13:14:57.165  1135  1204 E SingleInstanceRemoteListener: 	at android.os.BinderProxy.transact(BinderProxy.java:617)
04-05 13:14:57.165  1135  1204 E SingleInstanceRemoteListener: 	at com.android.wm.shell.transition.HomeTransitionObserver$1.insetsChanged(go/retraceme 2b9555e93469c570fe1eba6e00ba55c641998f0b05ea4e8d6000e443e74ca7fc:41)
04-05 13:14:57.165  1135  1204 E SingleInstanceRemoteListener: 	at com.android.wm.shell.common.DisplayInsetsController$OnInsetsChangedListener.insetsChanged(go/retraceme 2b9555e93469c570fe1eba6e00ba55c641998f0b05ea4e8d6000e443e74ca7fc:0)
04-05 13:14:57.165  1135  1204 E SingleInstanceRemoteListener: 	at com.android.wm.shell.common.DisplayInsetsController$PerDisplay$DisplayWindowInsetsControllerImpl$$ExternalSyntheticLambda4.run(go/retraceme 2b9555e93469c570fe1eba6e00ba55c641998f0b05ea4e8d6000e443e74ca7fc:204)
04-05 13:14:57.165  1135  1204 E SingleInstanceRemoteListener: 	at android.os.Handler.handleCallback(Handler.java:1095)
04-05 13:14:57.165  1135  1204 E SingleInstanceRemoteListener: 	at android.os.Handler.dispatchMessageImpl(Handler.java:135)
04-05 13:14:57.165  1135  1204 E SingleInstanceRemoteListener: 	at android.os.Handler.dispatchMessage(Handler.java:125)
04-05 13:14:57.165  1135  1204 E SingleInstanceRemoteListener: 	at android.os.Looper.loopOnce(Looper.java:292)
04-05 13:14:57.165  1135  1204 E SingleInstanceRemoteListener: 	at android.os.Looper.loop(Looper.java:393)
04-05 13:14:57.165  1135  1204 E SingleInstanceRemoteListener: 	at android.os.HandlerThread.run(HandlerThread.java:139)
04-05 13:14:57.195  1135  1135 E LauncherProxyService: Failed to get launcher proxy for system bar attr change.
04-05 13:14:57.229 19006 19122 E ActivityThread: Failed to find provider info for androidx.car.app.connection
04-05 13:14:57.336 18803 18908 E Ambient : Installed publisher verification failed
04-05 13:14:57.338 18803 18908 E Ambient : Installed publisher verification failed
04-05 13:14:58.246  1300  1300 E RemoteVvmTaskManager: onServiceDisconnected: remoteService disconnected, 0 tasks dropped.
04-05 13:14:58.280 19120 19120 E ConsumerBase: [ImageReader-173x173f1u2816m2-19120-0] abandonLocked: ConsumerBase is abandoned!
04-05 13:14:58.446 19120 19135 E NexusCSStateManager: Failed to fetch from AppSearch
04-05 13:14:58.446 19120 19135 E NexusCSStateManager: java.util.NoSuchElementException: No value present
04-05 13:14:58.446 19120 19135 E NexusCSStateManager: 	at java.util.Optional.get(Optional.java:143)
04-05 13:14:58.446 19120 19135 E NexusCSStateManager: 	at p6.l.onResult(go/retraceme 7226a759aa2bb3787a79806f85d80eaad84f1f1e15acd6db988f2df789d1680d:36)
04-05 13:14:58.446 19120 19135 E NexusCSStateManager: 	at android.app.appsearch.SearchSessionUtil$1.lambda$onResult$0(go/retraceme 50c746ee5c32f88f733077ebeb4008935661f54b3d9e8e373e734d129bb80b29:144)
04-05 13:14:58.446 19120 19135 E NexusCSStateManager: 	at android.app.appsearch.SearchSessionUtil$1.$r8$lambda$CEk3q8sDAQVhU3rQwVueB8FAj_M(go/retraceme 50c746ee5c32f88f733077ebeb4008935661f54b3d9e8e373e734d129bb80b29:1)
04-05 13:14:58.446 19120 19135 E NexusCSStateManager: 	at android.app.appsearch.SearchSessionUtil$1$$ExternalSyntheticLambda0.run(go/retraceme 50c746ee5c32f88f733077ebeb4008935661f54b3d9e8e373e734d129bb80b29:22)
04-05 13:14:58.446 19120 19135 E NexusCSStateManager: 	at androidx.appfunctions.internal.e.execute(go/retraceme 7226a759aa2bb3787a79806f85d80eaad84f1f1e15acd6db988f2df789d1680d:0)
04-05 13:14:58.446 19120 19135 E NexusCSStateManager: 	at android.app.appsearch.SearchSessionUtil.safeExecute(go/retraceme 50c746ee5c32f88f733077ebeb4008935661f54b3d9e8e373e734d129bb80b29:21)
04-05 13:14:58.446 19120 19135 E NexusCSStateManager: 	at android.app.appsearch.SearchSessionUtil$1.onResult(go/retraceme 50c746ee5c32f88f733077ebeb4008935661f54b3d9e8e373e734d129bb80b29:18)
04-05 13:14:58.446 19120 19135 E NexusCSStateManager: 	at android.app.appsearch.aidl.IAppSearchBatchResultCallback$Stub.onTransact(go/retraceme 50c746ee5c32f88f733077ebeb4008935661f54b3d9e8e373e734d129bb80b29:50)
04-05 13:14:58.446 19120 19135 E NexusCSStateManager: 	at android.os.Binder.execTransactInternal(Binder.java:1471)
04-05 13:14:58.446 19120 19135 E NexusCSStateManager: 	at android.os.Binder.execTransact(Binder.java:1411)
04-05 13:14:58.450   284   294 E lowmemorykiller: process_mrelease 19145 failed: No such process
04-05 13:14:58.555   647   683 E PackageManager: Optimistic bind failed.
04-05 13:14:58.555   647   683 E PackageManager: java.util.concurrent.TimeoutException: [Optimistic Bind] Didn't bind to resolver in time!
04-05 13:14:58.555   647   683 E PackageManager: 	at com.android.server.pm.InstantAppResolverConnection.waitForBindLocked(InstantAppResolverConnection.java:160)
04-05 13:14:58.555   647   683 E PackageManager: 	at com.android.server.pm.InstantAppResolverConnection.bind(InstantAppResolverConnection.java:230)
04-05 13:14:58.555   647   683 E PackageManager: 	at com.android.server.pm.InstantAppResolverConnection.lambda$optimisticBind$0(InstantAppResolverConnection.java:260)
04-05 13:14:58.555   647   683 E PackageManager: 	at com.android.server.pm.InstantAppResolverConnection.$r8$lambda$66W2s2mMKe4pk_xXCScH9RCqav8(InstantAppResolverConnection.java:0)
04-05 13:14:58.555   647   683 E PackageManager: 	at com.android.server.pm.InstantAppResolverConnection$$ExternalSyntheticLambda0.run(R8$$SyntheticClass:0)
04-05 13:14:58.555   647   683 E PackageManager: 	at android.os.Handler.handleCallback(Handler.java:1095)
04-05 13:14:58.555   647   683 E PackageManager: 	at android.os.Handler.dispatchMessageImpl(Handler.java:135)
04-05 13:14:58.555   647   683 E PackageManager: 	at android.os.Handler.dispatchMessage(Handler.java:125)
04-05 13:14:58.555   647   683 E PackageManager: 	at android.os.Looper.loopOnce(Looper.java:292)
04-05 13:14:58.555   647   683 E PackageManager: 	at android.os.Looper.loop(Looper.java:393)
04-05 13:14:58.555   647   683 E PackageManager: 	at android.os.HandlerThread.run(HandlerThread.java:139)
04-05 13:14:58.759   284   294 E lowmemorykiller: process_mrelease 19202 failed: No such process
04-05 13:14:59.289 19260 19369 E ActivityThread: Failed to find provider info for androidx.car.app.connection
04-05 13:14:59.419 19299 19299 E ConsumerBase: [ImageReader-173x173f1u2816m2-19299-0] abandonLocked: ConsumerBase is abandoned!
04-05 13:14:59.594 19299 19312 E NexusCSStateManager: Failed to fetch from AppSearch
04-05 13:14:59.594 19299 19312 E NexusCSStateManager: java.util.NoSuchElementException: No value present
04-05 13:14:59.594 19299 19312 E NexusCSStateManager: 	at java.util.Optional.get(Optional.java:143)
04-05 13:14:59.594 19299 19312 E NexusCSStateManager: 	at p6.l.onResult(go/retraceme 7226a759aa2bb3787a79806f85d80eaad84f1f1e15acd6db988f2df789d1680d:36)
04-05 13:14:59.594 19299 19312 E NexusCSStateManager: 	at android.app.appsearch.SearchSessionUtil$1.lambda$onResult$0(go/retraceme 50c746ee5c32f88f733077ebeb4008935661f54b3d9e8e373e734d129bb80b29:144)
04-05 13:14:59.594 19299 19312 E NexusCSStateManager: 	at android.app.appsearch.SearchSessionUtil$1.$r8$lambda$CEk3q8sDAQVhU3rQwVueB8FAj_M(go/retraceme 50c746ee5c32f88f733077ebeb4008935661f54b3d9e8e373e734d129bb80b29:1)
04-05 13:14:59.594 19299 19312 E NexusCSStateManager: 	at android.app.appsearch.SearchSessionUtil$1$$ExternalSyntheticLambda0.run(go/retraceme 50c746ee5c32f88f733077ebeb4008935661f54b3d9e8e373e734d129bb80b29:22)
04-05 13:14:59.594 19299 19312 E NexusCSStateManager: 	at androidx.appfunctions.internal.e.execute(go/retraceme 7226a759aa2bb3787a79806f85d80eaad84f1f1e15acd6db988f2df789d1680d:0)
04-05 13:14:59.594 19299 19312 E NexusCSStateManager: 	at android.app.appsearch.SearchSessionUtil.safeExecute(go/retraceme 50c746ee5c32f88f733077ebeb4008935661f54b3d9e8e373e734d129bb80b29:21)
04-05 13:14:59.594 19299 19312 E NexusCSStateManager: 	at android.app.appsearch.SearchSessionUtil$1.onResult(go/retraceme 50c746ee5c32f88f733077ebeb4008935661f54b3d9e8e373e734d129bb80b29:18)
04-05 13:14:59.594 19299 19312 E NexusCSStateManager: 	at android.app.appsearch.aidl.IAppSearchBatchResultCallback$Stub.onTransact(go/retraceme 50c746ee5c32f88f733077ebeb4008935661f54b3d9e8e373e734d129bb80b29:50)
04-05 13:14:59.594 19299 19312 E NexusCSStateManager: 	at android.os.Binder.execTransactInternal(Binder.java:1471)
04-05 13:14:59.594 19299 19312 E NexusCSStateManager: 	at android.os.Binder.execTransact(Binder.java:1411)
04-05 13:14:59.673 19299 19332 E ZeroStateWebSuggestDataLoader: Failed to fetch suggestions from AppSearch
04-05 13:14:59.673 19299 19332 E ZeroStateWebSuggestDataLoader: java.util.NoSuchElementException: No value present
04-05 13:14:59.673 19299 19332 E ZeroStateWebSuggestDataLoader: 	at java.util.Optional.get(Optional.java:143)
04-05 13:14:59.673 19299 19332 E ZeroStateWebSuggestDataLoader: 	at d6.j.onResult(go/retraceme 7226a759aa2bb3787a79806f85d80eaad84f1f1e15acd6db988f2df789d1680d:32)
04-05 13:14:59.673 19299 19332 E ZeroStateWebSuggestDataLoader: 	at android.app.appsearch.SearchSessionUtil$1.lambda$onResult$0(go/retraceme 50c746ee5c32f88f733077ebeb4008935661f54b3d9e8e373e734d129bb80b29:144)
04-05 13:14:59.673 19299 19332 E ZeroStateWebSuggestDataLoader: 	at android.app.appsearch.SearchSessionUtil$1.$r8$lambda$CEk3q8sDAQVhU3rQwVueB8FAj_M(go/retraceme 50c746ee5c32f88f733077ebeb4008935661f54b3d9e8e373e734d129bb80b29:1)
04-05 13:14:59.673 19299 19332 E ZeroStateWebSuggestDataLoader: 	at android.app.appsearch.SearchSessionUtil$1$$ExternalSyntheticLambda0.run(go/retraceme 50c746ee5c32f88f733077ebeb4008935661f54b3d9e8e373e734d129bb80b29:22)
04-05 13:14:59.673 19299 19332 E ZeroStateWebSuggestDataLoader: 	at android.os.Handler.handleCallback(Handler.java:1095)
04-05 13:14:59.673 19299 19332 E ZeroStateWebSuggestDataLoader: 	at android.os.Handler.dispatchMessageImpl(Handler.java:135)
04-05 13:14:59.673 19299 19332 E ZeroStateWebSuggestDataLoader: 	at android.os.Handler.dispatchMessage(Handler.java:125)
04-05 13:14:59.673 19299 19332 E ZeroStateWebSuggestDataLoader: 	at android.os.Looper.loopOnce(Looper.java:292)
04-05 13:14:59.673 19299 19332 E ZeroStateWebSuggestDataLoader: 	at android.os.Looper.loop(Looper.java:393)
04-05 13:14:59.673 19299 19332 E ZeroStateWebSuggestDataLoader: 	at android.os.HandlerThread.run(HandlerThread.java:139)
04-05 13:14:59.865 19223 19336 E rules.WifiPresence: setWifiFences failed
04-05 13:14:59.865 19223 19336 E rules.WifiPresence: dda: 17: API: WifiPresenceClient.API is not available on this device. Connection failed with: dbs{statusCode=API_UNAVAILABLE, resolution=null, message=null, clientMethodKey=null}
04-05 13:14:59.865 19223 19336 E rules.WifiPresence: 	at dcx.b(PG:15)
04-05 13:14:59.865 19223 19336 E rules.WifiPresence: 	at jyf.a(PG:5)
04-05 13:14:59.865 19223 19336 E rules.WifiPresence: 	at ddy.e(PG:5)
04-05 13:14:59.865 19223 19336 E rules.WifiPresence: 	at deq.t(PG:48)
04-05 13:14:59.865 19223 19336 E rules.WifiPresence: 	at deq.f(PG:10)
04-05 13:14:59.865 19223 19336 E rules.WifiPresence: 	at deq.j(PG:164)
04-05 13:14:59.865 19223 19336 E rules.WifiPresence: 	at deq.i(PG:2)
04-05 13:14:59.865 19223 19336 E rules.WifiPresence: 	at bnw.run(PG:278)
04-05 13:14:59.865 19223 19336 E rules.WifiPresence: 	at android.os.Handler.handleCallback(Handler.java:1095)
04-05 13:14:59.865 19223 19336 E rules.WifiPresence: 	at android.os.Handler.dispatchMessageImpl(Handler.java:135)
04-05 13:14:59.865 19223 19336 E rules.WifiPresence: 	at android.os.Handler.dispatchMessage(Handler.java:125)
04-05 13:14:59.865 19223 19336 E rules.WifiPresence: 	at android.os.Looper.loopOnce(Looper.java:292)
04-05 13:14:59.865 19223 19336 E rules.WifiPresence: 	at android.os.Looper.loop(Looper.java:393)
04-05 13:14:59.865 19223 19336 E rules.WifiPresence: 	at android.os.HandlerThread.run(HandlerThread.java:139)
04-05 13:14:59.876 19299 19299 E RecyclerView: Cannot scroll to position a LayoutManager set. Call setLayoutManager with a non-null argument.
04-05 13:14:59.882 19299 19299 E RecyclerView: Cannot scroll to position a LayoutManager set. Call setLayoutManager with a non-null argument.
04-05 13:15:00.218  1135  1135 E LauncherProxyService: Failed to get launcher proxy for system bar attr change.
04-05 13:15:00.281 19299 19299 E ConsumerBase: [ImageReader-1x1f1u2816m2-19299-1] abandonLocked: ConsumerBase is abandoned!
04-05 13:15:00.322 19226 19329 E Ambient : Installed publisher verification failed
04-05 13:15:00.322 19226 19329 E Ambient : Installed publisher verification failed
04-05 13:15:00.521 19226 19390 E AiAiNotificationAssistantService: No completion listener supplied for this service!
04-05 13:15:01.102 19299 19333 E ConsumerBase: [ImageReader-173x173f1u2816m2-19299-2] abandonLocked: ConsumerBase is abandoned!
04-05 13:15:01.128  1135  1204 E SingleInstanceRemoteListener: Failed remote call on null listener
04-05 13:15:01.227 19299 19595 E s.nexuslauncher: Invalid resource ID 0x00000000.
04-05 13:15:01.270 19260 19335 E PhenotypeFlagCommitter: Retrieving snapshot for com.google.android.dialer failed
04-05 13:15:01.270 19260 19335 E PhenotypeFlagCommitter: java.util.concurrent.TimeoutException: Timed out waiting for Task
04-05 13:15:01.270 19260 19335 E PhenotypeFlagCommitter: 	at zib.l(PG:55)
04-05 13:15:01.270 19260 19335 E PhenotypeFlagCommitter: 	at ylk.c(PG:15)
04-05 13:15:01.270 19260 19335 E PhenotypeFlagCommitter: 	at ylk.d(PG:38)
04-05 13:15:01.270 19260 19335 E PhenotypeFlagCommitter: 	at quj.call(PG:346)
04-05 13:15:01.270 19260 19335 E PhenotypeFlagCommitter: 	at agin.call(PG:21)
04-05 13:15:01.270 19260 19335 E PhenotypeFlagCommitter: 	at aglc.a(PG:3)
04-05 13:15:01.270 19260 19335 E PhenotypeFlagCommitter: 	at agkf.run(PG:19)
04-05 13:15:01.270 19260 19335 E PhenotypeFlagCommitter: 	at agld.run(PG:5)
04-05 13:15:01.270 19260 19335 E PhenotypeFlagCommitter: 	at zgq.run(PG:7)
04-05 13:15:01.270 19260 19335 E PhenotypeFlagCommitter: 	at java.util.concurrent.ThreadPoolExecutor.runWorker(ThreadPoolExecutor.java:1100)
04-05 13:15:01.270 19260 19335 E PhenotypeFlagCommitter: 	at java.util.concurrent.ThreadPoolExecutor$Worker.run(ThreadPoolExecutor.java:624)
04-05 13:15:01.270 19260 19335 E PhenotypeFlagCommitter: 	at xyv.run(PG:80)
04-05 13:15:01.270 19260 19335 E PhenotypeFlagCommitter: 	at zgc.run(PG:678)
04-05 13:15:01.270 19260 19335 E PhenotypeFlagCommitter: 	at java.lang.Thread.run(Thread.java:1572)
04-05 13:15:01.270 19260 19335 E PhenotypeFlagCommitter: 	at zhr.run(PG:61)
04-05 13:15:01.406  1135  1204 E SingleInstanceRemoteListener: Failed remote call on null listener
04-05 13:15:02.040 19226 19487 E AiAiEcho: Reading elements from Geller failed with cause
04-05 13:15:02.040 19226 19487 E AiAiEcho: ilw: Code: UNKNOWN, Message: Geller data fetch is not enabled
04-05 13:15:02.040 19226 19487 E AiAiEcho: 	at imn.a(PG:17)
04-05 13:15:02.040 19226 19487 E AiAiEcho: 	at lhh.b(PG:20)
04-05 13:15:02.040 19226 19487 E AiAiEcho: 	at abge.g(PG:11)
04-05 13:15:02.040 19226 19487 E AiAiEcho: 	at kotlinx.coroutines.DispatchedTask.run(PG:112)
04-05 13:15:02.040 19226 19487 E AiAiEcho: 	at java.util.concurrent.Executors$RunnableAdapter.call(Executors.java:520)
04-05 13:15:02.040 19226 19487 E AiAiEcho: 	at xjo.a(PG:3)
04-05 13:15:02.040 19226 19487 E AiAiEcho: 	at xir.run(PG:19)
04-05 13:15:02.040 19226 19487 E AiAiEcho: 	at xjp.run(PG:5)
04-05 13:15:02.040 19226 19487 E AiAiEcho: 	at java.util.concurrent.Executors$RunnableAdapter.call(Executors.java:520)
04-05 13:15:02.040 19226 19487 E AiAiEcho: 	at java.util.concurrent.FutureTask.run(FutureTask.java:328)
04-05 13:15:02.040 19226 19487 E AiAiEcho: 	at java.util.concurrent.ScheduledThreadPoolExecutor$ScheduledFutureTask.run(ScheduledThreadPoolExecutor.java:323)
04-05 13:15:02.040 19226 19487 E AiAiEcho: 	at java.util.concurrent.ThreadPoolExecutor.runWorker(ThreadPoolExecutor.java:1100)
04-05 13:15:02.040 19226 19487 E AiAiEcho: 	at java.util.concurrent.ThreadPoolExecutor$Worker.run(ThreadPoolExecutor.java:624)
04-05 13:15:02.040 19226 19487 E AiAiEcho: 	at hxw.run(PG:221)
04-05 13:15:02.040 19226 19487 E AiAiEcho: 	at java.lang.Thread.run(Thread.java:1572)
04-05 13:15:03.216 19299 19331 E ConsumerBase: [ImageReader-46x46f1u2816m2-19299-3] abandonLocked: ConsumerBase is abandoned!
04-05 13:15:03.453 19299 19333 E ConsumerBase: [ImageReader-173x173f1u2816m2-19299-4] abandonLocked: ConsumerBase is abandoned!
04-05 13:15:03.503   647   675 E libbinder.Parcel: Reading a NULL string not supported here.
04-05 13:15:03.503   647   675 E ARProxy : Unknown descriptor: 
04-05 13:15:03.983 19646 19646 E LibraryModuleRegistry: LibraryModuleRegistry.register():48 Module mobilebert_classifier_android_jni has already been registered to integrated_shared_object
04-05 13:15:04.357 19651 19758 E PhotosApiClient: Execution exception occurred: java.util.concurrent.ExecutionException: io.grpc.StatusRuntimeException: UNIMPLEMENTED: bindService(Intent { act=grpc.io.action.BIND xflg=0x4 cmp=com.google.android.apps.photos/.curatedwallpapers.apiservice.PhotosCuratedWallpapersApiService }) returned false
04-05 13:15:04.485 19299 19333 E Launcher.Model: Loader task completed, name: [addCallbacksAndLoad], mIsCommitted=true
04-05 13:15:04.687 19646 19646 E GoogleInputMethodService: GoogleInputMethodService.getAppEditorInfo():1891 App EditorInfo should never be null.
04-05 13:15:04.862 19669 19682 E DatabaseUtils: Writing exception to parcel
04-05 13:15:04.862 19669 19682 E DatabaseUtils: java.lang.UnsupportedOperationException
04-05 13:15:04.862 19669 19682 E DatabaseUtils: 	at com.google.android.apps.gsa.staticplugins.publiccontent.GsaPublicContentProvider.query(PG:480)
04-05 13:15:04.862 19669 19682 E DatabaseUtils: 	at android.content.ContentProvider.query(ContentProvider.java:1670)
04-05 13:15:04.862 19669 19682 E DatabaseUtils: 	at android.content.ContentProvider.query(ContentProvider.java:1766)
04-05 13:15:04.862 19669 19682 E DatabaseUtils: 	at android.content.ContentProvider$Transport.query(ContentProvider.java:304)
04-05 13:15:04.862 19669 19682 E DatabaseUtils: 	at android.content.ContentProviderNative.onTransact(ContentProviderNative.java:109)
04-05 13:15:04.862 19669 19682 E DatabaseUtils: 	at android.os.Binder.execTransactInternal(Binder.java:1466)
04-05 13:15:04.862 19669 19682 E DatabaseUtils: 	at android.os.Binder.execTransact(Binder.java:1411)
04-05 13:15:04.882 19299 19419 E DoodleDataLoader: Error fetching doodle
04-05 13:15:04.882 19299 19419 E DoodleDataLoader: java.lang.UnsupportedOperationException
04-05 13:15:04.882 19299 19419 E DoodleDataLoader: 	at android.database.DatabaseUtils.readExceptionFromParcel(DatabaseUtils.java:209)
04-05 13:15:04.882 19299 19419 E DoodleDataLoader: 	at android.database.DatabaseUtils.readExceptionFromParcel(DatabaseUtils.java:177)
04-05 13:15:04.882 19299 19419 E DoodleDataLoader: 	at android.content.ContentProviderProxy.query(ContentProviderNative.java:497)
04-05 13:15:04.882 19299 19419 E DoodleDataLoader: 	at android.content.ContentProviderClient.lambda$query$1(ContentProviderClient.java:330)
04-05 13:15:04.882 19299 19419 E DoodleDataLoader: 	at android.content.ContentProviderClient.$r8$lambda$30ruSb8khJgOcMU3BAg6NHb0qXI(ContentProviderClient.java:0)
04-05 13:15:04.882 19299 19419 E DoodleDataLoader: 	at android.content.ContentProviderClient$$ExternalSyntheticLambda5.apply(D8$$SyntheticClass:0)
04-05 13:15:04.882 19299 19419 E DoodleDataLoader: 	at android.content.ContentProviderClient.execute(ContentProviderClient.java:732)
04-05 13:15:04.882 19299 19419 E DoodleDataLoader: 	at android.content.ContentProviderClient.query(ContentProviderClient.java:329)
04-05 13:15:04.882 19299 19419 E DoodleDataLoader: 	at android.content.ContentProviderClient.query(ContentProviderClient.java:320)
04-05 13:15:04.882 19299 19419 E DoodleDataLoader: 	at android.content.ContentProviderClient.query(ContentProviderClient.java:310)
04-05 13:15:04.882 19299 19419 E DoodleDataLoader: 	at l6.d.d(go/retraceme 7226a759aa2bb3787a79806f85d80eaad84f1f1e15acd6db988f2df789d1680d:23)
04-05 13:15:04.882 19299 19419 E DoodleDataLoader: 	at l6.g.run(go/retraceme 7226a759aa2bb3787a79806f85d80eaad84f1f1e15acd6db988f2df789d1680d:2)
04-05 13:15:04.882 19299 19419 E DoodleDataLoader: 	at android.os.Handler.handleCallback(Handler.java:1095)
04-05 13:15:04.882 19299 19419 E DoodleDataLoader: 	at android.os.Handler.dispatchMessageImpl(Handler.java:135)
04-05 13:15:04.882 19299 19419 E DoodleDataLoader: 	at android.os.Handler.dispatchMessage(Handler.java:125)
04-05 13:15:04.882 19299 19419 E DoodleDataLoader: 	at android.os.Looper.loopOnce(Looper.java:292)
04-05 13:15:04.882 19299 19419 E DoodleDataLoader: 	at android.os.Looper.loop(Looper.java:393)
04-05 13:15:04.882 19299 19419 E DoodleDataLoader: 	at android.os.HandlerThread.run(HandlerThread.java:139)
04-05 13:15:05.198 19226 19386 E AiAiEcho: EchoSearch: SettingsFetcherImpl: DB already exists.
04-05 13:15:07.018 19646 19646 E AbstractOpenableExtension: AbstractOpenableExtension$1.onFailure():144 failed to parse keyboard group def : 2132213997 -> 0_resource_name_obfuscated. 
04-05 13:15:07.018 19646 19646 E AbstractOpenableExtension: java.util.concurrent.CancellationException: Task was cancelled.
04-05 13:15:07.018 19646 19646 E AbstractOpenableExtension: 	at ufk.i(PG:33)
04-05 13:15:07.018 19646 19646 E AbstractOpenableExtension: 	at ufs.r(PG:24)
04-05 13:15:07.018 19646 19646 E AbstractOpenableExtension: 	at ufk.get(PG:1)
04-05 13:15:07.018 19646 19646 E AbstractOpenableExtension: 	at a.n(PG:2)
04-05 13:15:07.018 19646 19646 E AbstractOpenableExtension: 	at uhk.run(PG:92)
04-05 13:15:07.018 19646 19646 E AbstractOpenableExtension: 	at ugs.execute(PG:1)
04-05 13:15:07.018 19646 19646 E AbstractOpenableExtension: 	at ufk.g(PG:1)
04-05 13:15:07.018 19646 19646 E AbstractOpenableExtension: 	at ufk.l(PG:101)
04-05 13:15:07.018 19646 19646 E AbstractOpenableExtension: 	at ufk.cancel(PG:52)
04-05 13:15:07.018 19646 19646 E AbstractOpenableExtension: 	at ufk.n(PG:17)
04-05 13:15:07.018 19646 19646 E AbstractOpenableExtension: 	at ufw.c(PG:3)
04-05 13:15:07.018 19646 19646 E AbstractOpenableExtension: 	at ufk.l(PG:30)
04-05 13:15:07.018 19646 19646 E AbstractOpenableExtension: 	at ufk.cancel(PG:52)
04-05 13:15:07.018 19646 19646 E AbstractOpenableExtension: 	at fsm.e(PG:64)
04-05 13:15:07.018 19646 19646 E AbstractOpenableExtension: 	at fsm.N(PG:4)
04-05 13:15:07.018 19646 19646 E AbstractOpenableExtension: 	at fsm.O(PG:1)
04-05 13:15:07.018 19646 19646 E AbstractOpenableExtension: 	at may.h(PG:33)
04-05 13:15:07.018 19646 19646 E AbstractOpenableExtension: 	at mwe.ag(PG:20)
04-05 13:15:07.018 19646 19646 E AbstractOpenableExtension: 	at ead.o(PG:247)
04-05 13:15:07.018 19646 19646 E AbstractOpenableExtension: 	at mvz.e(PG:3)
04-05 13:15:07.018 19646 19646 E AbstractOpenableExtension: 	at mtj.dx(PG:9)
04-05 13:15:07.018 19646 19646 E AbstractOpenableExtension: 	at nsh.run(PG:198)
04-05 13:15:07.018 19646 19646 E AbstractOpenableExtension: 	at ugs.execute(PG:1)
04-05 13:15:07.018 19646 19646 E AbstractOpenableExtension: 	at onf.c(PG:14)
04-05 13:15:07.018 19646 19646 E AbstractOpenableExtension: 	at nzd.l(PG:94)
04-05 13:15:07.018 19646 19646 E AbstractOpenableExtension: 	at nzd.j(PG:33)
04-05 13:15:07.018 19646 19646 E AbstractOpenableExtension: 	at oyp.b(PG:154)
04-05 13:15:07.018 19646 19646 E AbstractOpenableExtension: 	at uhk.run(PG:98)
04-05 13:15:07.018 19646 19646 E AbstractOpenableExtension: 	at ljc.execute(PG:12)
04-05 13:15:07.018 19646 19646 E AbstractOpenableExtension: 	at uht.b(PG:3)
04-05 13:15:07.018 19646 19646 E AbstractOpenableExtension: 	at mus.P(PG:354)
04-05 13:15:07.018 19646 19646 E AbstractOpenableExtension: 	at mus.n(PG:65)
04-05 13:15:07.018 19646 19646 E AbstractOpenableExtension: 	at mtl.d(PG:182)
04-05 13:15:07.018 19646 19646 E AbstractOpenableExtension: 	at mtl.dx(PG:5)
04-05 13:15:07.018 19646 19646 E AbstractOpenableExtension: 	at nsh.run(PG:198)
04-05 13:15:07.018 19646 19646 E AbstractOpenableExtension: 	at ljc.execute(PG:12)
04-05 13:15:07.018 19646 19646 E AbstractOpenableExtension: 	at onf.c(PG:14)
04-05 13:15:07.018 19646 19646 E AbstractOpenableExtension: 	at nzd.l(PG:94)
04-05 13:15:07.018 19646 19646 E AbstractOpenableExtension: 	at nzd.j(PG:33)
04-05 13:15:07.018 19646 19646 E AbstractOpenableExtension: 	at oyp.b(PG:122)
04-05 13:15:07.018 19646 19646 E AbstractOpenableExtension: 	at uhk.run(PG:98)
04-05 13:15:07.018 19646 19646 E AbstractOpenableExtension: 	at android.os.Handler.handleCallback(Handler.java:1095)
04-05 13:15:07.018 19646 19646 E AbstractOpenableExtension: 	at android.os.Handler.dispatchMessageImpl(Handler.java:135)
04-05 13:15:07.018 19646 19646 E AbstractOpenableExtension: 	at android.os.Handler.dispatchMessage(Handler.java:125)
04-05 13:15:07.018 19646 19646 E AbstractOpenableExtension: 	at android.os.Looper.loopOnce(Looper.java:292)
04-05 13:15:07.018 19646 19646 E AbstractOpenableExtension: 	at android.os.Looper.loop(Looper.java:393)
04-05 13:15:07.018 19646 19646 E AbstractOpenableExtension: 	at android.app.ActivityThread.main(ActivityThread.java:9486)
04-05 13:15:07.018 19646 19646 E AbstractOpenableExtension: 	at java.lang.reflect.Method.invoke(Native Method)
04-05 13:15:07.018 19646 19646 E AbstractOpenableExtension: 	at com.android.internal.os.RuntimeInit$MethodAndArgsCaller.run(RuntimeInit.java:575)
04-05 13:15:07.018 19646 19646 E AbstractOpenableExtension: 	at com.android.internal.os.ZygoteInit.main(ZygoteInit.java:939)
04-05 13:15:07.221 19646 19646 E AbstractOpenableExtension: AbstractOpenableExtension$1.onFailure():144 failed to parse keyboard group def : 2132213998 -> 0_resource_name_obfuscated. 
04-05 13:15:07.221 19646 19646 E AbstractOpenableExtension: java.util.concurrent.CancellationException: Task was cancelled.
04-05 13:15:07.221 19646 19646 E AbstractOpenableExtension: 	at ufk.i(PG:33)
04-05 13:15:07.221 19646 19646 E AbstractOpenableExtension: 	at ufs.r(PG:24)
04-05 13:15:07.221 19646 19646 E AbstractOpenableExtension: 	at ufk.get(PG:1)
04-05 13:15:07.221 19646 19646 E AbstractOpenableExtension: 	at a.n(PG:2)
04-05 13:15:07.221 19646 19646 E AbstractOpenableExtension: 	at uhk.run(PG:92)
04-05 13:15:07.221 19646 19646 E AbstractOpenableExtension: 	at ugs.execute(PG:1)
04-05 13:15:07.221 19646 19646 E AbstractOpenableExtension: 	at ufk.g(PG:1)
04-05 13:15:07.221 19646 19646 E AbstractOpenableExtension: 	at ufk.l(PG:101)
04-05 13:15:07.221 19646 19646 E AbstractOpenableExtension: 	at ufk.cancel(PG:52)
04-05 13:15:07.221 19646 19646 E AbstractOpenableExtension: 	at ufk.n(PG:17)
04-05 13:15:07.221 19646 19646 E AbstractOpenableExtension: 	at ufw.c(PG:3)
04-05 13:15:07.221 19646 19646 E AbstractOpenableExtension: 	at ufk.l(PG:30)
04-05 13:15:07.221 19646 19646 E AbstractOpenableExtension: 	at ufk.cancel(PG:52)
04-05 13:15:07.221 19646 19646 E AbstractOpenableExtension: 	at fsm.e(PG:64)
04-05 13:15:07.221 19646 19646 E AbstractOpenableExtension: 	at fsm.N(PG:4)
04-05 13:15:07.221 19646 19646 E AbstractOpenableExtension: 	at fsm.O(PG:1)
04-05 13:15:07.221 19646 19646 E AbstractOpenableExtension: 	at may.h(PG:33)
04-05 13:15:07.221 19646 19646 E AbstractOpenableExtension: 	at mwe.ag(PG:20)
04-05 13:15:07.221 19646 19646 E AbstractOpenableExtension: 	at ead.o(PG:247)
04-05 13:15:07.221 19646 19646 E AbstractOpenableExtension: 	at mvz.e(PG:3)
04-05 13:15:07.221 19646 19646 E AbstractOpenableExtension: 	at mtj.dx(PG:9)
04-05 13:15:07.221 19646 19646 E AbstractOpenableExtension: 	at nsh.run(PG:198)
04-05 13:15:07.221 19646 19646 E AbstractOpenableExtension: 	at ugs.execute(PG:1)
04-05 13:15:07.221 19646 19646 E AbstractOpenableExtension: 	at onf.c(PG:14)
04-05 13:15:07.221 19646 19646 E AbstractOpenableExtension: 	at nzd.l(PG:94)
04-05 13:15:07.221 19646 19646 E AbstractOpenableExtension: 	at nzd.j(PG:33)
04-05 13:15:07.221 19646 19646 E AbstractOpenableExtension: 	at oyp.b(PG:154)
04-05 13:15:07.221 19646 19646 E AbstractOpenableExtension: 	at uhk.run(PG:98)
04-05 13:15:07.221 19646 19646 E AbstractOpenableExtension: 	at android.os.Handler.handleCallback(Handler.java:1095)
04-05 13:15:07.221 19646 19646 E AbstractOpenableExtension: 	at android.os.Handler.dispatchMessageImpl(Handler.java:135)
04-05 13:15:07.221 19646 19646 E AbstractOpenableExtension: 	at android.os.Handler.dispatchMessage(Handler.java:125)
04-05 13:15:07.221 19646 19646 E AbstractOpenableExtension: 	at android.os.Looper.loopOnce(Looper.java:292)
04-05 13:15:07.221 19646 19646 E AbstractOpenableExtension: 	at android.os.Looper.loop(Looper.java:393)
04-05 13:15:07.221 19646 19646 E AbstractOpenableExtension: 	at android.app.ActivityThread.main(ActivityThread.java:9486)
04-05 13:15:07.221 19646 19646 E AbstractOpenableExtension: 	at java.lang.reflect.Method.invoke(Native Method)
04-05 13:15:07.221 19646 19646 E AbstractOpenableExtension: 	at com.android.internal.os.RuntimeInit$MethodAndArgsCaller.run(RuntimeInit.java:575)
04-05 13:15:07.221 19646 19646 E AbstractOpenableExtension: 	at com.android.internal.os.ZygoteInit.main(ZygoteInit.java:939)
04-05 13:15:07.915 19646 19704 E HandwritingSuperpacksUtil: HandwritingSuperpacksUtil.getPackMappingPackName():42 No pack mapping pack found in []
04-05 13:15:08.095 19646 19820 E MDDTaskScheduler: MDDTaskScheduler.scheduleDownload():191 work Data {charging : false, mdd_task_tag : download, network : false} scheduled
04-05 13:15:08.344   284   292 E lowmemorykiller: process_mrelease 19223 failed: No such process
04-05 13:15:08.393   284   294 E lowmemorykiller: process_mrelease 19575 failed: No such process
04-05 13:15:08.434   284   292 E lowmemorykiller: process_mrelease 19646 failed: No such process
04-05 13:15:08.511   647   647 E libbinder.IPCThreadState: Binder transaction failure. id: 621296, cmd: BR_DEAD_REPLY (29189), error: -22 (Invalid argument)
04-05 13:15:08.553   647   795 E InputDispatcher: channel 'stylus-handwriting-event-receiver-0' ~ Channel is unrecoverably broken and will be disposed!
04-05 13:15:09.680   284   294 E lowmemorykiller: process_mrelease 19418 failed: No such process
04-05 13:15:10.063   284   294 E lowmemorykiller: process_mrelease 19973 failed: No such process
04-05 13:15:10.710  1300  1300 E RemoteVvmTaskManager: onServiceDisconnected: remoteService disconnected, 0 tasks dropped.
04-05 13:15:10.729 19334 19422 E libbinder.IPCThreadState: Binder transaction failure. id: 624039, cmd: BR_DEAD_REPLY (29189), error: -22 (Invalid argument)
04-05 13:15:10.735 19334 19422 E libbinder.IPCThreadState: Binder transaction failure. id: 624044, cmd: BR_DEAD_REPLY (29189), error: -22 (Invalid argument)
04-05 13:15:10.738 19334 19422 E libbinder.IPCThreadState: Binder transaction failure. id: 624045, cmd: BR_DEAD_REPLY (29189), error: -22 (Invalid argument)
04-05 13:15:10.746 19334 19422 E libbinder.IPCThreadState: Binder transaction failure. id: 624049, cmd: BR_DEAD_REPLY (29189), error: -22 (Invalid argument)
04-05 13:15:10.819   647   647 E libbinder.IPCThreadState: Binder transaction failure. id: 624142, cmd: BR_DEAD_REPLY (29189), error: -22 (Invalid argument)
04-05 13:15:10.866   647  1034 E WifiChipAidlImpl: getUsableChannels failed with service-specific exception: android.os.ServiceSpecificException:  (code 4)
04-05 13:15:10.995   647  2126 E AppOps  : Bad call made by uid 1000. Package "com.google.android.googlequicksearchbox" does not belong to uid 1000.
04-05 13:15:11.000 19299 19845 E OneSearchSuggestProvider: Unable to get suggestions from AGA for zero state
04-05 13:15:11.000 19299 19845 E OneSearchSuggestProvider: io.grpc.StatusRuntimeException: UNAVAILABLE: binderDied
04-05 13:15:11.000 19299 19845 E OneSearchSuggestProvider: 	at i9.g.a(go/retraceme 7226a759aa2bb3787a79806f85d80eaad84f1f1e15acd6db988f2df789d1680d:36)
04-05 13:15:11.000 19299 19845 E OneSearchSuggestProvider: 	at g9.n.b(go/retraceme 7226a759aa2bb3787a79806f85d80eaad84f1f1e15acd6db988f2df789d1680d:27)
04-05 13:15:11.000 19299 19845 E OneSearchSuggestProvider: 	at g9.n.a(go/retraceme 7226a759aa2bb3787a79806f85d80eaad84f1f1e15acd6db988f2df789d1680d:13)
04-05 13:15:11.000 19299 19845 E OneSearchSuggestProvider: 	at g9.z.run(go/retraceme 7226a759aa2bb3787a79806f85d80eaad84f1f1e15acd6db988f2df789d1680d:6)
04-05 13:15:11.000 19299 19845 E OneSearchSuggestProvider: 	at g9.k5.run(go/retraceme 7226a759aa2bb3787a79806f85d80eaad84f1f1e15acd6db988f2df789d1680d:18)
04-05 13:15:11.000 19299 19845 E OneSearchSuggestProvider: 	at java.util.concurrent.ThreadPoolExecutor.runWorker(ThreadPoolExecutor.java:1100)
04-05 13:15:11.000 19299 19845 E OneSearchSuggestProvider: 	at java.util.concurrent.ThreadPoolExecutor$Worker.run(ThreadPoolExecutor.java:624)
04-05 13:15:11.000 19299 19845 E OneSearchSuggestProvider: 	at java.lang.Thread.run(Thread.java:1572)
04-05 13:15:11.001   284   294 E lowmemorykiller: process_mrelease 19879 failed: No such process
04-05 13:15:11.121   647   795 E InputDispatcher: channel '[Gesture Monitor] swipe-up' ~ Channel is unrecoverably broken and will be disposed!
04-05 13:15:11.122   647   795 E InputDispatcher: channel '[Gesture Monitor] minus-one' ~ Channel is unrecoverably broken and will be disposed!
04-05 13:15:11.122   647   795 E InputDispatcher: channel '7bcdefd Taskbar' ~ Channel is unrecoverably broken and will be disposed!
04-05 13:15:11.124   647   795 E libbinder.IPCThreadState: Binder transaction failure. id: 624775, cmd: BR_DEAD_REPLY (29189), error: -3 (No such process)
04-05 13:15:11.126   647   795 E libbinder.IPCThreadState: Binder transaction failure. id: 624779, cmd: BR_DEAD_REPLY (29189), error: -22 (Invalid argument)
04-05 13:15:11.126   647   795 E InputDispatcher: channel 'fa61520 com.google.android.apps.nexuslauncher/com.google.android.apps.nexuslauncher.NexusLauncherActivity' ~ Channel is unrecoverably broken and will be disposed!
04-05 13:15:11.165  1135  1204 E SingleInstanceRemoteListener: Failed remote call on null listener
04-05 13:15:11.246   511   511 E BpTransactionCompletedListener: Failed to transact (-32)
04-05 13:15:11.246   511   511 E BpTransactionCompletedListener: Failed to transact (-32)
04-05 13:15:11.322 20026 20026 E LibraryModuleRegistry: LibraryModuleRegistry.register():48 Module mobilebert_classifier_android_jni has already been registered to integrated_shared_object
04-05 13:15:11.333 19334 19618 E libbinder.IPCThreadState: Binder transaction failure. id: 625075, cmd: BR_DEAD_REPLY (29189), error: -22 (Invalid argument)
04-05 13:15:11.393   647  1108 E AppOps  : Bad call made by uid 1000. Package "com.google.android.googlequicksearchbox" does not belong to uid 1000.
04-05 13:15:11.406  1135  1135 E LauncherProxyService: Failed to get launcher proxy for system bar attr change.
04-05 13:15:11.492 19334 19495 E libbinder.IPCThreadState: Binder transaction failure. id: 625577, cmd: BR_DEAD_REPLY (29189), error: -22 (Invalid argument)
04-05 13:15:11.510 19334 19470 E AbstractGmsTracer: Traced class shouldn't be obfuscated: dibo [CONTEXT service_id=259 ]
04-05 13:15:11.541 19334 19495 E libbinder.IPCThreadState: Binder transaction failure. id: 625745, cmd: BR_DEAD_REPLY (29189), error: -22 (Invalid argument)
04-05 13:15:11.665 19334 19495 E libbinder.IPCThreadState: Binder transaction failure. id: 625999, cmd: BR_DEAD_REPLY (29189), error: -22 (Invalid argument)
04-05 13:15:11.778 19334 19495 E libbinder.IPCThreadState: Binder transaction failure. id: 626331, cmd: BR_DEAD_REPLY (29189), error: -22 (Invalid argument)
04-05 13:15:11.919 19334 19618 E libbinder.IPCThreadState: Binder transaction failure. id: 626593, cmd: BR_DEAD_REPLY (29189), error: -22 (Invalid argument)
04-05 13:15:11.964 19334 19495 E libbinder.IPCThreadState: Binder transaction failure. id: 626688, cmd: BR_DEAD_REPLY (29189), error: -22 (Invalid argument)
04-05 13:15:12.438 20026 20026 E GoogleInputMethodService: GoogleInputMethodService.getAppEditorInfo():1891 App EditorInfo should never be null.
04-05 13:15:12.701 20096 20096 E ConsumerBase: [ImageReader-173x173f1u2816m2-20096-0] abandonLocked: ConsumerBase is abandoned!
04-05 13:15:13.087 20096 20109 E NexusCSStateManager: Failed to fetch from AppSearch
04-05 13:15:13.087 20096 20109 E NexusCSStateManager: java.util.NoSuchElementException: No value present
04-05 13:15:13.087 20096 20109 E NexusCSStateManager: 	at java.util.Optional.get(Optional.java:143)
04-05 13:15:13.087 20096 20109 E NexusCSStateManager: 	at p6.l.onResult(go/retraceme 7226a759aa2bb3787a79806f85d80eaad84f1f1e15acd6db988f2df789d1680d:36)
04-05 13:15:13.087 20096 20109 E NexusCSStateManager: 	at android.app.appsearch.SearchSessionUtil$1.lambda$onResult$0(go/retraceme 50c746ee5c32f88f733077ebeb4008935661f54b3d9e8e373e734d129bb80b29:144)
04-05 13:15:13.087 20096 20109 E NexusCSStateManager: 	at android.app.appsearch.SearchSessionUtil$1.$r8$lambda$CEk3q8sDAQVhU3rQwVueB8FAj_M(go/retraceme 50c746ee5c32f88f733077ebeb4008935661f54b3d9e8e373e734d129bb80b29:1)
04-05 13:15:13.087 20096 20109 E NexusCSStateManager: 	at android.app.appsearch.SearchSessionUtil$1$$ExternalSyntheticLambda0.run(go/retraceme 50c746ee5c32f88f733077ebeb4008935661f54b3d9e8e373e734d129bb80b29:22)
04-05 13:15:13.087 20096 20109 E NexusCSStateManager: 	at androidx.appfunctions.internal.e.execute(go/retraceme 7226a759aa2bb3787a79806f85d80eaad84f1f1e15acd6db988f2df789d1680d:0)
04-05 13:15:13.087 20096 20109 E NexusCSStateManager: 	at android.app.appsearch.SearchSessionUtil.safeExecute(go/retraceme 50c746ee5c32f88f733077ebeb4008935661f54b3d9e8e373e734d129bb80b29:21)
04-05 13:15:13.087 20096 20109 E NexusCSStateManager: 	at android.app.appsearch.SearchSessionUtil$1.onResult(go/retraceme 50c746ee5c32f88f733077ebeb4008935661f54b3d9e8e373e734d129bb80b29:18)
04-05 13:15:13.087 20096 20109 E NexusCSStateManager: 	at android.app.appsearch.aidl.IAppSearchBatchResultCallback$Stub.onTransact(go/retraceme 50c746ee5c32f88f733077ebeb4008935661f54b3d9e8e373e734d129bb80b29:50)
04-05 13:15:13.087 20096 20109 E NexusCSStateManager: 	at android.os.Binder.execTransactInternal(Binder.java:1471)
04-05 13:15:13.087 20096 20109 E NexusCSStateManager: 	at android.os.Binder.execTransact(Binder.java:1411)
04-05 13:15:13.230 20096 20133 E ZeroStateWebSuggestDataLoader: Failed to fetch suggestions from AppSearch
04-05 13:15:13.230 20096 20133 E ZeroStateWebSuggestDataLoader: java.util.NoSuchElementException: No value present
04-05 13:15:13.230 20096 20133 E ZeroStateWebSuggestDataLoader: 	at java.util.Optional.get(Optional.java:143)
04-05 13:15:13.230 20096 20133 E ZeroStateWebSuggestDataLoader: 	at d6.j.onResult(go/retraceme 7226a759aa2bb3787a79806f85d80eaad84f1f1e15acd6db988f2df789d1680d:32)
04-05 13:15:13.230 20096 20133 E ZeroStateWebSuggestDataLoader: 	at android.app.appsearch.SearchSessionUtil$1.lambda$onResult$0(go/retraceme 50c746ee5c32f88f733077ebeb4008935661f54b3d9e8e373e734d129bb80b29:144)
04-05 13:15:13.230 20096 20133 E ZeroStateWebSuggestDataLoader: 	at android.app.appsearch.SearchSessionUtil$1.$r8$lambda$CEk3q8sDAQVhU3rQwVueB8FAj_M(go/retraceme 50c746ee5c32f88f733077ebeb4008935661f54b3d9e8e373e734d129bb80b29:1)
04-05 13:15:13.230 20096 20133 E ZeroStateWebSuggestDataLoader: 	at android.app.appsearch.SearchSessionUtil$1$$ExternalSyntheticLambda0.run(go/retraceme 50c746ee5c32f88f733077ebeb4008935661f54b3d9e8e373e734d129bb80b29:22)
04-05 13:15:13.230 20096 20133 E ZeroStateWebSuggestDataLoader: 	at android.os.Handler.handleCallback(Handler.java:1095)
04-05 13:15:13.230 20096 20133 E ZeroStateWebSuggestDataLoader: 	at android.os.Handler.dispatchMessageImpl(Handler.java:135)
04-05 13:15:13.230 20096 20133 E ZeroStateWebSuggestDataLoader: 	at android.os.Handler.dispatchMessage(Handler.java:125)
04-05 13:15:13.230 20096 20133 E ZeroStateWebSuggestDataLoader: 	at android.os.Looper.loopOnce(Looper.java:292)
04-05 13:15:13.230 20096 20133 E ZeroStateWebSuggestDataLoader: 	at android.os.Looper.loop(Looper.java:393)
04-05 13:15:13.230 20096 20133 E ZeroStateWebSuggestDataLoader: 	at android.os.HandlerThread.run(HandlerThread.java:139)
04-05 13:15:13.593 20026 20026 E GoogleInputMethodService: GoogleInputMethodService.getAppEditorInfo():1891 App EditorInfo should never be null.
04-05 13:15:13.684 20096 20096 E RecyclerView: Cannot scroll to position a LayoutManager set. Call setLayoutManager with a non-null argument.
04-05 13:15:13.724 20026 20060 E HandwritingSuperpacksUtil: HandwritingSuperpacksUtil.getPackMappingPackName():42 No pack mapping pack found in []
04-05 13:15:13.727 20096 20096 E RecyclerView: Cannot scroll to position a LayoutManager set. Call setLayoutManager with a non-null argument.
04-05 13:15:13.906 19334 19929 E ctxmgr  : [ShushGestureSensor] Context hub handle not found [CONTEXT service_id=47 ]
04-05 13:15:14.040 20026 20221 E rlh     : Non-success http response code 416 for: https://www.gstatic.com/android/keyboard/modelpack/emoji/20260203200248/superpacks_manifest.zip
04-05 13:15:14.175  1135  1135 E LauncherProxyService: Failed to get launcher proxy for system bar attr change.
04-05 13:15:14.187 20026 20062 E MDDTaskScheduler: MDDTaskScheduler.scheduleDownload():191 work Data {charging : false, mdd_task_tag : download, network : false} scheduled
04-05 13:15:14.350 20096 20096 E ConsumerBase: [ImageReader-1x1f1u2816m2-20096-1] abandonLocked: ConsumerBase is abandoned!
04-05 13:15:14.690   647  1242 E libbinder.IPCThreadState: binder thread pool (31 threads) starved for 117 ms
04-05 13:15:15.085   647  2161 E SettingsToPropertiesMapper: key=persist.device_config.storage_native_boot.transcode_compat_manifest value=com.yelp.android,0,com.yy.biu,0,com.groupme.android,0,air.tv.douyu.android,0,com.baidu.mbaby,0,com.vlocker.locker,0,com.znxh.hyhuo,0,com.yixia.xiaokaxiu,0 exceeds system property max length.
04-05 13:15:15.257 20096 20134 E ConsumerBase: [ImageReader-173x173f1u2816m2-20096-2] abandonLocked: ConsumerBase is abandoned!
04-05 13:15:15.287  1135  1204 E SingleInstanceRemoteListener: Failed remote call on null listener
04-05 13:15:15.474 20096 20418 E s.nexuslauncher: Invalid resource ID 0x00000000.
04-05 13:15:15.490 20080 20191 E Ambient : Installed publisher verification failed
04-05 13:15:15.490 20080 20191 E Ambient : Installed publisher verification failed
04-05 13:15:15.673  1135  1204 E SingleInstanceRemoteListener: Failed remote call on null listener
04-05 13:15:16.344 20080 20090 E AiAiNotificationAssistantService: No completion listener supplied for this service!
04-05 13:15:17.365 20096 20132 E ConsumerBase: [ImageReader-46x46f1u2816m2-20096-3] abandonLocked: ConsumerBase is abandoned!
04-05 13:15:17.374 20096 20134 E ConsumerBase: [ImageReader-173x173f1u2816m2-20096-4] abandonLocked: ConsumerBase is abandoned!
04-05 13:15:17.885 20372 20555 E ActivityThread: Failed to find provider info for androidx.car.app.connection
04-05 13:15:18.167 20096 20134 E Launcher.Model: Loader task completed, name: [addCallbacksAndLoad], mIsCommitted=true
04-05 13:15:19.513 20441 20464 E DatabaseUtils: Writing exception to parcel
04-05 13:15:19.513 20441 20464 E DatabaseUtils: java.lang.UnsupportedOperationException
04-05 13:15:19.513 20441 20464 E DatabaseUtils: 	at com.google.android.apps.gsa.staticplugins.publiccontent.GsaPublicContentProvider.query(PG:480)
04-05 13:15:19.513 20441 20464 E DatabaseUtils: 	at android.content.ContentProvider.query(ContentProvider.java:1670)
04-05 13:15:19.513 20441 20464 E DatabaseUtils: 	at android.content.ContentProvider.query(ContentProvider.java:1766)
04-05 13:15:19.513 20441 20464 E DatabaseUtils: 	at android.content.ContentProvider$Transport.query(ContentProvider.java:304)
04-05 13:15:19.513 20441 20464 E DatabaseUtils: 	at android.content.ContentProviderNative.onTransact(ContentProviderNative.java:109)
04-05 13:15:19.513 20441 20464 E DatabaseUtils: 	at android.os.Binder.execTransactInternal(Binder.java:1466)
04-05 13:15:19.513 20441 20464 E DatabaseUtils: 	at android.os.Binder.execTransact(Binder.java:1411)
04-05 13:15:19.556 20096 20227 E DoodleDataLoader: Error fetching doodle
04-05 13:15:19.556 20096 20227 E DoodleDataLoader: java.lang.UnsupportedOperationException
04-05 13:15:19.556 20096 20227 E DoodleDataLoader: 	at android.database.DatabaseUtils.readExceptionFromParcel(DatabaseUtils.java:209)
04-05 13:15:19.556 20096 20227 E DoodleDataLoader: 	at android.database.DatabaseUtils.readExceptionFromParcel(DatabaseUtils.java:177)
04-05 13:15:19.556 20096 20227 E DoodleDataLoader: 	at android.content.ContentProviderProxy.query(ContentProviderNative.java:497)
04-05 13:15:19.556 20096 20227 E DoodleDataLoader: 	at android.content.ContentProviderClient.lambda$query$1(ContentProviderClient.java:330)
04-05 13:15:19.556 20096 20227 E DoodleDataLoader: 	at android.content.ContentProviderClient.$r8$lambda$30ruSb8khJgOcMU3BAg6NHb0qXI(ContentProviderClient.java:0)
04-05 13:15:19.556 20096 20227 E DoodleDataLoader: 	at android.content.ContentProviderClient$$ExternalSyntheticLambda5.apply(D8$$SyntheticClass:0)
04-05 13:15:19.556 20096 20227 E DoodleDataLoader: 	at android.content.ContentProviderClient.execute(ContentProviderClient.java:732)
04-05 13:15:19.556 20096 20227 E DoodleDataLoader: 	at android.content.ContentProviderClient.query(ContentProviderClient.java:329)
04-05 13:15:19.556 20096 20227 E DoodleDataLoader: 	at android.content.ContentProviderClient.query(ContentProviderClient.java:320)
04-05 13:15:19.556 20096 20227 E DoodleDataLoader: 	at android.content.ContentProviderClient.query(ContentProviderClient.java:310)
04-05 13:15:19.556 20096 20227 E DoodleDataLoader: 	at l6.d.d(go/retraceme 7226a759aa2bb3787a79806f85d80eaad84f1f1e15acd6db988f2df789d1680d:23)
04-05 13:15:19.556 20096 20227 E DoodleDataLoader: 	at l6.g.run(go/retraceme 7226a759aa2bb3787a79806f85d80eaad84f1f1e15acd6db988f2df789d1680d:2)
04-05 13:15:19.556 20096 20227 E DoodleDataLoader: 	at android.os.Handler.handleCallback(Handler.java:1095)
04-05 13:15:19.556 20096 20227 E DoodleDataLoader: 	at android.os.Handler.dispatchMessageImpl(Handler.java:135)
04-05 13:15:19.556 20096 20227 E DoodleDataLoader: 	at android.os.Handler.dispatchMessage(Handler.java:125)
04-05 13:15:19.556 20096 20227 E DoodleDataLoader: 	at android.os.Looper.loopOnce(Looper.java:292)
04-05 13:15:19.556 20096 20227 E DoodleDataLoader: 	at android.os.Looper.loop(Looper.java:393)
04-05 13:15:19.556 20096 20227 E DoodleDataLoader: 	at android.os.HandlerThread.run(HandlerThread.java:139)
04-05 13:15:20.482   284   292 E lowmemorykiller: process_mrelease 19724 failed: No such process
04-05 13:15:20.638   284   294 E lowmemorykiller: process_mrelease 20367 failed: No such process
04-05 13:15:20.741   284   294 E lowmemorykiller: process_mrelease 20044 failed: No such process
04-05 13:15:21.414 19334 19672 E libbinder.IPCThreadState: Binder transaction failure. id: 640157, cmd: BR_DEAD_REPLY (29189), error: -22 (Invalid argument)
04-05 13:15:21.495   647   647 E libbinder.IPCThreadState: Binder transaction failure. id: 640177, cmd: BR_DEAD_REPLY (29189), error: -22 (Invalid argument)
04-05 13:15:21.550   647   795 E InputDispatcher: channel 'stylus-handwriting-event-receiver-0' ~ Channel is unrecoverably broken and will be disposed!
04-05 13:15:21.930 20080 20293 E AiAiEcho: EchoSearch: SettingsFetcherImpl: DB already exists.
04-05 13:15:22.043 19334 19672 E libbinder.IPCThreadState: Binder transaction failure. id: 640573, cmd: BR_DEAD_REPLY (29189), error: -22 (Invalid argument)
04-05 13:15:22.822 20715 20715 E LibraryModuleRegistry: LibraryModuleRegistry.register():48 Module mobilebert_classifier_android_jni has already been registered to integrated_shared_object
04-05 13:15:22.882  1300  1300 E RemoteVvmTaskManager: onServiceDisconnected: remoteService disconnected, 0 tasks dropped.
04-05 13:15:22.920   647  1445 E AppOps  : Bad call made by uid 1000. Package "com.google.android.googlequicksearchbox" does not belong to uid 1000.
04-05 13:15:22.924 20096 20517 E OneSearchSuggestProvider: Unable to get suggestions from AGA for zero state
04-05 13:15:22.924 20096 20517 E OneSearchSuggestProvider: io.grpc.StatusRuntimeException: UNAVAILABLE: binderDied
04-05 13:15:22.924 20096 20517 E OneSearchSuggestProvider: 	at i9.g.a(go/retraceme 7226a759aa2bb3787a79806f85d80eaad84f1f1e15acd6db988f2df789d1680d:36)
04-05 13:15:22.924 20096 20517 E OneSearchSuggestProvider: 	at g9.n.b(go/retraceme 7226a759aa2bb3787a79806f85d80eaad84f1f1e15acd6db988f2df789d1680d:27)
04-05 13:15:22.924 20096 20517 E OneSearchSuggestProvider: 	at g9.n.a(go/retraceme 7226a759aa2bb3787a79806f85d80eaad84f1f1e15acd6db988f2df789d1680d:13)
04-05 13:15:22.924 20096 20517 E OneSearchSuggestProvider: 	at g9.z.run(go/retraceme 7226a759aa2bb3787a79806f85d80eaad84f1f1e15acd6db988f2df789d1680d:6)
04-05 13:15:22.924 20096 20517 E OneSearchSuggestProvider: 	at g9.k5.run(go/retraceme 7226a759aa2bb3787a79806f85d80eaad84f1f1e15acd6db988f2df789d1680d:18)
04-05 13:15:22.924 20096 20517 E OneSearchSuggestProvider: 	at java.util.concurrent.ThreadPoolExecutor.runWorker(ThreadPoolExecutor.java:1100)
04-05 13:15:22.924 20096 20517 E OneSearchSuggestProvider: 	at java.util.concurrent.ThreadPoolExecutor$Worker.run(ThreadPoolExecutor.java:624)
04-05 13:15:22.924 20096 20517 E OneSearchSuggestProvider: 	at java.lang.Thread.run(Thread.java:1572)
04-05 13:15:23.401 19334 19672 E libbinder.IPCThreadState: Binder transaction failure. id: 641966, cmd: BR_DEAD_REPLY (29189), error: -22 (Invalid argument)
04-05 13:15:23.851 19334 19672 E libbinder.IPCThreadState: Binder transaction failure. id: 642077, cmd: BR_DEAD_REPLY (29189), error: -22 (Invalid argument)
04-05 13:15:24.362 20661 20713 E MendelPackageState: Failed to commit to config
04-05 13:15:24.362 20661 20713 E MendelPackageState: fbn: 20: 20: The connection to Google Play services was lost due to service disconnection.
04-05 13:15:24.362 20661 20713 E MendelPackageState: 	at cwy.a(PG:160)
04-05 13:15:24.362 20661 20713 E MendelPackageState: 	at jrt.d(PG:3)
04-05 13:15:24.362 20661 20713 E MendelPackageState: 	at jrv.run(PG:130)
04-05 13:15:24.362 20661 20713 E MendelPackageState: 	at jtm.execute(PG:1)
04-05 13:15:24.362 20661 20713 E MendelPackageState: 	at jsd.f(PG:1)
04-05 13:15:24.362 20661 20713 E MendelPackageState: 	at jsd.k(PG:99)
04-05 13:15:24.362 20661 20713 E MendelPackageState: 	at jsd.p(PG:17)
04-05 13:15:24.362 20661 20713 E MendelPackageState: 	at dxh.a(PG:35)
04-05 13:15:24.362 20661 20713 E MendelPackageState: 	at csh.run(PG:523)
04-05 13:15:24.362 20661 20713 E MendelPackageState: 	at jtm.execute(PG:1)
04-05 13:15:24.362 20661 20713 E MendelPackageState: 	at dos.a(PG:87)
04-05 13:15:24.362 20661 20713 E MendelPackageState: 	at mhi.g(PG:36)
04-05 13:15:24.362 20661 20713 E MendelPackageState: 	at dpe.m(PG:20)
04-05 13:15:24.362 20661 20713 E MendelPackageState: 	at dox.c(PG:7)
04-05 13:15:24.362 20661 20713 E MendelPackageState: 	at csh.run(PG:499)
04-05 13:15:24.362 20661 20713 E MendelPackageState: 	at dpb.execute(PG:1)
04-05 13:15:24.362 20661 20713 E MendelPackageState: 	at dos.a(PG:67)
04-05 13:15:24.362 20661 20713 E MendelPackageState: 	at mhi.g(PG:36)
04-05 13:15:24.362 20661 20713 E MendelPackageState: 	at dcd.d(PG:39)
04-05 13:15:24.362 20661 20713 E MendelPackageState: 	at dab.w(PG:108)
04-05 13:15:24.362 20661 20713 E MendelPackageState: 	at dfs.k(PG:59)
04-05 13:15:24.362 20661 20713 E MendelPackageState: 	at dfs.a(PG:15)
04-05 13:15:24.362 20661 20713 E MendelPackageState: 	at dgr.handleMessage(PG:200)
04-05 13:15:24.362 20661 20713 E MendelPackageState: 	at android.os.Handler.dispatchMessageImpl(Handler.java:142)
04-05 13:15:24.362 20661 20713 E MendelPackageState: 	at android.os.Handler.dispatchMessage(Handler.java:125)
04-05 13:15:24.362 20661 20713 E MendelPackageState: 	at android.os.Looper.loopOnce(Looper.java:292)
04-05 13:15:24.362 20661 20713 E MendelPackageState: 	at android.os.Looper.loop(Looper.java:393)
04-05 13:15:24.362 20661 20713 E MendelPackageState: 	at android.os.HandlerThread.run(HandlerThread.java:139)
04-05 13:15:24.362 20661 20713 E MendelPackageState: Caused by: del: 20: The connection to Google Play services was lost due to service disconnection.
04-05 13:15:24.362 20661 20713 E MendelPackageState: 	at dab.w(PG:105)
04-05 13:15:24.362 20661 20713 E MendelPackageState: 	... 8 more
04-05 13:15:24.364   647  1038 E Nl80211Native: getChannelsMhzForBand: Wiphy index not recorded for band 8
04-05 13:15:24.364   647  1038 E Nl80211Native: getChannelsMhzForBand: Wiphy index not recorded for band 16
04-05 13:15:24.428 20701 20758 E MendelPackageState: Failed to commit to config
04-05 13:15:24.428 20701 20758 E MendelPackageState: lkr: 20: 20: The connection to Google Play services was lost due to service disconnection.
04-05 13:15:24.428 20701 20758 E MendelPackageState: 	at kwx.a(PG:219)
04-05 13:15:24.428 20701 20758 E MendelPackageState: 	at oel.e(PG:3)
04-05 13:15:24.428 20701 20758 E MendelPackageState: 	at oen.run(PG:130)
04-05 13:15:24.428 20701 20758 E MendelPackageState: 	at ogf.execute(PG:1)
04-05 13:15:24.428 20701 20758 E MendelPackageState: 	at oev.g(PG:1)
04-05 13:15:24.428 20701 20758 E MendelPackageState: 	at oev.l(PG:93)
04-05 13:15:24.428 20701 20758 E MendelPackageState: 	at oev.q(PG:17)
04-05 13:15:24.428 20701 20758 E MendelPackageState: 	at kuc.a(PG:35)
04-05 13:15:24.428 20701 20758 E MendelPackageState: 	at cvb.run(PG:65)
04-05 13:15:24.428 20701 20758 E MendelPackageState: 	at ogf.execute(PG:1)
04-05 13:15:24.428 20701 20758 E MendelPackageState: 	at kex.c(PG:87)
04-05 13:15:24.428 20701 20758 E MendelPackageState: 	at qph.f(PG:34)
04-05 13:15:24.428 20701 20758 E MendelPackageState: 	at kfi.n(PG:20)
04-05 13:15:24.428 20701 20758 E MendelPackageState: 	at kev.a(PG:3)
04-05 13:15:24.428 20701 20758 E MendelPackageState: 	at cvb.run(PG:41)
04-05 13:15:24.428 20701 20758 E MendelPackageState: 	at dtb.execute(PG:15)
04-05 13:15:24.428 20701 20758 E MendelPackageState: 	at kex.c(PG:67)
04-05 13:15:24.428 20701 20758 E MendelPackageState: 	at qph.f(PG:34)
04-05 13:15:24.428 20701 20758 E MendelPackageState: 	at igp.g(PG:39)
04-05 13:15:24.428 20701 20758 E MendelPackageState: 	at myu.as(PG:108)
04-05 13:15:24.428 20701 20758 E MendelPackageState: 	at jqt.k(PG:59)
04-05 13:15:24.428 20701 20758 E MendelPackageState: 	at jqt.a(PG:15)
04-05 13:15:24.428 20701 20758 E MendelPackageState: 	at jsb.handleMessage(PG:204)
04-05 13:15:24.428 20701 20758 E MendelPackageState: 	at android.os.Handler.dispatchMessageImpl(Handler.java:142)
04-05 13:15:24.428 20701 20758 E MendelPackageState: 	at android.os.Handler.dispatchMessage(Handler.java:125)
04-05 13:15:24.428 20701 20758 E MendelPackageState: 	at android.os.Looper.loopOnce(Looper.java:292)
04-05 13:15:24.428 20701 20758 E MendelPackageState: 	at android.os.Looper.loop(Looper.java:393)
04-05 13:15:24.428 20701 20758 E MendelPackageState: 	at android.os.HandlerThread.run(HandlerThread.java:139)
04-05 13:15:24.428 20701 20758 E MendelPackageState: Caused by: jpa: 20: The connection to Google Play services was lost due to service disconnection.
04-05 13:15:24.428 20701 20758 E MendelPackageState: 	at myu.as(PG:105)
04-05 13:15:24.428 20701 20758 E MendelPackageState: 	... 8 more
04-05 13:15:24.429 20701 20758 E MendelPackageState: Failed to commit to config
04-05 13:15:24.429 20701 20758 E MendelPackageState: lkr: 20: 20: The connection to Google Play services was lost due to service disconnection.
04-05 13:15:24.429 20701 20758 E MendelPackageState: 	at kwx.a(PG:219)
04-05 13:15:24.429 20701 20758 E MendelPackageState: 	at oel.e(PG:3)
04-05 13:15:24.429 20701 20758 E MendelPackageState: 	at oen.run(PG:130)
04-05 13:15:24.429 20701 20758 E MendelPackageState: 	at ogf.execute(PG:1)
04-05 13:15:24.429 20701 20758 E MendelPackageState: 	at oev.g(PG:1)
04-05 13:15:24.429 20701 20758 E MendelPackageState: 	at oev.l(PG:93)
04-05 13:15:24.429 20701 20758 E MendelPackageState: 	at oev.q(PG:17)
04-05 13:15:24.429 20701 20758 E MendelPackageState: 	at kuc.a(PG:35)
04-05 13:15:24.429 20701 20758 E MendelPackageState: 	at cvb.run(PG:65)
04-05 13:15:24.429 20701 20758 E MendelPackageState: 	at ogf.execute(PG:1)
04-05 13:15:24.429 20701 20758 E MendelPackageState: 	at kex.c(PG:87)
04-05 13:15:24.429 20701 20758 E MendelPackageState: 	at qph.f(PG:34)
04-05 13:15:24.429 20701 20758 E MendelPackageState: 	at kfi.n(PG:20)
04-05 13:15:24.429 20701 20758 E MendelPackageState: 	at kev.a(PG:3)
04-05 13:15:24.429 20701 20758 E MendelPackageState: 	at cvb.run(PG:41)
04-05 13:15:24.429 20701 20758 E MendelPackageState: 	at dtb.execute(PG:15)
04-05 13:15:24.429 20701 20758 E MendelPackageState: 	at kex.c(PG:67)
04-05 13:15:24.429 20701 20758 E MendelPackageState: 	at qph.f(PG:34)
04-05 13:15:24.429 20701 20758 E MendelPackageState: 	at igp.g(PG:39)
04-05 13:15:24.429 20701 20758 E MendelPackageState: 	at myu.as(PG:108)
04-05 13:15:24.429 20701 20758 E MendelPackageState: 	at jqt.k(PG:59)
04-05 13:15:24.429 20701 20758 E MendelPackageState: 	at jqt.a(PG:15)
04-05 13:15:24.429 20701 20758 E MendelPackageState: 	at jsb.handleMessage(PG:204)
04-05 13:15:24.429 20701 20758 E MendelPackageState: 	at android.os.Handler.dispatchMessageImpl(Handler.java:142)
04-05 13:15:24.429 20701 20758 E MendelPackageState: 	at android.os.Handler.dispatchMessage(Handler.java:125)
04-05 13:15:24.429 20701 20758 E MendelPackageState: 	at android.os.Looper.loopOnce(Looper.java:292)
04-05 13:15:24.429 20701 20758 E MendelPackageState: 	at android.os.Looper.loop(Looper.java:393)
04-05 13:15:24.429 20701 20758 E MendelPackageState: 	at android.os.HandlerThread.run(HandlerThread.java:139)
04-05 13:15:24.429 20701 20758 E MendelPackageState: Caused by: jpa: 20: The connection to Google Play services was lost due to service disconnection.
04-05 13:15:24.429 20701 20758 E MendelPackageState: 	at myu.as(PG:105)
04-05 13:15:24.429 20701 20758 E MendelPackageState: 	... 8 more
04-05 13:15:24.668 20715 20715 E GoogleInputMethodService: GoogleInputMethodService.getAppEditorInfo():1891 App EditorInfo should never be null.
04-05 13:15:24.754   647   683 E PackageManager: Optimistic bind failed.
04-05 13:15:24.754   647   683 E PackageManager: java.util.concurrent.TimeoutException: [Optimistic Bind] Didn't bind to resolver in time!
04-05 13:15:24.754   647   683 E PackageManager: 	at com.android.server.pm.InstantAppResolverConnection.waitForBindLocked(InstantAppResolverConnection.java:160)
04-05 13:15:24.754   647   683 E PackageManager: 	at com.android.server.pm.InstantAppResolverConnection.bind(InstantAppResolverConnection.java:230)
04-05 13:15:24.754   647   683 E PackageManager: 	at com.android.server.pm.InstantAppResolverConnection.lambda$optimisticBind$0(InstantAppResolverConnection.java:260)
04-05 13:15:24.754   647   683 E PackageManager: 	at com.android.server.pm.InstantAppResolverConnection.$r8$lambda$66W2s2mMKe4pk_xXCScH9RCqav8(InstantAppResolverConnection.java:0)
04-05 13:15:24.754   647   683 E PackageManager: 	at com.android.server.pm.InstantAppResolverConnection$$ExternalSyntheticLambda0.run(R8$$SyntheticClass:0)
04-05 13:15:24.754   647   683 E PackageManager: 	at android.os.Handler.handleCallback(Handler.java:1095)
04-05 13:15:24.754   647   683 E PackageManager: 	at android.os.Handler.dispatchMessageImpl(Handler.java:135)
04-05 13:15:24.754   647   683 E PackageManager: 	at android.os.Handler.dispatchMessage(Handler.java:125)
04-05 13:15:24.754   647   683 E PackageManager: 	at android.os.Looper.loopOnce(Looper.java:292)
04-05 13:15:24.754   647   683 E PackageManager: 	at android.os.Looper.loop(Looper.java:393)
04-05 13:15:24.754   647   683 E PackageManager: 	at android.os.HandlerThread.run(HandlerThread.java:139)
04-05 13:15:24.969   284   292 E lowmemorykiller: process_mrelease 19651 failed: No such process
04-05 13:15:25.073   284   294 E lowmemorykiller: process_mrelease 20870 failed: No such process
04-05 13:15:25.385   647   795 E InputDispatcher: channel 'stylus-handwriting-event-receiver-0' ~ Channel is unrecoverably broken and will be disposed!
04-05 13:15:25.390   647   647 E libbinder.IPCThreadState: Binder transaction failure. id: 644096, cmd: BR_DEAD_REPLY (29189), error: -22 (Invalid argument)
04-05 13:15:25.460 20909 20976 E ActivityThread: Failed to find provider info for androidx.car.app.connection
04-05 13:15:26.357 20852 20867 E libbinder.IPCThreadState: Binder transaction failure. id: 644690, cmd: BR_DEAD_REPLY (29189), error: -22 (Invalid argument)
04-05 13:15:26.854   647   675 E libbinder.Parcel: Reading a NULL string not supported here.
04-05 13:15:26.860   647   675 E ARProxy : Unknown descriptor: 
04-05 13:15:27.447   647  1034 E WifiChipAidlImpl: getUsableChannels failed with service-specific exception: android.os.ServiceSpecificException:  (code 4)
04-05 13:15:27.454 20852 21013 E IntentOperationSvc: Dropping the index due to too many crashes. Continue as a fresh start.
04-05 13:15:27.589 20852 20981 E AbstractGmsTracer: Traced class shouldn't be obfuscated: dibo [CONTEXT service_id=259 ]
04-05 13:15:28.675 21032 21032 E LibraryModuleRegistry: LibraryModuleRegistry.register():48 Module mobilebert_classifier_android_jni has already been registered to integrated_shared_object
04-05 13:15:29.363 21032 21032 E GoogleInputMethodService: GoogleInputMethodService.getAppEditorInfo():1891 App EditorInfo should never be null.
04-05 13:15:29.658 21057 21108 E rules.WifiPresence: setWifiFences failed
04-05 13:15:29.658 21057 21108 E rules.WifiPresence: dda: 17: API: WifiPresenceClient.API is not available on this device. Connection failed with: dbs{statusCode=API_UNAVAILABLE, resolution=null, message=null, clientMethodKey=null}
04-05 13:15:29.658 21057 21108 E rules.WifiPresence: 	at dcx.b(PG:15)
04-05 13:15:29.658 21057 21108 E rules.WifiPresence: 	at jyf.a(PG:5)
04-05 13:15:29.658 21057 21108 E rules.WifiPresence: 	at ddy.e(PG:5)
04-05 13:15:29.658 21057 21108 E rules.WifiPresence: 	at deq.t(PG:48)
04-05 13:15:29.658 21057 21108 E rules.WifiPresence: 	at deq.f(PG:10)
04-05 13:15:29.658 21057 21108 E rules.WifiPresence: 	at deq.j(PG:164)
04-05 13:15:29.658 21057 21108 E rules.WifiPresence: 	at deq.i(PG:2)
04-05 13:15:29.658 21057 21108 E rules.WifiPresence: 	at bnw.run(PG:278)
04-05 13:15:29.658 21057 21108 E rules.WifiPresence: 	at android.os.Handler.handleCallback(Handler.java:1095)
04-05 13:15:29.658 21057 21108 E rules.WifiPresence: 	at android.os.Handler.dispatchMessageImpl(Handler.java:135)
04-05 13:15:29.658 21057 21108 E rules.WifiPresence: 	at android.os.Handler.dispatchMessage(Handler.java:125)
04-05 13:15:29.658 21057 21108 E rules.WifiPresence: 	at android.os.Looper.loopOnce(Looper.java:292)
04-05 13:15:29.658 21057 21108 E rules.WifiPresence: 	at android.os.Looper.loop(Looper.java:393)
04-05 13:15:29.658 21057 21108 E rules.WifiPresence: 	at android.os.HandlerThread.run(HandlerThread.java:139)
04-05 13:15:29.686 21032 21073 E HandwritingSuperpacksUtil: HandwritingSuperpacksUtil.getPackMappingPackName():42 No pack mapping pack found in []
04-05 13:15:29.897 21032 21086 E EmojiSlicingStrategy: EmojiSlicingStrategy.getSlices():88 getSlices() : Received null or empty userEnabledLocales.
04-05 13:15:29.914 21032 21086 E EmojiSlicingStrategy: EmojiSlicingStrategy.getSlices():88 getSlices() : Received null or empty userEnabledLocales.
04-05 13:15:30.117 21032 21032 E GoogleInputMethodService: GoogleInputMethodService.getAppEditorInfo():1891 App EditorInfo should never be null.
04-05 13:15:30.437 21032 21169 E rlh     : Non-success http response code 416 for: https://dl.google.com/android/voice/gboard/terse/superpacks-manifest-20210519.json
04-05 13:15:30.624 21032 21101 E MDDTaskScheduler: MDDTaskScheduler.scheduleDownload():191 work Data {charging : false, mdd_task_tag : download, network : false} scheduled
04-05 13:15:32.831 20813 21060 E Pay     : NfcAdapter is null while obtaining CardEmulation instance. [CONTEXT service_id=198 ]
04-05 13:15:32.832 20813 21060 E Pay     : CardEmulation is null while checking aid registration. [CONTEXT service_id=198 ]
04-05 13:15:34.194 21032 21064 E PhenotypeModule: PhenotypeModule.handlePhenotypeConfigurationUpdates():499 Get empty configurations.
04-05 13:15:34.195 21032 21073 E PhenotypeModule: PhenotypeModule.commitConfigurationInternal():572 Failed to update configurations.
04-05 13:15:34.195 21032 21073 E PhenotypeModule: java.lang.IllegalStateException: Get empty configurations.
04-05 13:15:34.195 21032 21073 E PhenotypeModule: 	at kcp.a(PG:414)
04-05 13:15:34.195 21032 21073 E PhenotypeModule: 	at jua.run(PG:549)
04-05 13:15:34.195 21032 21073 E PhenotypeModule: 	at liy.run(PG:49)
04-05 13:15:34.195 21032 21073 E PhenotypeModule: 	at java.util.concurrent.ThreadPoolExecutor.runWorker(ThreadPoolExecutor.java:1100)
04-05 13:15:34.195 21032 21073 E PhenotypeModule: 	at java.util.concurrent.ThreadPoolExecutor$Worker.run(ThreadPoolExecutor.java:624)
04-05 13:15:34.195 21032 21073 E PhenotypeModule: 	at java.lang.Thread.run(Thread.java:1572)
04-05 13:15:34.195 21032 21073 E PhenotypeModule: 	at lin.run(PG:8)
04-05 13:15:34.196 21032 21073 E PhenotypeModule: PhenotypeModule.fetchAndUpdate():324 
04-05 13:15:34.196 21032 21073 E PhenotypeModule: java.lang.IllegalStateException: Get empty configurations.
04-05 13:15:34.196 21032 21073 E PhenotypeModule: 	at kcp.a(PG:414)
04-05 13:15:34.196 21032 21073 E PhenotypeModule: 	at jua.run(PG:549)
04-05 13:15:34.196 21032 21073 E PhenotypeModule: 	at liy.run(PG:49)
04-05 13:15:34.196 21032 21073 E PhenotypeModule: 	at java.util.concurrent.ThreadPoolExecutor.runWorker(ThreadPoolExecutor.java:1100)
04-05 13:15:34.196 21032 21073 E PhenotypeModule: 	at java.util.concurrent.ThreadPoolExecutor$Worker.run(ThreadPoolExecutor.java:624)
04-05 13:15:34.196 21032 21073 E PhenotypeModule: 	at java.lang.Thread.run(Thread.java:1572)
04-05 13:15:34.196 21032 21073 E PhenotypeModule: 	at lin.run(PG:8)
04-05 13:15:38.827   647 21429 E GnssPsdsDownloader: No Long-Term PSDS servers were specified in the GnssConfiguration
04-05 13:15:40.629   647  2161 E SettingsToPropertiesMapper: key=persist.device_config.storage_native_boot.transcode_compat_manifest value=com.yelp.android,0,com.yy.biu,0,com.groupme.android,0,air.tv.douyu.android,0,com.baidu.mbaby,0,com.vlocker.locker,0,com.znxh.hyhuo,0,com.yixia.xiaokaxiu,0 exceeds system property max length.
04-05 13:15:42.330   647  1038 E Nl80211Native: getChannelsMhzForBand: Wiphy index not recorded for band 8
04-05 13:15:42.330   647  1038 E Nl80211Native: getChannelsMhzForBand: Wiphy index not recorded for band 16
04-05 13:15:43.317   647  2161 E SettingsToPropertiesMapper: key=persist.device_config.configuration.AdbWritableFlags__adb_writable_flags_list value=adservices/disable_sdk_sandbox,adservices/enforce_broadcast_receiver_restrictions,adservices/fledge_ad_selection_enforce_foreground_status_custom_audience,adservices/fledge_custom_audience_max_count,adservices/fledge_custom_audience_max_num_ads,adservices/fledge_custom_audience_max_owner_count,adservices/fledge_custom_audience_per_app_max_count,adservices/fledge_js_isolate_enforce_max_heap_size,adservices/fledge_js_isolate_max_heap_size_bytes,adservices/sdk_request_permits_per_second,adservices/sdksandbox_customized_sdk_context_enabled,configuration/namespace_to_package_mapping,constrain_display_apis/always_constrain_display_apis,constrain_display_apis/never_constrain_display_apis,constrain_display_apis/never_constrain_display_apis_all_packages,device_policy_manager/disable_resources_updatability,flipendo/default_savings_mode_launch,flipendo/essential_apps,flipendo/flipendo_enabled_launch,flipendo/grayscale_enabled_launch,flipendo/lever_ble_scanning_enabled_launch,flipendo/lever_hotspot_enabled_launch,flipendo/lever_work_profile_enabled_launch,flipendo/resuspend_delay_minutes,namespace/key,namespace1/key1,namespace1/key2,namespace2/key1,namespace2/key2,package_manager_service/incfs_default_timeouts,package_manager_service/known_digesters_list,privacy/location_access_check_periodic_interval_millis,rollback/enable_rollback_timeout,rollback/watchdog_explicit_health_check_enabled,rollback/watchdog_request_timeout_millis,rollback/watchdog_trigger_failure_count,rollback/watchdog_trigger_failure_duration_millis,rollback_boot/rollback_lifetime_in_millis,systemui/nas_generate_actions,systemui/nas_generate_replies,systemui/nas_max_messages_to_extract,systemui/nas_max_suggestions,testspace/another,testspace/flagname,textclassifier/config_updater_model_enabled,textclassifier/key,textclassifier/key2,textclassifier/manifest_url_annotator_en,textclassifier/manifest_url_annotator_ru,textclassifier/model_download_backoff_delay_in_millis,textclassifier/model_download_manager_enabled,textclassifier/multi_language_support_enabled,textclassifier/testing_locale_list_override,textclassifier/textclassifier_service_package_override,window_manager/enable_default_rescind_bal_privileges_from_pending_intent_sender,wrong/nas_generate_replies, exceeds system property max length.
04-05 13:15:43.818   647   647 E DeviceConfig: Parsing int failed for location_mode
04-05 13:15:43.918 21562 21578 E AiAiNotificationAssistantService: No completion listener supplied for this service!
04-05 13:15:44.220 21562 21588 E Ambient : Installed publisher verification failed
04-05 13:15:44.221 21562 21588 E Ambient : Installed publisher verification failed
04-05 13:15:45.836 21562 21599 E AiAiEcho: EchoSearch: SettingsFetcherImpl: DB already exists.
04-05 13:15:47.242 21679 21735 E GoogleApiManager: Failed to get service from broker. 
04-05 13:15:47.242 21679 21735 E GoogleApiManager: java.lang.SecurityException: Unknown calling package name 'com.google.android.gms'.
04-05 13:15:47.242 21679 21735 E GoogleApiManager: 	at android.os.Parcel.createExceptionOrNull(Parcel.java:3383)
04-05 13:15:47.242 21679 21735 E GoogleApiManager: 	at android.os.Parcel.createException(Parcel.java:3367)
04-05 13:15:47.242 21679 21735 E GoogleApiManager: 	at android.os.Parcel.readException(Parcel.java:3350)
04-05 13:15:47.242 21679 21735 E GoogleApiManager: 	at android.os.Parcel.readException(Parcel.java:3292)
04-05 13:15:47.242 21679 21735 E GoogleApiManager: 	at bdxl.a(:com.google.android.gms@260235038@26.02.35 (260800-862924022):36)
04-05 13:15:47.242 21679 21735 E GoogleApiManager: 	at bdvm.z(:com.google.android.gms@260235038@26.02.35 (260800-862924022):143)
04-05 13:15:47.242 21679 21735 E GoogleApiManager: 	at bdbo.run(:com.google.android.gms@260235038@26.02.35 (260800-862924022):42)
04-05 13:15:47.242 21679 21735 E GoogleApiManager: 	at android.os.Handler.handleCallback(Handler.java:1095)
04-05 13:15:47.242 21679 21735 E GoogleApiManager: 	at android.os.Handler.dispatchMessageImpl(Handler.java:135)
04-05 13:15:47.242 21679 21735 E GoogleApiManager: 	at android.os.Handler.dispatchMessage(Handler.java:125)
04-05 13:15:47.242 21679 21735 E GoogleApiManager: 	at crvf.mD(:com.google.android.gms@260235038@26.02.35 (260800-862924022):1)
04-05 13:15:47.242 21679 21735 E GoogleApiManager: 	at crvf.dispatchMessage(:com.google.android.gms@260235038@26.02.35 (260800-862924022):5)
04-05 13:15:47.242 21679 21735 E GoogleApiManager: 	at android.os.Looper.loopOnce(Looper.java:292)
04-05 13:15:47.242 21679 21735 E GoogleApiManager: 	at android.os.Looper.loop(Looper.java:393)
04-05 13:15:47.242 21679 21735 E GoogleApiManager: 	at android.os.HandlerThread.run(HandlerThread.java:139)
04-05 13:15:47.866 21679 21679 E tflite  : third_party/tensorflow/lite/core/subgraph.cc:1083 tensor.data.raw != nullptr was not true.
04-05 13:15:47.950 21679 21679 E native  : E0000 00:00:1775369747.937697   21679 re2.cc:250] Error parsing '^|[^\p{Letter}\\]': invalid character class range: \p{Letter}
04-05 13:15:47.951 21679 21679 E native  : E0000 00:00:1775369747.937807   21679 replacement_rule.cc:40] Invalid context regexp: invalid character class range: \p{Letter}
04-05 13:15:47.951 21679 21679 E native  : E0000 00:00:1775369747.937836   21679 replacement_rule.cc:151] Error creating replacement rule.
04-05 13:15:47.951 21679 21679 E native  : E0000 00:00:1775369747.937873   21679 regexp_rewriter.cc:34] Error creating rule MessageLite at 0x7f2ef884cf30.
04-05 13:15:56.356   647   671 E ActivityManager: Unexpected non-cached process may get frozen soon:  name: com.android.vending:background curAdj: 100 oldOomAdj: 905 curRawAdj: 100 maxAdj: 1001 adjType: service adjTarget: ComponentInfo{com.android.vending/com.google.frameworks.client.data.android.server.play.BackgroundProcessEndpointService} adjSource: ProcessRecord{57ac356 21125:com.android.vending/u0a154} adjSourcePrcState: 19 serviceB: false procState: 19 curRawProcState: 19 curSchedGroup: 0
04-05 13:15:56.356   647   671 E ActivityManager: android.util.Log$TerribleFailure: Unexpected non-cached process may get frozen soon:  name: com.android.vending:background curAdj: 100 oldOomAdj: 905 curRawAdj: 100 maxAdj: 1001 adjType: service adjTarget: ComponentInfo{com.android.vending/com.google.frameworks.client.data.android.server.play.BackgroundProcessEndpointService} adjSource: ProcessRecord{57ac356 21125:com.android.vending/u0a154} adjSourcePrcState: 19 serviceB: false procState: 19 curRawProcState: 19 curSchedGroup: 0
04-05 13:15:56.356   647   671 E ActivityManager: 	at android.util.Log.wtf(Log.java:339)
04-05 13:15:56.356   647   671 E ActivityManager: 	at android.util.Slog.wtfStack(Slog.java:246)
04-05 13:15:56.356   647   671 E ActivityManager: 	at com.android.server.am.ActivityManagerService$OomAdjusterCallback.onProcessFreezabilityChanged(ActivityManagerService.java:20210)
04-05 13:15:56.356   647   671 E ActivityManager: 	at com.android.server.am.psc.OomAdjuster.updateAppFreezeStateLSP(OomAdjuster.java:2714)
04-05 13:15:56.356   647   671 E ActivityManager: 	at com.android.server.am.psc.OomAdjuster.applyResultsLSP(OomAdjuster.java:2457)
04-05 13:15:56.356   647   671 E ActivityManager: 	at com.android.server.am.psc.OomAdjuster.updateAndTrimProcessLSP(OomAdjuster.java:1402)
04-05 13:15:56.356   647   671 E ActivityManager: 	at com.android.server.am.psc.OomAdjuster.postUpdateOomAdjInnerLSP(OomAdjuster.java:1196)
04-05 13:15:56.356   647   671 E ActivityManager: 	at com.android.server.am.psc.OomAdjusterImpl.partialUpdateLSP(OomAdjusterImpl.java:874)
04-05 13:15:56.356   647   671 E ActivityManager: 	at com.android.server.am.psc.OomAdjusterImpl.performUpdateOomAdjPendingTargetsLocked(OomAdjusterImpl.java:710)
04-05 13:15:56.356   647   671 E ActivityManager: 	at com.android.server.am.psc.OomAdjuster.updateOomAdjPendingTargetsLocked(OomAdjuster.java:1140)
04-05 13:15:56.356   647   671 E ActivityManager: 	at com.android.server.am.psc.ProcessStateController.runPendingUpdateImpl(ProcessStateController.java:341)
04-05 13:15:56.356   647   671 E ActivityManager: 	at com.android.server.am.psc.ProcessStateController.runPendingUpdate(ProcessStateController.java:332)
04-05 13:15:56.356   647   671 E ActivityManager: 	at com.android.server.am.ActivityManagerService.updateOomAdjPendingTargetsLocked(ActivityManagerService.java:16219)
04-05 13:15:56.356   647   671 E ActivityManager: 	at com.android.server.am.ActiveServices.bumpServiceExecutingLocked(ActiveServices.java:5540)
04-05 13:15:56.356   647   671 E ActivityManager: 	at com.android.server.am.ActiveServices.removeConnectionLocked(ActiveServices.java:7118)
04-05 13:15:56.356   647   671 E ActivityManager: 	at com.android.server.am.ActiveServices.killServicesLocked(ActiveServices.java:7783)
04-05 13:15:56.356   647   671 E ActivityManager: 	at com.android.server.am.ActivityManagerService.cleanUpApplicationRecordLocked(ActivityManagerService.java:14159)
04-05 13:15:56.356   647   671 E ActivityManager: 	at com.android.server.am.ActivityManagerService.handleAppDiedLocked(ActivityManagerService.java:3866)
04-05 13:15:56.356   647   671 E ActivityManager: 	at com.android.server.am.ActivityManagerService.appDiedLocked(ActivityManagerService.java:4000)
04-05 13:15:56.356   647   671 E ActivityManager: 	at com.android.server.am.ActivityManagerService$AppDeathRecipient.binderDied(ActivityManagerService.java:1673)
04-05 13:15:56.356   647   671 E ActivityManager: 	at android.os.IBinder$DeathRecipient.binderDied(IBinder.java:341)
04-05 13:15:56.356   647   671 E ActivityManager: 	at android.os.BinderProxy.sendDeathNotice(BinderProxy.java:839)
04-05 13:15:56.958   284   292 E lowmemorykiller: process_mrelease 21288 failed: No such process
04-05 13:15:57.190   284   294 E lowmemorykiller: process_mrelease 21502 failed: No such process
04-05 13:15:57.229   284   292 E lowmemorykiller: process_mrelease 20701 failed: No such process
04-05 13:15:57.308   284   294 E lowmemorykiller: process_mrelease 21679 failed: No such process
04-05 13:16:01.351 21778 21791 E rules.WifiPresence: setWifiFences failed
04-05 13:16:01.351 21778 21791 E rules.WifiPresence: dda: 17: API: WifiPresenceClient.API is not available on this device. Connection failed with: dbs{statusCode=API_UNAVAILABLE, resolution=null, message=null, clientMethodKey=null}
04-05 13:16:01.351 21778 21791 E rules.WifiPresence: 	at dcx.b(PG:15)
04-05 13:16:01.351 21778 21791 E rules.WifiPresence: 	at jyf.a(PG:5)
04-05 13:16:01.351 21778 21791 E rules.WifiPresence: 	at ddy.e(PG:5)
04-05 13:16:01.351 21778 21791 E rules.WifiPresence: 	at deq.t(PG:48)
04-05 13:16:01.351 21778 21791 E rules.WifiPresence: 	at deq.f(PG:10)
04-05 13:16:01.351 21778 21791 E rules.WifiPresence: 	at deq.j(PG:164)
04-05 13:16:01.351 21778 21791 E rules.WifiPresence: 	at deq.i(PG:2)
04-05 13:16:01.351 21778 21791 E rules.WifiPresence: 	at bnw.run(PG:278)
04-05 13:16:01.351 21778 21791 E rules.WifiPresence: 	at android.os.Handler.handleCallback(Handler.java:1095)
04-05 13:16:01.351 21778 21791 E rules.WifiPresence: 	at android.os.Handler.dispatchMessageImpl(Handler.java:135)
04-05 13:16:01.351 21778 21791 E rules.WifiPresence: 	at android.os.Handler.dispatchMessage(Handler.java:125)
04-05 13:16:01.351 21778 21791 E rules.WifiPresence: 	at android.os.Looper.loopOnce(Looper.java:292)
04-05 13:16:01.351 21778 21791 E rules.WifiPresence: 	at android.os.Looper.loop(Looper.java:393)
04-05 13:16:01.351 21778 21791 E rules.WifiPresence: 	at android.os.HandlerThread.run(HandlerThread.java:139)
04-05 13:16:08.365 21802 21812 E HardwareInfoFeatureProviderImpl: Could not parse manufactured year from serial.
04-05 13:16:08.365 21802 21812 E HardwareInfoFeatureProviderImpl: java.lang.NumberFormatException: For input string: "E"
04-05 13:16:08.365 21802 21812 E HardwareInfoFeatureProviderImpl: 	at java.lang.Integer.parseInt(Integer.java:779)
04-05 13:16:08.365 21802 21812 E HardwareInfoFeatureProviderImpl: 	at java.lang.Integer.valueOf(Integer.java:1106)
04-05 13:16:08.365 21802 21812 E HardwareInfoFeatureProviderImpl: 	at com.google.android.settings.hardwareinfo.HardwareInfoFeatureProviderGoogleImpl.getManufacturedYear(HardwareInfoFeatureProviderGoogleImpl.kt:24)
04-05 13:16:08.365 21802 21812 E HardwareInfoFeatureProviderImpl: 	at com.android.settings.deviceinfo.hardwareinfo.ManufacturedYearPreferenceController.<init>(ManufacturedYearPreferenceController.kt:26)
04-05 13:16:08.365 21802 21812 E HardwareInfoFeatureProviderImpl: 	at java.lang.reflect.Constructor.newInstance0(Native Method)
04-05 13:16:08.365 21802 21812 E HardwareInfoFeatureProviderImpl: 	at java.lang.reflect.Constructor.newInstance(Constructor.java:343)
04-05 13:16:08.365 21802 21812 E HardwareInfoFeatureProviderImpl: 	at com.android.settings.core.BasePreferenceController.createInstance(BasePreferenceController.java:146)
04-05 13:16:08.365 21802 21812 E HardwareInfoFeatureProviderImpl: 	at com.android.settings.slices.SliceBuilderUtils.getPreferenceController(SliceBuilderUtils.java:381)
04-05 13:16:08.365 21802 21812 E HardwareInfoFeatureProviderImpl: 	at com.android.settings.slices.SliceDataConverter.getSliceDataFromXML(SliceDataConverter.java:193)
04-05 13:16:08.365 21802 21812 E HardwareInfoFeatureProviderImpl: 	at com.android.settings.slices.SliceDataConverter.getSliceDataFromProvider(SliceDataConverter.java:148)
04-05 13:16:08.365 21802 21812 E HardwareInfoFeatureProviderImpl: 	at com.android.settings.slices.SliceDataConverter.getSliceData(SliceDataConverter.java:118)
04-05 13:16:08.365 21802 21812 E HardwareInfoFeatureProviderImpl: 	at com.android.settings.slices.SlicesIndexer.getSliceData(SlicesIndexer.java:95)
04-05 13:16:08.365 21802 21812 E HardwareInfoFeatureProviderImpl: 	at com.android.settings.slices.SlicesIndexer.indexSliceData(SlicesIndexer.java:76)
04-05 13:16:08.365 21802 21812 E HardwareInfoFeatureProviderImpl: 	at com.android.settings.slices.SlicesFeatureProviderImpl.indexSliceData(SlicesFeatureProviderImpl.java:64)
04-05 13:16:08.365 21802 21812 E HardwareInfoFeatureProviderImpl: 	at com.android.settings.slices.SlicesDatabaseAccessor.verifyIndexing(SlicesDatabaseAccessor.java:198)
04-05 13:16:08.365 21802 21812 E HardwareInfoFeatureProviderImpl: 	at com.android.settings.slices.SlicesDatabaseAccessor.getSliceUris(SlicesDatabaseAccessor.java:98)
04-05 13:16:08.365 21802 21812 E HardwareInfoFeatureProviderImpl: 	at com.android.settings.slices.SettingsSliceProvider.onGetSliceDescendants(SettingsSliceProvider.java:347)
04-05 13:16:08.365 21802 21812 E HardwareInfoFeatureProviderImpl: 	at androidx.slice.compat.SliceProviderWrapperContainer$SliceProviderWrapper.onGetSliceDescendants(SliceProviderWrapperContainer.java:166)
04-05 13:16:08.365 21802 21812 E HardwareInfoFeatureProviderImpl: 	at android.app.slice.SliceProvider.call(SliceProvider.java:400)
04-05 13:16:08.365 21802 21812 E HardwareInfoFeatureProviderImpl: 	at androidx.slice.compat.SliceProviderWrapperContainer$SliceProviderWrapper.call(SliceProviderWrapperContainer.java:123)
04-05 13:16:08.365 21802 21812 E HardwareInfoFeatureProviderImpl: 	at android.content.ContentProvider.call(ContentProvider.java:2756)
04-05 13:16:08.365 21802 21812 E HardwareInfoFeatureProviderImpl: 	at android.content.ContentProvider$Transport.call(ContentProvider.java:648)
04-05 13:16:08.365 21802 21812 E HardwareInfoFeatureProviderImpl: 	at android.content.ContentProviderNative.onTransact(ContentProviderNative.java:309)
04-05 13:16:08.365 21802 21812 E HardwareInfoFeatureProviderImpl: 	at android.os.Binder.execTransactInternal(Binder.java:1466)
04-05 13:16:08.365 21802 21812 E HardwareInfoFeatureProviderImpl: 	at android.os.Binder.execTransact(Binder.java:1411)
04-05 13:16:10.670 21802 21812 E ScreenResolutionController: No support
04-05 13:16:22.229 21032 21073 E HandwritingSuperpacksUtil: HandwritingSuperpacksUtil.getPackMappingPackName():42 No pack mapping pack found in []
04-05 13:16:49.975   647  1242 E AppOps  : Bad call made by uid 1000. Package "com.google.android.googlequicksearchbox" does not belong to uid 1000.
04-05 13:16:50.316   284   294 E lowmemorykiller: process_mrelease 20813 failed: No such process
04-05 13:16:55.009   284   292 E lowmemorykiller: process_mrelease 21032 failed: No such process
04-05 13:16:55.062   647   647 E libbinder.IPCThreadState: Binder transaction failure. id: 688679, cmd: BR_DEAD_REPLY (29189), error: -22 (Invalid argument)
04-05 13:16:55.082   647   795 E InputDispatcher: channel 'stylus-handwriting-event-receiver-0' ~ Channel is unrecoverably broken and will be disposed!
04-05 13:16:55.339   284   294 E lowmemorykiller: process_mrelease 21956 failed: No such process
04-05 13:17:15.095 21994 21994 E LibraryModuleRegistry: LibraryModuleRegistry.register():48 Module mobilebert_classifier_android_jni has already been registered to integrated_shared_object
04-05 13:17:15.380 20909 20972 E DialerRestVvmCarrierService: com.android.dialer.voicemail.service.impl.vvmclients.rest.RestVvmCarrierService.getMsisdn:349 Retrieved phone number in an unexpected format: +15551234567 [CONTEXT disable_client_error_logging=true ]
04-05 13:17:15.380 20909 20972 E DialerRestVvmCarrierService: afuy: MEDIUM
04-05 13:17:15.380 20909 20972 E DialerRestVvmCarrierService: 	at a.dI(PG:15)
04-05 13:17:15.380 20909 20972 E DialerRestVvmCarrierService: 	at tkb.apply(PG:471)
04-05 13:17:15.380 20909 20972 E DialerRestVvmCarrierService: 	at aeyq.apply(PG:17)
04-05 13:17:15.380 20909 20972 E DialerRestVvmCarrierService: 	at agia.d(PG:3)
04-05 13:17:15.380 20909 20972 E DialerRestVvmCarrierService: 	at agib.run(PG:47)
04-05 13:17:15.380 20909 20972 E DialerRestVvmCarrierService: 	at zgq.run(PG:7)
04-05 13:17:15.380 20909 20972 E DialerRestVvmCarrierService: 	at agbk.run(PG:44)
04-05 13:17:15.380 20909 20972 E DialerRestVvmCarrierService: 	at xyv.run(PG:80)
04-05 13:17:15.380 20909 20972 E DialerRestVvmCarrierService: 	at wpp.run(PG:314)
04-05 13:17:15.380 20909 20972 E DialerRestVvmCarrierService: 	at java.lang.Thread.run(Thread.java:1572)
04-05 13:17:15.380 20909 20972 E DialerRestVvmCarrierService: 	at zhr.run(PG:61)
04-05 13:17:15.548 21994 21994 E GoogleInputMethodService: GoogleInputMethodService.getAppEditorInfo():1891 App EditorInfo should never be null.
04-05 13:17:15.886 20909 20958 E DialerRestVvmCarrierService: com.android.dialer.voicemail.service.impl.vvmclients.rest.RestVvmCarrierService.getMsisdn:349 Retrieved phone number in an unexpected format: +15551234567 [CONTEXT disable_client_error_logging=true ]
04-05 13:17:15.886 20909 20958 E DialerRestVvmCarrierService: afuy: MEDIUM
04-05 13:17:15.886 20909 20958 E DialerRestVvmCarrierService: 	at a.dI(PG:15)
04-05 13:17:15.886 20909 20958 E DialerRestVvmCarrierService: 	at tkb.apply(PG:471)
04-05 13:17:15.886 20909 20958 E DialerRestVvmCarrierService: 	at aeyq.apply(PG:17)
04-05 13:17:15.886 20909 20958 E DialerRestVvmCarrierService: 	at agia.d(PG:3)
04-05 13:17:15.886 20909 20958 E DialerRestVvmCarrierService: 	at agib.run(PG:47)
04-05 13:17:15.886 20909 20958 E DialerRestVvmCarrierService: 	at zgq.run(PG:7)
04-05 13:17:15.886 20909 20958 E DialerRestVvmCarrierService: 	at agbk.run(PG:44)
04-05 13:17:15.886 20909 20958 E DialerRestVvmCarrierService: 	at xyv.run(PG:80)
04-05 13:17:15.886 20909 20958 E DialerRestVvmCarrierService: 	at wpp.run(PG:314)
04-05 13:17:15.886 20909 20958 E DialerRestVvmCarrierService: 	at java.lang.Thread.run(Thread.java:1572)
04-05 13:17:15.886 20909 20958 E DialerRestVvmCarrierService: 	at zhr.run(PG:61)
04-05 13:17:16.091 21994 22022 E EmojiSlicingStrategy: EmojiSlicingStrategy.getSlices():88 getSlices() : Received null or empty userEnabledLocales.
04-05 13:17:17.079 21994 21994 E AbstractOpenableExtension: AbstractOpenableExtension$1.onFailure():144 failed to parse keyboard group def : 2132213998 -> 0_resource_name_obfuscated. 
04-05 13:17:17.079 21994 21994 E AbstractOpenableExtension: java.util.concurrent.CancellationException: Task was cancelled.
04-05 13:17:17.079 21994 21994 E AbstractOpenableExtension: 	at ufk.i(PG:33)
04-05 13:17:17.079 21994 21994 E AbstractOpenableExtension: 	at ufs.r(PG:24)
04-05 13:17:17.079 21994 21994 E AbstractOpenableExtension: 	at ufk.get(PG:1)
04-05 13:17:17.079 21994 21994 E AbstractOpenableExtension: 	at a.n(PG:2)
04-05 13:17:17.079 21994 21994 E AbstractOpenableExtension: 	at uhk.run(PG:92)
04-05 13:17:17.079 21994 21994 E AbstractOpenableExtension: 	at ugs.execute(PG:1)
04-05 13:17:17.079 21994 21994 E AbstractOpenableExtension: 	at ufk.g(PG:1)
04-05 13:17:17.079 21994 21994 E AbstractOpenableExtension: 	at ufk.l(PG:101)
04-05 13:17:17.079 21994 21994 E AbstractOpenableExtension: 	at ufk.cancel(PG:52)
04-05 13:17:17.079 21994 21994 E AbstractOpenableExtension: 	at ufk.n(PG:17)
04-05 13:17:17.079 21994 21994 E AbstractOpenableExtension: 	at ufw.c(PG:3)
04-05 13:17:17.079 21994 21994 E AbstractOpenableExtension: 	at ufk.l(PG:30)
04-05 13:17:17.079 21994 21994 E AbstractOpenableExtension: 	at ufk.cancel(PG:52)
04-05 13:17:17.079 21994 21994 E AbstractOpenableExtension: 	at fsm.e(PG:64)
04-05 13:17:17.079 21994 21994 E AbstractOpenableExtension: 	at fsm.N(PG:4)
04-05 13:17:17.079 21994 21994 E AbstractOpenableExtension: 	at fsm.O(PG:1)
04-05 13:17:17.079 21994 21994 E AbstractOpenableExtension: 	at may.h(PG:33)
04-05 13:17:17.079 21994 21994 E AbstractOpenableExtension: 	at mwe.ag(PG:20)
04-05 13:17:17.079 21994 21994 E AbstractOpenableExtension: 	at ead.o(PG:247)
04-05 13:17:17.079 21994 21994 E AbstractOpenableExtension: 	at mvz.e(PG:3)
04-05 13:17:17.079 21994 21994 E AbstractOpenableExtension: 	at mtj.dx(PG:9)
04-05 13:17:17.079 21994 21994 E AbstractOpenableExtension: 	at nsh.run(PG:198)
04-05 13:17:17.079 21994 21994 E AbstractOpenableExtension: 	at ugs.execute(PG:1)
04-05 13:17:17.079 21994 21994 E AbstractOpenableExtension: 	at onf.c(PG:14)
04-05 13:17:17.079 21994 21994 E AbstractOpenableExtension: 	at nzd.l(PG:94)
04-05 13:17:17.079 21994 21994 E AbstractOpenableExtension: 	at nzd.j(PG:33)
04-05 13:17:17.079 21994 21994 E AbstractOpenableExtension: 	at oyp.b(PG:154)
04-05 13:17:17.079 21994 21994 E AbstractOpenableExtension: 	at uhk.run(PG:98)
04-05 13:17:17.079 21994 21994 E AbstractOpenableExtension: 	at android.os.Handler.handleCallback(Handler.java:1095)
04-05 13:17:17.079 21994 21994 E AbstractOpenableExtension: 	at android.os.Handler.dispatchMessageImpl(Handler.java:135)
04-05 13:17:17.079 21994 21994 E AbstractOpenableExtension: 	at android.os.Handler.dispatchMessage(Handler.java:125)
04-05 13:17:17.079 21994 21994 E AbstractOpenableExtension: 	at android.os.Looper.loopOnce(Looper.java:292)
04-05 13:17:17.079 21994 21994 E AbstractOpenableExtension: 	at android.os.Looper.loop(Looper.java:393)
04-05 13:17:17.079 21994 21994 E AbstractOpenableExtension: 	at android.app.ActivityThread.main(ActivityThread.java:9486)
04-05 13:17:17.079 21994 21994 E AbstractOpenableExtension: 	at java.lang.reflect.Method.invoke(Native Method)
04-05 13:17:17.079 21994 21994 E AbstractOpenableExtension: 	at com.android.internal.os.RuntimeInit$MethodAndArgsCaller.run(RuntimeInit.java:575)
04-05 13:17:17.079 21994 21994 E AbstractOpenableExtension: 	at com.android.internal.os.ZygoteInit.main(ZygoteInit.java:939)
04-05 13:17:17.290 21994 22014 E HandwritingSuperpacksUtil: HandwritingSuperpacksUtil.getPackMappingPackName():42 No pack mapping pack found in []
04-05 13:17:17.614 21994 22084 E MDDTaskScheduler: MDDTaskScheduler.scheduleDownload():191 work Data {charging : false, mdd_task_tag : download, network : false} scheduled
04-05 13:17:18.394 20909 20958 E DialerVvmExecutorImpl: com.android.dialer.voicemail.service.impl.scheduler.VvmExecutorImpl.executeWorkOnCarrierService:503 Exception during vvm work for ComponentInfo{com.android.phone/com.android.services.telephony.TelephonyConnectionService}, 1, UserHandle{0} [CONTEXT enable_persistent_logger=true ]
04-05 13:17:18.394 20909 20958 E DialerVvmExecutorImpl: tgw: VVM failure reason: 2
04-05 13:17:18.394 20909 20958 E DialerVvmExecutorImpl: 	at toy.onAuthenticationFailure(PG:93)
04-05 13:17:18.394 20909 20958 E DialerVvmExecutorImpl: 	at android.telephony.TelephonyManager$19.lambda$onAuthenticationFailure$1(TelephonyManager.java:17993)
04-05 13:17:18.394 20909 20958 E DialerVvmExecutorImpl: 	at android.telephony.TelephonyManager$19$$ExternalSyntheticLambda1.run(D8$$SyntheticClass:0)
04-05 13:17:18.394 20909 20958 E DialerVvmExecutorImpl: 	at zgq.run(PG:7)
04-05 13:17:18.394 20909 20958 E DialerVvmExecutorImpl: 	at agbk.run(PG:44)
04-05 13:17:18.394 20909 20958 E DialerVvmExecutorImpl: 	at xyv.run(PG:80)
04-05 13:17:18.394 20909 20958 E DialerVvmExecutorImpl: 	at wpp.run(PG:314)
04-05 13:17:18.394 20909 20958 E DialerVvmExecutorImpl: 	at java.lang.Thread.run(Thread.java:1572)
04-05 13:17:18.394 20909 20958 E DialerVvmExecutorImpl: 	at zhr.run(PG:61)
04-05 13:17:19.121   647  1256 E RoleControllerServiceImpl: Default/fallback role holder package doesn't qualify for the role, package: com.google.android.gms.supervision, role: android.app.role.SYSTEM_SUPERVISION, user: 0
04-05 13:17:19.218   647  1256 E RoleControllerServiceImpl: Default/fallback role holder package doesn't qualify for the role, package: com.google.android.gms, role: android.app.role.SYSTEM_DEPENDENCY_INSTALLER, user: 0
04-05 13:17:19.252  1300  1300 E SmsApplication: com.google.android.apps.messaging lost android:read_cell_broadcasts:  (fixing)
04-05 13:17:19.368   647  1256 E RoleControllerServiceImpl: Default/fallback role holder package doesn't qualify for the role, package: com.google.android.gms, role: android.app.role.WALLET, user: 0
04-05 13:17:19.457   284   292 E lowmemorykiller: process_mrelease 21994 failed: No such process
04-05 13:17:19.510   647   647 E libbinder.IPCThreadState: Binder transaction failure. id: 694322, cmd: BR_DEAD_REPLY (29189), error: -22 (Invalid argument)
04-05 13:17:19.582  1300  1626 E SmsApplication: com.google.android.apps.messaging lost android:read_cell_broadcasts:  (fixing)
04-05 13:17:19.610   647   795 E InputDispatcher: channel 'stylus-handwriting-event-receiver-0' ~ Channel is unrecoverably broken and will be disposed!
04-05 13:17:19.835 20909 20958 E DialerRestVvmCarrierService: com.android.dialer.voicemail.service.impl.vvmclients.rest.RestVvmCarrierService.getMsisdn:349 Retrieved phone number in an unexpected format: +15551234567 [CONTEXT disable_client_error_logging=true ]
04-05 13:17:19.835 20909 20958 E DialerRestVvmCarrierService: afuy: MEDIUM
04-05 13:17:19.835 20909 20958 E DialerRestVvmCarrierService: 	at a.dI(PG:15)
04-05 13:17:19.835 20909 20958 E DialerRestVvmCarrierService: 	at tkb.apply(PG:471)
04-05 13:17:19.835 20909 20958 E DialerRestVvmCarrierService: 	at aeyq.apply(PG:17)
04-05 13:17:19.835 20909 20958 E DialerRestVvmCarrierService: 	at agia.d(PG:3)
04-05 13:17:19.835 20909 20958 E DialerRestVvmCarrierService: 	at agib.run(PG:47)
04-05 13:17:19.835 20909 20958 E DialerRestVvmCarrierService: 	at zgq.run(PG:7)
04-05 13:17:19.835 20909 20958 E DialerRestVvmCarrierService: 	at agbk.run(PG:44)
04-05 13:17:19.835 20909 20958 E DialerRestVvmCarrierService: 	at xyv.run(PG:80)
04-05 13:17:19.835 20909 20958 E DialerRestVvmCarrierService: 	at wpp.run(PG:314)
04-05 13:17:19.835 20909 20958 E DialerRestVvmCarrierService: 	at java.lang.Thread.run(Thread.java:1572)
04-05 13:17:19.835 20909 20958 E DialerRestVvmCarrierService: 	at zhr.run(PG:61)
04-05 13:17:20.141   647  1256 E RoleControllerServiceImpl: Default/fallback role holder package doesn't qualify for the role, package: com.google.android.gms.supervision, role: android.app.role.SYSTEM_SUPERVISION, user: 0
04-05 13:17:20.176   647  1256 E RoleControllerServiceImpl: Default/fallback role holder package doesn't qualify for the role, package: com.google.android.gms, role: android.app.role.SYSTEM_DEPENDENCY_INSTALLER, user: 0
04-05 13:17:20.236   647  1256 E RoleControllerServiceImpl: Default/fallback role holder package doesn't qualify for the role, package: com.google.android.gms, role: android.app.role.WALLET, user: 0
04-05 13:17:20.315 22165 22165 E FeatureFlagsImplExport: android.os.flagging.AconfigStorageReadException: ERROR_PACKAGE_NOT_FOUND: package android.xr cannot be found on the device
04-05 13:17:22.556 22198 22198 E LibraryModuleRegistry: LibraryModuleRegistry.register():48 Module mobilebert_classifier_android_jni has already been registered to integrated_shared_object
04-05 13:17:22.942 22198 22226 E EmojiSlicingStrategy: EmojiSlicingStrategy.getSlices():88 getSlices() : Received null or empty userEnabledLocales.
04-05 13:17:22.946 22198 22226 E EmojiSlicingStrategy: EmojiSlicingStrategy.getSlices():88 getSlices() : Received null or empty userEnabledLocales.
04-05 13:17:22.959 22198 22198 E GoogleInputMethodService: GoogleInputMethodService.getAppEditorInfo():1891 App EditorInfo should never be null.
04-05 13:17:23.929 22198 22198 E AbstractOpenableExtension: AbstractOpenableExtension$1.onFailure():144 failed to parse keyboard group def : 2132213997 -> 0_resource_name_obfuscated. 
04-05 13:17:23.929 22198 22198 E AbstractOpenableExtension: java.util.concurrent.CancellationException: Task was cancelled.
04-05 13:17:23.929 22198 22198 E AbstractOpenableExtension: 	at ufk.i(PG:33)
04-05 13:17:23.929 22198 22198 E AbstractOpenableExtension: 	at ufs.r(PG:24)
04-05 13:17:23.929 22198 22198 E AbstractOpenableExtension: 	at ufk.get(PG:1)
04-05 13:17:23.929 22198 22198 E AbstractOpenableExtension: 	at a.n(PG:2)
04-05 13:17:23.929 22198 22198 E AbstractOpenableExtension: 	at uhk.run(PG:92)
04-05 13:17:23.929 22198 22198 E AbstractOpenableExtension: 	at ugs.execute(PG:1)
04-05 13:17:23.929 22198 22198 E AbstractOpenableExtension: 	at ufk.g(PG:1)
04-05 13:17:23.929 22198 22198 E AbstractOpenableExtension: 	at ufk.l(PG:101)
04-05 13:17:23.929 22198 22198 E AbstractOpenableExtension: 	at ufk.cancel(PG:52)
04-05 13:17:23.929 22198 22198 E AbstractOpenableExtension: 	at ufk.n(PG:17)
04-05 13:17:23.929 22198 22198 E AbstractOpenableExtension: 	at ufw.c(PG:3)
04-05 13:17:23.929 22198 22198 E AbstractOpenableExtension: 	at ufk.l(PG:30)
04-05 13:17:23.929 22198 22198 E AbstractOpenableExtension: 	at ufk.cancel(PG:52)
04-05 13:17:23.929 22198 22198 E AbstractOpenableExtension: 	at fsm.e(PG:64)
04-05 13:17:23.929 22198 22198 E AbstractOpenableExtension: 	at fsm.N(PG:4)
04-05 13:17:23.929 22198 22198 E AbstractOpenableExtension: 	at fsm.O(PG:1)
04-05 13:17:23.929 22198 22198 E AbstractOpenableExtension: 	at may.h(PG:33)
04-05 13:17:23.929 22198 22198 E AbstractOpenableExtension: 	at mwe.ag(PG:20)
04-05 13:17:23.929 22198 22198 E AbstractOpenableExtension: 	at ead.o(PG:247)
04-05 13:17:23.929 22198 22198 E AbstractOpenableExtension: 	at mvz.e(PG:3)
04-05 13:17:23.929 22198 22198 E AbstractOpenableExtension: 	at mtj.dx(PG:9)
04-05 13:17:23.929 22198 22198 E AbstractOpenableExtension: 	at nsh.run(PG:198)
04-05 13:17:23.929 22198 22198 E AbstractOpenableExtension: 	at ugs.execute(PG:1)
04-05 13:17:23.929 22198 22198 E AbstractOpenableExtension: 	at onf.c(PG:14)
04-05 13:17:23.929 22198 22198 E AbstractOpenableExtension: 	at nzd.l(PG:94)
04-05 13:17:23.929 22198 22198 E AbstractOpenableExtension: 	at nzd.j(PG:33)
04-05 13:17:23.929 22198 22198 E AbstractOpenableExtension: 	at oyp.b(PG:154)
04-05 13:17:23.929 22198 22198 E AbstractOpenableExtension: 	at uhk.run(PG:98)
04-05 13:17:23.929 22198 22198 E AbstractOpenableExtension: 	at android.os.Handler.handleCallback(Handler.java:1095)
04-05 13:17:23.929 22198 22198 E AbstractOpenableExtension: 	at android.os.Handler.dispatchMessageImpl(Handler.java:135)
04-05 13:17:23.929 22198 22198 E AbstractOpenableExtension: 	at android.os.Handler.dispatchMessage(Handler.java:125)
04-05 13:17:23.929 22198 22198 E AbstractOpenableExtension: 	at android.os.Looper.loopOnce(Looper.java:292)
04-05 13:17:23.929 22198 22198 E AbstractOpenableExtension: 	at android.os.Looper.loop(Looper.java:393)
04-05 13:17:23.929 22198 22198 E AbstractOpenableExtension: 	at android.app.ActivityThread.main(ActivityThread.java:9486)
04-05 13:17:23.929 22198 22198 E AbstractOpenableExtension: 	at java.lang.reflect.Method.invoke(Native Method)
04-05 13:17:23.929 22198 22198 E AbstractOpenableExtension: 	at com.android.internal.os.RuntimeInit$MethodAndArgsCaller.run(RuntimeInit.java:575)
04-05 13:17:23.929 22198 22198 E AbstractOpenableExtension: 	at com.android.internal.os.ZygoteInit.main(ZygoteInit.java:939)
04-05 13:17:23.939 22198 22198 E GoogleInputMethodService: GoogleInputMethodService.getAppEditorInfo():1891 App EditorInfo should never be null.
04-05 13:17:24.117 22198 22214 E HandwritingSuperpacksUtil: HandwritingSuperpacksUtil.getPackMappingPackName():42 No pack mapping pack found in []
04-05 13:17:24.412 22198 22236 E MDDTaskScheduler: MDDTaskScheduler.scheduleDownload():191 work Data {charging : false, mdd_task_tag : download, network : false} scheduled
04-05 13:17:26.088 22198 22218 E HandwritingSuperpacksUtil: HandwritingSuperpacksUtil.getPackMappingPackName():42 No pack mapping pack found in []
04-05 13:18:22.356   647  1038 E Nl80211Native: getChannelsMhzForBand: Wiphy index not recorded for band 8
04-05 13:18:22.356   647  1038 E Nl80211Native: getChannelsMhzForBand: Wiphy index not recorded for band 16
04-05 13:20:10.692   647   785 E system_server: Failed to open /proc/1327/fdinfo directory: No such file or directory
04-05 13:20:10.692   647   785 E system_server: Failed to read dmabuf fd references
04-05 13:20:14.329   647   785 E system_server: Failed to open /proc/1607/fdinfo directory: No such file or directory
04-05 13:20:14.329   647   785 E system_server: Failed to read dmabuf fd references
04-05 13:20:14.693   647   785 E system_server: Failed to open /proc/1659/fdinfo directory: No such file or directory
04-05 13:20:14.694   647   785 E system_server: Failed to read dmabuf fd references
04-05 13:21:02.352   647  1038 E Nl80211Native: getChannelsMhzForBand: Wiphy index not recorded for band 8
04-05 13:21:02.352   647  1038 E Nl80211Native: getChannelsMhzForBand: Wiphy index not recorded for band 16
04-05 13:21:49.549   647   694 E BluetoothPowerStatsCollector: Cannot acquire BluetoothActivityEnergyInfo
04-05 13:21:49.549   647   694 E BluetoothPowerStatsCollector: java.util.concurrent.ExecutionException: java.lang.RuntimeException: error: 11
04-05 13:21:49.549   647   694 E BluetoothPowerStatsCollector: 	at java.util.concurrent.CompletableFuture.reportGet(CompletableFuture.java:372)
04-05 13:21:49.549   647   694 E BluetoothPowerStatsCollector: 	at java.util.concurrent.CompletableFuture.get(CompletableFuture.java:2072)
04-05 13:21:49.549   647   694 E BluetoothPowerStatsCollector: 	at com.android.server.power.stats.BluetoothPowerStatsCollector.collectBluetoothActivityInfo(BluetoothPowerStatsCollector.java:197)
04-05 13:21:49.549   647   694 E BluetoothPowerStatsCollector: 	at com.android.server.power.stats.BluetoothPowerStatsCollector.collectStats(BluetoothPowerStatsCollector.java:156)
04-05 13:21:49.549   647   694 E BluetoothPowerStatsCollector: 	at com.android.server.power.stats.PowerStatsCollector.collectAndDeliverStats(PowerStatsCollector.java:205)
04-05 13:21:49.549   647   694 E BluetoothPowerStatsCollector: 	at com.android.server.power.stats.PowerStatsCollector.lambda$schedule$0(PowerStatsCollector.java:175)
04-05 13:21:49.549   647   694 E BluetoothPowerStatsCollector: 	at com.android.server.power.stats.PowerStatsCollector.$r8$lambda$G7G_yFY7rV7oxQbQHnZ5FHX8eBk(PowerStatsCollector.java:0)
04-05 13:21:49.549   647   694 E BluetoothPowerStatsCollector: 	at com.android.server.power.stats.PowerStatsCollector$$ExternalSyntheticLambda1.run(R8$$SyntheticClass:0)
04-05 13:21:49.549   647   694 E BluetoothPowerStatsCollector: 	at android.os.Handler.handleCallback(Handler.java:1095)
04-05 13:21:49.549   647   694 E BluetoothPowerStatsCollector: 	at android.os.Handler.dispatchMessageImpl(Handler.java:135)
04-05 13:21:49.549   647   694 E BluetoothPowerStatsCollector: 	at android.os.Handler.dispatchMessage(Handler.java:125)
04-05 13:21:49.549   647   694 E BluetoothPowerStatsCollector: 	at android.os.Looper.loopOnce(Looper.java:292)
04-05 13:21:49.549   647   694 E BluetoothPowerStatsCollector: 	at android.os.Looper.loop(Looper.java:393)
04-05 13:21:49.549   647   694 E BluetoothPowerStatsCollector: 	at android.os.HandlerThread.run(HandlerThread.java:139)
04-05 13:21:49.549   647   694 E BluetoothPowerStatsCollector: Caused by: java.lang.RuntimeException: error: 11
04-05 13:21:49.549   647   694 E BluetoothPowerStatsCollector: 	at com.android.server.power.stats.BluetoothPowerStatsCollector$1.onBluetoothActivityEnergyInfoError(BluetoothPowerStatsCollector.java:185)
04-05 13:21:49.549   647   694 E BluetoothPowerStatsCollector: 	at android.bluetooth.BluetoothAdapter$OnBluetoothActivityEnergyInfoProxy.lambda$onBluetoothActivityEnergyInfoAvailable$0(BluetoothAdapter.java:952)
04-05 13:21:49.549   647   694 E BluetoothPowerStatsCollector: 	at android.bluetooth.BluetoothAdapter$OnBluetoothActivityEnergyInfoProxy.$r8$lambda$ks_hN9Vo_x2Jp1k5f-s67WiAd4A(BluetoothAdapter.java:0)
04-05 13:21:49.549   647   694 E BluetoothPowerStatsCollector: 	at android.bluetooth.BluetoothAdapter$OnBluetoothActivityEnergyInfoProxy$$ExternalSyntheticLambda0.run(D8$$SyntheticClass:0)
04-05 13:21:49.549   647   694 E BluetoothPowerStatsCollector: 	at android.bluetooth.BluetoothUtils.lambda$executeFromBinder$0(BluetoothUtils.java:342)
04-05 13:21:49.549   647   694 E BluetoothPowerStatsCollector: 	at android.bluetooth.BluetoothUtils$$ExternalSyntheticLambda1.run(D8$$SyntheticClass:0)
04-05 13:21:49.549   647   694 E BluetoothPowerStatsCollector: 	at com.android.server.SystemServerInitThreadPool$$ExternalSyntheticLambda0.execute(R8$$SyntheticClass:0)
04-05 13:21:49.549   647   694 E BluetoothPowerStatsCollector: 	at android.bluetooth.BluetoothUtils.executeFromBinder(BluetoothUtils.java:342)
04-05 13:21:49.549   647   694 E BluetoothPowerStatsCollector: 	at android.bluetooth.BluetoothAdapter$OnBluetoothActivityEnergyInfoProxy.onBluetoothActivityEnergyInfoAvailable(BluetoothAdapter.java:950)
04-05 13:21:49.549   647   694 E BluetoothPowerStatsCollector: 	at android.bluetooth.IBluetoothActivityEnergyInfoListener$Stub.onTransact(IBluetoothActivityEnergyInfoListener.java:90)
04-05 13:21:49.549   647   694 E BluetoothPowerStatsCollector: 	at android.os.Binder.execTransactInternal(Binder.java:1471)
04-05 13:21:49.549   647   694 E BluetoothPowerStatsCollector: 	at android.os.Binder.execTransact(Binder.java:1411)
04-05 13:23:42.354   647  1038 E Nl80211Native: getChannelsMhzForBand: Wiphy index not recorded for band 8
04-05 13:23:42.354   647  1038 E Nl80211Native: getChannelsMhzForBand: Wiphy index not recorded for band 16
04-05 13:24:11.589   284   294 E lowmemorykiller: process_mrelease 22515 failed: No such process
04-05 13:24:12.181   647  2114 E libbinder.IPCThreadState: Binder transaction failure. id: 735032, cmd: BR_DEAD_REPLY (29189), error: -3 (No such process)
04-05 13:24:12.182 22374 22822 E libbinder.IPCThreadState: Binder transaction failure. id: 735013, cmd: BR_DEAD_REPLY (29189), error: -3 (No such process)
04-05 13:24:12.690 22786 22870 E rules.WifiPresence: setWifiFences failed
04-05 13:24:12.690 22786 22870 E rules.WifiPresence: dda: 17: API: WifiPresenceClient.API is not available on this device. Connection failed with: dbs{statusCode=API_UNAVAILABLE, resolution=null, message=null, clientMethodKey=null}
04-05 13:24:12.690 22786 22870 E rules.WifiPresence: 	at dcx.b(PG:15)
04-05 13:24:12.690 22786 22870 E rules.WifiPresence: 	at jyf.a(PG:5)
04-05 13:24:12.690 22786 22870 E rules.WifiPresence: 	at ddy.e(PG:5)
04-05 13:24:12.690 22786 22870 E rules.WifiPresence: 	at deq.t(PG:48)
04-05 13:24:12.690 22786 22870 E rules.WifiPresence: 	at deq.f(PG:10)
04-05 13:24:12.690 22786 22870 E rules.WifiPresence: 	at deq.j(PG:164)
04-05 13:24:12.690 22786 22870 E rules.WifiPresence: 	at deq.i(PG:2)
04-05 13:24:12.690 22786 22870 E rules.WifiPresence: 	at bnw.run(PG:278)
04-05 13:24:12.690 22786 22870 E rules.WifiPresence: 	at android.os.Handler.handleCallback(Handler.java:1095)
04-05 13:24:12.690 22786 22870 E rules.WifiPresence: 	at android.os.Handler.dispatchMessageImpl(Handler.java:135)
04-05 13:24:12.690 22786 22870 E rules.WifiPresence: 	at android.os.Handler.dispatchMessage(Handler.java:125)
04-05 13:24:12.690 22786 22870 E rules.WifiPresence: 	at android.os.Looper.loopOnce(Looper.java:292)
04-05 13:24:12.690 22786 22870 E rules.WifiPresence: 	at android.os.Looper.loop(Looper.java:393)
04-05 13:24:12.690 22786 22870 E rules.WifiPresence: 	at android.os.HandlerThread.run(HandlerThread.java:139)
04-05 13:24:12.930   284   292 E lowmemorykiller: process_mrelease 22851 failed: No such process
04-05 13:24:12.969 22783 22901 E libbinder.IPCThreadState: Binder transaction failure. id: 736405, cmd: BR_DEAD_REPLY (29189), error: -3 (No such process)
04-05 13:24:13.082   647  1256 E RoleControllerServiceImpl: Default/fallback role holder package doesn't qualify for the role, package: com.google.android.gms.supervision, role: android.app.role.SYSTEM_SUPERVISION, user: 0
04-05 13:24:13.092  1300  1300 E SmsApplication: com.google.android.apps.messaging lost android:read_cell_broadcasts:  (fixing)
04-05 13:24:13.236   647  1256 E RoleControllerServiceImpl: Default/fallback role holder package doesn't qualify for the role, package: com.google.android.gms, role: android.app.role.SYSTEM_DEPENDENCY_INSTALLER, user: 0
04-05 13:24:13.291  1300  1626 E SmsApplication: com.google.android.apps.messaging lost android:read_cell_broadcasts:  (fixing)
04-05 13:24:13.337   647  1256 E RoleControllerServiceImpl: Default/fallback role holder package doesn't qualify for the role, package: com.google.android.gms, role: android.app.role.WALLET, user: 0
04-05 13:24:14.235   647  6856 E TaskPersister: File error accessing recents directory (directory doesn't exist?).
04-05 13:24:16.177 22946 22987 E cr_ChromiumAndroidLinker: AndroidDlopenExt: android_dlopen_ext: dlopen failed: reserved address space 17711104 smaller than 219037696 bytes needed for "/data/app/~~nV2uhcUYDvgk3Uc4Hk4zDQ==/com.google.android.trichromelibrary_763204538-aZGc9uonGegSHAv4iS45Aw==/TrichromeLibrary.apk!/lib/x86_64/libmonochrome_64.so"
04-05 13:24:16.179 22946 22987 E cr_ChromiumAndroidLinker: LoadWithDlopenExt: android_dlopen_ext() error
04-05 13:24:16.179 22946 22987 E cr_ChromiumAndroidLinker: LoadLibrary: Failed to load native library: libmonochrome_64.so
04-05 13:24:16.179 22946 22987 E cr_Linker: Unable to load with Linker, using the system linker instead
04-05 13:24:16.264   284   294 E lowmemorykiller: process_mrelease 22946 failed: No such process
04-05 13:24:16.282   284   292 E lowmemorykiller: process_mrelease 22783 failed: No such process
04-05 13:24:16.373   647   647 E libbinder.IPCThreadState: Binder transaction failure. id: 738871, cmd: BR_DEAD_REPLY (29189), error: -22 (Invalid argument)
04-05 13:24:16.384   647   795 E InputDispatcher: channel 'stylus-handwriting-event-receiver-0' ~ Channel is unrecoverably broken and will be disposed!
04-05 13:24:16.728 22763 22971 E SurfaceSyncGroup: Failed to receive transaction ready in 1000ms. Marking SurfaceSyncGroup(wmsSync-VRI[LoginActivity]#0) as ready
04-05 13:24:16.735 22763 22971 E SurfaceSyncGroup: Failed to receive transaction ready in 1000ms. Marking SurfaceSyncGroup(VRI[LoginActivity]#1) as ready
04-05 13:24:16.956 22962 23003 E rules.WifiPresence: setWifiFences failed
04-05 13:24:16.956 22962 23003 E rules.WifiPresence: dda: 17: API: WifiPresenceClient.API is not available on this device. Connection failed with: dbs{statusCode=API_UNAVAILABLE, resolution=null, message=null, clientMethodKey=null}
04-05 13:24:16.956 22962 23003 E rules.WifiPresence: 	at dcx.b(PG:15)
04-05 13:24:16.956 22962 23003 E rules.WifiPresence: 	at jyf.a(PG:5)
04-05 13:24:16.956 22962 23003 E rules.WifiPresence: 	at ddy.e(PG:5)
04-05 13:24:16.956 22962 23003 E rules.WifiPresence: 	at deq.t(PG:48)
04-05 13:24:16.956 22962 23003 E rules.WifiPresence: 	at deq.f(PG:10)
04-05 13:24:16.956 22962 23003 E rules.WifiPresence: 	at deq.j(PG:164)
04-05 13:24:16.956 22962 23003 E rules.WifiPresence: 	at deq.i(PG:2)
04-05 13:24:16.956 22962 23003 E rules.WifiPresence: 	at bnw.run(PG:278)
04-05 13:24:16.956 22962 23003 E rules.WifiPresence: 	at android.os.Handler.handleCallback(Handler.java:1095)
04-05 13:24:16.956 22962 23003 E rules.WifiPresence: 	at android.os.Handler.dispatchMessageImpl(Handler.java:135)
04-05 13:24:16.956 22962 23003 E rules.WifiPresence: 	at android.os.Handler.dispatchMessage(Handler.java:125)
04-05 13:24:16.956 22962 23003 E rules.WifiPresence: 	at android.os.Looper.loopOnce(Looper.java:292)
04-05 13:24:16.956 22962 23003 E rules.WifiPresence: 	at android.os.Looper.loop(Looper.java:393)
04-05 13:24:16.956 22962 23003 E rules.WifiPresence: 	at android.os.HandlerThread.run(HandlerThread.java:139)
04-05 13:24:16.956 22962 23003 E rules.WifiPresence: setWifiFences failed
04-05 13:24:16.956 22962 23003 E rules.WifiPresence: dda: 17: API: WifiPresenceClient.API is not available on this device. Connection failed with: dbs{statusCode=API_UNAVAILABLE, resolution=null, message=null, clientMethodKey=null}
04-05 13:24:16.956 22962 23003 E rules.WifiPresence: 	at dcx.b(PG:15)
04-05 13:24:16.956 22962 23003 E rules.WifiPresence: 	at jyf.a(PG:5)
04-05 13:24:16.956 22962 23003 E rules.WifiPresence: 	at ddy.e(PG:5)
04-05 13:24:16.956 22962 23003 E rules.WifiPresence: 	at deq.t(PG:48)
04-05 13:24:16.956 22962 23003 E rules.WifiPresence: 	at deq.f(PG:10)
04-05 13:24:16.956 22962 23003 E rules.WifiPresence: 	at deq.j(PG:164)
04-05 13:24:16.956 22962 23003 E rules.WifiPresence: 	at deq.i(PG:2)
04-05 13:24:16.956 22962 23003 E rules.WifiPresence: 	at bnw.run(PG:278)
04-05 13:24:16.956 22962 23003 E rules.WifiPresence: 	at android.os.Handler.handleCallback(Handler.java:1095)
04-05 13:24:16.956 22962 23003 E rules.WifiPresence: 	at android.os.Handler.dispatchMessageImpl(Handler.java:135)
04-05 13:24:16.956 22962 23003 E rules.WifiPresence: 	at android.os.Handler.dispatchMessage(Handler.java:125)
04-05 13:24:16.956 22962 23003 E rules.WifiPresence: 	at android.os.Looper.loopOnce(Looper.java:292)
04-05 13:24:16.956 22962 23003 E rules.WifiPresence: 	at android.os.Looper.loop(Looper.java:393)
04-05 13:24:16.956 22962 23003 E rules.WifiPresence: 	at android.os.HandlerThread.run(HandlerThread.java:139)
04-05 13:24:18.038 22962 23003 E rules.WifiPresence: setWifiFences failed
04-05 13:24:18.038 22962 23003 E rules.WifiPresence: dda: 17: API: WifiPresenceClient.API is not available on this device. Connection failed with: dbs{statusCode=API_UNAVAILABLE, resolution=null, message=null, clientMethodKey=null}
04-05 13:24:18.038 22962 23003 E rules.WifiPresence: 	at dcx.b(PG:15)
04-05 13:24:18.038 22962 23003 E rules.WifiPresence: 	at jyf.a(PG:5)
04-05 13:24:18.038 22962 23003 E rules.WifiPresence: 	at ddy.e(PG:5)
04-05 13:24:18.038 22962 23003 E rules.WifiPresence: 	at deq.t(PG:48)
04-05 13:24:18.038 22962 23003 E rules.WifiPresence: 	at deq.f(PG:10)
04-05 13:24:18.038 22962 23003 E rules.WifiPresence: 	at deq.j(PG:164)
04-05 13:24:18.038 22962 23003 E rules.WifiPresence: 	at deq.i(PG:2)
04-05 13:24:18.038 22962 23003 E rules.WifiPresence: 	at bnw.run(PG:278)
04-05 13:24:18.038 22962 23003 E rules.WifiPresence: 	at android.os.Handler.handleCallback(Handler.java:1095)
04-05 13:24:18.038 22962 23003 E rules.WifiPresence: 	at android.os.Handler.dispatchMessageImpl(Handler.java:135)
04-05 13:24:18.038 22962 23003 E rules.WifiPresence: 	at android.os.Handler.dispatchMessage(Handler.java:125)
04-05 13:24:18.038 22962 23003 E rules.WifiPresence: 	at android.os.Looper.loopOnce(Looper.java:292)
04-05 13:24:18.038 22962 23003 E rules.WifiPresence: 	at android.os.Looper.loop(Looper.java:393)
04-05 13:24:18.038 22962 23003 E rules.WifiPresence: 	at android.os.HandlerThread.run(HandlerThread.java:139)
04-05 13:24:19.253 23018 23018 E LibraryModuleRegistry: LibraryModuleRegistry.register():48 Module mobilebert_classifier_android_jni has already been registered to integrated_shared_object
04-05 13:24:19.340 21562 21562 E SearchUiService: Failed to unregister for updates for unknown session: com.google.android.apps.nexuslauncher:e2983b08-2e30-4be5-9980-747ab5ee0f84,0
04-05 13:24:19.458 20096 20096 E RecyclerView: Cannot scroll to position a LayoutManager set. Call setLayoutManager with a non-null argument.
04-05 13:24:19.459 20096 20096 E RecyclerView: Cannot scroll to position a LayoutManager set. Call setLayoutManager with a non-null argument.
04-05 13:24:20.036 23018 23018 E GoogleInputMethodService: GoogleInputMethodService.getAppEditorInfo():1891 App EditorInfo should never be null.
04-05 13:24:20.833 23018 23082 E EmojiSlicingStrategy: EmojiSlicingStrategy.getSlices():88 getSlices() : Received null or empty userEnabledLocales.
04-05 13:24:20.988 23018 23082 E EmojiSlicingStrategy: EmojiSlicingStrategy.getSlices():88 getSlices() : Received null or empty userEnabledLocales.
04-05 13:24:21.619 23018 23018 E AbstractOpenableExtension: AbstractOpenableExtension$1.onFailure():144 failed to parse keyboard group def : 2132213997 -> 0_resource_name_obfuscated. 
04-05 13:24:21.619 23018 23018 E AbstractOpenableExtension: java.util.concurrent.CancellationException: Task was cancelled.
04-05 13:24:21.619 23018 23018 E AbstractOpenableExtension: 	at ufk.i(PG:33)
04-05 13:24:21.619 23018 23018 E AbstractOpenableExtension: 	at ufs.r(PG:24)
04-05 13:24:21.619 23018 23018 E AbstractOpenableExtension: 	at ufk.get(PG:1)
04-05 13:24:21.619 23018 23018 E AbstractOpenableExtension: 	at a.n(PG:2)
04-05 13:24:21.619 23018 23018 E AbstractOpenableExtension: 	at uhk.run(PG:92)
04-05 13:24:21.619 23018 23018 E AbstractOpenableExtension: 	at ugs.execute(PG:1)
04-05 13:24:21.619 23018 23018 E AbstractOpenableExtension: 	at ufk.g(PG:1)
04-05 13:24:21.619 23018 23018 E AbstractOpenableExtension: 	at ufk.l(PG:101)
04-05 13:24:21.619 23018 23018 E AbstractOpenableExtension: 	at ufk.cancel(PG:52)
04-05 13:24:21.619 23018 23018 E AbstractOpenableExtension: 	at ufk.n(PG:17)
04-05 13:24:21.619 23018 23018 E AbstractOpenableExtension: 	at ufw.c(PG:3)
04-05 13:24:21.619 23018 23018 E AbstractOpenableExtension: 	at ufk.l(PG:30)
04-05 13:24:21.619 23018 23018 E AbstractOpenableExtension: 	at ufk.cancel(PG:52)
04-05 13:24:21.619 23018 23018 E AbstractOpenableExtension: 	at fsm.e(PG:64)
04-05 13:24:21.619 23018 23018 E AbstractOpenableExtension: 	at fsm.N(PG:4)
04-05 13:24:21.619 23018 23018 E AbstractOpenableExtension: 	at fsm.O(PG:1)
04-05 13:24:21.619 23018 23018 E AbstractOpenableExtension: 	at may.h(PG:33)
04-05 13:24:21.619 23018 23018 E AbstractOpenableExtension: 	at mwe.ag(PG:20)
04-05 13:24:21.619 23018 23018 E AbstractOpenableExtension: 	at ead.o(PG:247)
04-05 13:24:21.619 23018 23018 E AbstractOpenableExtension: 	at mvz.e(PG:3)
04-05 13:24:21.619 23018 23018 E AbstractOpenableExtension: 	at mtj.dx(PG:9)
04-05 13:24:21.619 23018 23018 E AbstractOpenableExtension: 	at nsh.run(PG:198)
04-05 13:24:21.619 23018 23018 E AbstractOpenableExtension: 	at ugs.execute(PG:1)
04-05 13:24:21.619 23018 23018 E AbstractOpenableExtension: 	at onf.c(PG:14)
04-05 13:24:21.619 23018 23018 E AbstractOpenableExtension: 	at nzd.l(PG:94)
04-05 13:24:21.619 23018 23018 E AbstractOpenableExtension: 	at nzd.j(PG:33)
04-05 13:24:21.619 23018 23018 E AbstractOpenableExtension: 	at oyp.b(PG:154)
04-05 13:24:21.619 23018 23018 E AbstractOpenableExtension: 	at uhk.run(PG:98)
04-05 13:24:21.619 23018 23018 E AbstractOpenableExtension: 	at android.os.Handler.handleCallback(Handler.java:1095)
04-05 13:24:21.619 23018 23018 E AbstractOpenableExtension: 	at android.os.Handler.dispatchMessageImpl(Handler.java:135)
04-05 13:24:21.619 23018 23018 E AbstractOpenableExtension: 	at android.os.Handler.dispatchMessage(Handler.java:125)
04-05 13:24:21.619 23018 23018 E AbstractOpenableExtension: 	at android.os.Looper.loopOnce(Looper.java:292)
04-05 13:24:21.619 23018 23018 E AbstractOpenableExtension: 	at android.os.Looper.loop(Looper.java:393)
04-05 13:24:21.619 23018 23018 E AbstractOpenableExtension: 	at android.app.ActivityThread.main(ActivityThread.java:9486)
04-05 13:24:21.619 23018 23018 E AbstractOpenableExtension: 	at java.lang.reflect.Method.invoke(Native Method)
04-05 13:24:21.619 23018 23018 E AbstractOpenableExtension: 	at com.android.internal.os.RuntimeInit$MethodAndArgsCaller.run(RuntimeInit.java:575)
04-05 13:24:21.619 23018 23018 E AbstractOpenableExtension: 	at com.android.internal.os.ZygoteInit.main(ZygoteInit.java:939)
04-05 13:24:21.661 23018 23018 E GoogleInputMethodService: GoogleInputMethodService.getAppEditorInfo():1891 App EditorInfo should never be null.
04-05 13:24:22.291 23018 23053 E HandwritingSuperpacksUtil: HandwritingSuperpacksUtil.getPackMappingPackName():42 No pack mapping pack found in []
04-05 13:24:22.318 23018 23134 E MDDTaskScheduler: MDDTaskScheduler.scheduleDownload():191 work Data {charging : false, mdd_task_tag : download, network : false} scheduled
04-05 13:24:22.967 20852 21004 E UsageReportingOptionsSt: INTERNAL_ERROR: setOptInOption should not be called while user is locked. [CONTEXT service_id=41 ]
04-05 13:24:24.305 23018 23050 E HandwritingSuperpacksUtil: HandwritingSuperpacksUtil.getPackMappingPackName():42 No pack mapping pack found in []
04-05 13:24:24.358 23206 23283 E cr_ChromiumAndroidLinker: AndroidDlopenExt: android_dlopen_ext: dlopen failed: reserved address space 17711104 smaller than 219037696 bytes needed for "/data/app/~~nV2uhcUYDvgk3Uc4Hk4zDQ==/com.google.android.trichromelibrary_763204538-aZGc9uonGegSHAv4iS45Aw==/TrichromeLibrary.apk!/lib/x86_64/libmonochrome_64.so"
04-05 13:24:24.358 23206 23283 E cr_ChromiumAndroidLinker: LoadWithDlopenExt: android_dlopen_ext() error
04-05 13:24:24.358 23206 23283 E cr_ChromiumAndroidLinker: LoadLibrary: Failed to load native library: libmonochrome_64.so
04-05 13:24:24.358 23206 23283 E cr_Linker: Unable to load with Linker, using the system linker instead
04-05 13:24:24.772 23052 23293 E ActivityThread: Failed to find provider info for androidx.car.app.connection
04-05 13:24:28.394 23052 23099 E AbstractLogEventBuilder: The provided ProductIdOrigin 3 is not one of the process-level expected values: 1 or 2
04-05 13:24:34.635 23052 23129 E Finsky  : [60] [Counters] attempted to use a non-positive increment for: 3703
04-05 13:24:35.557 23052 23127 E Finsky  : [58] [Counters] attempted to use a non-positive increment for: 4752
04-05 13:24:35.721 23052 23127 E Finsky  : [58] [Counters] attempted to use a non-positive increment for: 4753
04-05 13:24:43.021 23052 23129 E Finsky  : [60] ItemStore: getItems RPC failed for item com.android.companiondevicemanager
04-05 13:24:43.022 23052 23129 E Finsky  : [60] ItemStore: getItems RPC failed for item com.google.android.ondevicepersonalization.services
04-05 13:24:43.022 23052 23129 E Finsky  : [60] ItemStore: getItems RPC failed for item com.android.managedprovisioning.auto_generated_rro_product__
04-05 13:24:43.022 23052 23129 E Finsky  : [60] ItemStore: getItems RPC failed for item com.android.systemui.emulation.pixel_3
04-05 13:24:43.023 23052 23129 E Finsky  : [60] ItemStore: getItems RPC failed for item com.android.cts.priv.ctsshim
04-05 13:24:43.023 23052 23129 E Finsky  : [60] ItemStore: getItems RPC failed for item com.android.providers.calendar
04-05 13:24:43.023 23052 23129 E Finsky  : [60] ItemStore: getItems RPC failed for item com.google.android.rkpdapp
04-05 13:24:43.023 23052 23129 E Finsky  : [60] ItemStore: getItems RPC failed for item com.android.internal.emulation.pixel_2_xl
04-05 13:24:43.024 23052 23129 E Finsky  : [60] ItemStore: getItems RPC failed for item com.android.hardware.gatekeeper
04-05 13:24:43.024 23052 23129 E Finsky  : [60] ItemStore: getItems RPC failed for item com.android.systemui.emulation.pixel_4a
04-05 13:24:43.024 23052 23129 E Finsky  : [60] ItemStore: getItems RPC failed for item com.android.internal.emulation.pixel_6a
04-05 13:24:43.024 23052 23129 E Finsky  : [60] ItemStore: getItems RPC failed for item com.google.android.ext.shared
04-05 13:24:43.025 23052 23129 E Finsky  : [60] ItemStore: getItems RPC failed for item com.android.internal.display.cutout.emulation.tall
04-05 13:24:43.025 23052 23129 E Finsky  : [60] ItemStore: getItems RPC failed for item com.google.android.cellbroadcastreceiver
04-05 13:24:43.025 23052 23129 E Finsky  : [60] ItemStore: getItems RPC failed for item com.android.stk
04-05 13:24:43.025 23052 23129 E Finsky  : [60] ItemStore: getItems RPC failed for item com.android.internal.display.cutout.emulation.emu01
04-05 13:24:43.026 23052 23129 E Finsky  : [60] ItemStore: getItems RPC failed for item com.google.android.adservices.api
04-05 13:24:43.026 23052 23129 E Finsky  : [60] ItemStore: getItems RPC failed for item com.android.phone.auto_generated_rro_product__
04-05 13:24:43.026 23052 23129 E Finsky  : [60] ItemStore: getItems RPC failed for item com.android.systemui.emulation.pixel_3a_xl
04-05 13:24:43.026 23052 23129 E Finsky  : [60] ItemStore: getItems RPC failed for item com.google.android.glasses.core
04-05 13:24:43.026 23052 23129 E Finsky  : [60] ItemStore: getItems RPC failed for item com.google.android.configupdater
04-05 13:24:43.027 23052 23129 E Finsky  : [60] ItemStore: getItems RPC failed for item com.android.hardware.vibrator
04-05 13:24:43.027 23052 23129 E Finsky  : [60] ItemStore: getItems RPC failed for item com.google.android.overlay.permissioncontroller
04-05 13:24:43.027 23052 23129 E Finsky  : [60] ItemStore: getItems RPC failed for item com.android.emergency
04-05 13:24:43.027 23052 23129 E Finsky  : [60] ItemStore: getItems RPC failed for item com.android.certinstaller
04-05 13:24:43.027 23052 23128 E Finsky  : [59] ItemStore: getItems RPC failed for item com.android.carrierconfig
04-05 13:24:43.027 23052 23129 E Finsky  : [60] ItemStore: getItems RPC failed for item com.android.internal.emulation.pixel_6_pro
04-05 13:24:43.028 23052 23129 E Finsky  : [60] ItemStore: getItems RPC failed for item com.android.systemui.accessibility.accessibilitymenu.auto_generated_rro_product__
04-05 13:24:43.028 23052 23129 E Finsky  : [60] ItemStore: getItems RPC failed for item com.android.internal.display.cutout.emulation.corner
04-05 13:24:43.028 23052 23129 E Finsky  : [60] ItemStore: getItems RPC failed for item com.android.simappdialog
04-05 13:24:43.028 23052 23129 E Finsky  : [60] ItemStore: getItems RPC failed for item com.android.soundpicker
04-05 13:24:43.029 23052 23129 E Finsky  : [60] ItemStore: getItems RPC failed for item com.example.waviapp
04-05 13:24:43.029 23052 23129 E Finsky  : [60] ItemStore: getItems RPC failed for item com.android.backupconfirm
04-05 13:24:43.029 23052 23129 E Finsky  : [60] ItemStore: getItems RPC failed for item com.android.systemui.emulation.pixel_9_pro_xl
04-05 13:24:43.029 23052 23129 E Finsky  : [60] ItemStore: getItems RPC failed for item com.android.systemui.emulation.pixel_8a
04-05 13:24:43.029 23052 23128 E Finsky  : [59] ItemStore: getItems RPC failed for item com.android.systemui.auto_generated_rro_product__
04-05 13:24:43.029 23052 23129 E Finsky  : [60] ItemStore: getItems RPC failed for item com.google.android.partnersetup
04-05 13:24:43.030 23052 23129 E Finsky  : [60] ItemStore: getItems RPC failed for item com.android.location.fused
04-05 13:24:43.030 23052 23129 E Finsky  : [60] ItemStore: getItems RPC failed for item com.google.android.packageinstaller
04-05 13:24:43.030 23052 23129 E Finsky  : [60] ItemStore: getItems RPC failed for item com.android.internal.emulation.pixel_8a
04-05 13:24:43.030 23052 23128 E Finsky  : [59] ItemStore: getItems RPC failed for item com.google.android.apps.pulse
04-05 13:24:43.030 23052 23129 E Finsky  : [60] ItemStore: getItems RPC failed for item com.android.systemui.emulation.pixel_8_pro
04-05 13:24:43.031 23052 23129 E Finsky  : [60] ItemStore: getItems RPC failed for item com.android.internal.systemui.navbar.threebutton
04-05 13:24:43.031 23052 23129 E Finsky  : [60] ItemStore: getItems RPC failed for item com.android.providers.partnerbookmarks
04-05 13:24:43.031 23052 23129 E Finsky  : [60] ItemStore: getItems RPC failed for item com.android.internal.emulation.pixel_4_xl
04-05 13:24:43.032 23052 23129 E Finsky  : [60] ItemStore: getItems RPC failed for item com.google.android.networkstack.tethering
04-05 13:24:43.033 23052 23129 E Finsky  : [60] ItemStore: getItems RPC failed for item com.google.android.appsearch.apk
04-05 13:24:43.033 23052 23129 E Finsky  : [60] ItemStore: getItems RPC failed for item com.android.wallpaper
04-05 13:24:43.033 23052 23129 E Finsky  : [60] ItemStore: getItems RPC failed for item com.android.internal.emulation.pixel_6
04-05 13:24:43.034 23052 23129 E Finsky  : [60] ItemStore: getItems RPC failed for item com.google.android.cellbroadcastservice
04-05 13:24:43.034 23052 23129 E Finsky  : [60] ItemStore: getItems RPC failed for item com.android.dynsystem
04-05 13:24:43.034 23052 23129 E Finsky  : [60] ItemStore: getItems RPC failed for item com.android.nfc
04-05 13:24:43.034 23052 23129 E Finsky  : [60] ItemStore: getItems RPC failed for item com.android.systemui.emulation.pixel_9_pro_fold
04-05 13:24:43.035 23052 23129 E Finsky  : [60] ItemStore: getItems RPC failed for item com.google.android.photopicker
04-05 13:24:43.035 23052 23129 E Finsky  : [60] ItemStore: getItems RPC failed for item com.android.simappdialog.auto_generated_rro_product__
04-05 13:24:43.035 23052 23129 E Finsky  : [60] ItemStore: getItems RPC failed for item com.google.android.wifi.dialog
04-05 13:24:43.035 23052 23129 E Finsky  : [60] ItemStore: getItems RPC failed for item com.android.systemui.emulation.pixel_5
04-05 13:24:43.035 23052 23129 E Finsky  : [60] ItemStore: getItems RPC failed for item com.android.i18n
04-05 13:24:43.035 23052 23129 E Finsky  : [60] ItemStore: getItems RPC failed for item com.android.hardware.neuralnetworks
04-05 13:24:43.036 23052 23129 E Finsky  : [60] ItemStore: getItems RPC failed for item com.google.android.tag
04-05 13:24:43.036 23052 23129 E Finsky  : [60] ItemStore: getItems RPC failed for item com.android.internal.emulation.pixel_9_pro_fold
04-05 13:24:43.036 23052 23129 E Finsky  : [60] ItemStore: getItems RPC failed for item com.google.android.apps.nexuslauncher
04-05 13:24:43.037 23052 23129 E Finsky  : [60] ItemStore: getItems RPC failed for item com.android.DeviceAsWebcam
04-05 13:24:43.037 23052 23129 E Finsky  : [60] ItemStore: getItems RPC failed for item com.google.android.overlay.pixelconfigcommon
04-05 13:24:43.037 23052 23129 E Finsky  : [60] ItemStore: getItems RPC failed for item com.android.systemui.emulation.pixel_7
04-05 13:24:43.037 23052 23129 E Finsky  : [60] ItemStore: getItems RPC failed for item com.android.hardware.authsecret
04-05 13:24:43.037 23052 23129 E Finsky  : [60] ItemStore: getItems RPC failed for item com.android.internal.emulation.pixel_9a
04-05 13:24:43.038 23052 23129 E Finsky  : [60] ItemStore: getItems RPC failed for item com.android.hardware.threadnetwork
04-05 13:24:43.038 23052 23129 E Finsky  : [60] ItemStore: getItems RPC failed for item com.android.internal.emulation.pixel_4
04-05 13:24:43.038 23052 23129 E Finsky  : [60] ItemStore: getItems RPC failed for item android
04-05 13:24:43.038 23052 23129 E Finsky  : [60] ItemStore: getItems RPC failed for item com.android.storagemanager
04-05 13:24:43.039 23052 23129 E Finsky  : [60] ItemStore: getItems RPC failed for item com.android.hardware.cas
04-05 13:24:43.039 23052 23129 E Finsky  : [60] ItemStore: getItems RPC failed for item com.android.devicediagnostics
04-05 13:24:43.039 23052 23129 E Finsky  : [60] ItemStore: getItems RPC failed for item com.android.internal.emulation.pixel_9_pro_xl
04-05 13:24:43.040 23052 23129 E Finsky  : [60] ItemStore: getItems RPC failed for item com.android.companiondevicemanager.auto_generated_characteristics_rro
04-05 13:24:43.040 23052 23129 E Finsky  : [60] ItemStore: getItems RPC failed for item com.android.hardware.rebootescrow
04-05 13:24:43.042 23052 23129 E Finsky  : [60] ItemStore: getItems RPC failed for item android.auto_generated_rro_vendor__
04-05 13:24:43.042 23052 23129 E Finsky  : [60] ItemStore: getItems RPC failed for item com.google.android.glasses.companion
04-05 13:24:43.042 23052 23129 E Finsky  : [60] ItemStore: getItems RPC failed for item com.android.carrierconfig.auto_generated_rro_product__
04-05 13:24:43.043 23052 23129 E Finsky  : [60] ItemStore: getItems RPC failed for item com.android.internal.emulation.pixel_9_pro
04-05 13:24:43.043 23052 23129 E Finsky  : [60] ItemStore: getItems RPC failed for item com.android.systemui.emulation.pixel_10_pro
04-05 13:24:43.043 23052 23129 E Finsky  : [60] ItemStore: getItems RPC failed for item com.android.emulator.radio.config
04-05 13:24:43.044 23052 23129 E Finsky  : [60] ItemStore: getItems RPC failed for item com.android.providers.downloads.ui
04-05 13:24:43.044 23052 23129 E Finsky  : [60] ItemStore: getItems RPC failed for item com.android.proxyhandler
04-05 13:24:43.044 23052 23129 E Finsky  : [60] ItemStore: getItems RPC failed for item com.android.externalstorage
04-05 13:24:43.045 23052 23129 E Finsky  : [60] ItemStore: getItems RPC failed for item com.android.systemui.emulation.pixel_7a
04-05 13:24:43.045 23052 23129 E Finsky  : [60] ItemStore: getItems RPC failed for item com.google.android.sdksandbox
04-05 13:24:43.045 23052 23129 E Finsky  : [60] ItemStore: getItems RPC failed for item com.android.storagemanager.auto_generated_rro_product__
04-05 13:24:43.046 23052 23129 E Finsky  : [60] ItemStore: getItems RPC failed for item com.android.hardware.dumpstate
04-05 13:24:43.046 23052 23129 E Finsky  : [60] ItemStore: getItems RPC failed for item com.android.systemui.emulation.pixel_fold
04-05 13:24:43.046 23052 23129 E Finsky  : [60] ItemStore: getItems RPC failed for item com.android.providers.userdictionary
04-05 13:24:43.047 23052 23129 E Finsky  : [60] ItemStore: getItems RPC failed for item com.android.apex.cts.shim
04-05 13:24:43.047 23052 23129 E Finsky  : [60] ItemStore: getItems RPC failed for item com.android.providers.blockednumber
04-05 13:24:43.047 23052 23129 E Finsky  : [60] ItemStore: getItems RPC failed for item com.android.devicediagnostics.auto_generated_rro_product__
04-05 13:24:43.048 23052 23129 E Finsky  : [60] ItemStore: getItems RPC failed for item com.google.android.providers.media.module
04-05 13:24:43.048 23052 23129 E Finsky  : [60] ItemStore: getItems RPC failed for item com.android.internal.emulation.pixel_7a
04-05 13:24:43.049 23052 23129 E Finsky  : [60] ItemStore: getItems RPC failed for item com.google.android.server.deviceconfig.resources
04-05 13:24:43.049 23052 23129 E Finsky  : [60] ItemStore: getItems RPC failed for item com.android.camera2
04-05 13:24:43.049 23052 23129 E Finsky  : [60] ItemStore: getItems RPC failed for item com.android.hardware.biometrics.fingerprint.virtual
04-05 13:24:43.052 23052 23129 E Finsky  : [60] ItemStore: getItems RPC failed for item com.android.systemui.plugin.globalactions.wallet
04-05 13:24:43.053 23052 23129 E Finsky  : [60] ItemStore: getItems RPC failed for item com.android.pacprocessor
04-05 13:24:43.053 23052 23129 E Finsky  : [60] ItemStore: getItems RPC failed for item com.android.internal.emulation.pixel_10_pro_xl
04-05 13:24:43.053 23052 23129 E Finsky  : [60] ItemStore: getItems RPC failed for item android.auto_generated_rro_product__
04-05 13:24:43.054 23052 23129 E Finsky  : [60] ItemStore: getItems RPC failed for item com.android.bips
04-05 13:24:43.054 23052 23129 E Finsky  : [60] ItemStore: getItems RPC failed for item com.android.systemui.emulation.pixel_3a
04-05 13:24:43.054 23052 23129 E Finsky  : [60] ItemStore: getItems RPC failed for item com.android.egg
04-05 13:24:43.055 23052 23129 E Finsky  : [60] ItemStore: getItems RPC failed for item com.google.android.googlesdksetup
04-05 13:24:43.055 23052 23129 E Finsky  : [60] ItemStore: getItems RPC failed for item com.android.devicelock
04-05 13:24:43.055 23052 23129 E Finsky  : [60] ItemStore: getItems RPC failed for item com.google.android.uwb.resources
04-05 13:24:43.055 23052 23129 E Finsky  : [60] ItemStore: getItems RPC failed for item com.google.android.wifi.resources
04-05 13:24:43.056 23052 23129 E Finsky  : [60] ItemStore: getItems RPC failed for item com.android.carrierconfig.auto_generated_rro_vendor__
04-05 13:24:43.056 23052 23129 E Finsky  : [60] ItemStore: getItems RPC failed for item com.android.cellbroadcastreceiver
04-05 13:24:43.057 23052 23129 E Finsky  : [60] ItemStore: getItems RPC failed for item com.android.server.telecom.auto_generated_rro_product__
04-05 13:24:43.059 23052 23129 E Finsky  : [60] ItemStore: getItems RPC failed for item com.android.vpndialogs
04-05 13:24:43.059 23052 23129 E Finsky  : [60] ItemStore: getItems RPC failed for item com.android.systemui.emulation.pixel_9a
04-05 13:24:43.059 23052 23129 E Finsky  : [60] ItemStore: getItems RPC failed for item com.android.phone.auto_generated_rro_vendor__
04-05 13:24:43.060 23052 23129 E Finsky  : [60] ItemStore: getItems RPC failed for item com.android.bluetoothmidiservice
04-05 13:24:43.060 23052 23129 E Finsky  : [60] ItemStore: getItems RPC failed for item com.android.internal.emulation.pixel_3a_xl
04-05 13:24:43.060 23052 23129 E Finsky  : [60] ItemStore: getItems RPC failed for item com.google.android.federatedcompute
04-05 13:24:43.060 23052 23129 E Finsky  : [60] ItemStore: getItems RPC failed for item com.google.android.connectivity.resources.goldfish.overlay
04-05 13:24:43.062 23052 23129 E Finsky  : [60] ItemStore: getItems RPC failed for item com.android.systemui.emulation.pixel_6_pro
04-05 13:24:43.062 23052 23129 E Finsky  : [60] ItemStore: getItems RPC failed for item com.android.internal.display.cutout.emulation.double
04-05 13:24:43.062 23052 23129 E Finsky  : [60] ItemStore: getItems RPC failed for item com.android.systemui.emulation.pixel_3_xl
04-05 13:24:43.063 23052 23129 E Finsky  : [60] ItemStore: getItems RPC failed for item com.android.internal.systemui.navbar.gestural
04-05 13:24:43.063 23052 23129 E Finsky  : [60] ItemStore: getItems RPC failed for item com.android.internal.emulation.pixel_fold
04-05 13:24:43.063 23052 23129 E Finsky  : [60] ItemStore: getItems RPC failed for item com.android.musicfx
04-05 13:24:43.063 23052 23129 E Finsky  : [60] ItemStore: getItems RPC failed for item com.google.android.overlay.googleconfig
04-05 13:24:43.063 23052 23129 E Finsky  : [60] ItemStore: getItems RPC failed for item com.google.android.widevine.nonupdatable
04-05 13:24:43.064 23052 23129 E Finsky  : [60] ItemStore: getItems RPC failed for item com.android.internal.systemui.navbar.twobutton
04-05 13:24:43.064 23052 23129 E Finsky  : [60] ItemStore: getItems RPC failed for item com.google.android.apps.customization.pixel
04-05 13:24:43.064 23052 23129 E Finsky  : [60] ItemStore: getItems RPC failed for item com.android.inputdevices
04-05 13:24:43.064 23052 23129 E Finsky  : [60] ItemStore: getItems RPC failed for item com.google.android.feedback
04-05 13:24:43.065 23052 23129 E Finsky  : [60] ItemStore: getItems RPC failed for item com.android.cameraextensions
04-05 13:24:43.065 23052 23129 E Finsky  : [60] ItemStore: getItems RPC failed for item com.android.cts.ctsshim
04-05 13:24:43.065 23052 23129 E Finsky  : [60] ItemStore: getItems RPC failed for item com.android.providers.telephony.auto_generated_rro_product__
04-05 13:24:43.067 23052 23129 E Finsky  : [60] ItemStore: getItems RPC failed for item com.google.android.bluetooth
04-05 13:24:43.067 23052 23129 E Finsky  : [60] ItemStore: getItems RPC failed for item com.android.providers.contacts.auto_generated_rro_product__
04-05 13:24:43.068 23052 23129 E Finsky  : [60] ItemStore: getItems RPC failed for item com.google.android.odad
04-05 13:24:43.068 23052 23129 E Finsky  : [60] ItemStore: getItems RPC failed for item com.android.internal.emulation.pixel_3
04-05 13:24:43.069 23052 23129 E Finsky  : [60] ItemStore: getItems RPC failed for item com.android.eyedropper
04-05 13:24:43.069 23052 23129 E Finsky  : [60] ItemStore: getItems RPC failed for item com.google.android.telecomui
04-05 13:24:43.069 23052 23129 E Finsky  : [60] ItemStore: getItems RPC failed for item com.google.android.hotspot2.osulogin
04-05 13:24:43.069 23052 23129 E Finsky  : [60] ItemStore: getItems RPC failed for item com.google.android.networkstack.tethering.emulator
04-05 13:24:43.070 23052 23129 E Finsky  : [60] ItemStore: getItems RPC failed for item com.android.intentresolver
04-05 13:24:43.070 23052 23129 E Finsky  : [60] ItemStore: getItems RPC failed for item com.google.android.webapp.service
04-05 13:24:43.071 23052 23129 E Finsky  : [60] ItemStore: getItems RPC failed for item com.android.vending
04-05 13:24:43.084 23052 23129 E Finsky  : [60] ItemStore: getItems RPC failed for item com.google.android.overlay.googlewebview
04-05 13:24:43.085 23052 23129 E Finsky  : [60] ItemStore: getItems RPC failed for item com.android.hardware.uwb
04-05 13:24:43.085 23052 23127 E Finsky  : [58] ItemStore: getItems RPC failed for item com.google.android.safetycenter.resources
04-05 13:24:43.085 23052 23129 E Finsky  : [60] ItemStore: getItems RPC failed for item com.android.wallpaperbackup
04-05 13:24:43.085 23052 23127 E Finsky  : [58] ItemStore: getItems RPC failed for item com.android.imsserviceentitlement
04-05 13:24:43.085 23052 23129 E Finsky  : [60] ItemStore: getItems RPC failed for item com.android.internal.emulation.pixel_5
04-05 13:24:43.085 23052 23127 E Finsky  : [58] ItemStore: getItems RPC failed for item com.google.android.runtime
04-05 13:24:43.085 23052 23127 E Finsky  : [58] ItemStore: getItems RPC failed for item com.android.mtp
04-05 13:24:43.085 23052 23129 E Finsky  : [60] ItemStore: getItems RPC failed for item com.android.systemui.emulation.pixel_9
04-05 13:24:43.085 23052 23127 E Finsky  : [58] ItemStore: getItems RPC failed for item com.google.android.settings.intelligence
04-05 13:24:43.085 23052 23129 E Finsky  : [60] ItemStore: getItems RPC failed for item com.android.dreams.basic
04-05 13:24:43.086 23052 23127 E Finsky  : [58] ItemStore: getItems RPC failed for item com.android.providers.settings
04-05 13:24:43.086 23052 23129 E Finsky  : [60] ItemStore: getItems RPC failed for item com.android.providers.contactkeys
04-05 13:24:43.086 23052 23127 E Finsky  : [58] ItemStore: getItems RPC failed for item com.android.shell
04-05 13:24:43.086 23052 23129 E Finsky  : [60] ItemStore: getItems RPC failed for item com.android.keychain
04-05 13:24:43.086 23052 23129 E Finsky  : [60] ItemStore: getItems RPC failed for item com.android.internal.systemui.navbar.transparent
04-05 13:24:43.086 23052 23129 E Finsky  : [60] ItemStore: getItems RPC failed for item com.android.sharedstoragebackup
04-05 13:24:43.087 23052 23129 E Finsky  : [60] ItemStore: getItems RPC failed for item com.android.internal.ranchu.commonoverlay
04-05 13:24:43.087 23052 23129 E Finsky  : [60] ItemStore: getItems RPC failed for item com.android.virt
04-05 13:24:43.087 23052 23129 E Finsky  : [60] ItemStore: getItems RPC failed for item com.android.phone
04-05 13:24:43.087 23052 23129 E Finsky  : [60] ItemStore: getItems RPC failed for item com.android.systemui.emulation.pixel_10
04-05 13:24:43.087 23052 23129 E Finsky  : [60] ItemStore: getItems RPC failed for item com.android.internal.emulation.pixel_8
04-05 13:24:43.088 23052 23129 E Finsky  : [60] ItemStore: getItems RPC failed for item com.android.internal.emulation.pixel_7
04-05 13:24:43.093 23052 23128 E Finsky  : [59] ItemStore: getItems RPC failed for item com.android.devicelockcontroller
04-05 13:24:43.094 23052 23129 E Finsky  : [60] ItemStore: getItems RPC failed for item com.android.wallpaper.livepicker
04-05 13:24:43.094 23052 23129 E Finsky  : [60] ItemStore: getItems RPC failed for item com.android.systemui.emulation.pixel_6
04-05 13:24:43.094 23052 23129 E Finsky  : [60] ItemStore: getItems RPC failed for item com.android.mms.service
04-05 13:24:43.094 23052 23128 E Finsky  : [59] ItemStore: getItems RPC failed for item com.android.carrierdefaultapp
04-05 13:24:43.095 23052 23128 E Finsky  : [59] ItemStore: getItems RPC failed for item com.android.bookmarkprovider
04-05 13:24:43.096 23052 23128 E Finsky  : [59] ItemStore: getItems RPC failed for item com.android.providers.telephony
04-05 13:24:43.096 23052 23128 E Finsky  : [59] ItemStore: getItems RPC failed for item com.android.providers.telephony.auto_generated_characteristics_rro
04-05 13:24:43.096 23052 23128 E Finsky  : [59] ItemStore: getItems RPC failed for item com.google.android.markup
04-05 13:24:43.096 23052 23128 E Finsky  : [59] ItemStore: getItems RPC failed for item com.android.ons
04-05 13:24:43.096 23052 23128 E Finsky  : [59] ItemStore: getItems RPC failed for item com.android.virtualmachine.res
04-05 13:24:43.097 23052 23128 E Finsky  : [59] ItemStore: getItems RPC failed for item com.android.emulator.multidisplay
04-05 13:24:43.097 23052 23128 E Finsky  : [59] ItemStore: getItems RPC failed for item com.android.internal.emulation.pixel_10
04-05 13:24:43.097 23052 23128 E Finsky  : [59] ItemStore: getItems RPC failed for item com.google.android.connectivity.resources
04-05 13:24:43.097 23052 23128 E Finsky  : [59] ItemStore: getItems RPC failed for item com.android.systemui.emulation.pixel_8
04-05 13:24:43.098 23052 23128 E Finsky  : [59] ItemStore: getItems RPC failed for item com.android.calllogbackup
04-05 13:24:43.098 23052 23128 E Finsky  : [59] ItemStore: getItems RPC failed for item com.android.hardware.thermal
04-05 13:24:43.098 23052 23128 E Finsky  : [59] ItemStore: getItems RPC failed for item com.android.traceur
04-05 13:24:43.098 23052 23128 E Finsky  : [59] ItemStore: getItems RPC failed for item com.google.android.marvin.talkbackoverlay
04-05 13:24:43.099 23052 23128 E Finsky  : [59] ItemStore: getItems RPC failed for item com.android.systemui.emulation.pixel_10_pro_fold
04-05 13:24:43.099 23052 23128 E Finsky  : [59] ItemStore: getItems RPC failed for item com.android.hardware.power
04-05 13:24:43.099 23052 23128 E Finsky  : [59] ItemStore: getItems RPC failed for item com.android.internal.emulation.pixel_3_xl
04-05 13:24:43.099 23052 23128 E Finsky  : [59] ItemStore: getItems RPC failed for item com.android.role.notes.enabled
04-05 13:24:43.100 23052 23128 E Finsky  : [59] ItemStore: getItems RPC failed for item com.android.hardware.contexthub
04-05 13:24:43.100 23052 23128 E Finsky  : [59] ItemStore: getItems RPC failed for item com.android.npumanager
04-05 13:24:43.100 23052 23128 E Finsky  : [59] ItemStore: getItems RPC failed for item com.android.systemui.emulation.pixel_10_pro_xl
04-05 13:24:43.100 23052 23128 E Finsky  : [59] ItemStore: getItems RPC failed for item com.android.managedprovisioning
04-05 13:24:43.101 23052 23128 E Finsky  : [59] ItemStore: getItems RPC failed for item com.android.internal.emulation.pixel_4a
04-05 13:24:43.101 23052 23128 E Finsky  : [59] ItemStore: getItems RPC failed for item com.google.android.healthconnect.controller
04-05 13:24:43.101 23052 23128 E Finsky  : [59] ItemStore: getItems RPC failed for item com.android.systemui.emulation.pixel_7_pro
04-05 13:24:43.101 23052 23128 E Finsky  : [59] ItemStore: getItems RPC failed for item com.android.internal.emulation.pixel_3a
04-05 13:24:43.101 23052 23128 E Finsky  : [59] ItemStore: getItems RPC failed for item com.android.internal.emulation.pixel_7_pro
04-05 13:24:43.101 23052 23128 E Finsky  : [59] ItemStore: getItems RPC failed for item com.android.bips.auto_generated_rro_product__
04-05 13:24:43.102 23052 23128 E Finsky  : [59] ItemStore: getItems RPC failed for item com.google.android.nfc
04-05 13:24:43.102 23052 23128 E Finsky  : [59] ItemStore: getItems RPC failed for item com.android.se
04-05 13:24:43.102 23052 23128 E Finsky  : [59] ItemStore: getItems RPC failed for item com.android.printspooler
04-05 13:24:43.117 23052 23129 E Finsky  : [60] ItemStore: getItems RPC failed for item com.android.htmlviewer
04-05 13:24:43.118 23052 23127 E Finsky  : [58] ItemStore: getItems RPC failed for item com.android.internal.display.cutout.emulation.waterfall
04-05 13:24:43.119 23052 23127 E Finsky  : [58] ItemStore: getItems RPC failed for item com.google.android.soundpicker
04-05 13:24:43.119 23052 23129 E Finsky  : [60] ItemStore: getItems RPC failed for item com.android.appsearch.aiseal.config
04-05 13:24:43.119 23052 23127 E Finsky  : [58] ItemStore: getItems RPC failed for item com.android.internal.emulation.pixel_10_pro
04-05 13:24:43.119 23052 23129 E Finsky  : [60] ItemStore: getItems RPC failed for item com.android.theme.font.notoserifsource
04-05 13:24:43.119 23052 23127 E Finsky  : [58] ItemStore: getItems RPC failed for item com.google.android.printservice.recommendation
04-05 13:24:43.119 23052 23129 E Finsky  : [60] ItemStore: getItems RPC failed for item com.google.android.overlay.largescreensettingsprovider
04-05 13:24:43.119 23052 23127 E Finsky  : [58] ItemStore: getItems RPC failed for item com.android.settings
04-05 13:24:43.119 23052 23129 E Finsky  : [60] ItemStore: getItems RPC failed for item com.android.server.telecom
04-05 13:24:43.119 23052 23127 E Finsky  : [58] ItemStore: getItems RPC failed for item com.android.traceur.auto_generated_rro_product__
04-05 13:24:43.119 23052 23129 E Finsky  : [60] ItemStore: getItems RPC failed for item com.android.providers.downloads
04-05 13:24:43.119 23052 23129 E Finsky  : [60] ItemStore: getItems RPC failed for item com.google.android.health.connect.backuprestore
04-05 13:24:43.119 23052 23127 E Finsky  : [58] ItemStore: getItems RPC failed for item com.android.systemui
04-05 13:24:43.120 23052 23127 E Finsky  : [58] ItemStore: getItems RPC failed for item com.android.systemui.emulation.pixel_4
04-05 13:24:43.120 23052 23129 E Finsky  : [60] ItemStore: getItems RPC failed for item com.android.systemui.emulation.pixel_6a
04-05 13:24:43.120 23052 23127 E Finsky  : [58] ItemStore: getItems RPC failed for item com.android.internal.emulation.pixel_9
04-05 13:24:43.120 23052 23129 E Finsky  : [60] ItemStore: getItems RPC failed for item com.android.systemui.auto_generated_rro_vendor__
04-05 13:24:43.126 23052 23129 E Finsky  : [60] ItemStore: getItems RPC failed for item com.android.credentialmanager
04-05 13:24:43.126 23052 23129 E Finsky  : [60] ItemStore: getItems RPC failed for item com.android.phone.auto_generated_characteristics_rro
04-05 13:24:43.126 23052 23129 E Finsky  : [60] ItemStore: getItems RPC failed for item com.android.systemui.emulation.pixel_4_xl
04-05 13:24:43.126 23052 23129 E Finsky  : [60] ItemStore: getItems RPC failed for item com.google.android.gsf
04-05 13:24:43.126 23052 23129 E Finsky  : [60] ItemStore: getItems RPC failed for item com.android.systemui.emulation.pixel_9_pro
04-05 13:24:43.126 23052 23129 E Finsky  : [60] ItemStore: getItems RPC failed for item com.android.internal.display.cutout.emulation.hole
04-05 13:24:43.127 23052 23129 E Finsky  : [60] ItemStore: getItems RPC failed for item com.android.contactspicker
04-05 13:24:43.127 23052 23129 E Finsky  : [60] ItemStore: getItems RPC failed for item com.android.settings.auto_generated_rro_product__
04-05 13:24:43.128 23052 23129 E Finsky  : [60] ItemStore: getItems RPC failed for item com.android.localtransport
04-05 13:24:43.129 23052 23129 E Finsky  : [60] ItemStore: getItems RPC failed for item com.android.internal.emulation.pixel_10_pro_fold
04-05 13:24:43.129 23052 23129 E Finsky  : [60] ItemStore: getItems RPC failed for item com.google.android.overlay.largescreenconfig
04-05 13:24:43.130 23052 23129 E Finsky  : [60] ItemStore: getItems RPC failed for item com.android.providers.settings.auto_generated_rro_product__
04-05 13:24:43.130 23052 23129 E Finsky  : [60] ItemStore: getItems RPC failed for item com.android.systemui.accessibility.accessibilitymenu
04-05 13:24:43.130 23052 23129 E Finsky  : [60] ItemStore: getItems RPC failed for item com.android.providers.contacts
04-05 13:24:43.131 23052 23129 E Finsky  : [60] ItemStore: getItems RPC failed for item com.google.android.avatarpicker
04-05 13:24:43.137 23052 23128 E Finsky  : [59] ItemStore: getItems RPC failed for item com.google.android.telephony.satellite
04-05 13:24:43.137 23052 23128 E Finsky  : [59] ItemStore: getItems RPC failed for item com.android.wallpapercropper
04-05 13:24:43.137 23052 23128 E Finsky  : [59] ItemStore: getItems RPC failed for item com.android.internal.emulation.pixel_8_pro
04-05 13:24:43.138 23052 23128 E Finsky  : [59] ItemStore: getItems RPC failed for item android.auto_generated_characteristics_rro
04-05 13:24:43.145 23052 23129 E Finsky  : [60] ItemStore: getItems RPC failed for item com.google.android.uwb.resources.goldfish.overlay
04-05 13:24:43.148 23052 23127 E Finsky  : [58] ItemStore: getItems RPC failed for item com.google.android.gmssystem
04-05 13:24:45.320   309   324 E keystore2: system/security/keystore2/src/error.rs:69 - system/security/keystore2/src/security_level.rs:790
04-05 13:24:45.320   309   324 E keystore2: 
04-05 13:24:45.320   309   324 E keystore2: Caused by:
04-05 13:24:45.320   309   324 E keystore2:     0: system/security/keystore2/src/security_level.rs:750: While generating Key Some("keystoreAlias") with remote provisioned attestation key and params: [KeyParameter { tag: r#KEY_SIZE, value: Integer(256) }, KeyParameter { tag: r#ALGORITHM, value: Algorithm(r#EC) }, KeyParameter { tag: r#EC_CURVE, value: EcCurve(r#P_256) }, KeyParameter { tag: r#PURPOSE, value: KeyPurpose(r#SIGN) }, KeyParameter { tag: r#PURPOSE, value: KeyPurpose(r#VERIFY) }, KeyParameter { tag: r#DIGEST, value: Digest(r#SHA_2_256) }, KeyParameter { tag: r#NO_AUTH_REQUIRED, value: BoolValue(true) }, KeyParameter { tag: r#CERTIFICATE_NOT_AFTER, value: DateTime(2461449600000) }, KeyParameter { tag: r#CERTIFICATE_NOT_BEFORE, value: DateTime(0) }, KeyParameter { tag: r#CERTIFICATE_SERIAL, value: Blob([1]) }, KeyParameter { tag: r#CERTIFICATE_SUBJECT, value: Blob([48, 31, 49, 29, 48, 27, 6, 3, 85, 4, 3, 19, 20, 65, 110, 100, 114, 111, 105, 100, 32, 75, 101, 121, 115, 116, 111, 114, 101, 32, 75, 101, 121]) }, KeyParameter { tag: r#ATTESTATION_CHALLENGE, value: Blob([99, 104, 97, 108, 108, 101, 110, 103, 101]) }, KeyParameter { tag: r#ATTESTATION_ID_BRAND, value: Blob([103, 111, 111, 103, 108, 101]) }, KeyParameter { tag: r#ATTESTATION_ID_DEVICE, value: Blob([101, 109, 117, 54, 52, 120, 97, 49, 54, 107]) }, KeyParameter { tag: r#ATTESTATION_ID_PRODUCT, value: Blob([115, 100, 107, 95, 103, 112, 104, 111, 110, 101, 49, 54, 107, 95, 120, 56, 54, 95, 54, 52]) }, KeyParameter { tag: r#ATTESTATION_ID_MANUFACTURER, value: Blob([71, 111, 111, 103, 108, 101]) }, KeyParameter { tag: r#ATTESTATION_ID_MODEL, value: Blob([115, 100, 107, 95, 103, 112, 104, 111, 110, 101, 49, 54, 107, 95, 120, 56, 54, 95, 54, 52]) }, KeyParameter { tag: r#CREATION_DATETIME, value: DateTime(1775370285254) }, KeyParameter { tag: r#ATTESTATION_APPLICATION_ID, value: Blob([48, 67, 49, 29, 48, 27, 4, 19, 99, 111, 109, 46, 97, 110, 100, 114, 111, 105, 100, 46, 118, 101, 110, 100, 105, 110, 103, 2, 4, 5, 17, 51, 82, 49, 34, 4, 32, 25, 117, 178, 241, 113, 119, 188, 137, 165, 223, 243, 31, 158, 100, 166, 202, 226, 129, 165, 61, 193, 209, 213, 155, 29, 20, 127, 225, 200, 42, 250, 0]) }].
04-05 13:24:45.320   309   324 E keystore2:     1: system/security/keystore2/src/security_level.rs:1077: upgrade_rkpd_keyblob_if_required_with(params=[])
04-05 13:24:45.320   309   324 E keystore2:     2: system/security/keystore2/src/utils.rs:499: Calling km_op.
04-05 13:24:45.320   309   324 E keystore2:     3: Error::Km(r#CANNOT_ATTEST_IDS) for AppUid(10154)
04-05 13:24:45.445   309   324 E keystore2: system/security/keystore2/src/error.rs:69 - system/security/keystore2/src/security_level.rs:790
04-05 13:24:45.445   309   324 E keystore2: 
04-05 13:24:45.445   309   324 E keystore2: Caused by:
04-05 13:24:45.445   309   324 E keystore2:     0: system/security/keystore2/src/security_level.rs:750: While generating Key Some("keystoreAlias") with remote provisioned attestation key and params: [KeyParameter { tag: r#KEY_SIZE, value: Integer(256) }, KeyParameter { tag: r#ALGORITHM, value: Algorithm(r#EC) }, KeyParameter { tag: r#EC_CURVE, value: EcCurve(r#P_256) }, KeyParameter { tag: r#PURPOSE, value: KeyPurpose(r#SIGN) }, KeyParameter { tag: r#PURPOSE, value: KeyPurpose(r#VERIFY) }, KeyParameter { tag: r#DIGEST, value: Digest(r#SHA_2_256) }, KeyParameter { tag: r#NO_AUTH_REQUIRED, value: BoolValue(true) }, KeyParameter { tag: r#CERTIFICATE_NOT_AFTER, value: DateTime(2461449600000) }, KeyParameter { tag: r#CERTIFICATE_NOT_BEFORE, value: DateTime(0) }, KeyParameter { tag: r#CERTIFICATE_SERIAL, value: Blob([1]) }, KeyParameter { tag: r#CERTIFICATE_SUBJECT, value: Blob([48, 31, 49, 29, 48, 27, 6, 3, 85, 4, 3, 19, 20, 65, 110, 100, 114, 111, 105, 100, 32, 75, 101, 121, 115, 116, 111, 114, 101, 32, 75, 101, 121]) }, KeyParameter { tag: r#ATTESTATION_CHALLENGE, value: Blob([99, 104, 97, 108, 108, 101, 110, 103, 101]) }, KeyParameter { tag: r#ATTESTATION_ID_BRAND, value: Blob([103, 111, 111, 103, 108, 101]) }, KeyParameter { tag: r#ATTESTATION_ID_DEVICE, value: Blob([101, 109, 117, 54, 52, 120, 97, 49, 54, 107]) }, KeyParameter { tag: r#ATTESTATION_ID_PRODUCT, value: Blob([115, 100, 107, 95, 103, 112, 104, 111, 110, 101, 49, 54, 107, 95, 120, 56, 54, 95, 54, 52]) }, KeyParameter { tag: r#ATTESTATION_ID_MANUFACTURER, value: Blob([71, 111, 111, 103, 108, 101]) }, KeyParameter { tag: r#ATTESTATION_ID_MODEL, value: Blob([115, 100, 107, 95, 103, 112, 104, 111, 110, 101, 49, 54, 107, 95, 120, 56, 54, 95, 54, 52]) }, KeyParameter { tag: r#CREATION_DATETIME, value: DateTime(1775370285439) }, KeyParameter { tag: r#ATTESTATION_APPLICATION_ID, value: Blob([48, 67, 49, 29, 48, 27, 4, 19, 99, 111, 109, 46, 97, 110, 100, 114, 111, 105, 100, 46, 118, 101, 110, 100, 105, 110, 103, 2, 4, 5, 17, 51, 82, 49, 34, 4, 32, 25, 117, 178, 241, 113, 119, 188, 137, 165, 223, 243, 31, 158, 100, 166, 202, 226, 129, 165, 61, 193, 209, 213, 155, 29, 20, 127, 225, 200, 42, 250, 0]) }].
04-05 13:24:45.445   309   324 E keystore2:     1: system/security/keystore2/src/security_level.rs:1077: upgrade_rkpd_keyblob_if_required_with(params=[])
04-05 13:24:45.445   309   324 E keystore2:     2: system/security/keystore2/src/utils.rs:499: Calling km_op.
04-05 13:24:45.445   309   324 E keystore2:     3: Error::Km(r#CANNOT_ATTEST_IDS) for AppUid(10154)
04-05 13:24:45.522   309   324 E keystore2: system/security/keystore2/src/error.rs:69 - system/security/keystore2/src/security_level.rs:790
04-05 13:24:45.522   309   324 E keystore2: 
04-05 13:24:45.522   309   324 E keystore2: Caused by:
04-05 13:24:45.522   309   324 E keystore2:     0: system/security/keystore2/src/security_level.rs:750: While generating Key Some("keystoreAlias") with remote provisioned attestation key and params: [KeyParameter { tag: r#KEY_SIZE, value: Integer(256) }, KeyParameter { tag: r#ALGORITHM, value: Algorithm(r#EC) }, KeyParameter { tag: r#EC_CURVE, value: EcCurve(r#P_256) }, KeyParameter { tag: r#PURPOSE, value: KeyPurpose(r#SIGN) }, KeyParameter { tag: r#PURPOSE, value: KeyPurpose(r#VERIFY) }, KeyParameter { tag: r#DIGEST, value: Digest(r#SHA_2_256) }, KeyParameter { tag: r#NO_AUTH_REQUIRED, value: BoolValue(true) }, KeyParameter { tag: r#CERTIFICATE_NOT_AFTER, value: DateTime(2461449600000) }, KeyParameter { tag: r#CERTIFICATE_NOT_BEFORE, value: DateTime(0) }, KeyParameter { tag: r#CERTIFICATE_SERIAL, value: Blob([1]) }, KeyParameter { tag: r#CERTIFICATE_SUBJECT, value: Blob([48, 31, 49, 29, 48, 27, 6, 3, 85, 4, 3, 19, 20, 65, 110, 100, 114, 111, 105, 100, 32, 75, 101, 121, 115, 116, 111, 114, 101, 32, 75, 101, 121]) }, KeyParameter { tag: r#ATTESTATION_CHALLENGE, value: Blob([99, 104, 97, 108, 108, 101, 110, 103, 101]) }, KeyParameter { tag: r#ATTESTATION_ID_BRAND, value: Blob([103, 111, 111, 103, 108, 101]) }, KeyParameter { tag: r#ATTESTATION_ID_DEVICE, value: Blob([101, 109, 117, 54, 52, 120, 97, 49, 54, 107]) }, KeyParameter { tag: r#ATTESTATION_ID_PRODUCT, value: Blob([115, 100, 107, 95, 103, 112, 104, 111, 110, 101, 49, 54, 107, 95, 120, 56, 54, 95, 54, 52]) }, KeyParameter { tag: r#ATTESTATION_ID_MANUFACTURER, value: Blob([71, 111, 111, 103, 108, 101]) }, KeyParameter { tag: r#ATTESTATION_ID_MODEL, value: Blob([115, 100, 107, 95, 103, 112, 104, 111, 110, 101, 49, 54, 107, 95, 120, 56, 54, 95, 54, 52]) }, KeyParameter { tag: r#CREATION_DATETIME, value: DateTime(1775370285515) }, KeyParameter { tag: r#ATTESTATION_APPLICATION_ID, value: Blob([48, 67, 49, 29, 48, 27, 4, 19, 99, 111, 109, 46, 97, 110, 100, 114, 111, 105, 100, 46, 118, 101, 110, 100, 105, 110, 103, 2, 4, 5, 17, 51, 82, 49, 34, 4, 32, 25, 117, 178, 241, 113, 119, 188, 137, 165, 223, 243, 31, 158, 100, 166, 202, 226, 129, 165, 61, 193, 209, 213, 155, 29, 20, 127, 225, 200, 42, 250, 0]) }].
04-05 13:24:45.522   309   324 E keystore2:     1: system/security/keystore2/src/security_level.rs:1077: upgrade_rkpd_keyblob_if_required_with(params=[])
04-05 13:24:45.522   309   324 E keystore2:     2: system/security/keystore2/src/utils.rs:499: Calling km_op.
04-05 13:24:45.522   309   324 E keystore2:     3: Error::Km(r#CANNOT_ATTEST_IDS) for AppUid(10154)
04-05 13:24:47.697 23052 23128 E Finsky  : [59] AU2: RequireGearheadProjectionOff is missing.
04-05 13:24:47.697 23052 23128 E Finsky  : [59] AU2: RequiredVehicleState is missing.
04-05 13:24:47.697 23052 23128 E Finsky  : [59] AU2: RequiredInteractivityState is missing.
04-05 13:24:47.697 23052 23128 E Finsky  : [59] AU2: RequiredBatteryLevel is missing.
04-05 13:24:47.697 23052 23128 E Finsky  : [59] AU2: RequireGearheadProjectionOff is missing.
04-05 13:24:47.697 23052 23128 E Finsky  : [59] AU2: RequiredVehicleState is missing.
04-05 13:24:47.697 23052 23128 E Finsky  : [59] AU2: RequiredBatteryLevel is missing.
04-05 13:24:48.592 23052 23127 E Finsky  : [58] [Counters] attempted to use a non-positive increment for: 4752
04-05 13:24:48.641 23052 23127 E Finsky  : [58] [Counters] attempted to use a non-positive increment for: 4753
04-05 13:24:49.325 23052 23129 E Finsky  : [60] ItemStore: getItems RPC failed for item com.android.vending
04-05 13:24:50.203   647  1256 E RoleControllerServiceImpl: Default/fallback role holder package doesn't qualify for the role, package: com.google.android.gms.supervision, role: android.app.role.SYSTEM_SUPERVISION, user: 0
04-05 13:24:50.230   647  1256 E RoleControllerServiceImpl: Default/fallback role holder package doesn't qualify for the role, package: com.google.android.gms, role: android.app.role.SYSTEM_DEPENDENCY_INSTALLER, user: 0
04-05 13:24:50.244   647  1087 E system_server: No package ID 7f found for resource ID 0x7f0804c9.
04-05 13:24:50.270   647  1087 E system_server: No package ID 7f found for resource ID 0x7f140bea.
04-05 13:24:50.273  1300  1300 E SmsApplication: com.google.android.apps.messaging lost android:read_cell_broadcasts:  (fixing)
04-05 13:24:50.334   647  1256 E RoleControllerServiceImpl: Default/fallback role holder package doesn't qualify for the role, package: com.google.android.gms, role: android.app.role.WALLET, user: 0
04-05 13:24:50.406  1300  1626 E SmsApplication: com.google.android.apps.messaging lost android:read_cell_broadcasts:  (fixing)
04-05 13:24:50.413 23200 23270 E Finsky:background: [52] ISBGC: Received notify listeners error: package=com.android.vending.
04-05 13:24:50.413 23200 23270 E Finsky:background: io.grpc.StatusRuntimeException: UNAVAILABLE: Peer process crashed, exited or was killed (binderDied)
04-05 13:24:50.413 23200 23270 E Finsky:background: 	at bxki.eJ(PG:15)
04-05 13:24:50.413 23200 23270 E Finsky:background: 	at bwyr.h(PG:1)
04-05 13:24:50.413 23200 23270 E Finsky:background: 	at bwyo.a(PG:28)
04-05 13:24:50.413 23200 23270 E Finsky:background: 	at bwzf.run(PG:7)
04-05 13:24:50.413 23200 23270 E Finsky:background: 	at bxez.run(PG:12)
04-05 13:24:50.413 23200 23270 E Finsky:background: 	at java.util.concurrent.ThreadPoolExecutor.runWorker(ThreadPoolExecutor.java:1100)
04-05 13:24:50.413 23200 23270 E Finsky:background: 	at java.util.concurrent.ThreadPoolExecutor$Worker.run(ThreadPoolExecutor.java:624)
04-05 13:24:50.413 23200 23270 E Finsky:background: 	at trm.run(PG:613)
04-05 13:24:50.413 23200 23270 E Finsky:background: 	at java.lang.Thread.run(Thread.java:1572)
04-05 13:24:50.476   647   647 E libbinder.IPCThreadState: Binder transaction failure. id: 762430, cmd: BR_DEAD_REPLY (29189), error: -22 (Invalid argument)
04-05 13:24:50.481   647   795 E InputDispatcher: channel 'stylus-handwriting-event-receiver-0' ~ Channel is unrecoverably broken and will be disposed!
04-05 13:24:51.318 20852 20971 E UsageReportingOptionsSt: INTERNAL_ERROR: setOptInOption should not be called while user is locked. [CONTEXT service_id=41 ]
04-05 13:24:53.913 23577 23577 E LibraryModuleRegistry: LibraryModuleRegistry.register():48 Module mobilebert_classifier_android_jni has already been registered to integrated_shared_object
04-05 13:24:54.116 23577 23602 E EmojiSlicingStrategy: EmojiSlicingStrategy.getSlices():88 getSlices() : Received null or empty userEnabledLocales.
04-05 13:24:54.118 23577 23602 E EmojiSlicingStrategy: EmojiSlicingStrategy.getSlices():88 getSlices() : Received null or empty userEnabledLocales.
04-05 13:24:54.172 23577 23577 E GoogleInputMethodService: GoogleInputMethodService.getAppEditorInfo():1891 App EditorInfo should never be null.
04-05 13:24:54.233   647  1038 E Nl80211Native: getChannelsMhzForBand: Wiphy index not recorded for band 8
04-05 13:24:54.233   647  1038 E Nl80211Native: getChannelsMhzForBand: Wiphy index not recorded for band 16
04-05 13:24:54.359   647   795 E InputDispatcher: channel '[Gesture Monitor] minus-one' ~ Channel is unrecoverably broken and will be disposed!
04-05 13:24:54.362   647   795 E InputDispatcher: channel '[Gesture Monitor] swipe-up' ~ Channel is unrecoverably broken and will be disposed!
04-05 13:24:54.364   647   795 E InputDispatcher: channel '2c25e25 Taskbar' ~ Channel is unrecoverably broken and will be disposed!
04-05 13:24:54.373   647   795 E libbinder.IPCThreadState: Binder transaction failure. id: 764253, cmd: BR_DEAD_REPLY (29189), error: -3 (No such process)
04-05 13:24:54.411  1135  1135 E LauncherProxyService: Failed to call onSystemBarAttributesChanged()
04-05 13:24:54.411  1135  1135 E LauncherProxyService: android.os.DeadObjectException
04-05 13:24:54.411  1135  1135 E LauncherProxyService: 	at android.os.BinderProxy.transactNative(Native Method)
04-05 13:24:54.411  1135  1135 E LauncherProxyService: 	at android.os.BinderProxy.transact(BinderProxy.java:617)
04-05 13:24:54.411  1135  1135 E LauncherProxyService: 	at com.android.systemui.navigationbar.TaskbarDelegate.onSystemBarAttributesChanged(go/retraceme 2b9555e93469c570fe1eba6e00ba55c641998f0b05ea4e8d6000e443e74ca7fc:36)
04-05 13:24:54.411  1135  1135 E LauncherProxyService: 	at com.android.systemui.statusbar.CommandQueue$H.handleMessage(go/retraceme 2b9555e93469c570fe1eba6e00ba55c641998f0b05ea4e8d6000e443e74ca7fc:2670)
04-05 13:24:54.411  1135  1135 E LauncherProxyService: 	at android.os.Handler.dispatchMessageImpl(Handler.java:142)
04-05 13:24:54.411  1135  1135 E LauncherProxyService: 	at android.os.Handler.dispatchMessage(Handler.java:125)
04-05 13:24:54.411  1135  1135 E LauncherProxyService: 	at android.os.Looper.loopOnce(Looper.java:292)
04-05 13:24:54.411  1135  1135 E LauncherProxyService: 	at android.os.Looper.loop(Looper.java:393)
04-05 13:24:54.411  1135  1135 E LauncherProxyService: 	at android.app.ActivityThread.main(ActivityThread.java:9486)
04-05 13:24:54.411  1135  1135 E LauncherProxyService: 	at java.lang.reflect.Method.invoke(Native Method)
04-05 13:24:54.411  1135  1135 E LauncherProxyService: 	at com.android.internal.os.RuntimeInit$MethodAndArgsCaller.run(RuntimeInit.java:575)
04-05 13:24:54.411  1135  1135 E LauncherProxyService: 	at com.android.internal.os.ZygoteInit.main(ZygoteInit.java:939)
04-05 13:24:54.420   647  2111 E TransitionChain: Can't collect into a chain with no transition
04-05 13:24:54.420   647  2111 E TransitionChain: Can't collect into a chain with no transition
04-05 13:24:54.430  1135  1204 E SingleInstanceRemoteListener: Failed remote call on null listener
04-05 13:24:54.496   511   511 E BpTransactionCompletedListener: Failed to transact (-32)
04-05 13:24:54.536   647   683 E PackageManager: Optimistic bind failed.
04-05 13:24:54.536   647   683 E PackageManager: java.util.concurrent.TimeoutException: [Optimistic Bind] Didn't bind to resolver in time!
04-05 13:24:54.536   647   683 E PackageManager: 	at com.android.server.pm.InstantAppResolverConnection.waitForBindLocked(InstantAppResolverConnection.java:160)
04-05 13:24:54.536   647   683 E PackageManager: 	at com.android.server.pm.InstantAppResolverConnection.bind(InstantAppResolverConnection.java:230)
04-05 13:24:54.536   647   683 E PackageManager: 	at com.android.server.pm.InstantAppResolverConnection.lambda$optimisticBind$0(InstantAppResolverConnection.java:260)
04-05 13:24:54.536   647   683 E PackageManager: 	at com.android.server.pm.InstantAppResolverConnection.$r8$lambda$66W2s2mMKe4pk_xXCScH9RCqav8(InstantAppResolverConnection.java:0)
04-05 13:24:54.536   647   683 E PackageManager: 	at com.android.server.pm.InstantAppResolverConnection$$ExternalSyntheticLambda0.run(R8$$SyntheticClass:0)
04-05 13:24:54.536   647   683 E PackageManager: 	at android.os.Handler.handleCallback(Handler.java:1095)
04-05 13:24:54.536   647   683 E PackageManager: 	at android.os.Handler.dispatchMessageImpl(Handler.java:135)
04-05 13:24:54.536   647   683 E PackageManager: 	at android.os.Handler.dispatchMessage(Handler.java:125)
04-05 13:24:54.536   647   683 E PackageManager: 	at android.os.Looper.loopOnce(Looper.java:292)
04-05 13:24:54.536   647   683 E PackageManager: 	at android.os.Looper.loop(Looper.java:393)
04-05 13:24:54.536   647   683 E PackageManager: 	at android.os.HandlerThread.run(HandlerThread.java:139)
04-05 13:24:54.752 23577 23598 E HandwritingSuperpacksUtil: HandwritingSuperpacksUtil.getPackMappingPackName():42 No pack mapping pack found in []
04-05 13:24:55.147 23577 23577 E AbstractOpenableExtension: AbstractOpenableExtension$1.onFailure():144 failed to parse keyboard group def : 2132213998 -> 0_resource_name_obfuscated. 
04-05 13:24:55.147 23577 23577 E AbstractOpenableExtension: java.util.concurrent.CancellationException: Task was cancelled.
04-05 13:24:55.147 23577 23577 E AbstractOpenableExtension: 	at ufk.i(PG:33)
04-05 13:24:55.147 23577 23577 E AbstractOpenableExtension: 	at ufs.r(PG:24)
04-05 13:24:55.147 23577 23577 E AbstractOpenableExtension: 	at ufk.get(PG:1)
04-05 13:24:55.147 23577 23577 E AbstractOpenableExtension: 	at a.n(PG:2)
04-05 13:24:55.147 23577 23577 E AbstractOpenableExtension: 	at uhk.run(PG:92)
04-05 13:24:55.147 23577 23577 E AbstractOpenableExtension: 	at ugs.execute(PG:1)
04-05 13:24:55.147 23577 23577 E AbstractOpenableExtension: 	at ufk.g(PG:1)
04-05 13:24:55.147 23577 23577 E AbstractOpenableExtension: 	at ufk.l(PG:101)
04-05 13:24:55.147 23577 23577 E AbstractOpenableExtension: 	at ufk.cancel(PG:52)
04-05 13:24:55.147 23577 23577 E AbstractOpenableExtension: 	at ufk.n(PG:17)
04-05 13:24:55.147 23577 23577 E AbstractOpenableExtension: 	at ufw.c(PG:3)
04-05 13:24:55.147 23577 23577 E AbstractOpenableExtension: 	at ufk.l(PG:30)
04-05 13:24:55.147 23577 23577 E AbstractOpenableExtension: 	at ufk.cancel(PG:52)
04-05 13:24:55.147 23577 23577 E AbstractOpenableExtension: 	at fsm.e(PG:64)
04-05 13:24:55.147 23577 23577 E AbstractOpenableExtension: 	at fsm.N(PG:4)
04-05 13:24:55.147 23577 23577 E AbstractOpenableExtension: 	at fsm.O(PG:1)
04-05 13:24:55.147 23577 23577 E AbstractOpenableExtension: 	at may.h(PG:33)
04-05 13:24:55.147 23577 23577 E AbstractOpenableExtension: 	at mwe.ag(PG:20)
04-05 13:24:55.147 23577 23577 E AbstractOpenableExtension: 	at ead.o(PG:247)
04-05 13:24:55.147 23577 23577 E AbstractOpenableExtension: 	at mvz.e(PG:3)
04-05 13:24:55.147 23577 23577 E AbstractOpenableExtension: 	at mtj.dx(PG:9)
04-05 13:24:55.147 23577 23577 E AbstractOpenableExtension: 	at nsh.run(PG:198)
04-05 13:24:55.147 23577 23577 E AbstractOpenableExtension: 	at ugs.execute(PG:1)
04-05 13:24:55.147 23577 23577 E AbstractOpenableExtension: 	at onf.c(PG:14)
04-05 13:24:55.147 23577 23577 E AbstractOpenableExtension: 	at nzd.l(PG:94)
04-05 13:24:55.147 23577 23577 E AbstractOpenableExtension: 	at nzd.j(PG:33)
04-05 13:24:55.147 23577 23577 E AbstractOpenableExtension: 	at oyp.b(PG:154)
04-05 13:24:55.147 23577 23577 E AbstractOpenableExtension: 	at uhk.run(PG:98)
04-05 13:24:55.147 23577 23577 E AbstractOpenableExtension: 	at android.os.Handler.handleCallback(Handler.java:1095)
04-05 13:24:55.147 23577 23577 E AbstractOpenableExtension: 	at android.os.Handler.dispatchMessageImpl(Handler.java:135)
04-05 13:24:55.147 23577 23577 E AbstractOpenableExtension: 	at android.os.Handler.dispatchMessage(Handler.java:125)
04-05 13:24:55.147 23577 23577 E AbstractOpenableExtension: 	at android.os.Looper.loopOnce(Looper.java:292)
04-05 13:24:55.147 23577 23577 E AbstractOpenableExtension: 	at android.os.Looper.loop(Looper.java:393)
04-05 13:24:55.147 23577 23577 E AbstractOpenableExtension: 	at android.app.ActivityThread.main(ActivityThread.java:9486)
04-05 13:24:55.147 23577 23577 E AbstractOpenableExtension: 	at java.lang.reflect.Method.invoke(Native Method)
04-05 13:24:55.147 23577 23577 E AbstractOpenableExtension: 	at com.android.internal.os.RuntimeInit$MethodAndArgsCaller.run(RuntimeInit.java:575)
04-05 13:24:55.147 23577 23577 E AbstractOpenableExtension: 	at com.android.internal.os.ZygoteInit.main(ZygoteInit.java:939)
04-05 13:24:55.163 23577 23577 E GoogleInputMethodService: GoogleInputMethodService.getAppEditorInfo():1891 App EditorInfo should never be null.
04-05 13:24:55.638 23577 23593 E MDDTaskScheduler: MDDTaskScheduler.scheduleDownload():191 work Data {charging : false, mdd_task_tag : download, network : false} scheduled
04-05 13:24:56.017 23577 23598 E HandwritingSuperpacksUtil: HandwritingSuperpacksUtil.getPackMappingPackName():42 No pack mapping pack found in []
04-05 13:24:56.614 23625 23720 E UsageReportingOptionsSt: INTERNAL_ERROR: setOptInOption should not be called while user is locked. [CONTEXT service_id=41 ]
04-05 13:24:56.691 23656 23656 E ConsumerBase: [ImageReader-173x173f1u2816m2-23656-0] abandonLocked: ConsumerBase is abandoned!
04-05 13:24:56.840 23656 23675 E NexusCSStateManager: Failed to fetch from AppSearch
04-05 13:24:56.840 23656 23675 E NexusCSStateManager: java.util.NoSuchElementException: No value present
04-05 13:24:56.840 23656 23675 E NexusCSStateManager: 	at java.util.Optional.get(Optional.java:143)
04-05 13:24:56.840 23656 23675 E NexusCSStateManager: 	at p6.l.onResult(go/retraceme 7226a759aa2bb3787a79806f85d80eaad84f1f1e15acd6db988f2df789d1680d:36)
04-05 13:24:56.840 23656 23675 E NexusCSStateManager: 	at android.app.appsearch.SearchSessionUtil$1.lambda$onResult$0(go/retraceme 50c746ee5c32f88f733077ebeb4008935661f54b3d9e8e373e734d129bb80b29:144)
04-05 13:24:56.840 23656 23675 E NexusCSStateManager: 	at android.app.appsearch.SearchSessionUtil$1.$r8$lambda$CEk3q8sDAQVhU3rQwVueB8FAj_M(go/retraceme 50c746ee5c32f88f733077ebeb4008935661f54b3d9e8e373e734d129bb80b29:1)
04-05 13:24:56.840 23656 23675 E NexusCSStateManager: 	at android.app.appsearch.SearchSessionUtil$1$$ExternalSyntheticLambda0.run(go/retraceme 50c746ee5c32f88f733077ebeb4008935661f54b3d9e8e373e734d129bb80b29:22)
04-05 13:24:56.840 23656 23675 E NexusCSStateManager: 	at androidx.appfunctions.internal.e.execute(go/retraceme 7226a759aa2bb3787a79806f85d80eaad84f1f1e15acd6db988f2df789d1680d:0)
04-05 13:24:56.840 23656 23675 E NexusCSStateManager: 	at android.app.appsearch.SearchSessionUtil.safeExecute(go/retraceme 50c746ee5c32f88f733077ebeb4008935661f54b3d9e8e373e734d129bb80b29:21)
04-05 13:24:56.840 23656 23675 E NexusCSStateManager: 	at android.app.appsearch.SearchSessionUtil$1.onResult(go/retraceme 50c746ee5c32f88f733077ebeb4008935661f54b3d9e8e373e734d129bb80b29:18)
04-05 13:24:56.840 23656 23675 E NexusCSStateManager: 	at android.app.appsearch.aidl.IAppSearchBatchResultCallback$Stub.onTransact(go/retraceme 50c746ee5c32f88f733077ebeb4008935661f54b3d9e8e373e734d129bb80b29:50)
04-05 13:24:56.840 23656 23675 E NexusCSStateManager: 	at android.os.Binder.execTransactInternal(Binder.java:1471)
04-05 13:24:56.840 23656 23675 E NexusCSStateManager: 	at android.os.Binder.execTransact(Binder.java:1411)
04-05 13:24:57.006 23612 23824 E ActivityThread: Failed to find provider info for androidx.car.app.connection
04-05 13:24:57.031 23656 23656 E ConsumerBase: [ImageReader-1x1f1u2816m2-23656-1] abandonLocked: ConsumerBase is abandoned!
04-05 13:24:57.458  1135  1204 E SingleInstanceRemoteListener: Failed remote call on null listener
04-05 13:24:57.716  1135  1204 E SingleInstanceRemoteListener: Failed remote call on null listener
04-05 13:24:57.952   647   675 E libbinder.Parcel: Reading a NULL string not supported here.
04-05 13:24:57.953   647   675 E ARProxy : Unknown descriptor: 
04-05 13:24:58.721 23656 23701 E ConsumerBase: [ImageReader-173x173f1u2816m2-23656-2] abandonLocked: ConsumerBase is abandoned!
04-05 13:24:58.870   647   795 E InputDispatcher: channel '[Gesture Monitor] swipe-up' ~ Channel is unrecoverably broken and will be disposed!
04-05 13:24:58.900   647  1242 E TransitionController: Set visible without transition ActivityRecord{154085107 u0 com.google.android.apps.nexuslauncher/.NexusLauncherActivity t7} playing=false caller=com.android.server.wm.ActivityTaskSupervisor.realStartActivityLocked:873 
04-05 13:24:59.227 23656 23700 E ZeroStateWebSuggestDataLoader: Failed to fetch suggestions from AppSearch
04-05 13:24:59.227 23656 23700 E ZeroStateWebSuggestDataLoader: java.util.NoSuchElementException: No value present
04-05 13:24:59.227 23656 23700 E ZeroStateWebSuggestDataLoader: 	at java.util.Optional.get(Optional.java:143)
04-05 13:24:59.227 23656 23700 E ZeroStateWebSuggestDataLoader: 	at d6.j.onResult(go/retraceme 7226a759aa2bb3787a79806f85d80eaad84f1f1e15acd6db988f2df789d1680d:32)
04-05 13:24:59.227 23656 23700 E ZeroStateWebSuggestDataLoader: 	at android.app.appsearch.SearchSessionUtil$1.lambda$onResult$0(go/retraceme 50c746ee5c32f88f733077ebeb4008935661f54b3d9e8e373e734d129bb80b29:144)
04-05 13:24:59.227 23656 23700 E ZeroStateWebSuggestDataLoader: 	at android.app.appsearch.SearchSessionUtil$1.$r8$lambda$CEk3q8sDAQVhU3rQwVueB8FAj_M(go/retraceme 50c746ee5c32f88f733077ebeb4008935661f54b3d9e8e373e734d129bb80b29:1)
04-05 13:24:59.227 23656 23700 E ZeroStateWebSuggestDataLoader: 	at android.app.appsearch.SearchSessionUtil$1$$ExternalSyntheticLambda0.run(go/retraceme 50c746ee5c32f88f733077ebeb4008935661f54b3d9e8e373e734d129bb80b29:22)
04-05 13:24:59.227 23656 23700 E ZeroStateWebSuggestDataLoader: 	at android.os.Handler.handleCallback(Handler.java:1095)
04-05 13:24:59.227 23656 23700 E ZeroStateWebSuggestDataLoader: 	at android.os.Handler.dispatchMessageImpl(Handler.java:135)
04-05 13:24:59.227 23656 23700 E ZeroStateWebSuggestDataLoader: 	at android.os.Handler.dispatchMessage(Handler.java:125)
04-05 13:24:59.227 23656 23700 E ZeroStateWebSuggestDataLoader: 	at android.os.Looper.loopOnce(Looper.java:292)
04-05 13:24:59.227 23656 23700 E ZeroStateWebSuggestDataLoader: 	at android.os.Looper.loop(Looper.java:393)
04-05 13:24:59.227 23656 23700 E ZeroStateWebSuggestDataLoader: 	at android.os.HandlerThread.run(HandlerThread.java:139)
04-05 13:24:59.258 23656 23656 E RecyclerView: Cannot scroll to position a LayoutManager set. Call setLayoutManager with a non-null argument.
04-05 13:24:59.261 23656 23656 E RecyclerView: Cannot scroll to position a LayoutManager set. Call setLayoutManager with a non-null argument.
04-05 13:25:00.145 23656 23701 E ConsumerBase: [ImageReader-173x173f1u2816m2-23656-3] abandonLocked: ConsumerBase is abandoned!
04-05 13:25:00.280   647  1034 E WifiChipAidlImpl: getUsableChannels failed with service-specific exception: android.os.ServiceSpecificException:  (code 4)
04-05 13:25:01.167 23625 23780 E AbstractGmsTracer: Traced class shouldn't be obfuscated: dibo [CONTEXT service_id=259 ]
04-05 13:25:01.206   284   294 E lowmemorykiller: process_mrelease 23577 failed: No such process
04-05 13:25:01.290 23625 23986 E libbinder.IPCThreadState: Binder transaction failure. id: 774905, cmd: BR_DEAD_REPLY (29189), error: -22 (Invalid argument)
04-05 13:25:01.339   284   292 E lowmemorykiller: process_mrelease 23743 failed: No such process
04-05 13:25:01.342 23656 23699 E ConsumerBase: [ImageReader-46x46f1u2816m2-23656-4] abandonLocked: ConsumerBase is abandoned!
04-05 13:25:01.357 23929 24022 E PhotosApiClient: Execution exception occurred: java.util.concurrent.ExecutionException: io.grpc.StatusRuntimeException: UNIMPLEMENTED: bindService(Intent { act=grpc.io.action.BIND xflg=0x4 cmp=com.google.android.apps.photos/.curatedwallpapers.apiservice.PhotosCuratedWallpapersApiService }) returned false
04-05 13:25:01.396   647   647 E libbinder.IPCThreadState: Binder transaction failure. id: 775064, cmd: BR_DEAD_REPLY (29189), error: -22 (Invalid argument)
04-05 13:25:01.418   647   795 E InputDispatcher: channel 'stylus-handwriting-event-receiver-0' ~ Channel is unrecoverably broken and will be disposed!
04-05 13:25:01.864 23936 23964 E DatabaseUtils: Writing exception to parcel
04-05 13:25:01.864 23936 23964 E DatabaseUtils: java.lang.UnsupportedOperationException
04-05 13:25:01.864 23936 23964 E DatabaseUtils: 	at com.google.android.apps.gsa.staticplugins.publiccontent.GsaPublicContentProvider.query(PG:480)
04-05 13:25:01.864 23936 23964 E DatabaseUtils: 	at android.content.ContentProvider.query(ContentProvider.java:1670)
04-05 13:25:01.864 23936 23964 E DatabaseUtils: 	at android.content.ContentProvider.query(ContentProvider.java:1766)
04-05 13:25:01.864 23936 23964 E DatabaseUtils: 	at android.content.ContentProvider$Transport.query(ContentProvider.java:304)
04-05 13:25:01.864 23936 23964 E DatabaseUtils: 	at android.content.ContentProviderNative.onTransact(ContentProviderNative.java:109)
04-05 13:25:01.864 23936 23964 E DatabaseUtils: 	at android.os.Binder.execTransactInternal(Binder.java:1466)
04-05 13:25:01.864 23936 23964 E DatabaseUtils: 	at android.os.Binder.execTransact(Binder.java:1411)
04-05 13:25:01.869 23656 23903 E DoodleDataLoader: Error fetching doodle
04-05 13:25:01.869 23656 23903 E DoodleDataLoader: java.lang.UnsupportedOperationException
04-05 13:25:01.869 23656 23903 E DoodleDataLoader: 	at android.database.DatabaseUtils.readExceptionFromParcel(DatabaseUtils.java:209)
04-05 13:25:01.869 23656 23903 E DoodleDataLoader: 	at android.database.DatabaseUtils.readExceptionFromParcel(DatabaseUtils.java:177)
04-05 13:25:01.869 23656 23903 E DoodleDataLoader: 	at android.content.ContentProviderProxy.query(ContentProviderNative.java:497)
04-05 13:25:01.869 23656 23903 E DoodleDataLoader: 	at android.content.ContentProviderClient.lambda$query$1(ContentProviderClient.java:330)
04-05 13:25:01.869 23656 23903 E DoodleDataLoader: 	at android.content.ContentProviderClient.$r8$lambda$30ruSb8khJgOcMU3BAg6NHb0qXI(ContentProviderClient.java:0)
04-05 13:25:01.869 23656 23903 E DoodleDataLoader: 	at android.content.ContentProviderClient$$ExternalSyntheticLambda5.apply(D8$$SyntheticClass:0)
04-05 13:25:01.869 23656 23903 E DoodleDataLoader: 	at android.content.ContentProviderClient.execute(ContentProviderClient.java:732)
04-05 13:25:01.869 23656 23903 E DoodleDataLoader: 	at android.content.ContentProviderClient.query(ContentProviderClient.java:329)
04-05 13:25:01.869 23656 23903 E DoodleDataLoader: 	at android.content.ContentProviderClient.query(ContentProviderClient.java:320)
04-05 13:25:01.869 23656 23903 E DoodleDataLoader: 	at android.content.ContentProviderClient.query(ContentProviderClient.java:310)
04-05 13:25:01.869 23656 23903 E DoodleDataLoader: 	at l6.d.d(go/retraceme 7226a759aa2bb3787a79806f85d80eaad84f1f1e15acd6db988f2df789d1680d:23)
04-05 13:25:01.869 23656 23903 E DoodleDataLoader: 	at l6.g.run(go/retraceme 7226a759aa2bb3787a79806f85d80eaad84f1f1e15acd6db988f2df789d1680d:2)
04-05 13:25:01.869 23656 23903 E DoodleDataLoader: 	at android.os.Handler.handleCallback(Handler.java:1095)
04-05 13:25:01.869 23656 23903 E DoodleDataLoader: 	at android.os.Handler.dispatchMessageImpl(Handler.java:135)
04-05 13:25:01.869 23656 23903 E DoodleDataLoader: 	at android.os.Handler.dispatchMessage(Handler.java:125)
04-05 13:25:01.869 23656 23903 E DoodleDataLoader: 	at android.os.Looper.loopOnce(Looper.java:292)
04-05 13:25:01.869 23656 23903 E DoodleDataLoader: 	at android.os.Looper.loop(Looper.java:393)
04-05 13:25:01.869 23656 23903 E DoodleDataLoader: 	at android.os.HandlerThread.run(HandlerThread.java:139)
04-05 13:25:01.873 23936 23964 E DatabaseUtils: Writing exception to parcel
04-05 13:25:01.873 23936 23964 E DatabaseUtils: java.lang.UnsupportedOperationException
04-05 13:25:01.873 23936 23964 E DatabaseUtils: 	at com.google.android.apps.gsa.staticplugins.publiccontent.GsaPublicContentProvider.query(PG:480)
04-05 13:25:01.873 23936 23964 E DatabaseUtils: 	at android.content.ContentProvider.query(ContentProvider.java:1670)
04-05 13:25:01.873 23936 23964 E DatabaseUtils: 	at android.content.ContentProvider.query(ContentProvider.java:1766)
04-05 13:25:01.873 23936 23964 E DatabaseUtils: 	at android.content.ContentProvider$Transport.query(ContentProvider.java:304)
04-05 13:25:01.873 23936 23964 E DatabaseUtils: 	at android.content.ContentProviderNative.onTransact(ContentProviderNative.java:109)
04-05 13:25:01.873 23936 23964 E DatabaseUtils: 	at android.os.Binder.execTransactInternal(Binder.java:1466)
04-05 13:25:01.873 23936 23964 E DatabaseUtils: 	at android.os.Binder.execTransact(Binder.java:1411)
04-05 13:25:01.873 23656 23903 E DoodleDataLoader: Error fetching doodle
04-05 13:25:01.873 23656 23903 E DoodleDataLoader: java.lang.UnsupportedOperationException
04-05 13:25:01.873 23656 23903 E DoodleDataLoader: 	at android.database.DatabaseUtils.readExceptionFromParcel(DatabaseUtils.java:209)
04-05 13:25:01.873 23656 23903 E DoodleDataLoader: 	at android.database.DatabaseUtils.readExceptionFromParcel(DatabaseUtils.java:177)
04-05 13:25:01.873 23656 23903 E DoodleDataLoader: 	at android.content.ContentProviderProxy.query(ContentProviderNative.java:497)
04-05 13:25:01.873 23656 23903 E DoodleDataLoader: 	at android.content.ContentProviderClient.lambda$query$1(ContentProviderClient.java:330)
04-05 13:25:01.873 23656 23903 E DoodleDataLoader: 	at android.content.ContentProviderClient.$r8$lambda$30ruSb8khJgOcMU3BAg6NHb0qXI(ContentProviderClient.java:0)
04-05 13:25:01.873 23656 23903 E DoodleDataLoader: 	at android.content.ContentProviderClient$$ExternalSyntheticLambda5.apply(D8$$SyntheticClass:0)
04-05 13:25:01.873 23656 23903 E DoodleDataLoader: 	at android.content.ContentProviderClient.execute(ContentProviderClient.java:732)
04-05 13:25:01.873 23656 23903 E DoodleDataLoader: 	at android.content.ContentProviderClient.query(ContentProviderClient.java:329)
04-05 13:25:01.873 23656 23903 E DoodleDataLoader: 	at android.content.ContentProviderClient.query(ContentProviderClient.java:320)
04-05 13:25:01.873 23656 23903 E DoodleDataLoader: 	at android.content.ContentProviderClient.query(ContentProviderClient.java:310)
04-05 13:25:01.873 23656 23903 E DoodleDataLoader: 	at l6.d.d(go/retraceme 7226a759aa2bb3787a79806f85d80eaad84f1f1e15acd6db988f2df789d1680d:23)
04-05 13:25:01.873 23656 23903 E DoodleDataLoader: 	at l6.g.run(go/retraceme 7226a759aa2bb3787a79806f85d80eaad84f1f1e15acd6db988f2df789d1680d:2)
04-05 13:25:01.873 23656 23903 E DoodleDataLoader: 	at android.os.Handler.handleCallback(Handler.java:1095)
04-05 13:25:01.873 23656 23903 E DoodleDataLoader: 	at android.os.Handler.dispatchMessageImpl(Handler.java:135)
04-05 13:25:01.873 23656 23903 E DoodleDataLoader: 	at android.os.Handler.dispatchMessage(Handler.java:125)
04-05 13:25:01.873 23656 23903 E DoodleDataLoader: 	at android.os.Looper.loopOnce(Looper.java:292)
04-05 13:25:01.873 23656 23903 E DoodleDataLoader: 	at android.os.Looper.loop(Looper.java:393)
04-05 13:25:01.873 23656 23903 E DoodleDataLoader: 	at android.os.HandlerThread.run(HandlerThread.java:139)
04-05 13:25:02.239 23656 23701 E Launcher.Model: Loader task completed, name: [addCallbacksAndLoad], mIsCommitted=true
04-05 13:25:03.249 23625 23636 E UsageReportingOptionsSt: INTERNAL_ERROR: setOptInOption should not be called while user is locked. [CONTEXT service_id=41 ]
04-05 13:25:03.682   647   795 E InputDispatcher: channel '[Gesture Monitor] minus-one' ~ Channel is unrecoverably broken and will be disposed!
04-05 13:25:03.683   647   795 E InputDispatcher: channel '[Gesture Monitor] swipe-up' ~ Channel is unrecoverably broken and will be disposed!
04-05 13:25:03.684   647   795 E InputDispatcher: channel '63728ef Taskbar' ~ Channel is unrecoverably broken and will be disposed!
04-05 13:25:03.685   647   795 E libbinder.IPCThreadState: Binder transaction failure. id: 779469, cmd: BR_DEAD_REPLY (29189), error: -22 (Invalid argument)
04-05 13:25:03.687  1135  1204 E SingleInstanceRemoteListener: Failed remote call on null listener
04-05 13:25:03.687   647   795 E libbinder.IPCThreadState: Binder transaction failure. id: 779476, cmd: BR_DEAD_REPLY (29189), error: -22 (Invalid argument)
04-05 13:25:03.723   647  1243 E TransitionChain: Can't collect into a chain with no transition
04-05 13:25:03.723   647  1243 E TransitionChain: Can't collect into a chain with no transition
04-05 13:25:03.755   511   511 E BpTransactionCompletedListener: Failed to transact (-32)
04-05 13:25:03.810  1135  1135 E LauncherProxyService: Failed to get launcher proxy for system bar attr change.
04-05 13:25:04.007   647  1952 E AppOps  : Bad call made by uid 1000. Package "com.google.android.googlequicksearchbox" does not belong to uid 1000.
04-05 13:25:04.087 23625 23725 E libbinder.IPCThreadState: Binder transaction failure. id: 780266, cmd: BR_DEAD_REPLY (29189), error: -22 (Invalid argument)
04-05 13:25:04.099   647  1244 E AppOps  : Bad call made by uid 1000. Package "com.google.android.googlequicksearchbox" does not belong to uid 1000.
04-05 13:25:04.150 24158 24234 E rules.WifiPresence: setWifiFences failed
04-05 13:25:04.150 24158 24234 E rules.WifiPresence: dda: 17: API: WifiPresenceClient.API is not available on this device. Connection failed with: dbs{statusCode=API_UNAVAILABLE, resolution=null, message=null, clientMethodKey=null}
04-05 13:25:04.150 24158 24234 E rules.WifiPresence: 	at dcx.b(PG:15)
04-05 13:25:04.150 24158 24234 E rules.WifiPresence: 	at jyf.a(PG:5)
04-05 13:25:04.150 24158 24234 E rules.WifiPresence: 	at ddy.e(PG:5)
04-05 13:25:04.150 24158 24234 E rules.WifiPresence: 	at deq.t(PG:48)
04-05 13:25:04.150 24158 24234 E rules.WifiPresence: 	at deq.f(PG:10)
04-05 13:25:04.150 24158 24234 E rules.WifiPresence: 	at deq.j(PG:164)
04-05 13:25:04.150 24158 24234 E rules.WifiPresence: 	at deq.i(PG:2)
04-05 13:25:04.150 24158 24234 E rules.WifiPresence: 	at bnw.run(PG:278)
04-05 13:25:04.150 24158 24234 E rules.WifiPresence: 	at android.os.Handler.handleCallback(Handler.java:1095)
04-05 13:25:04.150 24158 24234 E rules.WifiPresence: 	at android.os.Handler.dispatchMessageImpl(Handler.java:135)
04-05 13:25:04.150 24158 24234 E rules.WifiPresence: 	at android.os.Handler.dispatchMessage(Handler.java:125)
04-05 13:25:04.150 24158 24234 E rules.WifiPresence: 	at android.os.Looper.loopOnce(Looper.java:292)
04-05 13:25:04.150 24158 24234 E rules.WifiPresence: 	at android.os.Looper.loop(Looper.java:393)
04-05 13:25:04.150 24158 24234 E rules.WifiPresence: 	at android.os.HandlerThread.run(HandlerThread.java:139)
04-05 13:25:04.198 23625 23909 E libbinder.IPCThreadState: Binder transaction failure. id: 780524, cmd: BR_DEAD_REPLY (29189), error: -22 (Invalid argument)
04-05 13:25:04.202 23625 23909 E libbinder.IPCThreadState: Binder transaction failure. id: 780530, cmd: BR_DEAD_REPLY (29189), error: -22 (Invalid argument)
04-05 13:25:04.206 23625 23909 E libbinder.IPCThreadState: Binder transaction failure. id: 780538, cmd: BR_DEAD_REPLY (29189), error: -22 (Invalid argument)
04-05 13:25:04.670 24245 24245 E ConsumerBase: [ImageReader-173x173f1u2816m2-24245-0] abandonLocked: ConsumerBase is abandoned!
04-05 13:25:04.751 24245 24255 E NexusCSStateManager: Failed to fetch from AppSearch
04-05 13:25:04.751 24245 24255 E NexusCSStateManager: java.util.NoSuchElementException: No value present
04-05 13:25:04.751 24245 24255 E NexusCSStateManager: 	at java.util.Optional.get(Optional.java:143)
04-05 13:25:04.751 24245 24255 E NexusCSStateManager: 	at p6.l.onResult(go/retraceme 7226a759aa2bb3787a79806f85d80eaad84f1f1e15acd6db988f2df789d1680d:36)
04-05 13:25:04.751 24245 24255 E NexusCSStateManager: 	at android.app.appsearch.SearchSessionUtil$1.lambda$onResult$0(go/retraceme 50c746ee5c32f88f733077ebeb4008935661f54b3d9e8e373e734d129bb80b29:144)
04-05 13:25:04.751 24245 24255 E NexusCSStateManager: 	at android.app.appsearch.SearchSessionUtil$1.$r8$lambda$CEk3q8sDAQVhU3rQwVueB8FAj_M(go/retraceme 50c746ee5c32f88f733077ebeb4008935661f54b3d9e8e373e734d129bb80b29:1)
04-05 13:25:04.751 24245 24255 E NexusCSStateManager: 	at android.app.appsearch.SearchSessionUtil$1$$ExternalSyntheticLambda0.run(go/retraceme 50c746ee5c32f88f733077ebeb4008935661f54b3d9e8e373e734d129bb80b29:22)
04-05 13:25:04.751 24245 24255 E NexusCSStateManager: 	at androidx.appfunctions.internal.e.execute(go/retraceme 7226a759aa2bb3787a79806f85d80eaad84f1f1e15acd6db988f2df789d1680d:0)
04-05 13:25:04.751 24245 24255 E NexusCSStateManager: 	at android.app.appsearch.SearchSessionUtil.safeExecute(go/retraceme 50c746ee5c32f88f733077ebeb4008935661f54b3d9e8e373e734d129bb80b29:21)
04-05 13:25:04.751 24245 24255 E NexusCSStateManager: 	at android.app.appsearch.SearchSessionUtil$1.onResult(go/retraceme 50c746ee5c32f88f733077ebeb4008935661f54b3d9e8e373e734d129bb80b29:18)
04-05 13:25:04.751 24245 24255 E NexusCSStateManager: 	at android.app.appsearch.aidl.IAppSearchBatchResultCallback$Stub.onTransact(go/retraceme 50c746ee5c32f88f733077ebeb4008935661f54b3d9e8e373e734d129bb80b29:50)
04-05 13:25:04.751 24245 24255 E NexusCSStateManager: 	at android.os.Binder.execTransactInternal(Binder.java:1471)
04-05 13:25:04.751 24245 24255 E NexusCSStateManager: 	at android.os.Binder.execTransact(Binder.java:1411)
04-05 13:25:04.897 24245 24245 E ConsumerBase: [ImageReader-1x1f1u2816m2-24245-1] abandonLocked: ConsumerBase is abandoned!
04-05 13:25:04.999  1135  1204 E SingleInstanceRemoteListener: Failed remote call on null listener
04-05 13:25:05.144  1135  1204 E SingleInstanceRemoteListener: Failed remote call on null listener
04-05 13:25:05.595 24290 24290 E LibraryModuleRegistry: LibraryModuleRegistry.register():48 Module mobilebert_classifier_android_jni has already been registered to integrated_shared_object
04-05 13:25:05.868 24290 24315 E EmojiSlicingStrategy: EmojiSlicingStrategy.getSlices():88 getSlices() : Received null or empty userEnabledLocales.
04-05 13:25:05.872 24290 24315 E EmojiSlicingStrategy: EmojiSlicingStrategy.getSlices():88 getSlices() : Received null or empty userEnabledLocales.
04-05 13:25:05.908 24290 24290 E GoogleInputMethodService: GoogleInputMethodService.getAppEditorInfo():1891 App EditorInfo should never be null.
04-05 13:25:06.057 24245 24269 E ConsumerBase: [ImageReader-173x173f1u2816m2-24245-2] abandonLocked: ConsumerBase is abandoned!
04-05 13:25:06.117   647   795 E InputDispatcher: channel '[Gesture Monitor] swipe-up' ~ Channel is unrecoverably broken and will be disposed!
04-05 13:25:06.147   647  1907 E TransitionController: Set visible without transition ActivityRecord{154085107 u0 com.google.android.apps.nexuslauncher/.NexusLauncherActivity t7} playing=false caller=com.android.server.wm.ActivityTaskSupervisor.realStartActivityLocked:873 
04-05 13:25:06.356 24245 24268 E ZeroStateWebSuggestDataLoader: Failed to fetch suggestions from AppSearch
04-05 13:25:06.356 24245 24268 E ZeroStateWebSuggestDataLoader: java.util.NoSuchElementException: No value present
04-05 13:25:06.356 24245 24268 E ZeroStateWebSuggestDataLoader: 	at java.util.Optional.get(Optional.java:143)
04-05 13:25:06.356 24245 24268 E ZeroStateWebSuggestDataLoader: 	at d6.j.onResult(go/retraceme 7226a759aa2bb3787a79806f85d80eaad84f1f1e15acd6db988f2df789d1680d:32)
04-05 13:25:06.356 24245 24268 E ZeroStateWebSuggestDataLoader: 	at android.app.appsearch.SearchSessionUtil$1.lambda$onResult$0(go/retraceme 50c746ee5c32f88f733077ebeb4008935661f54b3d9e8e373e734d129bb80b29:144)
04-05 13:25:06.356 24245 24268 E ZeroStateWebSuggestDataLoader: 	at android.app.appsearch.SearchSessionUtil$1.$r8$lambda$CEk3q8sDAQVhU3rQwVueB8FAj_M(go/retraceme 50c746ee5c32f88f733077ebeb4008935661f54b3d9e8e373e734d129bb80b29:1)
04-05 13:25:06.356 24245 24268 E ZeroStateWebSuggestDataLoader: 	at android.app.appsearch.SearchSessionUtil$1$$ExternalSyntheticLambda0.run(go/retraceme 50c746ee5c32f88f733077ebeb4008935661f54b3d9e8e373e734d129bb80b29:22)
04-05 13:25:06.356 24245 24268 E ZeroStateWebSuggestDataLoader: 	at android.os.Handler.handleCallback(Handler.java:1095)
04-05 13:25:06.356 24245 24268 E ZeroStateWebSuggestDataLoader: 	at android.os.Handler.dispatchMessageImpl(Handler.java:135)
04-05 13:25:06.356 24245 24268 E ZeroStateWebSuggestDataLoader: 	at android.os.Handler.dispatchMessage(Handler.java:125)
04-05 13:25:06.356 24245 24268 E ZeroStateWebSuggestDataLoader: 	at android.os.Looper.loopOnce(Looper.java:292)
04-05 13:25:06.356 24245 24268 E ZeroStateWebSuggestDataLoader: 	at android.os.Looper.loop(Looper.java:393)
04-05 13:25:06.356 24245 24268 E ZeroStateWebSuggestDataLoader: 	at android.os.HandlerThread.run(HandlerThread.java:139)
04-05 13:25:06.494 24290 24312 E HandwritingSuperpacksUtil: HandwritingSuperpacksUtil.getPackMappingPackName():42 No pack mapping pack found in []
04-05 13:25:06.724 24245 24245 E RecyclerView: Cannot scroll to position a LayoutManager set. Call setLayoutManager with a non-null argument.
04-05 13:25:06.795 24245 24245 E RecyclerView: Cannot scroll to position a LayoutManager set. Call setLayoutManager with a non-null argument.
04-05 13:25:07.249 24245 24269 E ConsumerBase: [ImageReader-173x173f1u2816m2-24245-3] abandonLocked: ConsumerBase is abandoned!
04-05 13:25:07.261 24290 24290 E AbstractOpenableExtension: AbstractOpenableExtension$1.onFailure():144 failed to parse keyboard group def : 2132213997 -> 0_resource_name_obfuscated. 
04-05 13:25:07.261 24290 24290 E AbstractOpenableExtension: java.util.concurrent.CancellationException: Task was cancelled.
04-05 13:25:07.261 24290 24290 E AbstractOpenableExtension: 	at ufk.i(PG:33)
04-05 13:25:07.261 24290 24290 E AbstractOpenableExtension: 	at ufs.r(PG:24)
04-05 13:25:07.261 24290 24290 E AbstractOpenableExtension: 	at ufk.get(PG:1)
04-05 13:25:07.261 24290 24290 E AbstractOpenableExtension: 	at a.n(PG:2)
04-05 13:25:07.261 24290 24290 E AbstractOpenableExtension: 	at uhk.run(PG:92)
04-05 13:25:07.261 24290 24290 E AbstractOpenableExtension: 	at ugs.execute(PG:1)
04-05 13:25:07.261 24290 24290 E AbstractOpenableExtension: 	at ufk.g(PG:1)
04-05 13:25:07.261 24290 24290 E AbstractOpenableExtension: 	at ufk.l(PG:101)
04-05 13:25:07.261 24290 24290 E AbstractOpenableExtension: 	at ufk.cancel(PG:52)
04-05 13:25:07.261 24290 24290 E AbstractOpenableExtension: 	at ufk.n(PG:17)
04-05 13:25:07.261 24290 24290 E AbstractOpenableExtension: 	at ufw.c(PG:3)
04-05 13:25:07.261 24290 24290 E AbstractOpenableExtension: 	at ufk.l(PG:30)
04-05 13:25:07.261 24290 24290 E AbstractOpenableExtension: 	at ufk.cancel(PG:52)
04-05 13:25:07.261 24290 24290 E AbstractOpenableExtension: 	at fsm.e(PG:64)
04-05 13:25:07.261 24290 24290 E AbstractOpenableExtension: 	at fsm.N(PG:4)
04-05 13:25:07.261 24290 24290 E AbstractOpenableExtension: 	at fsm.O(PG:1)
04-05 13:25:07.261 24290 24290 E AbstractOpenableExtension: 	at may.h(PG:33)
04-05 13:25:07.261 24290 24290 E AbstractOpenableExtension: 	at mwe.ag(PG:20)
04-05 13:25:07.261 24290 24290 E AbstractOpenableExtension: 	at ead.o(PG:247)
04-05 13:25:07.261 24290 24290 E AbstractOpenableExtension: 	at mvz.e(PG:3)
04-05 13:25:07.261 24290 24290 E AbstractOpenableExtension: 	at mtj.dx(PG:9)
04-05 13:25:07.261 24290 24290 E AbstractOpenableExtension: 	at nsh.run(PG:198)
04-05 13:25:07.261 24290 24290 E AbstractOpenableExtension: 	at ugs.execute(PG:1)
04-05 13:25:07.261 24290 24290 E AbstractOpenableExtension: 	at onf.c(PG:14)
04-05 13:25:07.261 24290 24290 E AbstractOpenableExtension: 	at nzd.l(PG:94)
04-05 13:25:07.261 24290 24290 E AbstractOpenableExtension: 	at nzd.j(PG:33)
04-05 13:25:07.261 24290 24290 E AbstractOpenableExtension: 	at oyp.b(PG:154)
04-05 13:25:07.261 24290 24290 E AbstractOpenableExtension: 	at uhk.run(PG:98)
04-05 13:25:07.261 24290 24290 E AbstractOpenableExtension: 	at android.os.Handler.handleCallback(Handler.java:1095)
04-05 13:25:07.261 24290 24290 E AbstractOpenableExtension: 	at android.os.Handler.dispatchMessageImpl(Handler.java:135)
04-05 13:25:07.261 24290 24290 E AbstractOpenableExtension: 	at android.os.Handler.dispatchMessage(Handler.java:125)
04-05 13:25:07.261 24290 24290 E AbstractOpenableExtension: 	at android.os.Looper.loopOnce(Looper.java:292)
04-05 13:25:07.261 24290 24290 E AbstractOpenableExtension: 	at android.os.Looper.loop(Looper.java:393)
04-05 13:25:07.261 24290 24290 E AbstractOpenableExtension: 	at android.app.ActivityThread.main(ActivityThread.java:9486)
04-05 13:25:07.261 24290 24290 E AbstractOpenableExtension: 	at java.lang.reflect.Method.invoke(Native Method)
04-05 13:25:07.261 24290 24290 E AbstractOpenableExtension: 	at com.android.internal.os.RuntimeInit$MethodAndArgsCaller.run(RuntimeInit.java:575)
04-05 13:25:07.261 24290 24290 E AbstractOpenableExtension: 	at com.android.internal.os.ZygoteInit.main(ZygoteInit.java:939)
04-05 13:25:07.262 24290 24290 E AbstractOpenableExtension: AbstractOpenableExtension$1.onFailure():144 failed to parse keyboard group def : 2132213998 -> 0_resource_name_obfuscated. 
04-05 13:25:07.262 24290 24290 E AbstractOpenableExtension: java.util.concurrent.CancellationException: Task was cancelled.
04-05 13:25:07.262 24290 24290 E AbstractOpenableExtension: 	at ufk.i(PG:33)
04-05 13:25:07.262 24290 24290 E AbstractOpenableExtension: 	at ufs.r(PG:24)
04-05 13:25:07.262 24290 24290 E AbstractOpenableExtension: 	at ufk.get(PG:1)
04-05 13:25:07.262 24290 24290 E AbstractOpenableExtension: 	at a.n(PG:2)
04-05 13:25:07.262 24290 24290 E AbstractOpenableExtension: 	at uhk.run(PG:92)
04-05 13:25:07.262 24290 24290 E AbstractOpenableExtension: 	at ugs.execute(PG:1)
04-05 13:25:07.262 24290 24290 E AbstractOpenableExtension: 	at ufk.g(PG:1)
04-05 13:25:07.262 24290 24290 E AbstractOpenableExtension: 	at ufk.l(PG:101)
04-05 13:25:07.262 24290 24290 E AbstractOpenableExtension: 	at ufk.cancel(PG:52)
04-05 13:25:07.262 24290 24290 E AbstractOpenableExtension: 	at ufk.n(PG:17)
04-05 13:25:07.262 24290 24290 E AbstractOpenableExtension: 	at ufw.c(PG:3)
04-05 13:25:07.262 24290 24290 E AbstractOpenableExtension: 	at ufk.l(PG:30)
04-05 13:25:07.262 24290 24290 E AbstractOpenableExtension: 	at ufk.cancel(PG:52)
04-05 13:25:07.262 24290 24290 E AbstractOpenableExtension: 	at fsm.e(PG:64)
04-05 13:25:07.262 24290 24290 E AbstractOpenableExtension: 	at fsm.N(PG:4)
04-05 13:25:07.262 24290 24290 E AbstractOpenableExtension: 	at fsm.O(PG:1)
04-05 13:25:07.262 24290 24290 E AbstractOpenableExtension: 	at may.h(PG:33)
04-05 13:25:07.262 24290 24290 E AbstractOpenableExtension: 	at mwe.ag(PG:20)
04-05 13:25:07.262 24290 24290 E AbstractOpenableExtension: 	at ead.o(PG:247)
04-05 13:25:07.262 24290 24290 E AbstractOpenableExtension: 	at mvz.e(PG:3)
04-05 13:25:07.262 24290 24290 E AbstractOpenableExtension: 	at mtj.dx(PG:9)
04-05 13:25:07.262 24290 24290 E AbstractOpenableExtension: 	at nsh.run(PG:198)
04-05 13:25:07.262 24290 24290 E AbstractOpenableExtension: 	at ugs.execute(PG:1)
04-05 13:25:07.262 24290 24290 E AbstractOpenableExtension: 	at onf.c(PG:14)
04-05 13:25:07.262 24290 24290 E AbstractOpenableExtension: 	at nzd.l(PG:94)
04-05 13:25:07.262 24290 24290 E AbstractOpenableExtension: 	at nzd.j(PG:33)
04-05 13:25:07.262 24290 24290 E AbstractOpenableExtension: 	at oyp.b(PG:154)
04-05 13:25:07.262 24290 24290 E AbstractOpenableExtension: 	at uhk.run(PG:98)
04-05 13:25:07.262 24290 24290 E AbstractOpenableExtension: 	at android.os.Handler.handleCallback(Handler.java:1095)
04-05 13:25:07.262 24290 24290 E AbstractOpenableExtension: 	at android.os.Handler.dispatchMessageImpl(Handler.java:135)
04-05 13:25:07.262 24290 24290 E AbstractOpenableExtension: 	at android.os.Handler.dispatchMessage(Handler.java:125)
04-05 13:25:07.262 24290 24290 E AbstractOpenableExtension: 	at android.os.Looper.loopOnce(Looper.java:292)
04-05 13:25:07.262 24290 24290 E AbstractOpenableExtension: 	at android.os.Looper.loop(Looper.java:393)
04-05 13:25:07.262 24290 24290 E AbstractOpenableExtension: 	at android.app.ActivityThread.main(ActivityThread.java:9486)
04-05 13:25:07.262 24290 24290 E AbstractOpenableExtension: 	at java.lang.reflect.Method.invoke(Native Method)
04-05 13:25:07.262 24290 24290 E AbstractOpenableExtension: 	at com.android.internal.os.RuntimeInit$MethodAndArgsCaller.run(RuntimeInit.java:575)
04-05 13:25:07.262 24290 24290 E AbstractOpenableExtension: 	at com.android.internal.os.ZygoteInit.main(ZygoteInit.java:939)
04-05 13:25:07.586 24290 24329 E MDDTaskScheduler: MDDTaskScheduler.scheduleDownload():191 work Data {charging : false, mdd_task_tag : download, network : false} scheduled
04-05 13:25:08.070 24386 24422 E DatabaseUtils: Writing exception to parcel
04-05 13:25:08.070 24386 24422 E DatabaseUtils: java.lang.UnsupportedOperationException
04-05 13:25:08.070 24386 24422 E DatabaseUtils: 	at com.google.android.apps.gsa.staticplugins.publiccontent.GsaPublicContentProvider.query(PG:480)
04-05 13:25:08.070 24386 24422 E DatabaseUtils: 	at android.content.ContentProvider.query(ContentProvider.java:1670)
04-05 13:25:08.070 24386 24422 E DatabaseUtils: 	at android.content.ContentProvider.query(ContentProvider.java:1766)
04-05 13:25:08.070 24386 24422 E DatabaseUtils: 	at android.content.ContentProvider$Transport.query(ContentProvider.java:304)
04-05 13:25:08.070 24386 24422 E DatabaseUtils: 	at android.content.ContentProviderNative.onTransact(ContentProviderNative.java:109)
04-05 13:25:08.070 24386 24422 E DatabaseUtils: 	at android.os.Binder.execTransactInternal(Binder.java:1466)
04-05 13:25:08.070 24386 24422 E DatabaseUtils: 	at android.os.Binder.execTransact(Binder.java:1411)
04-05 13:25:08.071 24245 24364 E DoodleDataLoader: Error fetching doodle
04-05 13:25:08.071 24245 24364 E DoodleDataLoader: java.lang.UnsupportedOperationException
04-05 13:25:08.071 24245 24364 E DoodleDataLoader: 	at android.database.DatabaseUtils.readExceptionFromParcel(DatabaseUtils.java:209)
04-05 13:25:08.071 24245 24364 E DoodleDataLoader: 	at android.database.DatabaseUtils.readExceptionFromParcel(DatabaseUtils.java:177)
04-05 13:25:08.071 24245 24364 E DoodleDataLoader: 	at android.content.ContentProviderProxy.query(ContentProviderNative.java:497)
04-05 13:25:08.071 24245 24364 E DoodleDataLoader: 	at android.content.ContentProviderClient.lambda$query$1(ContentProviderClient.java:330)
04-05 13:25:08.071 24245 24364 E DoodleDataLoader: 	at android.content.ContentProviderClient.$r8$lambda$30ruSb8khJgOcMU3BAg6NHb0qXI(ContentProviderClient.java:0)
04-05 13:25:08.071 24245 24364 E DoodleDataLoader: 	at android.content.ContentProviderClient$$ExternalSyntheticLambda5.apply(D8$$SyntheticClass:0)
04-05 13:25:08.071 24245 24364 E DoodleDataLoader: 	at android.content.ContentProviderClient.execute(ContentProviderClient.java:732)
04-05 13:25:08.071 24245 24364 E DoodleDataLoader: 	at android.content.ContentProviderClient.query(ContentProviderClient.java:329)
04-05 13:25:08.071 24245 24364 E DoodleDataLoader: 	at android.content.ContentProviderClient.query(ContentProviderClient.java:320)
04-05 13:25:08.071 24245 24364 E DoodleDataLoader: 	at android.content.ContentProviderClient.query(ContentProviderClient.java:310)
04-05 13:25:08.071 24245 24364 E DoodleDataLoader: 	at l6.d.d(go/retraceme 7226a759aa2bb3787a79806f85d80eaad84f1f1e15acd6db988f2df789d1680d:23)
04-05 13:25:08.071 24245 24364 E DoodleDataLoader: 	at l6.g.run(go/retraceme 7226a759aa2bb3787a79806f85d80eaad84f1f1e15acd6db988f2df789d1680d:2)
04-05 13:25:08.071 24245 24364 E DoodleDataLoader: 	at android.os.Handler.handleCallback(Handler.java:1095)
04-05 13:25:08.071 24245 24364 E DoodleDataLoader: 	at android.os.Handler.dispatchMessageImpl(Handler.java:135)
04-05 13:25:08.071 24245 24364 E DoodleDataLoader: 	at android.os.Handler.dispatchMessage(Handler.java:125)
04-05 13:25:08.071 24245 24364 E DoodleDataLoader: 	at android.os.Looper.loopOnce(Looper.java:292)
04-05 13:25:08.071 24245 24364 E DoodleDataLoader: 	at android.os.Looper.loop(Looper.java:393)
04-05 13:25:08.071 24245 24364 E DoodleDataLoader: 	at android.os.HandlerThread.run(HandlerThread.java:139)
04-05 13:25:08.072 24386 24422 E DatabaseUtils: Writing exception to parcel
04-05 13:25:08.072 24386 24422 E DatabaseUtils: java.lang.UnsupportedOperationException
04-05 13:25:08.072 24386 24422 E DatabaseUtils: 	at com.google.android.apps.gsa.staticplugins.publiccontent.GsaPublicContentProvider.query(PG:480)
04-05 13:25:08.072 24386 24422 E DatabaseUtils: 	at android.content.ContentProvider.query(ContentProvider.java:1670)
04-05 13:25:08.072 24386 24422 E DatabaseUtils: 	at android.content.ContentProvider.query(ContentProvider.java:1766)
04-05 13:25:08.072 24386 24422 E DatabaseUtils: 	at android.content.ContentProvider$Transport.query(ContentProvider.java:304)
04-05 13:25:08.072 24386 24422 E DatabaseUtils: 	at android.content.ContentProviderNative.onTransact(ContentProviderNative.java:109)
04-05 13:25:08.072 24386 24422 E DatabaseUtils: 	at android.os.Binder.execTransactInternal(Binder.java:1466)
04-05 13:25:08.072 24386 24422 E DatabaseUtils: 	at android.os.Binder.execTransact(Binder.java:1411)
04-05 13:25:08.073 24245 24364 E DoodleDataLoader: Error fetching doodle
04-05 13:25:08.073 24245 24364 E DoodleDataLoader: java.lang.UnsupportedOperationException
04-05 13:25:08.073 24245 24364 E DoodleDataLoader: 	at android.database.DatabaseUtils.readExceptionFromParcel(DatabaseUtils.java:209)
04-05 13:25:08.073 24245 24364 E DoodleDataLoader: 	at android.database.DatabaseUtils.readExceptionFromParcel(DatabaseUtils.java:177)
04-05 13:25:08.073 24245 24364 E DoodleDataLoader: 	at android.content.ContentProviderProxy.query(ContentProviderNative.java:497)
04-05 13:25:08.073 24245 24364 E DoodleDataLoader: 	at android.content.ContentProviderClient.lambda$query$1(ContentProviderClient.java:330)
04-05 13:25:08.073 24245 24364 E DoodleDataLoader: 	at android.content.ContentProviderClient.$r8$lambda$30ruSb8khJgOcMU3BAg6NHb0qXI(ContentProviderClient.java:0)
04-05 13:25:08.073 24245 24364 E DoodleDataLoader: 	at android.content.ContentProviderClient$$ExternalSyntheticLambda5.apply(D8$$SyntheticClass:0)
04-05 13:25:08.073 24245 24364 E DoodleDataLoader: 	at android.content.ContentProviderClient.execute(ContentProviderClient.java:732)
04-05 13:25:08.073 24245 24364 E DoodleDataLoader: 	at android.content.ContentProviderClient.query(ContentProviderClient.java:329)
04-05 13:25:08.073 24245 24364 E DoodleDataLoader: 	at android.content.ContentProviderClient.query(ContentProviderClient.java:320)
04-05 13:25:08.073 24245 24364 E DoodleDataLoader: 	at android.content.ContentProviderClient.query(ContentProviderClient.java:310)
04-05 13:25:08.073 24245 24364 E DoodleDataLoader: 	at l6.d.d(go/retraceme 7226a759aa2bb3787a79806f85d80eaad84f1f1e15acd6db988f2df789d1680d:23)
04-05 13:25:08.073 24245 24364 E DoodleDataLoader: 	at l6.g.run(go/retraceme 7226a759aa2bb3787a79806f85d80eaad84f1f1e15acd6db988f2df789d1680d:2)
04-05 13:25:08.073 24245 24364 E DoodleDataLoader: 	at android.os.Handler.handleCallback(Handler.java:1095)
04-05 13:25:08.073 24245 24364 E DoodleDataLoader: 	at android.os.Handler.dispatchMessageImpl(Handler.java:135)
04-05 13:25:08.073 24245 24364 E DoodleDataLoader: 	at android.os.Handler.dispatchMessage(Handler.java:125)
04-05 13:25:08.073 24245 24364 E DoodleDataLoader: 	at android.os.Looper.loopOnce(Looper.java:292)
04-05 13:25:08.073 24245 24364 E DoodleDataLoader: 	at android.os.Looper.loop(Looper.java:393)
04-05 13:25:08.073 24245 24364 E DoodleDataLoader: 	at android.os.HandlerThread.run(HandlerThread.java:139)
04-05 13:25:08.092 24378 24538 E PhotosApiClient: Execution exception occurred: java.util.concurrent.ExecutionException: io.grpc.StatusRuntimeException: UNIMPLEMENTED: bindService(Intent { act=grpc.io.action.BIND xflg=0x4 cmp=com.google.android.apps.photos/.curatedwallpapers.apiservice.PhotosCuratedWallpapersApiService }) returned false
04-05 13:25:08.483 24245 24267 E ConsumerBase: [ImageReader-46x46f1u2816m2-24245-4] abandonLocked: ConsumerBase is abandoned!
04-05 13:25:08.874 24290 24312 E HandwritingSuperpacksUtil: HandwritingSuperpacksUtil.getPackMappingPackName():42 No pack mapping pack found in []
04-05 13:25:09.058 24245 24269 E Launcher.Model: Loader task completed, name: [addCallbacksAndLoad], mIsCommitted=true
04-05 13:25:09.568 23625 23729 E UsageReportingOptionsSt: INTERNAL_ERROR: setOptInOption should not be called while user is locked. [CONTEXT service_id=41 ]
04-05 13:25:09.938 24328 24646 E ActivityThread: Failed to find provider info for androidx.car.app.connection
04-05 13:25:16.037 20909 20958 E DialerRestVvmCarrierService: com.android.dialer.voicemail.service.impl.vvmclients.rest.RestVvmCarrierService.getMsisdn:349 Retrieved phone number in an unexpected format: +15551234567 [CONTEXT disable_client_error_logging=true ]
04-05 13:25:16.037 20909 20958 E DialerRestVvmCarrierService: afuy: MEDIUM
04-05 13:25:16.037 20909 20958 E DialerRestVvmCarrierService: 	at a.dI(PG:15)
04-05 13:25:16.037 20909 20958 E DialerRestVvmCarrierService: 	at tkb.apply(PG:471)
04-05 13:25:16.037 20909 20958 E DialerRestVvmCarrierService: 	at aeyq.apply(PG:17)
04-05 13:25:16.037 20909 20958 E DialerRestVvmCarrierService: 	at agia.d(PG:3)
04-05 13:25:16.037 20909 20958 E DialerRestVvmCarrierService: 	at agib.run(PG:47)
04-05 13:25:16.037 20909 20958 E DialerRestVvmCarrierService: 	at zgq.run(PG:7)
04-05 13:25:16.037 20909 20958 E DialerRestVvmCarrierService: 	at agbk.run(PG:44)
04-05 13:25:16.037 20909 20958 E DialerRestVvmCarrierService: 	at xyv.run(PG:80)
04-05 13:25:16.037 20909 20958 E DialerRestVvmCarrierService: 	at wpp.run(PG:314)
04-05 13:25:16.037 20909 20958 E DialerRestVvmCarrierService: 	at java.lang.Thread.run(Thread.java:1572)
04-05 13:25:16.037 20909 20958 E DialerRestVvmCarrierService: 	at zhr.run(PG:61)
04-05 13:25:24.379 24328 24438 E AbstractLogEventBuilder: The provided ProductIdOrigin 3 is not one of the process-level expected values: 1 or 2
04-05 13:25:25.678 24328 24439 E Finsky  : [61] AU2: RequiredVehicleState is missing.
04-05 13:25:25.678 24328 24439 E Finsky  : [61] AU2: RequiredBatteryLevel is missing.
04-05 13:25:25.680 24328 24439 E Finsky  : [61] AU2: RequiredVehicleState is missing.
04-05 13:25:25.683 24328 24439 E Finsky  : [61] AU2: RequiredVehicleState is missing.
04-05 13:25:25.683 24328 24439 E Finsky  : [61] AU2: RequiredBatteryLevel is missing.
04-05 13:25:25.685 24328 24439 E Finsky  : [61] AU2: RequiredVehicleState is missing.
04-05 13:25:25.686 24328 24439 E Finsky  : [61] AU2: RequiredVehicleState is missing.
04-05 13:25:25.686 24328 24439 E Finsky  : [61] AU2: RequiredBatteryLevel is missing.
04-05 13:25:25.688 24328 24439 E Finsky  : [61] AU2: RequiredVehicleState is missing.
04-05 13:25:25.690 24328 24439 E Finsky  : [61] AU2: RequiredVehicleState is missing.
04-05 13:25:25.690 24328 24439 E Finsky  : [61] AU2: RequiredBatteryLevel is missing.
04-05 13:25:25.692 24328 24439 E Finsky  : [61] AU2: RequiredVehicleState is missing.
04-05 13:25:25.693 24328 24439 E Finsky  : [61] AU2: RequiredVehicleState is missing.
04-05 13:25:25.693 24328 24439 E Finsky  : [61] AU2: RequiredBatteryLevel is missing.
04-05 13:25:25.696 24328 24439 E Finsky  : [61] AU2: RequiredVehicleState is missing.
04-05 13:25:25.697 24328 24439 E Finsky  : [61] AU2: RequiredVehicleState is missing.
04-05 13:25:25.699 24328 24439 E Finsky  : [61] AU2: RequiredBatteryLevel is missing.
04-05 13:25:25.700 24328 24439 E Finsky  : [61] AU2: RequiredVehicleState is missing.
04-05 13:25:25.700 24328 24439 E Finsky  : [61] AU2: RequiredVehicleState is missing.
04-05 13:25:25.700 24328 24439 E Finsky  : [61] AU2: RequiredBatteryLevel is missing.
04-05 13:25:25.702 24328 24439 E Finsky  : [61] AU2: RequiredVehicleState is missing.
04-05 13:25:25.707 24328 24439 E Finsky  : [61] AU2: RequiredVehicleState is missing.
04-05 13:25:25.707 24328 24439 E Finsky  : [61] AU2: RequiredBatteryLevel is missing.
04-05 13:25:25.708 24328 24439 E Finsky  : [61] AU2: RequiredVehicleState is missing.
04-05 13:25:25.708 24328 24439 E Finsky  : [61] AU2: RequiredBatteryLevel is missing.
04-05 13:25:25.708 24328 24439 E Finsky  : [61] AU2: RequiredVehicleState is missing.
04-05 13:25:25.708 24328 24439 E Finsky  : [61] AU2: RequiredVehicleState is missing.
04-05 13:25:25.709 24328 24439 E Finsky  : [61] AU2: RequiredInteractivityState is missing.
04-05 13:25:25.709 24328 24439 E Finsky  : [61] AU2: RequiredBatteryLevel is missing.
04-05 13:25:25.709 24328 24439 E Finsky  : [61] AU2: RequiredVehicleState is missing.
04-05 13:25:25.709 24328 24439 E Finsky  : [61] AU2: RequiredBatteryLevel is missing.
04-05 13:25:25.710 24328 24439 E Finsky  : [61] AU2: RequiredVehicleState is missing.
04-05 13:25:25.710 24328 24439 E Finsky  : [61] AU2: RequiredVehicleState is missing.
04-05 13:25:25.710 24328 24439 E Finsky  : [61] AU2: RequiredBatteryLevel is missing.
04-05 13:25:25.711 24328 24439 E Finsky  : [61] AU2: RequiredVehicleState is missing.
04-05 13:25:25.712 24328 24439 E Finsky  : [61] AU2: RequiredVehicleState is missing.
04-05 13:25:25.713 24328 24439 E Finsky  : [61] AU2: RequiredBatteryLevel is missing.
04-05 13:25:25.713 24328 24439 E Finsky  : [61] AU2: RequiredVehicleState is missing.
04-05 13:25:25.717 24328 24439 E Finsky  : [61] AU2: RequiredVehicleState is missing.
04-05 13:25:25.717 24328 24439 E Finsky  : [61] AU2: RequiredBatteryLevel is missing.
04-05 13:25:25.717 24328 24439 E Finsky  : [61] AU2: RequiredVehicleState is missing.
04-05 13:25:25.718 24328 24439 E Finsky  : [61] AU2: RequiredVehicleState is missing.
04-05 13:25:25.718 24328 24439 E Finsky  : [61] AU2: RequiredBatteryLevel is missing.
04-05 13:25:25.719 24328 24439 E Finsky  : [61] AU2: RequiredVehicleState is missing.
04-05 13:25:25.720 24328 24439 E Finsky  : [61] AU2: RequiredVehicleState is missing.
04-05 13:25:25.721 24328 24439 E Finsky  : [61] AU2: RequiredBatteryLevel is missing.
04-05 13:25:25.722 24328 24439 E Finsky  : [61] AU2: RequiredVehicleState is missing.
04-05 13:25:25.723 24328 24439 E Finsky  : [61] AU2: RequiredVehicleState is missing.
04-05 13:25:25.723 24328 24439 E Finsky  : [61] AU2: RequiredBatteryLevel is missing.
04-05 13:25:25.728 24328 24439 E Finsky  : [61] AU2: RequiredVehicleState is missing.
04-05 13:25:25.728 24328 24439 E Finsky  : [61] AU2: RequiredBatteryLevel is missing.
04-05 13:25:25.729 24328 24439 E Finsky  : [61] AU2: RequiredVehicleState is missing.
04-05 13:25:25.729 24328 24439 E Finsky  : [61] AU2: RequiredVehicleState is missing.
04-05 13:25:25.730 24328 24439 E Finsky  : [61] AU2: RequiredBatteryLevel is missing.
04-05 13:25:25.730 24328 24439 E Finsky  : [61] AU2: RequiredVehicleState is missing.
04-05 13:25:25.730 24328 24439 E Finsky  : [61] AU2: RequiredVehicleState is missing.
04-05 13:25:25.730 24328 24439 E Finsky  : [61] AU2: RequiredBatteryLevel is missing.
04-05 13:25:25.731 24328 24439 E Finsky  : [61] AU2: RequiredVehicleState is missing.
04-05 13:25:25.734 24328 24439 E Finsky  : [61] AU2: RequiredVehicleState is missing.
04-05 13:25:25.734 24328 24439 E Finsky  : [61] AU2: RequiredBatteryLevel is missing.
04-05 13:25:25.734 24328 24439 E Finsky  : [61] AU2: RequiredVehicleState is missing.
04-05 13:25:25.735 24328 24439 E Finsky  : [61] AU2: RequiredVehicleState is missing.
04-05 13:25:25.735 24328 24439 E Finsky  : [61] AU2: RequiredBatteryLevel is missing.
04-05 13:25:25.735 24328 24439 E Finsky  : [61] AU2: RequiredVehicleState is missing.
04-05 13:25:25.737 24328 24439 E Finsky  : [61] AU2: RequiredVehicleState is missing.
04-05 13:25:25.737 24328 24439 E Finsky  : [61] AU2: RequiredBatteryLevel is missing.
04-05 13:25:25.738 24328 24439 E Finsky  : [61] AU2: RequiredVehicleState is missing.
04-05 13:25:25.738 24328 24439 E Finsky  : [61] AU2: RequiredVehicleState is missing.
04-05 13:25:25.738 24328 24439 E Finsky  : [61] AU2: RequiredBatteryLevel is missing.
04-05 13:25:25.739 24328 24439 E Finsky  : [61] AU2: RequiredVehicleState is missing.
04-05 13:25:29.849 24358 24894 E ActivityThread: Failed to find provider info for androidx.car.app.connection
